08-22 14:14:42.451  3792  5092 E libplayer_udrm: [udrm_thread_t 3792] can not open /data/unitcfg.txt!
08-22 14:14:42.451  5840  6060 D pcapcmcc4: analyse_ts_packet_from_rtp duplication: 8
08-22 14:14:42.461  5840  6060 D pcapcmcc4: analyse_ts_packet_from_rtp duplication: 8
08-22 14:14:42.461  5840  6060 D pcapcmcc4: analyse_ts_packet_from_rtp duplication: 8
08-22 14:14:42.471  5840  6060 D pcapcmcc4: analyse_ts_packet_from_rtp duplication: 8
08-22 14:14:42.471  5840  6060 D pcapcmcc4: analyse_ts_packet_from_rtp duplication: 8
08-22 14:14:42.481  5840  6060 D pcapcmcc4: analyse_ts_packet_from_rtp duplication: 8
08-22 14:14:42.491  5840  6060 D pcapcmcc4: analyse_ts_packet_from_rtp duplication: 8
08-22 14:14:42.501  5840  6060 D pcapcmcc4: df = 1016025112, 2130782132, -2133614436, 4313, 987804, 4316
08-22 14:14:42.511  5840  6060 D pcapcmcc4: analyse_ts_packet_from_rtp duplication: 8
08-22 14:14:42.521  5840  6060 D pcapcmcc4: analyse_ts_packet_from_rtp duplication: 8
08-22 14:14:42.531  5840  6060 D pcapcmcc4: analyse_ts_packet_from_rtp duplication: 8
08-22 14:14:42.531  5840  6060 D pcapcmcc4: analyse_ts_packet_from_rtp duplication: 8
08-22 14:14:42.541  5840  6060 D pcapcmcc4: analyse_ts_packet_from_rtp duplication: 8
08-22 14:14:42.541  5840  6060 D pcapcmcc4: analyse_ts_packet_from_rtp duplication: 8
08-22 14:14:42.541  5840  6060 D pcapcmcc4: analyse_ts_packet_from_rtp duplication: 8
08-22 14:14:42.561  5840  6060 D pcapcmcc4: analyse_ts_packet_from_rtp duplication: 8
08-22 14:14:42.561  5193  6157 D ConnectivityService: Trace_network, pid5635 ProcessName: com.iflytek.xiri  Label: 
08-22 14:14:42.561  5193  6157 D ConnectivityService: AML-getActiveNetworkInfo: com.iflytek.xiri mActiveDefaultNetwork: 9
08-22 14:14:42.561  5193  6157 D ConnectivityService: Trace_network, getNetworkInfo:NetworkInfo: type: ethernet[], state: CONNECTED/CONNECTED, reason: (unspecified), extra: (none), roaming: false, failover: false, isAvailable: true, isConnectedToProvisioningNetwork: false
08-22 14:14:42.581  5840  6060 D pcapcmcc4: analyse_ts_packet_from_rtp duplication: 8
08-22 14:14:42.581  5840  6060 D pcapcmcc4: analyse_ts_packet_from_rtp duplication: 8
08-22 14:14:42.591  5840  6060 D pcapcmcc4: analyse_ts_packet_from_rtp duplication: 8
08-22 14:14:42.591  5840  6060 D pcapcmcc4: analyse_ts_packet_from_rtp duplication: 8
08-22 14:14:42.601  5840  6060 D pcapcmcc4: analyse_ts_packet_from_rtp duplication: 8
08-22 14:14:42.601  5840  6060 D pcapcmcc4: analyse_ts_packet_from_rtp duplication: 8
08-22 14:14:42.621  5840  6060 D pcapcmcc4: analyse_ts_packet_from_rtp duplication: 8
08-22 14:14:42.631  5840  6060 D pcapcmcc4: analyse_ts_packet_from_rtp duplication: 8
08-22 14:14:42.641  5840  6060 D pcapcmcc4: df = 2043163691, 2054855232, -2139975448, 13297, 313421, 13148
08-22 14:14:42.641  5840  6060 D pcapcmcc4: analyse_ts_packet_from_rtp duplication: 8
08-22 14:14:42.641  5840  6060 D pcapcmcc4: analyse_ts_packet_from_rtp duplication: 8
08-22 14:14:42.651  5840  6060 D pcapcmcc4: analyse_ts_packet_from_rtp duplication: 8
08-22 14:14:42.661  5840  6060 D pcapcmcc4: analyse_ts_packet_from_rtp duplication: 8
08-22 14:14:42.671  5840  6060 D pcapcmcc4: analyse_ts_packet_from_rtp duplication: 8
08-22 14:14:42.671  5840  6060 D pcapcmcc4: analyse_ts_packet_from_rtp duplication: 8
08-22 14:14:42.681  5840  6060 D pcapcmcc4: analyse_ts_packet_from_rtp duplication: 8
08-22 14:14:42.691  5840  6060 D pcapcmcc4: analyse_ts_packet_from_rtp duplication: 8
08-22 14:14:42.701  5840  6060 D pcapcmcc4: analyse_ts_packet_from_rtp duplication: 8
08-22 14:14:42.711  5840  6060 D pcapcmcc4: analyse_ts_packet_from_rtp duplication: 8
08-22 14:14:42.711  5840  6060 D pcapcmcc4: analyse_ts_packet_from_rtp duplication: 8
08-22 14:14:42.721  5840  6060 D pcapcmcc4: analyse_ts_packet_from_rtp duplication: 8
08-22 14:14:42.731  5840  6060 D pcapcmcc4: analyse_ts_packet_from_rtp duplication: 8
08-22 14:14:42.731  5840  6060 D pcapcmcc4: analyse_ts_packet_from_rtp duplication: 8
08-22 14:14:42.751  5840  6060 D pcapcmcc4: analyse_ts_packet_from_rtp duplication: 8
08-22 14:14:42.751  5840  6060 D pcapcmcc4: analyse_ts_packet_from_rtp,interval = 27028395, rate = 311564, 237, 0, 517, 314553, 311373
08-22 14:14:42.761  5840  6060 D pcapcmcc4: analyse_ts_packet_from_rtp duplication: 8
08-22 14:14:42.771  5534  5534 I InfinitePageController_Page:9: InfinitePageController#ChildDrawingOrderCallback- pageIndex: 9	childCount:	2	i:	0	focusedIndex:	-1	result:	1
08-22 14:14:42.771  5534  5534 I CircleCornerLayout: draw
08-22 14:14:42.771  5840  6060 D pcapcmcc4: analyse_ts_packet_from_rtp duplication: 8
08-22 14:14:42.771  5534  5534 I CircleCornerLayout: draw
08-22 14:14:42.771  5534  5534 I InfinitePageController_Page:9: InfinitePageController#ChildDrawingOrderCallback- pageIndex: 9	childCount:	2	i:	1	focusedIndex:	-1	result:	0
08-22 14:14:42.771  5534  5534 I CircleCornerLayout: draw
08-22 14:14:42.771  5534  5534 I CircleCornerLayout: draw
08-22 14:14:42.771  5840  6060 D pcapcmcc4: analyse_ts_packet_from_rtp duplication: 8
08-22 14:14:42.781  5534  5534 I CircleCornerLayout: draw
08-22 14:14:42.781  5840  6060 D pcapcmcc4: analyse_ts_packet_from_rtp duplication: 8
08-22 14:14:42.781  5534  5534 I CircleCornerLayout: draw
08-22 14:14:42.781  5534  5534 I InfinitePageController_Page:10: InfinitePageController#ChildDrawingOrderCallback- pageIndex: 10	childCount:	2	i:	0	focusedIndex:	-1	result:	1
08-22 14:14:42.781  5534  5534 I CircleCornerLayout: draw
08-22 14:14:42.781  5534  5534 I CircleCornerLayout: draw
08-22 14:14:42.781  5534  5534 I CircleCornerLayout: draw
08-22 14:14:42.781  5534  5534 I CircleCornerLayout: draw
08-22 14:14:42.781  5534  5534 I CircleCornerLayout: draw
08-22 14:14:42.781  5534  5534 I CircleCornerLayout: draw
08-22 14:14:42.781  5534  5534 I InfinitePageController_Page:10: InfinitePageController#ChildDrawingOrderCallback- pageIndex: 10	childCount:	2	i:	1	focusedIndex:	-1	result:	0
08-22 14:14:42.781  5534  5534 I CircleCornerLayout: draw
08-22 14:14:42.781  5534  5534 I CircleCornerLayout: draw
08-22 14:14:42.781  5534  5534 I CircleCornerLayout: draw
08-22 14:14:42.781  5534  5534 I CircleCornerLayout: draw
08-22 14:14:42.781  5534  5534 I CircleCornerLayout: draw
08-22 14:14:42.781  5840  6060 D pcapcmcc4: analyse_ts_packet_from_rtp duplication: 8
08-22 14:14:42.791  5534  5534 I CircleCornerLayout: draw
08-22 14:14:42.791  5534  5534 I CircleCornerLayout: draw
08-22 14:14:42.791  5840  6060 D pcapcmcc4: analyse_ts_packet_from_rtp duplication: 8
08-22 14:14:42.801  5840  6060 D pcapcmcc4: analyse_ts_packet_from_rtp duplication: 8
08-22 14:14:42.801  5534  5534 I CircleCornerLayout: draw
08-22 14:14:42.801  5534  5534 I CircleCornerLayout: draw
08-22 14:14:42.801  5534  5534 I CircleCornerLayout: draw
08-22 14:14:42.821  5534  5534 I InfinitePageController_Page:9: InfinitePageController#ChildDrawingOrderCallback- pageIndex: 9	childCount:	2	i:	0	focusedIndex:	-1	result:	1
08-22 14:14:42.821  5534  5534 I CircleCornerLayout: draw
08-22 14:14:42.821  5840  6060 D pcapcmcc4: analyse_ts_packet_from_rtp,interval = 27265519, rate = 987813, 758, 0, 4113, 994339, 986501
08-22 14:14:42.821  5840  6060 D pcapcmcc4: analyse_ts_packet_from_rtp duplication: 8
08-22 14:14:42.821  5534  5534 I CircleCornerLayout: draw
08-22 14:14:42.821  5534  5534 I InfinitePageController_Page:9: InfinitePageController#ChildDrawingOrderCallback- pageIndex: 9	childCount:	2	i:	1	focusedIndex:	-1	result:	0
08-22 14:14:42.821  5534  5534 I CircleCornerLayout: draw
08-22 14:14:42.831  5534  5534 I CircleCornerLayout: draw
08-22 14:14:42.831  5534  5534 I CircleCornerLayout: draw
08-22 14:14:42.831  5534  5534 I CircleCornerLayout: draw
08-22 14:14:42.831  5840  6060 D pcapcmcc4: analyse_ts_packet_from_rtp duplication: 8
08-22 14:14:42.841  5534  5534 I InfinitePageController_Page:10: InfinitePageController#ChildDrawingOrderCallback- pageIndex: 10	childCount:	2	i:	0	focusedIndex:	-1	result:	1
08-22 14:14:42.841  5534  5534 I CircleCornerLayout: draw
08-22 14:14:42.841  5534  5534 I CircleCornerLayout: draw
08-22 14:14:42.841  5534  5534 I CircleCornerLayout: draw
08-22 14:14:42.841  5534  5534 I CircleCornerLayout: draw
08-22 14:14:42.841  5534  5534 I CircleCornerLayout: draw
08-22 14:14:42.841  5534  5534 I CircleCornerLayout: draw
08-22 14:14:42.841  5534  5534 I InfinitePageController_Page:10: InfinitePageController#ChildDrawingOrderCallback- pageIndex: 10	childCount:	2	i:	1	focusedIndex:	-1	result:	0
08-22 14:14:42.841  5534  5534 I CircleCornerLayout: draw
08-22 14:14:42.841  5534  5534 I CircleCornerLayout: draw
08-22 14:14:42.841  5534  5534 I CircleCornerLayout: draw
08-22 14:14:42.841  5534  5534 I CircleCornerLayout: draw
08-22 14:14:42.841  5534  5534 I CircleCornerLayout: draw
08-22 14:14:42.841  5534  5534 I CircleCornerLayout: draw
08-22 14:14:42.841  5534  5534 I CircleCornerLayout: draw
08-22 14:14:42.841  5840  6060 D pcapcmcc4: analyse_ts_packet_from_rtp duplication: 8
08-22 14:14:42.851  5534  5534 I CircleCornerLayout: draw
08-22 14:14:42.851  5534  5534 I CircleCornerLayout: draw
08-22 14:14:42.851  5534  5534 I CircleCornerLayout: draw
08-22 14:14:42.861  5840  6060 D pcapcmcc4: analyse_ts_packet_from_rtp duplication: 8
08-22 14:14:42.861  5840  6060 D pcapcmcc4: analyse_ts_packet_from_rtp duplication: 8
08-22 14:14:42.861  5840  6060 D pcapcmcc4: analyse_ts_packet_from_rtp duplication: 8
08-22 14:14:42.871  5534  5534 I InfinitePageController_Page:9: InfinitePageController#ChildDrawingOrderCallback- pageIndex: 9	childCount:	2	i:	0	focusedIndex:	-1	result:	1
08-22 14:14:42.871  5534  5534 I CircleCornerLayout: draw
08-22 14:14:42.871  5534  5534 I CircleCornerLayout: draw
08-22 14:14:42.881  5534  5534 I InfinitePageController_Page:9: InfinitePageController#ChildDrawingOrderCallback- pageIndex: 9	childCount:	2	i:	1	focusedIndex:	-1	result:	0
08-22 14:14:42.881  5534  5534 I CircleCornerLayout: draw
08-22 14:14:42.881  5534  5534 I CircleCornerLayout: draw
08-22 14:14:42.881  5840  6059 D pcapcmcc4: udp_num = 1370, 11577000
08-22 14:14:42.881  5534  5534 I CircleCornerLayout: draw
08-22 14:14:42.881  5840  6060 D pcapcmcc4: analyse_ts_packet_from_rtp duplication: 8
08-22 14:14:42.891  5534  5534 I CircleCornerLayout: draw
08-22 14:14:42.891  5840  6060 D pcapcmcc4: analyse_ts_packet_from_rtp duplication: 8
08-22 14:14:42.891  5534  5534 I InfinitePageController_Page:10: InfinitePageController#ChildDrawingOrderCallback- pageIndex: 10	childCount:	2	i:	0	focusedIndex:	-1	result:	1
08-22 14:14:42.891  5534  5534 I CircleCornerLayout: draw
08-22 14:14:42.891  5534  5534 I CircleCornerLayout: draw
08-22 14:14:42.891  5534  5534 I CircleCornerLayout: draw
08-22 14:14:42.891  5534  5534 I CircleCornerLayout: draw
08-22 14:14:42.891  5534  5534 I CircleCornerLayout: draw
08-22 14:14:42.891  5534  5534 I CircleCornerLayout: draw
08-22 14:14:42.891  5534  5534 I InfinitePageController_Page:10: InfinitePageController#ChildDrawingOrderCallback- pageIndex: 10	childCount:	2	i:	1	focusedIndex:	-1	result:	0
08-22 14:14:42.891  5534  5534 I CircleCornerLayout: draw
08-22 14:14:42.891  5534  5534 I CircleCornerLayout: draw
08-22 14:14:42.891  5534  5534 I CircleCornerLayout: draw
08-22 14:14:42.891  5534  5534 I CircleCornerLayout: draw
08-22 14:14:42.891  5534  5534 I CircleCornerLayout: draw
08-22 14:14:42.891  5534  5534 I CircleCornerLayout: draw
08-22 14:14:42.891  5534  5534 I CircleCornerLayout: draw
08-22 14:14:42.891  5840  6060 D pcapcmcc4: analyse_ts_packet_from_rtp duplication: 8
08-22 14:14:42.901  5840  6060 D pcapcmcc4: analyse_ts_packet_from_rtp duplication: 8
08-22 14:14:42.901  5534  5534 I CircleCornerLayout: draw
08-22 14:14:42.901  5534  5534 I CircleCornerLayout: draw
08-22 14:14:42.901  5534  5534 I CircleCornerLayout: draw
08-22 14:14:42.911  5840  6060 D pcapcmcc4: analyse_ts_packet_from_rtp duplication: 8
08-22 14:14:42.921  5840  6060 D pcapcmcc4: analyse_ts_packet_from_rtp duplication: 8
08-22 14:14:42.921  5840  6060 D pcapcmcc4: analyse_ts_packet_from_rtp duplication: 8
08-22 14:14:42.921  5840  6060 D pcapcmcc4: analyse_ts_packet_from_rtp duplication: 8
08-22 14:14:42.931  5840  6060 D pcapcmcc4: analyse_ts_packet_from_rtp duplication: 8
08-22 14:14:42.931  5534  5534 I InfinitePageController_Page:9: InfinitePageController#ChildDrawingOrderCallback- pageIndex: 9	childCount:	2	i:	0	focusedIndex:	-1	result:	1
08-22 14:14:42.931  5534  5534 I CircleCornerLayout: draw
08-22 14:14:42.931  5534  5534 I CircleCornerLayout: draw
08-22 14:14:42.931  5534  5534 I InfinitePageController_Page:9: InfinitePageController#ChildDrawingOrderCallback- pageIndex: 9	childCount:	2	i:	1	focusedIndex:	-1	result:	0
08-22 14:14:42.931  5534  5534 I CircleCornerLayout: draw
08-22 14:14:42.941  5534  5534 I CircleCornerLayout: draw
08-22 14:14:42.941  5534  5534 I CircleCornerLayout: draw
08-22 14:14:42.941  5534  5534 I CircleCornerLayout: draw
08-22 14:14:42.951  5534  5534 I InfinitePageController_Page:10: InfinitePageController#ChildDrawingOrderCallback- pageIndex: 10	childCount:	2	i:	0	focusedIndex:	-1	result:	1
08-22 14:14:42.951  5534  5534 I CircleCornerLayout: draw
08-22 14:14:42.951  5534  5534 I CircleCornerLayout: draw
08-22 14:14:42.951  5534  5534 I CircleCornerLayout: draw
08-22 14:14:42.951  5534  5534 I CircleCornerLayout: draw
08-22 14:14:42.951  5534  5534 I CircleCornerLayout: draw
08-22 14:14:42.951  5534  5534 I CircleCornerLayout: draw
08-22 14:14:42.951  5534  5534 I InfinitePageController_Page:10: InfinitePageController#ChildDrawingOrderCallback- pageIndex: 10	childCount:	2	i:	1	focusedIndex:	-1	result:	0
08-22 14:14:42.951  5534  5534 I CircleCornerLayout: draw
08-22 14:14:42.951  5534  5534 I CircleCornerLayout: draw
08-22 14:14:42.951  5534  5534 I CircleCornerLayout: draw
08-22 14:14:42.951  5534  5534 I CircleCornerLayout: draw
08-22 14:14:42.951  5534  5534 I CircleCornerLayout: draw
08-22 14:14:42.951  5534  5534 I CircleCornerLayout: draw
08-22 14:14:42.951  5534  5534 I CircleCornerLayout: draw
08-22 14:14:42.951  5840  6060 D pcapcmcc4: analyse_ts_packet_from_rtp duplication: 8
08-22 14:14:42.961  5840  6060 D pcapcmcc4: analyse_ts_packet_from_rtp duplication: 8
08-22 14:14:42.961  5840  6060 D pcapcmcc4: analyse_ts_packet_from_rtp duplication: 8
08-22 14:14:42.961  5534  5534 I CircleCornerLayout: draw
08-22 14:14:42.961  5534  5534 I CircleCornerLayout: draw
08-22 14:14:42.961  5534  5534 I CircleCornerLayout: draw
08-22 14:14:42.971  5840  6060 D pcapcmcc4: analyse_ts_packet_from_rtp duplication: 8
08-22 14:14:42.971  5840  6060 D pcapcmcc4: analyse_ts_packet_from_rtp duplication: 8
08-22 14:14:42.981  5840  6060 D pcapcmcc4: analyse_ts_packet_from_rtp duplication: 8
08-22 14:14:42.991  5534  5534 I InfinitePageController_Page:9: InfinitePageController#ChildDrawingOrderCallback- pageIndex: 9	childCount:	2	i:	0	focusedIndex:	-1	result:	1
08-22 14:14:42.991  5534  5534 I CircleCornerLayout: draw
08-22 14:14:42.991  5840  6060 D pcapcmcc4: analyse_ts_packet_from_rtp duplication: 8
08-22 14:14:42.991  5534  5534 I CircleCornerLayout: draw
08-22 14:14:42.991  5534  5534 I InfinitePageController_Page:9: InfinitePageController#ChildDrawingOrderCallback- pageIndex: 9	childCount:	2	i:	1	focusedIndex:	-1	result:	0
08-22 14:14:42.991  5534  5534 I CircleCornerLayout: draw
08-22 14:14:42.991  5534  5534 I CircleCornerLayout: draw
08-22 14:14:42.991  5534  5534 I CircleCornerLayout: draw
08-22 14:14:43.001  5534  5534 I CircleCornerLayout: draw
08-22 14:14:43.001  5534  5534 I InfinitePageController_Page:10: InfinitePageController#ChildDrawingOrderCallback- pageIndex: 10	childCount:	2	i:	0	focusedIndex:	-1	result:	1
08-22 14:14:43.001  5534  5534 I CircleCornerLayout: draw
08-22 14:14:43.001  5534  5534 I CircleCornerLayout: draw
08-22 14:14:43.001  5534  5534 I CircleCornerLayout: draw
08-22 14:14:43.001  5534  5534 I CircleCornerLayout: draw
08-22 14:14:43.001  5534  5534 I CircleCornerLayout: draw
08-22 14:14:43.001  5534  5534 I CircleCornerLayout: draw
08-22 14:14:43.001  5534  5534 I InfinitePageController_Page:10: InfinitePageController#ChildDrawingOrderCallback- pageIndex: 10	childCount:	2	i:	1	focusedIndex:	-1	result:	0
08-22 14:14:43.001  5534  5534 I CircleCornerLayout: draw
08-22 14:14:43.001  5534  5534 I CircleCornerLayout: draw
08-22 14:14:43.001  5534  5534 I CircleCornerLayout: draw
08-22 14:14:43.001  5534  5534 I CircleCornerLayout: draw
08-22 14:14:43.001  5534  5534 I CircleCornerLayout: draw
08-22 14:14:43.001  5840  6060 D pcapcmcc4: analyse_ts_packet_from_rtp duplication: 8
08-22 14:14:43.001  5534  5534 I CircleCornerLayout: draw
08-22 14:14:43.011  5534  5534 I CircleCornerLayout: draw
08-22 14:14:43.011  5840  6060 D pcapcmcc4: analyse_ts_packet_from_rtp duplication: 8
08-22 14:14:43.021  5534  5534 I CircleCornerLayout: draw
08-22 14:14:43.021  5534  5534 I CircleCornerLayout: draw
08-22 14:14:43.021  5534  5534 I CircleCornerLayout: draw
08-22 14:14:43.021  5840  6060 D pcapcmcc4: analyse_ts_packet_from_rtp duplication: 8
08-22 14:14:43.021  5840  6060 D pcapcmcc4: analyse_ts_packet_from_rtp duplication: 8
08-22 14:14:43.031  5840  6060 D pcapcmcc4: analyse_ts_packet_from_rtp duplication: 8
08-22 14:14:43.031  6138  6659 W ContextImpl: Calling a method in the system process without a qualified user: android.app.ContextImpl.startService:1639 android.content.ContextWrapper.startService:494 com.iflytek.xiri.system.ControlService$6.run:369 java.util.concurrent.Executors$RunnableAdapter.call:422 java.util.concurrent.FutureTask.runAndReset:279 
08-22 14:14:43.041  5840  6060 D pcapcmcc4: analyse_ts_packet_from_rtp duplication: 8
08-22 14:14:43.041  5840  6060 D pcapcmcc4: analyse_ts_packet_from_rtp duplication: 8
08-22 14:14:43.041  5534  5534 I InfinitePageController_Page:9: InfinitePageController#ChildDrawingOrderCallback- pageIndex: 9	childCount:	2	i:	0	focusedIndex:	-1	result:	1
08-22 14:14:43.041  5534  5534 I CircleCornerLayout: draw
08-22 14:14:43.041  5534  5534 I CircleCornerLayout: draw
08-22 14:14:43.051  5534  5534 I InfinitePageController_Page:9: InfinitePageController#ChildDrawingOrderCallback- pageIndex: 9	childCount:	2	i:	1	focusedIndex:	-1	result:	0
08-22 14:14:43.051  5534  5534 I CircleCornerLayout: draw
08-22 14:14:43.051  5534  5534 I CircleCornerLayout: draw
08-22 14:14:43.051  5840  6060 D pcapcmcc4: analyse_ts_packet_from_rtp duplication: 8
08-22 14:14:43.051  5534  5534 I CircleCornerLayout: draw
08-22 14:14:43.061  5534  5534 I CircleCornerLayout: draw
08-22 14:14:43.061  5534  5534 I InfinitePageController_Page:10: InfinitePageController#ChildDrawingOrderCallback- pageIndex: 10	childCount:	2	i:	0	focusedIndex:	-1	result:	1
08-22 14:14:43.061  5534  5534 I CircleCornerLayout: draw
08-22 14:14:43.061  5534  5534 I CircleCornerLayout: draw
08-22 14:14:43.061  5534  5534 I CircleCornerLayout: draw
08-22 14:14:43.061  5534  5534 I CircleCornerLayout: draw
08-22 14:14:43.061  5534  5534 I CircleCornerLayout: draw
08-22 14:14:43.061  5534  5534 I CircleCornerLayout: draw
08-22 14:14:43.061  5534  5534 I InfinitePageController_Page:10: InfinitePageController#ChildDrawingOrderCallback- pageIndex: 10	childCount:	2	i:	1	focusedIndex:	-1	result:	0
08-22 14:14:43.061  5534  5534 I CircleCornerLayout: draw
08-22 14:14:43.061  5534  5534 I CircleCornerLayout: draw
08-22 14:14:43.061  5534  5534 I CircleCornerLayout: draw
08-22 14:14:43.061  5534  5534 I CircleCornerLayout: draw
08-22 14:14:43.061  5534  5534 I CircleCornerLayout: draw
08-22 14:14:43.061  5534  5534 I CircleCornerLayout: draw
08-22 14:14:43.061  5534  5534 I CircleCornerLayout: draw
08-22 14:14:43.071  5840  6060 D pcapcmcc4: analyse_ts_packet_from_rtp duplication: 8
08-22 14:14:43.071  5534  5534 I CircleCornerLayout: draw
08-22 14:14:43.071  5534  5534 I CircleCornerLayout: draw
08-22 14:14:43.071  5534  5534 I CircleCornerLayout: draw
08-22 14:14:43.071  5840  6060 D pcapcmcc4: analyse_ts_packet_from_rtp duplication: 8
08-22 14:14:43.091  5840  6060 D pcapcmcc4: analyse_ts_packet_from_rtp duplication: 8
08-22 14:14:43.101  5840  6060 D pcapcmcc4: analyse_ts_packet_from_rtp duplication: 8
08-22 14:14:43.101  5840  6060 D pcapcmcc4: analyse_ts_packet_from_rtp duplication: 8
08-22 14:14:43.101  5534  5534 I InfinitePageController_Page:9: InfinitePageController#ChildDrawingOrderCallback- pageIndex: 9	childCount:	2	i:	0	focusedIndex:	-1	result:	1
08-22 14:14:43.101  5534  5534 I CircleCornerLayout: draw
08-22 14:14:43.101  5534  5534 I CircleCornerLayout: draw
08-22 14:14:43.101  5534  5534 I InfinitePageController_Page:9: InfinitePageController#ChildDrawingOrderCallback- pageIndex: 9	childCount:	2	i:	1	focusedIndex:	-1	result:	0
08-22 14:14:43.101  5534  5534 I CircleCornerLayout: draw
08-22 14:14:43.101  5840  6060 D pcapcmcc4: analyse_ts_packet_from_rtp duplication: 8
08-22 14:14:43.101  5534  5534 I CircleCornerLayout: draw
08-22 14:14:43.111  5534  5534 I CircleCornerLayout: draw
08-22 14:14:43.111  5840  6060 D pcapcmcc4: analyse_ts_packet_from_rtp duplication: 8
08-22 14:14:43.111  5534  5534 I CircleCornerLayout: draw
08-22 14:14:43.111  5534  5534 I InfinitePageController_Page:10: InfinitePageController#ChildDrawingOrderCallback- pageIndex: 10	childCount:	2	i:	0	focusedIndex:	-1	result:	1
08-22 14:14:43.111  5534  5534 I CircleCornerLayout: draw
08-22 14:14:43.111  5534  5534 I CircleCornerLayout: draw
08-22 14:14:43.111  5534  5534 I CircleCornerLayout: draw
08-22 14:14:43.111  5534  5534 I CircleCornerLayout: draw
08-22 14:14:43.111  5534  5534 I CircleCornerLayout: draw
08-22 14:14:43.111  5534  5534 I CircleCornerLayout: draw
08-22 14:14:43.111  5534  5534 I InfinitePageController_Page:10: InfinitePageController#ChildDrawingOrderCallback- pageIndex: 10	childCount:	2	i:	1	focusedIndex:	-1	result:	0
08-22 14:14:43.111  5534  5534 I CircleCornerLayout: draw
08-22 14:14:43.111  5534  5534 I CircleCornerLayout: draw
08-22 14:14:43.111  5534  5534 I CircleCornerLayout: draw
08-22 14:14:43.111  5534  5534 I CircleCornerLayout: draw
08-22 14:14:43.111  5534  5534 I CircleCornerLayout: draw
08-22 14:14:43.111  5840  6060 D pcapcmcc4: analyse_ts_packet_from_rtp duplication: 8
08-22 14:14:43.121  5534  5534 I CircleCornerLayout: draw
08-22 14:14:43.121  5534  5534 I CircleCornerLayout: draw
08-22 14:14:43.131  5534  5534 I CircleCornerLayout: draw
08-22 14:14:43.131  5534  5534 I CircleCornerLayout: draw
08-22 14:14:43.131  5534  5534 I CircleCornerLayout: draw
08-22 14:14:43.141  5840  6060 D pcapcmcc4: analyse_ts_packet_from_rtp duplication: 8
08-22 14:14:43.141  5840  6060 D pcapcmcc4: analyse_ts_packet_from_rtp duplication: 8
08-22 14:14:43.151  5840  6060 D pcapcmcc4: analyse_ts_packet_from_rtp duplication: 8
08-22 14:14:43.151  5534  5534 I InfinitePageController_Page:9: InfinitePageController#ChildDrawingOrderCallback- pageIndex: 9	childCount:	2	i:	0	focusedIndex:	-1	result:	1
08-22 14:14:43.151  5534  5534 I CircleCornerLayout: draw
08-22 14:14:43.151  5534  5534 I CircleCornerLayout: draw
08-22 14:14:43.151  5840  6060 D pcapcmcc4: analyse_ts_packet_from_rtp duplication: 8
08-22 14:14:43.151  5534  5534 I InfinitePageController_Page:9: InfinitePageController#ChildDrawingOrderCallback- pageIndex: 9	childCount:	2	i:	1	focusedIndex:	-1	result:	0
08-22 14:14:43.151  5534  5534 I CircleCornerLayout: draw
08-22 14:14:43.161  5534  5534 I CircleCornerLayout: draw
08-22 14:14:43.161  5840  6060 D pcapcmcc4: analyse_ts_packet_from_rtp duplication: 8
08-22 14:14:43.161  5534  5534 I CircleCornerLayout: draw
08-22 14:14:43.161  6077  6088 D BluetoothAdapterService(1102544240): getState(): mAdapterProperties: com.android.bluetooth.btservice.AdapterProperties@41b79df8
08-22 14:14:43.161  5534  5534 I CircleCornerLayout: draw
08-22 14:14:43.161  5840  6060 D pcapcmcc4: analyse_ts_packet_from_rtp duplication: 8
08-22 14:14:43.161  5534  5534 I InfinitePageController_Page:10: InfinitePageController#ChildDrawingOrderCallback- pageIndex: 10	childCount:	2	i:	0	focusedIndex:	-1	result:	1
08-22 14:14:43.171  5534  5534 I CircleCornerLayout: draw
08-22 14:14:43.171  5534  5534 I CircleCornerLayout: draw
08-22 14:14:43.171  5534  5534 I CircleCornerLayout: draw
08-22 14:14:43.171  5534  5534 I CircleCornerLayout: draw
08-22 14:14:43.171  5534  5534 I CircleCornerLayout: draw
08-22 14:14:43.171  5534  5534 I CircleCornerLayout: draw
08-22 14:14:43.171  5534  5534 I InfinitePageController_Page:10: InfinitePageController#ChildDrawingOrderCallback- pageIndex: 10	childCount:	2	i:	1	focusedIndex:	-1	result:	0
08-22 14:14:43.171  5534  5534 I CircleCornerLayout: draw
08-22 14:14:43.171  5534  5534 I CircleCornerLayout: draw
08-22 14:14:43.171  5534  5534 I CircleCornerLayout: draw
08-22 14:14:43.171  5534  5534 I CircleCornerLayout: draw
08-22 14:14:43.171  5534  5534 I CircleCornerLayout: draw
08-22 14:14:43.171  5534  5534 I CircleCornerLayout: draw
08-22 14:14:43.171  5534  5534 I CircleCornerLayout: draw
08-22 14:14:43.171  5840  6060 D pcapcmcc4: analyse_ts_packet_from_rtp duplication: 8
08-22 14:14:43.181  5534  5534 I CircleCornerLayout: draw
08-22 14:14:43.181  5534  5534 I CircleCornerLayout: draw
08-22 14:14:43.181  5534  5534 I CircleCornerLayout: draw
08-22 14:14:43.191  5840  6060 D pcapcmcc4: analyse_ts_packet_from_rtp duplication: 8
08-22 14:14:43.201  5840  6060 D pcapcmcc4: analyse_ts_packet_from_rtp duplication: 8
08-22 14:14:43.201  5840  6060 D pcapcmcc4: analyse_ts_packet_from_rtp duplication: 8
08-22 14:14:43.201  5534  5534 I InfinitePageController_Page:9: InfinitePageController#ChildDrawingOrderCallback- pageIndex: 9	childCount:	2	i:	0	focusedIndex:	-1	result:	1
08-22 14:14:43.211  5534  5534 I CircleCornerLayout: draw
08-22 14:14:43.211  5534  5534 I CircleCornerLayout: draw
08-22 14:14:43.211  5534  5534 I InfinitePageController_Page:9: InfinitePageController#ChildDrawingOrderCallback- pageIndex: 9	childCount:	2	i:	1	focusedIndex:	-1	result:	0
08-22 14:14:43.211  5534  5534 I CircleCornerLayout: draw
08-22 14:14:43.211  5840  6060 D pcapcmcc4: analyse_ts_packet_from_rtp duplication: 8
08-22 14:14:43.211  5534  5534 I CircleCornerLayout: draw
08-22 14:14:43.211  5534  5534 I CircleCornerLayout: draw
08-22 14:14:43.221  5534  5534 I CircleCornerLayout: draw
08-22 14:14:43.221  5840  6060 D pcapcmcc4: analyse_ts_packet_from_rtp duplication: 8
08-22 14:14:43.221  5534  5534 I InfinitePageController_Page:10: InfinitePageController#ChildDrawingOrderCallback- pageIndex: 10	childCount:	2	i:	0	focusedIndex:	-1	result:	1
08-22 14:14:43.221  5534  5534 I CircleCornerLayout: draw
08-22 14:14:43.221  5534  5534 I CircleCornerLayout: draw
08-22 14:14:43.221  5534  5534 I CircleCornerLayout: draw
08-22 14:14:43.221  5534  5534 I CircleCornerLayout: draw
08-22 14:14:43.221  5534  5534 I CircleCornerLayout: draw
08-22 14:14:43.221  5534  5534 I CircleCornerLayout: draw
08-22 14:14:43.221  5534  5534 I InfinitePageController_Page:10: InfinitePageController#ChildDrawingOrderCallback- pageIndex: 10	childCount:	2	i:	1	focusedIndex:	-1	result:	0
08-22 14:14:43.221  5534  5534 I CircleCornerLayout: draw
08-22 14:14:43.221  5534  5534 I CircleCornerLayout: draw
08-22 14:14:43.221  5534  5534 I CircleCornerLayout: draw
08-22 14:14:43.221  5534  5534 I CircleCornerLayout: draw
08-22 14:14:43.221  5534  5534 I CircleCornerLayout: draw
08-22 14:14:43.221  5534  5534 I CircleCornerLayout: draw
08-22 14:14:43.221  5534  5534 I CircleCornerLayout: draw
08-22 14:14:43.231  5534  5534 I CircleCornerLayout: draw
08-22 14:14:43.231  5534  5534 I CircleCornerLayout: draw
08-22 14:14:43.231  5534  5534 I CircleCornerLayout: draw
08-22 14:14:43.241  5840  6060 D pcapcmcc4: analyse_ts_packet_from_rtp duplication: 8
08-22 14:14:43.251  5840  6060 D pcapcmcc4: analyse_ts_packet_from_rtp duplication: 8
08-22 14:14:43.261  5840  6060 D pcapcmcc4: analyse_ts_packet_from_rtp duplication: 8
08-22 14:14:43.271  5840  6060 D pcapcmcc4: analyse_ts_packet_from_rtp duplication: 8
08-22 14:14:43.271  5840  6060 D pcapcmcc4: analyse_ts_packet_from_rtp duplication: 8
08-22 14:14:43.281  5840  6060 D pcapcmcc4: analyse_ts_packet_from_rtp duplication: 8
08-22 14:14:43.281  5840  6060 D pcapcmcc4: analyse_ts_packet_from_rtp duplication: 8
08-22 14:14:43.291  5840  6060 D pcapcmcc4: analyse_ts_packet_from_rtp duplication: 8
08-22 14:14:43.301  5840  6060 D pcapcmcc4: analyse_ts_packet_from_rtp duplication: 8
08-22 14:14:43.321  5840  6060 D pcapcmcc4: analyse_ts_packet_from_rtp duplication: 8
08-22 14:14:43.321  5840  6060 D pcapcmcc4: analyse_ts_packet_from_rtp duplication: 8
08-22 14:14:43.331  5840  6060 D pcapcmcc4: analyse_ts_packet_from_rtp duplication: 8
08-22 14:14:43.341  5840  6060 D pcapcmcc4: analyse_ts_packet_from_rtp duplication: 8
08-22 14:14:43.341  5840  6060 D pcapcmcc4: analyse_ts_packet_from_rtp duplication: 8
08-22 14:14:43.351  5840  6060 D pcapcmcc4: analyse_ts_packet_from_rtp duplication: 8
08-22 14:14:43.361  5840  6060 D pcapcmcc4: analyse_ts_packet_from_rtp duplication: 8
08-22 14:14:43.381  5840  6060 D pcapcmcc4: analyse_ts_packet_from_rtp duplication: 0
08-22 14:14:43.381  5840  6060 D pcapcmcc4: analyse_ts_packet_from_rtp duplication: 8
08-22 14:14:43.391  5840  6060 D pcapcmcc4: analyse_ts_packet_from_rtp duplication: 8
08-22 14:14:43.391  5840  6060 D pcapcmcc4: analyse_ts_packet_from_rtp duplication: 8
08-22 14:14:43.391  5840  6060 D pcapcmcc4: analyse_ts_packet_from_rtp duplication: 8
08-22 14:14:43.411  5840  6060 D pcapcmcc4: analyse_ts_packet_from_rtp duplication: 8
08-22 14:14:43.411  5840  6060 D pcapcmcc4: analyse_ts_packet_from_rtp duplication: 8
08-22 14:14:43.421  5840  6060 D pcapcmcc4: analyse_ts_packet_from_rtp duplication: 8
08-22 14:14:43.421  5840  6060 D pcapcmcc4: analyse_ts_packet_from_rtp duplication: 8
08-22 14:14:43.441  5840  6060 D pcapcmcc4: analyse_ts_packet_from_rtp duplication: 8
08-22 14:14:43.451  5840  6060 D pcapcmcc4: analyse_ts_packet_from_rtp duplication: 8
08-22 14:14:43.461  5840  6060 D pcapcmcc4: analyse_ts_packet_from_rtp duplication: 8
08-22 14:14:43.461  5840  6060 D pcapcmcc4: analyse_ts_packet_from_rtp duplication: 8
08-22 14:14:43.471  5840  6060 D pcapcmcc4: analyse_ts_packet_from_rtp duplication: 8
08-22 14:14:43.471  5840  6060 D pcapcmcc4: analyse_ts_packet_from_rtp duplication: 8
08-22 14:14:43.481  5840  6060 D pcapcmcc4: analyse_ts_packet_from_rtp duplication: 8
08-22 14:14:43.481  5840  6060 D pcapcmcc4: analyse_ts_packet_from_rtp duplication: 8
08-22 14:14:43.511  5840  6060 D pcapcmcc4: df = -881767998, 2131481120, -2119087608, 4254, 987813, 4316
08-22 14:14:43.511  5840  6060 D pcapcmcc4: analyse_ts_packet_from_rtp duplication: 8
08-22 14:14:43.521  5840  6060 D pcapcmcc4: analyse_ts_packet_from_rtp duplication: 8
08-22 14:14:43.521  5840  6060 D pcapcmcc4: analyse_ts_packet_from_rtp duplication: 8
08-22 14:14:43.531  5840  6060 D pcapcmcc4: analyse_ts_packet_from_rtp duplication: 8
08-22 14:14:43.531  5840  6060 D pcapcmcc4: analyse_ts_packet_from_rtp duplication: 8
08-22 14:14:43.541  5840  6060 D pcapcmcc4: analyse_ts_packet_from_rtp duplication: 8
08-22 14:14:43.551  5840  6060 D pcapcmcc4: analyse_ts_packet_from_rtp duplication: 8
08-22 14:14:43.551  5840  6060 D pcapcmcc4: analyse_ts_packet_from_rtp duplication: 8
08-22 14:14:43.571  5840  6060 D pcapcmcc4: analyse_ts_packet_from_rtp duplication: 8
08-22 14:14:43.581  5840  6060 D pcapcmcc4: analyse_ts_packet_from_rtp duplication: 8
08-22 14:14:43.581  5840  6060 D pcapcmcc4: analyse_ts_packet_from_rtp duplication: 8
08-22 14:14:43.591  5840  6060 D pcapcmcc4: analyse_ts_packet_from_rtp duplication: 8
08-22 14:14:43.601  5840  6060 D pcapcmcc4: analyse_ts_packet_from_rtp duplication: 8
08-22 14:14:43.601  5840  6060 D pcapcmcc4: analyse_ts_packet_from_rtp duplication: 8
08-22 14:14:43.611  5840  6060 D pcapcmcc4: analyse_ts_packet_from_rtp duplication: 8
08-22 14:14:43.611  5840  6060 D pcapcmcc4: analyse_ts_packet_from_rtp duplication: 8
08-22 14:14:43.641  5840  6060 D pcapcmcc4: df = 942981000, 2137455096, -2141627252, 13703, 311564, 13148
08-22 14:14:43.661  5840  6060 D pcapcmcc4: analyse_ts_packet_from_rtp duplication: 8
08-22 14:14:43.661  5840  6060 D pcapcmcc4: analyse_ts_packet_from_rtp duplication: 8
08-22 14:14:43.661  5840  6060 D pcapcmcc4: analyse_ts_packet_from_rtp duplication: 8
08-22 14:14:43.671  5840  6060 D pcapcmcc4: analyse_ts_packet_from_rtp duplication: 8
08-22 14:14:43.671  5840  6060 D pcapcmcc4: analyse_ts_packet_from_rtp duplication: 8
08-22 14:14:43.691  5840  6060 D pcapcmcc4: analyse_ts_packet_from_rtp duplication: 8
08-22 14:14:43.701  5840  6060 D pcapcmcc4: analyse_ts_packet_from_rtp duplication: 8
08-22 14:14:43.701  5840  6060 D pcapcmcc4: analyse_ts_packet_from_rtp duplication: 8
08-22 14:14:43.711  5840  6060 D pcapcmcc4: analyse_ts_packet_from_rtp duplication: 8
08-22 14:14:43.711  5840  6060 D pcapcmcc4: analyse_ts_packet_from_rtp duplication: 8
08-22 14:14:43.721  5840  6060 D pcapcmcc4: analyse_ts_packet_from_rtp duplication: 12
08-22 14:14:43.721  5840  6060 D pcapcmcc4: analyse_ts_packet_from_rtp duplication: 8
08-22 14:14:43.731  5840  6060 D pcapcmcc4: analyse_ts_packet_from_rtp duplication: 8
08-22 14:14:43.741  5840  6060 D pcapcmcc4: analyse_ts_packet_from_rtp duplication: 8
08-22 14:14:43.761  5840  6060 D pcapcmcc4: analyse_ts_packet_from_rtp duplication: 12
08-22 14:14:43.761  5840  6060 D pcapcmcc4: analyse_ts_packet_from_rtp duplication: 8
08-22 14:14:43.761  5840  6060 D pcapcmcc4: analyse_ts_packet_from_rtp,interval = 27304526, rate = 313618, 241, 0, 517, 314553, 311373
08-22 14:14:43.771  5840  6060 D pcapcmcc4: analyse_ts_packet_from_rtp duplication: 8
08-22 14:14:43.771  5840  6060 D pcapcmcc4: analyse_ts_packet_from_rtp duplication: 8
08-22 14:14:43.781  5840  6060 D pcapcmcc4: analyse_ts_packet_from_rtp duplication: 8
08-22 14:14:43.781  5490  5569 I AMTIPTV : ==========updateUsbPath=========
08-22 14:14:43.791  5840  6060 D pcapcmcc4: analyse_ts_packet_from_rtp duplication: 8
08-22 14:14:43.791  5840  6060 D pcapcmcc4: analyse_ts_packet_from_rtp duplication: 8
08-22 14:14:43.801  5840  6060 D pcapcmcc4: analyse_ts_packet_from_rtp duplication: 8
08-22 14:14:43.801  5840  6060 D pcapcmcc4: analyse_ts_packet_from_rtp duplication: 8
08-22 14:14:43.811  5490  5569 D AMTIPTV : USBHelper > mount info-->rootfs / rootfs ro 0 0
08-22 14:14:43.811  5490  5569 D AMTIPTV : USBHelper > mount info-->tmpfs /dev tmpfs rw,nosuid,relatime,mode=755 0 0
08-22 14:14:43.811  5490  5569 D AMTIPTV : USBHelper > mount info-->devpts /dev/pts devpts rw,relatime,mode=600 0 0
08-22 14:14:43.811  5490  5569 D AMTIPTV : USBHelper > mount info-->none /dev/cpuctl cgroup rw,relatime,cpu 0 0
08-22 14:14:43.811  5490  5569 D AMTIPTV : USBHelper > mount info-->proc /proc proc rw,relatime 0 0
08-22 14:14:43.811  5490  5569 D AMTIPTV : USBHelper > mount info-->sysfs /sys sysfs rw,relatime 0 0
08-22 14:14:43.811  5490  5569 D AMTIPTV : USBHelper > mount info-->debugfs /sys/kernel/debug debugfs rw,relatime 0 0
08-22 14:14:43.811  5490  5569 D AMTIPTV : USBHelper > mount info-->configfs /sys/kernel/config configfs rw,relatime 0 0
08-22 14:14:43.811  5490  5569 D AMTIPTV : USBHelper > mount info-->none /sys/fs/cgroup tmpfs rw,relatime,mode=750,gid=1000 0 0
08-22 14:14:43.811  5490  5569 D AMTIPTV : USBHelper > mount info-->none /acct cgroup rw,relatime,cpuacct 0 0
08-22 14:14:43.821  5490  5569 D AMTIPTV : USBHelper > mount info-->tmpfs /mnt/asec tmpfs rw,relatime,mode=755,gid=1000 0 0
08-22 14:14:43.821  5490  5569 D AMTIPTV : USBHelper > mount info-->tmpfs /mnt/obb tmpfs rw,relatime,mode=755,gid=1000 0 0
08-22 14:14:43.821  5490  5569 D AMTIPTV : USBHelper > mount info-->tmpfs /tmp tmpfs rw,relatime 0 0
08-22 14:14:43.821  5490  5569 D AMTIPTV : USBHelper > mount info-->tmpfs /tmp/playInfoLog tmpfs rw,relatime 0 0
08-22 14:14:43.821  5490  5569 D AMTIPTV : USBHelper > mount info-->tmpfs /tmp/capture tmpfs rw,relatime 0 0
08-22 14:14:43.821  5490  5569 D AMTIPTV : USBHelper > mount info-->tmpfs /storage/external_storage tmpfs rw,relatime,mode=775,uid=1000,gid=1023 0 0
08-22 14:14:43.821  5490  5569 D AMTIPTV : USBHelper > mount info-->/dev/block/system /system ext4 ro,nosuid,nodev,noatime,nodiratime,noauto_da_alloc,data=ordered 0 0
08-22 14:14:43.821  5490  5569 D AMTIPTV : USBHelper > mount info-->/dev/block/cache /cache ext4 rw,nosuid,nodev,noatime,nodiratime,nodelalloc,noauto_da_alloc,data=ordered 0 0
08-22 14:14:43.821  5490  5569 D AMTIPTV : USBHelper > mount info-->/dev/block/data /data ext4 rw,nosuid,nodev,noatime,nodiratime,discard,nodelalloc,noauto_da_alloc,data=ordered 0 0
08-22 14:14:43.821  5490  5569 D AMTIPTV : USBHelper > mount info-->/dev/block/params /params ext4 rw,nosuid,nodev,noatime,nodiratime,nodelalloc,noauto_da_alloc,data=ordered 0 0
08-22 14:14:43.821  5490  5569 D AMTIPTV : USBHelper > mount info-->/dev/block/bootfiles /bootfiles ext4 rw,nosuid,nodev,noatime,nodiratime,nodelalloc,noauto_da_alloc,data=ordered 0 0
08-22 14:14:43.821  5490  5569 D AMTIPTV : USBHelper > mount info-->/dev/fuse /mnt/shell/emulated fuse rw,nosuid,nodev,relatime,user_id=1023,group_id=1023,default_permissions,allow_other 0 0
08-22 14:14:43.821  5490  5569 D AMTIPTV : USBHelper > mount info-->tmpfs /storage/emulated tmpfs rw,nosuid,nodev,relatime,mode=751,gid=1028 0 0
08-22 14:14:43.821  5490  5569 D AMTIPTV : USBHelper > mount info-->/dev/block/zram0 /swap_zram0 ext2 rw,relatime,errors=continue 0 0
08-22 14:14:43.821  5490  5569 D AMTIPTV : USBHelper > mount info-->/dev/fuse /storage/emulated/0 fuse rw,nosuid,nodev,relatime,user_id=1023,group_id=1023,default_permissions,allow_other 0 0
08-22 14:14:43.821  5490  5569 D AMTIPTV : USBHelper > mount info-->/dev/fuse /storage/emulated/legacy fuse rw,nosuid,nodev,relatime,user_id=1023,group_id=1023,default_permissions,allow_other 0 0
08-22 14:14:43.821  5490  5569 D AMTIPTV : USBHelper > mount info-->adb /dev/usb-ffs/adb functionfs rw,relatime 0 0
08-22 14:14:43.821  5490  5569 D AMTIPTV : USBHelper > mount info-->rdered 0 0
08-22 14:14:43.821  5490  5569 D AMTIPTV : USBHelper > mount info-->/dev/block/cache /cache ext4 rw,nosuid,nodev,noatime,nodiratime,nodelalloc,noauto_da_alloc,data=ordered 0 0
08-22 14:14:43.821  5490  5569 D AMTIPTV : USBHelper > mount info-->/dev/block/data /data ext4 rw,nosuid,nodev,noatime,nodiratime,discard,no
08-22 14:14:43.821  5490  5569 D AMTIPTV : USBHelper >  usbPath-->/mnt/sdcard
08-22 14:14:43.821  5490  5569 D AMTIPTV : USBHelper > fianll usbPath-->/mnt/sdcard
08-22 14:14:43.821  5490  5569 D AMTIPTV : USBHelper > usbPath-->/mnt/sdcard
08-22 14:14:43.821  5840  6060 D pcapcmcc4: analyse_ts_packet_from_rtp duplication: 8
08-22 14:14:43.831  5840  6060 D pcapcmcc4: analyse_ts_packet_from_rtp duplication: 8
08-22 14:14:43.831  5840  6060 D pcapcmcc4: analyse_ts_packet_from_rtp,interval = 27265518, rate = 987813, 758, 0, 4113, 994339, 986501
08-22 14:14:43.831  5840  6060 D pcapcmcc4: analyse_ts_packet_from_rtp duplication: 8
08-22 14:14:43.841  5840  6060 D pcapcmcc4: analyse_ts_packet_from_rtp duplication: 8
08-22 14:14:43.841  5840  6059 D pcapcmcc4: udp_num = 1370, 11578000
08-22 14:14:43.851  5840  6060 D pcapcmcc4: analyse_ts_packet_from_rtp duplication: 8
08-22 14:14:43.851  5840  6060 D pcapcmcc4: analyse_ts_packet_from_rtp duplication: 8
08-22 14:14:43.861  5840  6060 D pcapcmcc4: analyse_ts_packet_from_rtp duplication: 8
08-22 14:14:43.881  5840  6060 D pcapcmcc4: analyse_ts_packet_from_rtp duplication: 8
08-22 14:14:43.891  5840  6060 D pcapcmcc4: analyse_ts_packet_from_rtp duplication: 8
08-22 14:14:43.891  5840  6060 D pcapcmcc4: analyse_ts_packet_from_rtp duplication: 8
08-22 14:14:43.901  5840  6060 D pcapcmcc4: analyse_ts_packet_from_rtp duplication: 8
08-22 14:14:43.911  5840  6060 D pcapcmcc4: analyse_ts_packet_from_rtp duplication: 8
08-22 14:14:43.921  5840  6060 D pcapcmcc4: analyse_ts_packet_from_rtp duplication: 8
08-22 14:14:43.921  5840  6060 D pcapcmcc4: analyse_ts_packet_from_rtp duplication: 8
08-22 14:14:43.931  5840  6060 D pcapcmcc4: analyse_ts_packet_from_rtp duplication: 8
08-22 14:14:43.941  5840  6060 D pcapcmcc4: analyse_ts_packet_from_rtp duplication: 8
08-22 14:14:43.951  5840  6060 D pcapcmcc4: analyse_ts_packet_from_rtp duplication: 8
08-22 14:14:43.961  5840  6060 D pcapcmcc4: analyse_ts_packet_from_rtp duplication: 8
08-22 14:14:43.961  5840  6060 D pcapcmcc4: analyse_ts_packet_from_rtp duplication: 8
08-22 14:14:43.971  5840  6060 D pcapcmcc4: analyse_ts_packet_from_rtp duplication: 8
08-22 14:14:43.981  5840  6060 D pcapcmcc4: analyse_ts_packet_from_rtp duplication: 8
08-22 14:14:43.981  5840  6060 D pcapcmcc4: analyse_ts_packet_from_rtp duplication: 8
08-22 14:14:44.001  5840  6060 D pcapcmcc4: analyse_ts_packet_from_rtp duplication: 8
08-22 14:14:44.011  5840  6060 D pcapcmcc4: analyse_ts_packet_from_rtp duplication: 8
08-22 14:14:44.011  5840  6060 D pcapcmcc4: analyse_ts_packet_from_rtp duplication: 8
08-22 14:14:44.021  5840  6060 D pcapcmcc4: analyse_ts_packet_from_rtp duplication: 8
08-22 14:14:44.041  5840  6060 D pcapcmcc4: analyse_ts_packet_from_rtp duplication: 8
08-22 14:14:44.041  6138  6659 W ContextImpl: Calling a method in the system process without a qualified user: android.app.ContextImpl.startService:1639 android.content.ContextWrapper.startService:494 com.iflytek.xiri.system.ControlService$6.run:369 java.util.concurrent.Executors$RunnableAdapter.call:422 java.util.concurrent.FutureTask.runAndReset:279 
08-22 14:14:44.051  5840  6060 D pcapcmcc4: analyse_ts_packet_from_rtp duplication: 8
08-22 14:14:44.071  5840  6060 D pcapcmcc4: analyse_ts_packet_from_rtp duplication: 8
08-22 14:14:44.081  5840  6060 D pcapcmcc4: analyse_ts_packet_from_rtp duplication: 8
08-22 14:14:44.081  5840  6060 D pcapcmcc4: analyse_ts_packet_from_rtp duplication: 8
08-22 14:14:44.081  5840  6060 D pcapcmcc4: analyse_ts_packet_from_rtp duplication: 8
08-22 14:14:44.101  5840  6060 D pcapcmcc4: analyse_ts_packet_from_rtp duplication: 8
08-22 14:14:44.101  5840  6060 D pcapcmcc4: analyse_ts_packet_from_rtp duplication: 8
08-22 14:14:44.101  5840  6060 D pcapcmcc4: analyse_ts_packet_from_rtp duplication: 8
08-22 14:14:44.111  5840  6060 D pcapcmcc4: analyse_ts_packet_from_rtp duplication: 8
08-22 14:14:44.131  5840  6060 D pcapcmcc4: analyse_ts_packet_from_rtp duplication: 8
08-22 14:14:44.141  5840  6060 D pcapcmcc4: analyse_ts_packet_from_rtp duplication: 8
08-22 14:14:44.151  5840  6060 D pcapcmcc4: analyse_ts_packet_from_rtp duplication: 8
08-22 14:14:44.151  5840  6060 D pcapcmcc4: analyse_ts_packet_from_rtp duplication: 8
08-22 14:14:44.151  5723  5723 D XIRI_driver: send to xiri: {"cmd":"key","event":1,"keycode":103,"pid":1,"vid":1,"devnum":0}
08-22 14:14:44.151  5193  5294 D WindowManager: interceptKeyTq keycode=19 screenIsOn=true keyguardActive=false policyFlags=2000000 isWakeKey=false
08-22 14:14:44.151  5193  5294 I WindowManager: mapkey no map key list
08-22 14:14:44.151  5193  5293 D WindowManager: interceptKeyTi keyCode=19 down=true repeatCount=0 keyguardOn=false mHomePressed=false canceled=false CM201_guangdong_zhuoying
08-22 14:14:44.151  5193  5293 D PowerManagerService: updateUserActivitySummaryLocked, mLastUserActivityTime: 11560677, screenOffTimeout: 2147483647
08-22 14:14:44.151  5193  5293 D PowerManagerService: updateUserActivitySummaryLocked, mBroadcastTimeout: 2154061147, dialog show enable: true
08-22 14:14:44.151  5193  5293 D PowerManagerService: updateUserActivitySummaryLocked, now: 11560679, nextTimeout: 2159037324
08-22 14:14:44.151  5193  5293 D PowerManagerService: mGoToSleepCountDownDialog show
08-22 14:14:44.161  5193  5293 D WindowManager:  currentPackage = cn.gd.snm.snmcm.LauncherActivity
08-22 14:14:44.161  5193  5293 D chenl   : mkeyAgingDragonboxCount: 0
08-22 14:14:44.161  5193  5293 D WindowManager: [mobile] send keyevent broadcast=19 repeatCount:0
08-22 14:14:44.161  5193  5293 D WindowManager: com.chinamobile.action.IR_TEST  lirphycode = 0x00caDD22
08-22 14:14:44.161  5840  6060 D pcapcmcc4: analyse_ts_packet_from_rtp duplication: 8
08-22 14:14:44.161  5534  5534 I IntervalTriggerUtils: execute intervalTrigger operate!
08-22 14:14:44.161  5534 15971 I System.out: RxCache: ProcessorProvidersBehaviour-getData-cacheRule: 0x100010
08-22 14:14:44.161  5534 15971 I System.out: RxCache: RetrieveRecord-retrieveRecord:index-page-5-minutes , url_all_channel , 
08-22 14:14:44.161  5534 15971 I System.out: RxCache: RetrieveRecord-retrieveRecord:record from memory is null
08-22 14:14:44.161  5534  5534 I SingleLine_CustomSingleLineMenuView: isLostFocus:false,hasFocus:false
08-22 14:14:44.161  5534  5534 I SingleImageView: onFocusChanged
08-22 14:14:44.161  5840  6060 D pcapcmcc4: analyse_ts_packet_from_rtp duplication: 8
08-22 14:14:44.161  5193  5293 W ContextImpl: Calling a method in the system process without a qualified user: android.app.ContextImpl.sendBroadcast:1283 com.android.internal.policy.impl.PhoneWindowManager.broadcastMobileKeyEvent:10781 com.android.internal.policy.impl.PhoneWindowManager.interceptKeyBeforeDispatching:3816 com.android.server.wm.InputMonitor.interceptKeyBeforeDispatching:374 com.android.server.input.InputManagerService.interceptKeyBeforeDispatching:1393 
08-22 14:14:44.161  5193  5293 W ContextImpl: Calling a method in the system process without a qualified user: android.app.ContextImpl.sendBroadcast:1283 com.android.internal.policy.impl.PhoneWindowManager.broadcastMobileKeyEvent:10798 com.android.internal.policy.impl.PhoneWindowManager.interceptKeyBeforeDispatching:3816 com.android.server.wm.InputMonitor.interceptKeyBeforeDispatching:374 com.android.server.input.InputManagerService.interceptKeyBeforeDispatching:1393 
08-22 14:14:44.171  5840  6060 D pcapcmcc4: analyse_ts_packet_from_rtp duplication: 8
08-22 14:14:44.191  5840  6060 D pcapcmcc4: analyse_ts_packet_from_rtp duplication: 8
08-22 14:14:44.201  5840  6060 D pcapcmcc4: analyse_ts_packet_from_rtp duplication: 8
08-22 14:14:44.201  5840  6060 D pcapcmcc4: analyse_ts_packet_from_rtp duplication: 8
08-22 14:14:44.201  5534  5534 I InfinitePageController_Page:9: InfinitePageController#ChildDrawingOrderCallback- pageIndex: 9	childCount:	2	i:	0	focusedIndex:	-1	result:	1
08-22 14:14:44.201  5534  5534 I CircleCornerLayout: draw
08-22 14:14:44.201  5534  5534 I CircleCornerLayout: draw
08-22 14:14:44.201  5534  5534 I InfinitePageController_Page:9: InfinitePageController#ChildDrawingOrderCallback- pageIndex: 9	childCount:	2	i:	1	focusedIndex:	-1	result:	0
08-22 14:14:44.201  5534  5534 I CircleCornerLayout: draw
08-22 14:14:44.211  5534  5534 I CircleCornerLayout: draw
08-22 14:14:44.211  5534  5534 I CircleCornerLayout: draw
08-22 14:14:44.211  5534  5534 I CircleCornerLayout: draw
08-22 14:14:44.211  5534  5534 I InfinitePageController_Page:10: InfinitePageController#ChildDrawingOrderCallback- pageIndex: 10	childCount:	2	i:	0	focusedIndex:	-1	result:	1
08-22 14:14:44.211  5534  5534 I CircleCornerLayout: draw
08-22 14:14:44.211  5534  5534 I CircleCornerLayout: draw
08-22 14:14:44.211  5534  5534 I CircleCornerLayout: draw
08-22 14:14:44.211  5534  5534 I CircleCornerLayout: draw
08-22 14:14:44.211  5534  5534 I CircleCornerLayout: draw
08-22 14:14:44.211  5534  5534 I CircleCornerLayout: draw
08-22 14:14:44.211  5534  5534 I InfinitePageController_Page:10: InfinitePageController#ChildDrawingOrderCallback- pageIndex: 10	childCount:	2	i:	1	focusedIndex:	-1	result:	0
08-22 14:14:44.211  5534  5534 I CircleCornerLayout: draw
08-22 14:14:44.221  5534  5534 I CircleCornerLayout: draw
08-22 14:14:44.221  5534  5534 I CircleCornerLayout: draw
08-22 14:14:44.221  5534  5534 I CircleCornerLayout: draw
08-22 14:14:44.221  5534  5534 I CircleCornerLayout: draw
08-22 14:14:44.221  5840  6060 D pcapcmcc4: analyse_ts_packet_from_rtp duplication: 8
08-22 14:14:44.221  5840  6060 D pcapcmcc4: analyse_ts_packet_from_rtp duplication: 10
08-22 14:14:44.221  5840  6060 D pcapcmcc4: analyse_ts_packet_from_rtp duplication: 8
08-22 14:14:44.221  5534  5534 I CircleCornerLayout: draw
08-22 14:14:44.221  5534  5534 I CircleCornerLayout: draw
08-22 14:14:44.221  5840  6060 D pcapcmcc4: analyse_ts_packet_from_rtp duplication: 8
08-22 14:14:44.231  5534  5534 I CircleCornerLayout: draw
08-22 14:14:44.231  5534  5534 I CircleCornerLayout: draw
08-22 14:14:44.231  5534  5534 I CircleCornerLayout: draw
08-22 14:14:44.231  5840  6060 D pcapcmcc4: analyse_ts_packet_from_rtp duplication: 8
08-22 14:14:44.241  5840  6060 D pcapcmcc4: analyse_ts_packet_from_rtp duplication: 8
08-22 14:14:44.251  5840  6060 D pcapcmcc4: analyse_ts_packet_from_rtp duplication: 8
08-22 14:14:44.251  5534  5534 I InfinitePageController_Page:9: InfinitePageController#ChildDrawingOrderCallback- pageIndex: 9	childCount:	2	i:	0	focusedIndex:	-1	result:	1
08-22 14:14:44.251  5534  5534 I CircleCornerLayout: draw
08-22 14:14:44.261  5534  5534 I CircleCornerLayout: draw
08-22 14:14:44.261  5534  5534 I InfinitePageController_Page:9: InfinitePageController#ChildDrawingOrderCallback- pageIndex: 9	childCount:	2	i:	1	focusedIndex:	-1	result:	0
08-22 14:14:44.261  5534  5534 I CircleCornerLayout: draw
08-22 14:14:44.261  5840  6060 D pcapcmcc4: analyse_ts_packet_from_rtp duplication: 8
08-22 14:14:44.261  5534  5534 I CircleCornerLayout: draw
08-22 14:14:44.261  5840  6060 D pcapcmcc4: analyse_ts_packet_from_rtp duplication: 8
08-22 14:14:44.261  5534  5534 I CircleCornerLayout: draw
08-22 14:14:44.271  5534  5534 I CircleCornerLayout: draw
08-22 14:14:44.271  5534  5534 I InfinitePageController_Page:10: InfinitePageController#ChildDrawingOrderCallback- pageIndex: 10	childCount:	2	i:	0	focusedIndex:	-1	result:	1
08-22 14:14:44.271  5534  5534 I CircleCornerLayout: draw
08-22 14:14:44.271  5534  5534 I CircleCornerLayout: draw
08-22 14:14:44.271  5534  5534 I CircleCornerLayout: draw
08-22 14:14:44.271  5534  5534 I CircleCornerLayout: draw
08-22 14:14:44.271  5534  5534 I CircleCornerLayout: draw
08-22 14:14:44.271  5534  5534 I CircleCornerLayout: draw
