08-22 14:14:45.371  5840  6060 D pcapcmcc4: analyse_ts_packet_from_rtp duplication: 8
08-22 14:14:45.381  5723  5723 D XIRI_driver: send to xiri: {"cmd":"key","event":0,"keycode":97,"pid":1,"vid":1,"devnum":0}
08-22 14:14:45.381  5193  5294 D WindowManager: interceptKeyTq keycode=23 screenIsOn=true keyguardActive=false policyFlags=2000000 isWakeKey=false
08-22 14:14:45.381  5193  5294 I WindowManager: mapkey no map key list
08-22 14:14:45.381  5193  5293 D WindowManager: interceptKeyTi keyCode=23 down=false repeatCount=0 keyguardOn=false mHomePressed=false canceled=false CM201_guangdong_zhuoying
08-22 14:14:45.381  5193  5293 D WindowManager:  currentPackage = cn.gd.snm.snmcm.LauncherActivity
08-22 14:14:45.381  5193  5293 D chenl   : mkeyAgingDragonboxCount: 0
08-22 14:14:45.381  5840  6062 D pcapcmcc4: topactivity: TOPACTIVITY@1@885384125
08-22 14:14:45.381  5840  6062 D pcapcmcc4: 
08-22 14:14:45.381  5840  6060 D pcapcmcc4: analyse_ts_packet_from_rtp duplication: 8
08-22 14:14:45.381  5534  5534 I LauncherReportEvent: componentOnclick
08-22 14:14:45.391  5840  6060 D pcapcmcc4: analyse_ts_packet_from_rtp duplication: 8
08-22 14:14:45.391  5840  6060 D pcapcmcc4: analyse_ts_packet_from_rtp duplication: 8
08-22 14:14:45.401  5840  6060 D pcapcmcc4: send_tcp_data_to_server_new: 2
08-22 14:14:45.401  5840  6060 D pcapcmcc4: --- Send session --- Addr(1, 10.73.225.209 ~ 183.235.11.39) 
08-22 14:14:45.401  5840  6060 D pcapcmcc4:  	 HTTPDATA:10.73.225.209#50496#183.235.11.39#8082#11560914#11560955#11560956#11561314#11560957#11561006#11561314#9962#142#4#238922#250348#173#5#183.235.11.39:8082#/epg/api/custom/getAllChannel2.json#200#315#0#1#2#16776960#16055613#29184#0#0#0#
08-22 14:14:45.401  5840  6060 D pcapcmcc4: 
08-22 14:14:45.401  5840  6060 D pcapcmcc4: reset pkg_num!
08-22 14:14:45.401  5840  6060 D pcapcmcc4: analyse_ts_packet_from_rtp duplication: 8
08-22 14:14:45.411  5840  6060 D pcapcmcc4: analyse_ts_packet_from_rtp duplication: 8
08-22 14:14:45.411  5490  6453 V IPTVS   : [getIp 56]	local ip:10.73.225.209 
08-22 14:14:45.411  5490  6453 I AMTIPTV : isValidIpAddress-->10.73.225.209
08-22 14:14:45.411  5490  6453 I AMTIPTV : isValidIpAddress-->10.73.225.209
08-22 14:14:45.411  5490  6453 D AMTIPTV : NetConnectManager > getIp > 10.73.225.209, ifname : eth0
08-22 14:14:45.411  5490  6453 D AMTIPTV : AmtDataService > getString>IP:10.73.225.209, extData : 
08-22 14:14:45.411  5620  5634 D AMTData : AmtIDataService_AMTDATA > getString>IP:10.73.225.209, extData : 
08-22 14:14:45.411  5840  6060 D pcapcmcc4: analyse_ts_packet_from_rtp duplication: 8
08-22 14:14:45.421  5840  6060 D pcapcmcc4: add_tcp_node_to_list_new:36446 
08-22 14:14:45.421  5840  6060 D pcapcmcc4: reset pkg_num!
08-22 14:14:45.431  5840  6060 D pcapcmcc4: analyse_ts_packet_from_rtp duplication: 8
08-22 14:14:45.431  5840  6060 D pcapcmcc4: analyse_ts_packet_from_rtp duplication: 2
08-22 14:14:45.431  5840  6060 D pcapcmcc4: analyse_ts_packet_from_rtp duplication: 8
08-22 14:14:45.441  5840  6060 D pcapcmcc4: analyse_ts_packet_from_rtp duplication: 8
08-22 14:14:45.441  5193  5816 I ActivityManager: START u0 {cmp=cn.gd.snm.snmcm/.WebActivity (has extras)} from pid 5534
08-22 14:14:45.441  5193  5816 I ActivityManager: start package name is cn.gd.snm.snmcm, class name is cn.gd.snm.snmcm.WebActivity, error code is 0
08-22 14:14:45.451  5840  6060 D pcapcmcc4: analyse_ts_packet_from_rtp duplication: 8
08-22 14:14:45.451  5193  5816 D ActivityManager: start Activity is not LivePlayerActivity, no need skip, set false
08-22 14:14:45.461  5840  6060 D pcapcmcc4: analyse_ts_packet_from_rtp duplication: 8
08-22 14:14:45.461  5840  6062 D pcapcmcc4: return table data len:0
08-22 14:14:45.471  5840  6060 D pcapcmcc4: analyse_ts_packet_from_rtp duplication: 8
08-22 14:14:45.481  5534  5534 I InfinitePageController_Page:9: InfinitePageController#ChildDrawingOrderCallback- pageIndex: 9	childCount:	2	i:	0	focusedIndex:	-1	result:	1
08-22 14:14:45.481  5534  5534 I CircleCornerLayout: draw
08-22 14:14:45.491  5840  6060 D pcapcmcc4: analyse_ts_packet_from_rtp duplication: 8
08-22 14:14:45.491  5534  5534 I CircleCornerLayout: draw
08-22 14:14:45.491  5534  5534 I InfinitePageController_Page:9: InfinitePageController#ChildDrawingOrderCallback- pageIndex: 9	childCount:	2	i:	1	focusedIndex:	-1	result:	0
08-22 14:14:45.491  5534  5534 I CircleCornerLayout: draw
08-22 14:14:45.491  5840  6060 D pcapcmcc4: analyse_ts_packet_from_rtp duplication: 8
08-22 14:14:45.491  5840  6060 D pcapcmcc4: analyse_ts_packet_from_rtp duplication: 8
08-22 14:14:45.491  5534  5534 I CircleCornerLayout: draw
08-22 14:14:45.491  5534  5534 I CircleCornerLayout: draw
08-22 14:14:45.491  5840  6060 D pcapcmcc4: analyse_ts_packet_from_rtp duplication: 8
08-22 14:14:45.501  5534  5534 I CircleCornerLayout: draw
08-22 14:14:45.501  5534  5534 I InfinitePageController_Page:10: InfinitePageController#ChildDrawingOrderCallback- pageIndex: 10	childCount:	2	i:	0	focusedIndex:	-1	result:	1
08-22 14:14:45.501  5534  5534 I CircleCornerLayout: draw
08-22 14:14:45.501  5534  5534 I CircleCornerLayout: draw
08-22 14:14:45.501  5534  5534 I CircleCornerLayout: draw
08-22 14:14:45.501  5534  5534 I CircleCornerLayout: draw
08-22 14:14:45.501  5534  5534 I CircleCornerLayout: draw
08-22 14:14:45.501  5534  5534 I CircleCornerLayout: draw
08-22 14:14:45.501  5534  5534 I InfinitePageController_Page:10: InfinitePageController#ChildDrawingOrderCallback- pageIndex: 10	childCount:	2	i:	1	focusedIndex:	-1	result:	0
08-22 14:14:45.501  5534  5534 I CircleCornerLayout: draw
08-22 14:14:45.501  5534  5534 I CircleCornerLayout: draw
08-22 14:14:45.501  5534  5534 I CircleCornerLayout: draw
08-22 14:14:45.501  5534  5534 I CircleCornerLayout: draw
08-22 14:14:45.501  5534  5534 I CircleCornerLayout: draw
08-22 14:14:45.511  5534  5534 I CircleCornerLayout: draw
08-22 14:14:45.511  5534  5534 I CircleCornerLayout: draw
08-22 14:14:45.511  5840  6060 D pcapcmcc4: analyse_ts_packet_from_rtp duplication: 8
08-22 14:14:45.521  5840  6060 D pcapcmcc4: df = 456805873, 2143390600, -2144573403, 4334, 987813, 4316
08-22 14:14:45.521  5840  6060 D pcapcmcc4: analyse_ts_packet_from_rtp duplication: 8
08-22 14:14:45.521  5534  5534 I CircleCornerLayout: draw
08-22 14:14:45.521  5534  5534 I CircleCornerLayout: draw
08-22 14:14:45.521  5534  5534 I CircleCornerLayout: draw
08-22 14:14:45.521  5534  5534 D AndroidAutoSize: cn.gd.snm.snmcm.WebActivity used the global configuration.
08-22 14:14:45.521  5534  5534 D AndroidAutoSize: The cn.gd.snm.snmcm.WebActivity has been adapted! 
08-22 14:14:45.521  5534  5534 D AndroidAutoSize: WebActivity Info: isBaseOnWidth = true, designWidthInDp = 1280.000000, designWidthInSubunits = 1280.000000, targetDensity = 1.500000, targetScaledDensity = 1.500000, targetDensityDpi = 240, targetXdpi = 1.500000, targetScreenWidthDp = 1280, targetScreenHeightDp = 720
08-22 14:14:45.521  5840  6060 D pcapcmcc4: analyse_ts_packet_from_rtp duplication: 8
08-22 14:14:45.531  5840  6060 D pcapcmcc4: analyse_ts_packet_from_rtp duplication: 8
08-22 14:14:45.531  5534  5534 I dalvikvm: Could not find method android.webkit.WebSettings.setMixedContentMode, referenced from method cn.gd.snm.view.IptvWebView.o
08-22 14:14:45.531  5534  5534 W dalvikvm: VFY: unable to resolve virtual method 20494: Landroid/webkit/WebSettings;.setMixedContentMode (I)V
08-22 14:14:45.531  5534  5534 D dalvikvm: VFY: replacing opcode 0x6e at 0x003b
08-22 14:14:45.531  5534  5534 I dalvikvm: Could not find method android.widget.FrameLayout.<init>, referenced from method chances.service.iptv2ex.IPTV2WebView.<init>
08-22 14:14:45.531  5534  5534 W dalvikvm: VFY: unable to resolve direct method 20754: Landroid/widget/FrameLayout;.<init> (Landroid/content/Context;Landroid/util/AttributeSet;II)V
08-22 14:14:45.531  5534  5534 D dalvikvm: VFY: replacing opcode 0x70 at 0x0000
08-22 14:14:45.541  5840  6060 D pcapcmcc4: analyse_ts_packet_from_rtp duplication: 8
08-22 14:14:45.551  5534  5534 V WebViewChromium: Binding Chromium to the background looper Looper (main, tid 1) {417debb0}
08-22 14:14:45.551  5534  5534 I chromium: [INFO:library_loader_hooks.cc(112)] Chromium logging enabled: level = 0, default verbosity = 0
08-22 14:14:45.551  5534  5534 I BrowserProcessMain: Initializing chromium process, renderers=0
08-22 14:14:45.551  5840  6060 D pcapcmcc4: analyse_ts_packet_from_rtp duplication: 8
08-22 14:14:45.551  5840  6060 D pcapcmcc4: analyse_ts_packet_from_rtp duplication: 8
08-22 14:14:45.561  5840  6060 D pcapcmcc4: analyse_ts_packet_from_rtp duplication: 8
08-22 14:14:45.561  5534 16423 W chromium: [WARNING:proxy_service.cc(888)] PAC support disabled because there is no system implementation
08-22 14:14:45.571  5840  6060 D pcapcmcc4: analyse_ts_packet_from_rtp duplication: 8
08-22 14:14:45.581  5840  6060 D pcapcmcc4: analyse_ts_packet_from_rtp duplication: 8
08-22 14:14:45.591  5840  6060 D pcapcmcc4: analyse_ts_packet_from_rtp duplication: 8
08-22 14:14:45.591  5840  6060 D pcapcmcc4: analyse_ts_packet_from_rtp duplication: 8
08-22 14:14:45.601  5840  6060 D pcapcmcc4: analyse_ts_packet_from_rtp duplication: 8
08-22 14:14:45.611  5840  6060 D pcapcmcc4: analyse_ts_packet_from_rtp duplication: 8
08-22 14:14:45.631  5840  6060 D pcapcmcc4: analyse_ts_packet_from_rtp duplication: 8
08-22 14:14:45.641  5840  6060 D pcapcmcc4: analyse_ts_packet_from_rtp duplication: 8
08-22 14:14:45.641  5534 16440 I chromium: [INFO:simple_index_file.cc(397)] Simple Cache Index is being restored from disk.
08-22 14:14:45.651  5840  6060 D pcapcmcc4: analyse_ts_packet_from_rtp duplication: 8
08-22 14:14:45.651  5840  6060 D pcapcmcc4: df = -678398452, 2100929044, -2119595104, 13460, 312322, 13148
08-22 14:14:45.661  5840  6060 D pcapcmcc4: analyse_ts_packet_from_rtp duplication: 8
08-22 14:14:45.671  5840  6060 D pcapcmcc4: analyse_ts_packet_from_rtp duplication: 8
08-22 14:14:45.671  5840  6060 D pcapcmcc4: analyse_ts_packet_from_rtp duplication: 6
08-22 14:14:45.681  5840  6060 D pcapcmcc4: analyse_ts_packet_from_rtp duplication: 8
08-22 14:14:45.681  5840  6060 D pcapcmcc4: analyse_ts_packet_from_rtp duplication: 8
08-22 14:14:45.691  5490  5502 I AMTIPTV : Authentication > CTCGetConfig---> key: UserToken, value: 114760456B6B3331317CAAD631337C33
08-22 14:14:45.691  5490  5502 D AMTIPTV : AmtDataService > getString>UserToken:114760456B6B3331317CAAD631337C33, extData : 
08-22 14:14:45.691  5620  5633 D AMTData : AmtIDataService_AMTDATA > getString>UserToken:114760456B6B3331317CAAD631337C33, extData : 
08-22 14:14:45.691  5534  5534 E AndroidLocalMediaPlayer: initChannelList-try to init channels
08-22 14:14:45.691  5534  5534 E AndroidLocalMediaPlayer: initChannelList-channels is not null,add to list
08-22 14:14:45.691  5534  5534 E f       : init js start:1598076885702
08-22 14:14:45.691  5840  6060 D pcapcmcc4: analyse_ts_packet_from_rtp duplication: 8
08-22 14:14:45.701  5534  5534 E f       : init js over:1598076885709
08-22 14:14:45.701  5840  6060 D pcapcmcc4: analyse_ts_packet_from_rtp duplication: 8
08-22 14:14:45.711  5840  6060 D pcapcmcc4: analyse_ts_packet_from_rtp duplication: 8
08-22 14:14:45.721  5840  6060 D pcapcmcc4: analyse_ts_packet_from_rtp duplication: 8
08-22 14:14:45.721  5840  6060 D pcapcmcc4: analyse_ts_packet_from_rtp duplication: 8
08-22 14:14:45.731  5840  6060 D pcapcmcc4: analyse_ts_packet_from_rtp duplication: 8
08-22 14:14:45.741  5840  6060 D pcapcmcc4: analyse_ts_packet_from_rtp duplication: 8
08-22 14:14:45.761  5840  6060 D pcapcmcc4: analyse_ts_packet_from_rtp duplication: 8
08-22 14:14:45.761  5840  6060 D pcapcmcc4: analyse_ts_packet_from_rtp duplication: 8
08-22 14:14:45.771  5840  6059 D pcapcmcc4: udp_num = 1370, 11580000
08-22 14:14:45.771  5840  6060 D pcapcmcc4: analyse_ts_packet_from_rtp duplication: 8
08-22 14:14:45.771  5840  6060 D pcapcmcc4: analyse_ts_packet_from_rtp duplication: 8
08-22 14:14:45.781  5840  6060 D pcapcmcc4: analyse_ts_packet_from_rtp duplication: 8
08-22 14:14:45.781  5490  5569 I AMTIPTV : ==========updateUsbPath=========
08-22 14:14:45.781  5840  6060 D pcapcmcc4: analyse_ts_packet_from_rtp duplication: 8
08-22 14:14:45.801  5840  6060 D pcapcmcc4: analyse_ts_packet_from_rtp,interval = 27337269, rate = 311943, 240, 0, 517, 314553, 311373
08-22 14:14:45.801  5840  6060 D pcapcmcc4: analyse_ts_packet_from_rtp duplication: 8
08-22 14:14:45.801  5490  5569 D AMTIPTV : USBHelper > mount info-->rootfs / rootfs ro 0 0
08-22 14:14:45.801  5490  5569 D AMTIPTV : USBHelper > mount info-->tmpfs /dev tmpfs rw,nosuid,relatime,mode=755 0 0
08-22 14:14:45.801  5490  5569 D AMTIPTV : USBHelper > mount info-->devpts /dev/pts devpts rw,relatime,mode=600 0 0
08-22 14:14:45.801  5490  5569 D AMTIPTV : USBHelper > mount info-->none /dev/cpuctl cgroup rw,relatime,cpu 0 0
08-22 14:14:45.801  5490  5569 D AMTIPTV : USBHelper > mount info-->proc /proc proc rw,relatime 0 0
08-22 14:14:45.801  5490  5569 D AMTIPTV : USBHelper > mount info-->sysfs /sys sysfs rw,relatime 0 0
08-22 14:14:45.801  5490  5569 D AMTIPTV : USBHelper > mount info-->debugfs /sys/kernel/debug debugfs rw,relatime 0 0
08-22 14:14:45.801  5490  5569 D AMTIPTV : USBHelper > mount info-->configfs /sys/kernel/config configfs rw,relatime 0 0
08-22 14:14:45.801  5490  5569 D AMTIPTV : USBHelper > mount info-->none /sys/fs/cgroup tmpfs rw,relatime,mode=750,gid=1000 0 0
08-22 14:14:45.801  5490  5569 D AMTIPTV : USBHelper > mount info-->none /acct cgroup rw,relatime,cpuacct 0 0
08-22 14:14:45.801  5490  5569 D AMTIPTV : USBHelper > mount info-->tmpfs /mnt/asec tmpfs rw,relatime,mode=755,gid=1000 0 0
08-22 14:14:45.801  5490  5569 D AMTIPTV : USBHelper > mount info-->tmpfs /mnt/obb tmpfs rw,relatime,mode=755,gid=1000 0 0
08-22 14:14:45.801  5490  5569 D AMTIPTV : USBHelper > mount info-->tmpfs /tmp tmpfs rw,relatime 0 0
08-22 14:14:45.801  5490  5569 D AMTIPTV : USBHelper > mount info-->tmpfs /tmp/playInfoLog tmpfs rw,relatime 0 0
08-22 14:14:45.801  5490  5569 D AMTIPTV : USBHelper > mount info-->tmpfs /tmp/capture tmpfs rw,relatime 0 0
08-22 14:14:45.801  5490  5569 D AMTIPTV : USBHelper > mount info-->tmpfs /storage/external_storage tmpfs rw,relatime,mode=775,uid=1000,gid=1023 0 0
08-22 14:14:45.801  5490  5569 D AMTIPTV : USBHelper > mount info-->/dev/block/system /system ext4 ro,nosuid,nodev,noatime,nodiratime,noauto_da_alloc,data=ordered 0 0
08-22 14:14:45.801  5490  5569 D AMTIPTV : USBHelper > mount info-->/dev/block/cache /cache ext4 rw,nosuid,nodev,noatime,nodiratime,nodelalloc,noauto_da_alloc,data=ordered 0 0
08-22 14:14:45.801  5490  5569 D AMTIPTV : USBHelper > mount info-->/dev/block/data /data ext4 rw,nosuid,nodev,noatime,nodiratime,discard,nodelalloc,noauto_da_alloc,data=ordered 0 0
08-22 14:14:45.801  5490  5569 D AMTIPTV : USBHelper > mount info-->/dev/block/params /params ext4 rw,nosuid,nodev,noatime,nodiratime,nodelalloc,noauto_da_alloc,data=ordered 0 0
08-22 14:14:45.801  5490  5569 D AMTIPTV : USBHelper > mount info-->/dev/block/bootfiles /bootfiles ext4 rw,nosuid,nodev,noatime,nodiratime,nodelalloc,noauto_da_alloc,data=ordered 0 0
08-22 14:14:45.801  5490  5569 D AMTIPTV : USBHelper > mount info-->/dev/fuse /mnt/shell/emulated fuse rw,nosuid,nodev,relatime,user_id=1023,group_id=1023,default_permissions,allow_other 0 0
08-22 14:14:45.801  5490  5569 D AMTIPTV : USBHelper > mount info-->tmpfs /storage/emulated tmpfs rw,nosuid,nodev,relatime,mode=751,gid=1028 0 0
08-22 14:14:45.801  5490  5569 D AMTIPTV : USBHelper > mount info-->/dev/block/zram0 /swap_zram0 ext2 rw,relatime,errors=continue 0 0
08-22 14:14:45.801  5490  5569 D AMTIPTV : USBHelper > mount info-->/dev/fuse /storage/emulated/0 fuse rw,nosuid,nodev,relatime,user_id=1023,group_id=1023,default_permissions,allow_other 0 0
08-22 14:14:45.801  5490  5569 D AMTIPTV : USBHelper > mount info-->/dev/fuse /storage/emulated/legacy fuse rw,nosuid,nodev,relatime,user_id=1023,group_id=1023,default_permissions,allow_other 0 0
08-22 14:14:45.801  5490  5569 D AMTIPTV : USBHelper > mount info-->adb /dev/usb-ffs/adb functionfs rw,relatime 0 0
08-22 14:14:45.801  5490  5569 D AMTIPTV : USBHelper > mount info-->rdered 0 0
08-22 14:14:45.801  5490  5569 D AMTIPTV : USBHelper > mount info-->/dev/block/cache /cache ext4 rw,nosuid,nodev,noatime,nodiratime,nodelalloc,noauto_da_alloc,data=ordered 0 0
08-22 14:14:45.801  5490  5569 D AMTIPTV : USBHelper > mount info-->/dev/block/data /data ext4 rw,nosuid,nodev,noatime,nodiratime,discard,no
08-22 14:14:45.801  5490  5569 D AMTIPTV : USBHelper >  usbPath-->/mnt/sdcard
08-22 14:14:45.801  5490  5569 D AMTIPTV : USBHelper > fianll usbPath-->/mnt/sdcard
08-22 14:14:45.801  5490  5569 D AMTIPTV : USBHelper > usbPath-->/mnt/sdcard
08-22 14:14:45.801  5840  6060 D pcapcmcc4: analyse_ts_packet_from_rtp duplication: 8
08-22 14:14:45.821  5840  6060 D pcapcmcc4: analyse_ts_packet_from_rtp duplication: 8
08-22 14:14:45.821  5840  6060 D pcapcmcc4: analyse_ts_packet_from_rtp duplication: 8
08-22 14:14:45.831  5534  5534 D dalvikvm: GC_FOR_ALLOC freed 8336K, 20% free 113572K/140764K, paused 107ms, total 107ms
08-22 14:14:45.831  5840  6060 D pcapcmcc4: analyse_ts_packet_from_rtp duplication: 8
08-22 14:14:45.841  5840  6060 D pcapcmcc4: analyse_ts_packet_from_rtp duplication: 8
08-22 14:14:45.841  5840  6060 D pcapcmcc4: analyse_ts_packet_from_rtp duplication: 8
08-22 14:14:45.841  5840  6060 D pcapcmcc4: analyse_ts_packet_from_rtp,interval = 27265518, rate = 987813, 758, 0, 4113, 994339, 986501
08-22 14:14:45.861  5840  6060 D pcapcmcc4: analyse_ts_packet_from_rtp duplication: 8
08-22 14:14:45.861  5840  6060 D pcapcmcc4: analyse_ts_packet_from_rtp duplication: 8
08-22 14:14:45.871  5840  6060 D pcapcmcc4: analyse_ts_packet_from_rtp duplication: 8
08-22 14:14:45.881  5840  6060 D pcapcmcc4: analyse_ts_packet_from_rtp duplication: 8
08-22 14:14:45.891  5840  6060 D pcapcmcc4: analyse_ts_packet_from_rtp duplication: 8
08-22 14:14:45.901  5840  6060 D pcapcmcc4: analyse_ts_packet_from_rtp duplication: 8
08-22 14:14:45.911  5840  6060 D pcapcmcc4: analyse_ts_packet_from_rtp duplication: 8
08-22 14:14:45.911  5840  6060 D pcapcmcc4: analyse_ts_packet_from_rtp duplication: 8
08-22 14:14:45.921  5840  6060 D pcapcmcc4: analyse_ts_packet_from_rtp duplication: 8
08-22 14:14:45.921  5840  6060 D pcapcmcc4: analyse_ts_packet_from_rtp duplication: 8
08-22 14:14:45.931  5840  6060 D pcapcmcc4: analyse_ts_packet_from_rtp duplication: 8
08-22 14:14:45.941  5534  5534 D AndroidAutoSize: cn.gd.snm.snmcm.WebActivity used the global configuration.
08-22 14:14:45.941  5534  5534 D AndroidAutoSize: The cn.gd.snm.snmcm.WebActivity has been adapted! 
08-22 14:14:45.941  5534  5534 D AndroidAutoSize: WebActivity Info: isBaseOnWidth = true, designWidthInDp = 1280.000000, designWidthInSubunits = 1280.000000, targetDensity = 1.500000, targetScaledDensity = 1.500000, targetDensityDpi = 240, targetXdpi = 1.500000, targetScreenWidthDp = 1280, targetScreenHeightDp = 720
08-22 14:14:45.941  5534  5539 D dalvikvm: GC_CONCURRENT freed 97K, 14% free 121680K/140764K, paused 8ms+10ms, total 97ms
08-22 14:14:45.941  5534 16455 D dalvikvm: WAIT_FOR_CONCURRENT_GC blocked 64ms
08-22 14:14:45.941  5534  5534 E LauncherActivity: 
08-22 14:14:45.941  5534  5534 I UpgradeHomeKeyInterceptor: 20200822 interceptor to detect upgrade.
08-22 14:14:45.941  5490  6329 V IPTVS   : [getIp 56]	local ip:10.73.225.209 
08-22 14:14:45.941  5490  6329 I AMTIPTV : isValidIpAddress-->10.73.225.209
08-22 14:14:45.941  5490  6329 I AMTIPTV : isValidIpAddress-->10.73.225.209
08-22 14:14:45.941  5490  6329 D AMTIPTV : NetConnectManager > getIp > 10.73.225.209, ifname : eth0
08-22 14:14:45.941  5490  6329 D AMTIPTV : AmtDataService > getString>IP:10.73.225.209, extData : 
08-22 14:14:45.941  5620  5634 D AMTData : AmtIDataService_AMTDATA > getString>IP:10.73.225.209, extData : 
08-22 14:14:45.941  5534  5534 I sysInfo : ydtest9-->0042010030040060180758B42D77420E-->CM201-1-YS-->58:b4:2d:77:42:0e-->10.73.225.209-->CM201-1-YS.GD.08.200726.20v1-->HW-->3.0.1-->101
08-22 14:14:45.951  5490  6957 V IPTVS   : [getIp 56]	local ip:10.73.225.209 
08-22 14:14:45.951  5490  6957 I AMTIPTV : isValidIpAddress-->10.73.225.209
08-22 14:14:45.951  5490  6957 I AMTIPTV : isValidIpAddress-->10.73.225.209
08-22 14:14:45.951  5490  6957 D AMTIPTV : NetConnectManager > getIp > 10.73.225.209, ifname : eth0
08-22 14:14:45.951  5490  6957 D AMTIPTV : AmtDataService > getString>IP:10.73.225.209, extData : 
08-22 14:14:45.951  5840  6060 D pcapcmcc4: analyse_ts_packet_from_rtp duplication: 8
08-22 14:14:45.951  5620  5633 D AMTData : AmtIDataService_AMTDATA > getString>IP:10.73.225.209, extData : 
08-22 14:14:45.951  5534  5534 I UpgradeManager: goto checkUpdate
08-22 14:14:45.951  5840  6060 D pcapcmcc4: analyse_ts_packet_from_rtp duplication: 8
08-22 14:14:45.951  5840  6060 D pcapcmcc4: analyse_ts_packet_from_rtp duplication: 8
08-22 14:14:45.961  5840  6060 D pcapcmcc4: add_tcp_node_to_list_new:41685 
08-22 14:14:45.961  5840  6060 D pcapcmcc4: reset pkg_num!
08-22 14:14:45.971  5840  6060 D pcapcmcc4: analyse_ts_packet_from_rtp duplication: 8
08-22 14:14:45.971  5840  6060 D pcapcmcc4: analyse_ts_packet_from_rtp duplication: 8
08-22 14:14:45.991  5840  6060 D pcapcmcc4: analyse_ts_packet_from_rtp duplication: 8
08-22 14:14:45.991  5534  5534 D OpenGLRenderer: Enabling debug mode 0
08-22 14:14:45.991  5840  6060 D pcapcmcc4: analyse_ts_packet_from_rtp duplication: 8
08-22 14:14:45.991  5534  5534 W ContentViewCore: tablet device ROTATION_0 change to ROTATION_90
08-22 14:14:46.001  5840  6060 D pcapcmcc4: analyse_ts_packet_from_rtp duplication: 8
08-22 14:14:46.011  5840  6060 D pcapcmcc4: analyse_ts_packet_from_rtp duplication: 8
08-22 14:14:46.021  5840  6060 D pcapcmcc4: analyse_ts_packet_from_rtp duplication: 8
08-22 14:14:46.021  5534  5534 I InfinitePageController_Page:9: InfinitePageController#ChildDrawingOrderCallback- pageIndex: 9	childCount:	2	i:	0	focusedIndex:	-1	result:	1
08-22 14:14:46.021  5534  5534 I CircleCornerLayout: draw
08-22 14:14:46.021  5534  5534 I CircleCornerLayout: draw
08-22 14:14:46.021  5534  5534 I InfinitePageController_Page:9: InfinitePageController#ChildDrawingOrderCallback- pageIndex: 9	childCount:	2	i:	1	focusedIndex:	-1	result:	0
08-22 14:14:46.021  5534  5534 I CircleCornerLayout: draw
08-22 14:14:46.021  5840  6060 D pcapcmcc4: analyse_ts_packet_from_rtp duplication: 8
08-22 14:14:46.031  5534  5534 I CircleCornerLayout: draw
08-22 14:14:46.031  5840  6060 D pcapcmcc4: analyse_ts_packet_from_rtp duplication: 8
08-22 14:14:46.031  5534  5534 I CircleCornerLayout: draw
08-22 14:14:46.041  5534  5534 I CircleCornerLayout: draw
08-22 14:14:46.041  5635  5635 D TopActivityUtil:  activity = cn.gd.snm.snmcm.WebActivity
08-22 14:14:46.041  5534  5534 I InfinitePageController_Page:10: InfinitePageController#ChildDrawingOrderCallback- pageIndex: 10	childCount:	2	i:	0	focusedIndex:	-1	result:	1
08-22 14:14:46.041  5534  5534 I CircleCornerLayout: draw
08-22 14:14:46.041  5534  5534 I CircleCornerLayout: draw
08-22 14:14:46.041  5534  5534 I CircleCornerLayout: draw
08-22 14:14:46.041  5534  5534 I CircleCornerLayout: draw
08-22 14:14:46.041  5534  5534 I CircleCornerLayout: draw
08-22 14:14:46.041  5534  5534 I CircleCornerLayout: draw
08-22 14:14:46.041  5534  5534 I InfinitePageController_Page:10: InfinitePageController#ChildDrawingOrderCallback- pageIndex: 10	childCount:	2	i:	1	focusedIndex:	-1	result:	0
08-22 14:14:46.041  5534  5534 I CircleCornerLayout: draw
08-22 14:14:46.041  5534  5534 I CircleCornerLayout: draw
08-22 14:14:46.041  5534  5534 I CircleCornerLayout: draw
08-22 14:14:46.041  5534  5534 I CircleCornerLayout: draw
08-22 14:14:46.041  5534  5534 I CircleCornerLayout: draw
08-22 14:14:46.041  6138  6659 W ContextImpl: Calling a method in the system process without a qualified user: android.app.ContextImpl.startService:1639 android.content.ContextWrapper.startService:494 com.iflytek.xiri.system.ControlService$6.run:369 java.util.concurrent.Executors$RunnableAdapter.call:422 java.util.concurrent.FutureTask.runAndReset:279 
08-22 14:14:46.051  5534  5534 I CircleCornerLayout: draw
08-22 14:14:46.051  5534  5534 I CircleCornerLayout: draw
08-22 14:14:46.061  5840  6060 D pcapcmcc4: analyse_ts_packet_from_rtp duplication: 8
08-22 14:14:46.061  5534 15971 I UpgradeManager: CheckUpdateResultGson	CheckUpdateResult{status=200, userId='ydtest9', needUpdate='0', apkId='null', apkUpgraderId='null', apkPlatform='null', apkVersionName='null', apkVersionCode=0, fileName='null', fileSize='null', fileMd5='null', downloadUrl='null'}
08-22 14:14:46.061  5534 15971 I UpgradeManager: apkVersionCode:0 -1
08-22 14:14:46.061  5534 15971 I UpgradeManager: apkVersionName:null -1
08-22 14:14:46.061  5534 15971 I TinkerManager: patchUpgrade!currentPatchversion: checkVersion:null
08-22 14:14:46.061  5534 15971 E TinkerManager: TinkerManager##patchUrl or MD5 is null!
08-22 14:14:46.061  3721 16468 D libc    : enable IN A to server 211.136.192.6
08-22 14:14:46.061  3721 16468 D libc    : send_dg to server 211.136.192.6
08-22 14:14:46.061  3721 16468 D libc    : Connecting to the 211.136.192.6.
08-22 14:14:46.061  5840  6060 D pcapcmcc4: current transaction_id    39431 
08-22 14:14:46.061  5534  5534 I CircleCornerLayout: draw
08-22 14:14:46.061  5534  5534 I CircleCornerLayout: draw
08-22 14:14:46.061  5534  5534 I CircleCornerLayout: draw
08-22 14:14:46.071  5840  6060 D pcapcmcc4: analyse_ts_packet_from_rtp duplication: 8
08-22 14:14:46.071  5534  5534 W AwContents: nativeOnDraw failed; clearing to background color.
08-22 14:14:46.071  5840  6060 D pcapcmcc4: analyse_ts_packet_from_rtp duplication: 8
08-22 14:14:46.081  5840  6060 D pcapcmcc4: analyse_ts_packet_from_rtp duplication: 8
08-22 14:14:46.091  5840  6060 D pcapcmcc4: analyse_ts_packet_from_rtp duplication: 8
08-22 14:14:46.101  5840  6060 D pcapcmcc4: analyse_ts_packet_from_rtp duplication: 8
08-22 14:14:46.101  3721 16468 D libc    : send_dg ok len:186
08-22 14:14:46.101  5840  6060 D pcapcmcc4: current transaction_id    39431 
08-22 14:14:46.101  5840  6060 D pcapcmcc4: udp_dns log: DNS@1@10.73.225.209#43645#211.136.192.6#53#11562588#11562623#ottcn.help#1#117.169.3.28#1#1#
08-22 14:14:46.101  5840  6060 D pcapcmcc4: 
08-22 14:14:46.101  5840  6060 D pcapcmcc4: add_tcp_node_to_list_new:42168 
08-22 14:14:46.101  5840  6060 D pcapcmcc4: reset pkg_num!
08-22 14:14:46.101  5840  6060 D pcapcmcc4: analyse_ts_packet_from_rtp duplication: 8
08-22 14:14:46.111  5840  6060 D pcapcmcc4: analyse_ts_packet_from_rtp duplication: 8
08-22 14:14:46.121  5840  6060 D pcapcmcc4: analyse_ts_packet_from_rtp duplication: 8
08-22 14:14:46.141  5840  6060 D pcapcmcc4: analyse_ts_packet_from_rtp duplication: 8
08-22 14:14:46.141  5840  6060 D pcapcmcc4: analyse_ts_packet_from_rtp duplication: 8
08-22 14:14:46.151  5840  6060 D pcapcmcc4: analyse_ts_packet_from_rtp duplication: 8
08-22 14:14:46.151  5840  6060 D pcapcmcc4: analyse_ts_packet_from_rtp duplication: 8
08-22 14:14:46.151  5193  5242 I ActivityManager: Displayed cn.gd.snm.snmcm/.WebActivity: +695ms
08-22 14:14:46.151  5193  5242 D ActivityManager: finishLaunchTickingLocked
08-22 14:14:46.161  5840  6060 D pcapcmcc4: analyse_ts_packet_from_rtp duplication: 8
08-22 14:14:46.161  5534  5534 I InfinitePageController_Page:9: InfinitePageController#ChildDrawingOrderCallback- pageIndex: 9	childCount:	2	i:	0	focusedIndex:	-1	result:	1
08-22 14:14:46.161  5534  5534 I CircleCornerLayout: draw
08-22 14:14:46.161  5534  5534 I CircleCornerLayout: draw
08-22 14:14:46.171  5534  5534 I InfinitePageController_Page:9: InfinitePageController#ChildDrawingOrderCallback- pageIndex: 9	childCount:	2	i:	1	focusedIndex:	-1	result:	0
08-22 14:14:46.171  5534  5534 I CircleCornerLayout: draw
08-22 14:14:46.171  5534  5534 I CircleCornerLayout: draw
08-22 14:14:46.171  5840  6060 D pcapcmcc4: analyse_ts_packet_from_rtp duplication: 8
08-22 14:14:46.171  5534  5534 I CircleCornerLayout: draw
08-22 14:14:46.181  5534  5534 I CircleCornerLayout: draw
08-22 14:14:46.181  5534  5534 I InfinitePageController_Page:10: InfinitePageController#ChildDrawingOrderCallback- pageIndex: 10	childCount:	2	i:	0	focusedIndex:	-1	result:	1
08-22 14:14:46.181  5534  5534 I CircleCornerLayout: draw
08-22 14:14:46.181  5534  5534 I CircleCornerLayout: draw
08-22 14:14:46.181  5534  5534 I CircleCornerLayout: draw
08-22 14:14:46.181  5534  5534 I CircleCornerLayout: draw
08-22 14:14:46.181  5534  5534 I CircleCornerLayout: draw
08-22 14:14:46.181  5534  5534 I CircleCornerLayout: draw
08-22 14:14:46.181  5534  5534 I InfinitePageController_Page:10: InfinitePageController#ChildDrawingOrderCallback- pageIndex: 10	childCount:	2	i:	1	focusedIndex:	-1	result:	0
08-22 14:14:46.181  5534  5534 I CircleCornerLayout: draw
08-22 14:14:46.181  5840  6060 D pcapcmcc4: analyse_ts_packet_from_rtp duplication: 8
08-22 14:14:46.181  5534  5534 I CircleCornerLayout: draw
08-22 14:14:46.181  5534  5534 I CircleCornerLayout: draw
08-22 14:14:46.181  5534  5534 I CircleCornerLayout: draw
08-22 14:14:46.181  5534  5534 I CircleCornerLayout: draw
08-22 14:14:46.181  5534  5534 I CircleCornerLayout: draw
08-22 14:14:46.181  5534  5534 I CircleCornerLayout: draw
08-22 14:14:46.191  5534  5534 I CircleCornerLayout: draw
08-22 14:14:46.191  5534  5534 I CircleCornerLayout: draw
08-22 14:14:46.191  5534  5534 I CircleCornerLayout: draw
08-22 14:14:46.191  5840  6060 D pcapcmcc4: analyse_ts_packet_from_rtp duplication: 8
08-22 14:14:46.201  5840  6060 D pcapcmcc4: analyse_ts_packet_from_rtp duplication: 8
08-22 14:14:46.201  5534  5534 I HomeMenuView: visibility:8
08-22 14:14:46.211  5840  6060 D pcapcmcc4: analyse_ts_packet_from_rtp duplication: 8
08-22 14:14:46.211  5840  6060 D pcapcmcc4: analyse_ts_packet_from_rtp duplication: 8
08-22 14:14:46.211  5840  6063 D pcapcmcc4: recv client data2:#MESSAGE#TOPACTIVITY#885384125#cn.gd.snm.snmcm#cn.gd.snm.snmcm.WebActivity#
08-22 14:14:46.211  5840  6063 D pcapcmcc4: wait for client
08-22 14:14:46.221  5840  6060 D pcapcmcc4: analyse_ts_packet_from_rtp duplication: 8
08-22 14:14:46.221  5534  5534 W AwContents: nativeOnDraw failed; clearing to background color.
08-22 14:14:46.231  5840  6060 D pcapcmcc4: analyse_ts_packet_from_rtp duplication: 8
08-22 14:14:46.231  5840  6060 D pcapcmcc4: analyse_ts_packet_from_rtp duplication: 8
08-22 14:14:46.231  5534  5534 E IPTV2WebView: onProgressChanged:0
08-22 14:14:46.241  5840  6060 D pcapcmcc4: analyse_ts_packet_from_rtp duplication: 8
08-22 14:14:46.241  5193  6188 D ActivityManager: finishLaunchTickingLocked
08-22 14:14:46.251  5840  6060 D pcapcmcc4: analyse_ts_packet_from_rtp duplication: 8
08-22 14:14:46.261  5840  6060 D pcapcmcc4: analyse_ts_packet_from_rtp duplication: 8
08-22 14:14:46.271  5840  6060 D pcapcmcc4: analyse_ts_packet_from_rtp duplication: 8
08-22 14:14:46.271  5840  6060 D pcapcmcc4: analyse_ts_packet_from_rtp duplication: 8
08-22 14:14:46.271 16488 16488 V netmonitor: SCRIPT:  LOW_IF_ADDR: 0.0.0.0          
08-22 14:14:46.281 16489 16489 V netmonitor: SCRIPT:  HIGH_IF_ADDR: 10.73.225.209          
08-22 14:14:46.281  5840  6060 D pcapcmcc4: analyse_ts_packet_from_rtp duplication: 8
08-22 14:14:46.291 16490 16490 V netmonitor: SCRIPT:  PPP0_IF_ADDR: 0.0.0.0          
08-22 14:14:46.291  5840  6060 D pcapcmcc4: analyse_ts_packet_from_rtp duplication: 8
08-22 14:14:46.291 16491 16491 V netmonitor: SCRIPT:  WARNING: SHOULD both wlan0 and eth0 has address          
08-22 14:14:46.301  5840  6060 D pcapcmcc4: analyse_ts_packet_from_rtp duplication: 8
08-22 14:14:46.311  5840  6060 D pcapcmcc4: analyse_ts_packet_from_rtp duplication: 8
08-22 14:14:46.311  5840  6060 D pcapcmcc4: add_tcp_node_to_list_new:54244 
08-22 14:14:46.311  5840  6060 D pcapcmcc4: reset pkg_num!
08-22 14:14:46.321  5840  6060 D pcapcmcc4: analyse_ts_packet_from_rtp duplication: 8
08-22 14:14:46.321  5534  5534 E IPTV2WebView: onProgressChanged:100
08-22 14:14:46.321  5534  5534 E IPTV2WebView: onProgressChanged:0
08-22 14:14:46.321  5534  5534 D IPTV2WebView: onPageStart: http://183.235.16.125:8082/epg/hdvod/biz_71224587.epg?return=&return=
08-22 14:14:46.341  5840  6060 D pcapcmcc4: analyse_ts_packet_from_rtp duplication: 8
08-22 14:14:46.341  5840  6060 D pcapcmcc4: analyse_ts_packet_from_rtp duplication: 8
08-22 14:14:46.341  5840  6060 D pcapcmcc4: analyse_ts_packet_from_rtp duplication: 8
08-22 14:14:46.341  5840  6060 D pcapcmcc4: analyse_ts_packet_from_rtp duplication: 8
08-22 14:14:46.351  5840  6060 D pcapcmcc4: add_tcp_node_to_list_new:42222 
08-22 14:14:46.351  5840  6060 D pcapcmcc4: reset pkg_num!
08-22 14:14:46.361  5840  6060 D pcapcmcc4: analyse_ts_packet_from_rtp duplication: 8
08-22 14:14:46.361  5840  6060 D pcapcmcc4: analyse_ts_packet_from_rtp duplication: 8
08-22 14:14:46.371  5534  5534 E IPTV2WebView: onPageFinished-onReceiveValue-value:1
08-22 14:14:46.371  5840  6060 D pcapcmcc4: analyse_ts_packet_from_rtp duplication: 8
08-22 14:14:46.381  5840  6060 D pcapcmcc4: analyse_ts_packet_from_rtp duplication: 8
08-22 14:14:46.381  5534  5534 I chromium: [INFO:async_pixel_transfer_manager_android.cc(56)] Async pixel transfers not supported
08-22 14:14:46.391  5840  6060 D pcapcmcc4: analyse_ts_packet_from_rtp duplication: 8
08-22 14:14:46.401  5840  6060 D pcapcmcc4: analyse_ts_packet_from_rtp duplication: 8
08-22 14:14:46.401  5840  6060 D pcapcmcc4: analyse_ts_packet_from_rtp duplication: 8
08-22 14:14:46.411  5534  5534 I chromium: [INFO:async_pixel_transfer_manager_android.cc(56)] Async pixel transfers not supported
08-22 14:14:46.411  5840  6060 D pcapcmcc4: analyse_ts_packet_from_rtp duplication: 8
08-22 14:14:46.421  5840  6060 D pcapcmcc4: analyse_ts_packet_from_rtp duplication: 8
08-22 14:14:46.431  5840  6060 D pcapcmcc4: analyse_ts_packet_from_rtp duplication: 8
08-22 14:14:46.431  5840  6060 D pcapcmcc4: analyse_ts_packet_from_rtp duplication: 8
08-22 14:14:46.441  5534  5534 D IPTV2WebView: onPageStart: http://183.235.16.125:8082/epg/hdvod/logon.epg?loginUrl=/epg/hdvod/biz_71224587.epg&return=
08-22 14:14:46.461  5840  6060 D pcapcmcc4: analyse_ts_packet_from_rtp duplication: 8
08-22 14:14:46.461  5534  5534 I IPTV2WebView: override url load:http://183.235.16.125:8082/epg/hdvod/logon.epg?loginUrl=/epg/hdvod/biz_71224587.epg&return=
08-22 14:14:46.471  5534  5534 E IPTV2WebView: onProgressChanged:100
08-22 14:14:46.481  5840  6060 D pcapcmcc4: analyse_ts_packet_from_rtp duplication: 8
08-22 14:14:46.481  5840  6060 D pcapcmcc4: analyse_ts_packet_from_rtp duplication: 0
08-22 14:14:46.481  5840  6060 D pcapcmcc4: analyse_ts_packet_from_rtp duplication: 8
08-22 14:14:46.491  5840  6060 D pcapcmcc4: analyse_ts_packet_from_rtp duplication: 8
08-22 14:14:46.491  5534  5534 E IPTV2WebView: onProgressChanged:0
08-22 14:14:46.491  5534  5534 E IPTV2WebView: onPageFinished-onReceiveValue-value:2
08-22 14:14:46.491  5534  5534 D IPTV2WebView: onPageStart: http://183.235.16.125:8082/epg/hdvod/logon.epg?loginUrl=/epg/hdvod/biz_71224587.epg&return=
08-22 14:14:46.491  5840  6060 D pcapcmcc4: analyse_ts_packet_from_rtp duplication: 8
08-22 14:14:46.501  5840  6060 D pcapcmcc4: send_tcp_data_to_server_new: 2
08-22 14:14:46.501  5840  6060 D pcapcmcc4: show_http_response_content = 42222
08-22 14:14:46.501  5840  6060 D pcapcmcc4: --- Send session --- Addr(1, 10.73.225.209 ~ 183.235.16.125) 
08-22 14:14:46.501  5840  6060 D pcapcmcc4:  	 HTTPDATA:10.73.225.209#42222#183.235.16.125#8082#11562875#11562915#11562915#11562956#11562916#11562956#11562956#723#4#0#319#525#3#0#183.235.16.125:8082#/epg/hdvod/biz_71224587.epg?return=&return=#302#7#0#0#2#7684096#5665920#29184#0#0#0#
08-22 14:14:46.501  5840  6060 D pcapcmcc4: 
08-22 14:14:46.501  5840  6060 D pcapcmcc4: reset pkg_num!
08-22 14:14:46.501  5840  6062 D pcapcmcc4: request_str_len = 452, 320
08-22 14:14:46.501  5840  6060 D pcapcmcc4: analyse_ts_packet_from_rtp duplication: 8
08-22 14:14:46.511  5840  6060 D pcapcmcc4: analyse_ts_packet_from_rtp duplication: 8
08-22 14:14:46.521  5840  6060 D pcapcmcc4: df = 479292488, 2145832394, -2141354528, 4339, 987813, 4316
08-22 14:14:46.521  5840  6060 D pcapcmcc4: analyse_ts_packet_from_rtp duplication: 8
08-22 14:14:46.521  5840  6060 D pcapcmcc4: analyse_ts_packet_from_rtp duplication: 8
08-22 14:14:46.541  5840  6060 D pcapcmcc4: analyse_ts_packet_from_rtp duplication: 8
08-22 14:14:46.541  5840  6060 D pcapcmcc4: show_http_response_content = 42222
08-22 14:14:46.541  5840  6062 D pcapcmcc4: request_str_len = 575, 1431
08-22 14:14:46.551  5840  6060 D pcapcmcc4: analyse_ts_packet_from_rtp duplication: 8
08-22 14:14:46.551  5840  6060 D pcapcmcc4: analyse_ts_packet_from_rtp duplication: 8
08-22 14:14:46.561  5840  6060 D pcapcmcc4: analyse_ts_packet_from_rtp duplication: 8
08-22 14:14:46.571  5840  6060 D pcapcmcc4: analyse_ts_packet_from_rtp duplication: 8
08-22 14:14:46.581  5840  6060 D pcapcmcc4: analyse_ts_packet_from_rtp duplication: 8
08-22 14:14:46.581  5840  6060 D pcapcmcc4: analyse_ts_packet_from_rtp duplication: 8
08-22 14:14:46.591  5840  6060 D pcapcmcc4: analyse_ts_packet_from_rtp duplication: 8
08-22 14:14:46.591  5534  5534 E IPTV2WebView: onProgressChanged:90
08-22 14:14:46.591  5534  5534 E f       : injectAll-evaluateJavascript at:1598076886601
08-22 14:14:46.601  5840  6060 D pcapcmcc4: analyse_ts_packet_from_rtp duplication: 8
08-22 14:14:46.611  5534  5534 E f       : injectAll-onReceiveValue: null at:1598076886621
08-22 14:14:46.611  5840  6060 D pcapcmcc4: analyse_ts_packet_from_rtp duplication: 8
08-22 14:14:46.621  5840  6060 D pcapcmcc4: analyse_ts_packet_from_rtp duplication: 8
08-22 14:14:46.621  5840  6060 D pcapcmcc4: analyse_ts_packet_from_rtp duplication: 8
08-22 14:14:46.641  5840  6060 D pcapcmcc4: analyse_ts_packet_from_rtp duplication: 8
08-22 14:14:46.641  5840  6060 D pcapcmcc4: analyse_ts_packet_from_rtp duplication: 8
08-22 14:14:46.651  5840  6060 D pcapcmcc4: analyse_ts_packet_from_rtp duplication: 8
08-22 14:14:46.651  5490  5502 I AMTIPTV : Authentication > CTCGetConfig---> key: UserToken, value: 114760456B6B3331317CAAD631337C33
08-22 14:14:46.651  5490  5502 D AMTIPTV : AmtDataService > getString>UserToken:114760456B6B3331317CAAD631337C33, extData : 
08-22 14:14:46.651  5620  5634 D AMTData : AmtIDataService_AMTDATA > getString>UserToken:114760456B6B3331317CAAD631337C33, extData : 
08-22 14:14:46.651  5840  6060 D pcapcmcc4: analyse_ts_packet_from_rtp duplication: 8
08-22 14:14:46.651  5840  6060 D pcapcmcc4: df = 362548901, 1967132550, -2127974174, 13089, 311943, 13148
08-22 14:14:46.651  5534 16460 I ClientServiceAgent: getUserGroup:0
08-22 14:14:46.661  5534 16460 I ClientServiceAgent: getUserArea:200
08-22 14:14:46.671  5840  6060 D pcapcmcc4: analyse_ts_packet_from_rtp duplication: 8
08-22 14:14:46.671  5840  6060 D pcapcmcc4: analyse_ts_packet_from_rtp duplication: 8
08-22 14:14:46.681  5840  6060 D pcapcmcc4: analyse_ts_packet_from_rtp duplication: 8
08-22 14:14:46.691  5840  6060 D pcapcmcc4: analyse_ts_packet_from_rtp duplication: 8
08-22 14:14:46.701  5840  6060 D pcapcmcc4: Many Syn Packet: 10.73.225.209#42168#117.169.3.28#8081#3#
08-22 14:14:46.701  5840  6060 D pcapcmcc4: analyse_ts_packet_from_rtp duplication: 8
08-22 14:14:46.701  5534  5534 E IPTV2WebView: onProgressChanged:100
08-22 14:14:46.701  5534  5534 E IPTV2WebView: onProgressChanged:0
08-22 14:14:46.701  5534  5534 D IPTV2WebView: onPageStart: http://183.235.16.125:8082/epg/hdvod/logon.epg
08-22 14:14:46.711  5840  6060 D pcapcmcc4: analyse_ts_packet_from_rtp duplication: 8
08-22 14:14:46.711  5840  6060 D pcapcmcc4: send_tcp_data_to_server_new: 2
08-22 14:14:46.711  5840  6060 D pcapcmcc4: --- Send session --- Addr(1, 10.73.225.209 ~ 183.235.16.125) 
08-22 14:14:46.711  5840  6060 D pcapcmcc4:  	 HTTPDATA:10.73.225.209#42222#183.235.16.125#8082#11563020#11563020#11563020#11563063#11563020#11563063#11563063#706#2#0#1430#1562#2#0#183.235.16.125:8082#/epg/hdvod/logon.epg?loginUrl=/epg/hdvod/biz_71224587.epg&return=#200#4#0#0#2#8419840#8051968#7684096#0#0#0#
08-22 14:14:46.711  5840  6060 D pcapcmcc4: 
08-22 14:14:46.711  5840  6060 D pcapcmcc4: reset pkg_num!
08-22 14:14:46.711  5840  6060 D pcapcmcc4: add_tcp_node_to_list_new:42223 
08-22 14:14:46.711  5840  6060 D pcapcmcc4: reset pkg_num!
08-22 14:14:46.711  5840  6060 D pcapcmcc4: analyse_ts_packet_from_rtp duplication: 8
08-22 14:14:46.731  5840  6060 D pcapcmcc4: analyse_ts_packet_from_rtp duplication: 8
08-22 14:14:46.731  5840  6059 D pcapcmcc4: udp_num = 1370, 11581000
08-22 14:14:46.731  5840  6060 D pcapcmcc4: analyse_ts_packet_from_rtp duplication: 8
08-22 14:14:46.741  5840  6060 D pcapcmcc4: analyse_ts_packet_from_rtp duplication: 8
08-22 14:14:46.751  5534  5534 E IPTV2WebView: onPageFinished-onReceiveValue-value:1
08-22 14:14:46.751  5840  6060 D pcapcmcc4: analyse_ts_packet_from_rtp duplication: 8
08-22 14:14:46.751  5840  6060 D pcapcmcc4: analyse_ts_packet_from_rtp duplication: 8
08-22 14:14:46.761  5534  5534 D IPTV2WebView: onPageStart: http://183.235.16.125:8082/epg/hdvod/biz_71224587.epg?code=
08-22 14:14:46.761  5534  5534 I IPTV2WebView: override url load:http://183.235.16.125:8082/epg/hdvod/biz_71224587.epg?code=
08-22 14:14:46.761  5840  6060 D pcapcmcc4: send_tcp_data_to_server_new: 2
08-22 14:14:46.761  5840  6060 D pcapcmcc4: show_http_response_content = 42222
08-22 14:14:46.761  5840  6060 D pcapcmcc4: --- Send session --- Addr(1, 10.73.225.209 ~ 183.235.16.125) 
08-22 14:14:46.761  5840  6060 D pcapcmcc4:  	 HTTPDATA:10.73.225.209#42222#183.235.16.125#8082#11563229#11563229#11563229#11563279#11563229#11563278#11563279#1103#2#0#140#272#2#0#183.235.16.125:8082#/epg/hdvod/logon.epg?loginUrl=/epg/hdvod/biz_71224587.epg&return=#302#4#0#0#2#9152000#8785920#8419840#0#0#0#
08-22 14:14:46.761  5840  6060 D pcapcmcc4: 
08-22 14:14:46.761  5840  6060 D pcapcmcc4: reset pkg_num!
08-22 14:14:46.761  5840  6062 D pcapcmcc4: request_str_len = 972, 141
08-22 14:14:46.771  5840  6060 D pcapcmcc4: analyse_ts_packet_from_rtp duplication: 8
08-22 14:14:46.771  5840  6060 D pcapcmcc4: analyse_ts_packet_from_rtp duplication: 8
08-22 14:14:46.781  5840  6060 D pcapcmcc4: analyse_ts_packet_from_rtp duplication: 8
08-22 14:14:46.791  5840  6060 D pcapcmcc4: analyse_ts_packet_from_rtp duplication: 8
08-22 14:14:46.791  5840  6060 D pcapcmcc4: analyse_ts_packet_from_rtp duplication: 8
08-22 14:14:46.801  5534  5534 E IPTV2WebView: onProgressChanged:100
08-22 14:14:46.801  5534  5534 E IPTV2WebView: onProgressChanged:0
08-22 14:14:46.801  5840  6060 D pcapcmcc4: analyse_ts_packet_from_rtp duplication: 8
08-22 14:14:46.801  5840  6060 D pcapcmcc4: analyse_ts_packet_from_rtp,interval = 27109610, rate = 313252, 239, 0, 517, 314553, 311373
08-22 14:14:46.811  5840  6060 D pcapcmcc4: analyse_ts_packet_from_rtp duplication: 8
08-22 14:14:46.821  5840  6060 D pcapcmcc4: analyse_ts_packet_from_rtp duplication: 8
08-22 14:14:46.831  5534  5534 D IPTV2WebView: onPageStart: http://183.235.16.125:8082/epg/hdvod/biz_71224587.epg?code=
08-22 14:14:46.831  5840  6060 D pcapcmcc4: analyse_ts_packet_from_rtp duplication: 8
08-22 14:14:46.831  5840  6060 D pcapcmcc4: analyse_ts_packet_from_rtp duplication: 8
08-22 14:14:46.831  5534  5534 E IPTV2WebView: onPageFinished-onReceiveValue-value:2
08-22 14:14:46.851  5840  6060 D pcapcmcc4: analyse_ts_packet_from_rtp,interval = 27265519, rate = 987813, 758, 0, 4113, 994339, 986501
08-22 14:14:46.861  5840  6060 D pcapcmcc4: analyse_ts_packet_from_rtp duplication: 8
08-22 14:14:46.871  5840  6060 D pcapcmcc4: analyse_ts_packet_from_rtp duplication: 8
08-22 14:14:46.871  5840  6060 D pcapcmcc4: analyse_ts_packet_from_rtp duplication: 8
08-22 14:14:46.881  5534  5534 E IPTV2WebView: onProgressChanged:24
08-22 14:14:46.881  5534  5534 E f       : injectAll-evaluateJavascript at:1598076886885
08-22 14:14:46.881  5840  6060 D pcapcmcc4: add_tcp_node_to_list_new:42224 
08-22 14:14:46.881  5840  6060 D pcapcmcc4: reset pkg_num!
08-22 14:14:46.881  5840  6060 D pcapcmcc4: add_tcp_node_to_list_new:42225 
08-22 14:14:46.881  5840  6060 D pcapcmcc4: reset pkg_num!
08-22 14:14:46.891  5840  6060 D pcapcmcc4: analyse_ts_packet_from_rtp duplication: 8
08-22 14:14:46.891  5840  6060 D pcapcmcc4: add_tcp_node_to_list_new:42226 
08-22 14:14:46.891  5840  6060 D pcapcmcc4: reset pkg_num!
08-22 14:14:46.891  5840  6060 D pcapcmcc4: add_tcp_node_to_list_new:42227 
08-22 14:14:46.891  5840  6060 D pcapcmcc4: reset pkg_num!
08-22 14:14:46.901  5840  6060 D pcapcmcc4: analyse_ts_packet_from_rtp duplication: 8
08-22 14:14:46.901  5840  6060 D pcapcmcc4: analyse_ts_packet_from_rtp duplication: 8
08-22 14:14:46.901  5840  6060 D pcapcmcc4: send_tcp_data_to_server_new: 2
08-22 14:14:46.901  5840  6060 D pcapcmcc4: show_http_response_content = 42222
08-22 14:14:46.901  5840  6060 D pcapcmcc4: --- Send session --- Addr(1, 10.73.225.209 ~ 183.235.16.125) 
08-22 14:14:46.901  5840  6060 D pcapcmcc4:  	 HTTPDATA:10.73.225.209#42222#183.235.16.125#8082#11563285#11563285#11563285#11563359#11563285#11563323#11563359#537#2#0#99#231#2#0#183.235.16.125:8082#/favicon.icoogon.epg#404#4#0#0#2#9152000#9152000#9152000#0#0#0#
08-22 14:14:46.901  5840  6060 D pcapcmcc4: 
08-22 14:14:46.901  5840  6060 D pcapcmcc4: reset pkg_num!
08-22 14:14:46.901  5840  6062 D pcapcmcc4: request_str_len = 406, 100
08-22 14:14:46.911  5840  6060 D pcapcmcc4: Many Syn Packet: 10.73.225.209#54244#120.77.124.138#8848#3#
08-22 14:14:46.911  5840  6060 D pcapcmcc4: analyse_ts_packet_from_rtp duplication: 8
08-22 14:14:46.911  5840  6060 D pcapcmcc4: analyse_ts_packet_from_rtp duplication: 8
08-22 14:14:46.931  5840  6060 D pcapcmcc4: analyse_ts_packet_from_rtp duplication: 8
08-22 14:14:46.931  5534  5534 E f       : injectAll-onReceiveValue: null at:1598076886937
08-22 14:14:46.931  5840  6060 D pcapcmcc4: analyse_ts_packet_from_rtp duplication: 8
08-22 14:14:46.941  5840  6060 D pcapcmcc4: analyse_ts_packet_from_rtp duplication: 8
08-22 14:14:46.951  5840  6060 D pcapcmcc4: analyse_ts_packet_from_rtp duplication: 8
08-22 14:14:46.961  5840  6060 D pcapcmcc4: analyse_ts_packet_from_rtp duplication: 8
08-22 14:14:46.961  5840  6060 D pcapcmcc4: analyse_ts_packet_from_rtp duplication: 8
08-22 14:14:46.981  5840  6060 D pcapcmcc4: analyse_ts_packet_from_rtp duplication: 8
08-22 14:14:46.981  5840  6060 D pcapcmcc4: analyse_ts_packet_from_rtp duplication: 8
08-22 14:14:46.991  5840  6060 D pcapcmcc4: analyse_ts_packet_from_rtp duplication: 8
08-22 14:14:46.991  5840  6060 D pcapcmcc4: analyse_ts_packet_from_rtp duplication: 8
08-22 14:14:47.001  5840  6060 D pcapcmcc4: send_tcp_data_to_server_new: 2
08-22 14:14:47.001  5840  6060 D pcapcmcc4: --- Send session --- Addr(1, 10.73.225.209 ~ 183.235.16.125) 
08-22 14:14:47.001  5840  6060 D pcapcmcc4:  	 HTTPDATA:10.73.225.209#42226#183.235.16.125#8082#11563413#11563459#11563459#11563510#11563460#11563510#11563510#801#4#0#701#907#3#0#183.235.16.125:8082#/epg/js/epg_widget.js#200#7#0#0#2#7716608#5674048#29184#0#0#0#
08-22 14:14:47.001  5840  6060 D pcapcmcc4: 
08-22 14:14:47.001  5840  6060 D pcapcmcc4: reset pkg_num!
08-22 14:14:47.011  5840  6060 D pcapcmcc4: analyse_ts_packet_from_rtp duplication: 8
08-22 14:14:47.011  5840  6060 D pcapcmcc4: send_tcp_data_to_server_new: 2
08-22 14:14:47.011  5840  6060 D pcapcmcc4: --- Send session --- Addr(1, 10.73.225.209 ~ 183.235.16.125) 
08-22 14:14:47.011  5840  6060 D pcapcmcc4:  	 HTTPDATA:10.73.225.209#42225#183.235.16.125#8082#11563409#11563452#11563452#11563533#11563453#11563494#11563533#1231#10#0#7605#8207#9#2#183.235.16.125:8082#/epg/js/scrollto.js#200#19#0#1#2#11862016#8271513#29184#0#0#0#
08-22 14:14:47.011  5840  6060 D pcapcmcc4: 
08-22 14:14:47.011  5840  6060 D pcapcmcc4: reset pkg_num!
08-22 14:14:47.021  5840  6060 D pcapcmcc4: analyse_ts_packet_from_rtp duplication: 8
08-22 14:14:47.021  5840  6060 D pcapcmcc4: show_http_response_content = 42223
08-22 14:14:47.021  5840  6062 D pcapcmcc4: request_str_len = 543, 107213
08-22 14:14:47.031  5840  6060 D pcapcmcc4: analyse_ts_packet_from_rtp duplication: 8
08-22 14:14:47.031  5840  6060 D pcapcmcc4: send_tcp_data_to_server_new: 2
08-22 14:14:47.031  5840  6060 D pcapcmcc4: --- Send session --- Addr(1, 10.73.225.209 ~ 183.235.16.125) 
08-22 14:14:47.031  5840  6060 D pcapcmcc4:  	 HTTPDATA:10.73.225.209#42223#183.235.16.125#8082#11563235#11563288#11563288#11563548#11563324#11563373#11563548#4324#57#1#107212#112368#78#1#183.235.16.125:8082#/epg/hdvod/biz_71224587.epg?code=#200#135#0#0#2#16680960#14971500#29184#0#0#0#
08-22 14:14:47.031  5840  6060 D pcapcmcc4: 
08-22 14:14:47.031  5840  6060 D pcapcmcc4: reset pkg_num!
08-22 14:14:47.031  5840  6060 D pcapcmcc4:  10.73.225.209   3521202442 
08-22 14:14:47.031  5840  6060 D pcapcmcc4: is not local ip ! local  3521202442  igmp s_add 10.73.230.61    1038502154 
08-22 14:14:47.031  5534  5534 E IPTV2WebView: onProgressChanged:29
08-22 14:14:47.041  5840  6060 D pcapcmcc4: analyse_ts_packet_from_rtp duplication: 8
08-22 14:14:47.041  5840  6060 D pcapcmcc4: analyse_ts_packet_from_rtp duplication: 8
08-22 14:14:47.041  6138  6658 W ContextImpl: Calling a method in the system process without a qualified user: android.app.ContextImpl.startService:1639 android.content.ContextWrapper.startService:494 com.iflytek.xiri.system.ControlService$6.run:369 java.util.concurrent.Executors$RunnableAdapter.call:422 java.util.concurrent.FutureTask.runAndReset:279 
08-22 14:14:47.051  5840  6060 D pcapcmcc4: analyse_ts_packet_from_rtp duplication: 8
08-22 14:14:47.051  5840  6060 D pcapcmcc4: send_tcp_data_to_server_new: 2
08-22 14:14:47.051  5840  6060 D pcapcmcc4: --- Send session --- Addr(1, 10.73.225.209 ~ 183.235.16.125) 
08-22 14:14:47.051  5840  6060 D pcapcmcc4:  	 HTTPDATA:10.73.225.209#42224#183.235.16.125#8082#11563407#11563455#11563455#11563569#11563456#11563509#11563569#1290#11#0#8432#9100#10#1#183.235.16.125:8082#/epg/js/epg_ui.js?version=2020052101#200#21#0#0#2#13344768#9179927#29184#0#0#0#
