08-22 14:14:50.721  5723  5723 D XIRI_driver: send to xiri: {"cmd":"key","event":1,"keycode":158,"pid":1,"vid":1,"devnum":0}
08-22 14:14:50.721  5193  5294 D WindowManager: interceptKeyTq keycode=4 screenIsOn=true keyguardActive=false policyFlags=2000000 isWakeKey=false
08-22 14:14:50.721  5193  5294 I WindowManager: mapkey no map key list
08-22 14:14:50.721  5193  5293 D WindowManager: interceptKeyTi keyCode=4 down=true repeatCount=0 keyguardOn=false mHomePressed=false canceled=false CM201_guangdong_zhuoying
08-22 14:14:50.721  5193  5293 D WindowManager:  currentPackage = cn.gd.snm.snmcm.WebActivity
08-22 14:14:50.721  5193  5293 D chenl   : mkeyAgingDragonboxCount: 0
08-22 14:14:50.721  5193  5293 D WindowManager: [mobile] send keyevent broadcast=4 repeatCount:0
08-22 14:14:50.721  5193  5293 D WindowManager: com.chinamobile.action.IR_TEST  lirphycode = 0x0095DD22
08-22 14:14:50.721  5534  5534 D IPTV2WebView: event:4
08-22 14:14:50.721  5534  5534 D injectKeyEvent: inject:javascript: if (typeof(triggerKeyboardEvent) == 'undefined') { window.triggerKeyboardEvent = function(el, eventName,keyCode) {    var eventObj = document.createEventObject ?document.createEventObject() : document.createEvent("Events") ;   if(eventObj.initEvent){ eventObj.initEvent(eventName, true, true); } 	eventObj.keyCode = keyCode;    eventObj.which = keyCode;    el.dispatchEvent ? el.dispatchEvent(eventObj) : el.fireEvent("on"+eventName, eventObj);  };  }      triggerKeyboardEvent(document.activeElement,"keydown", 8);  triggerKeyboardEvent(document.activeElement,"keypress", 8); 
08-22 14:14:50.721  5534  5534 D IPTV2WebView:  MODE_MIX inject key event js
08-22 14:14:50.721  5534  5534 W UnimplementedWebViewApi: Unimplemented WebView method onKeyDown called from: android.webkit.WebView.onKeyDown(WebView.java:2169)
08-22 14:14:50.721  5534  5534 I IPTV2WebView: WebView: false
08-22 14:14:50.721  5193  5293 D PowerManagerService: updateUserActivitySummaryLocked, mLastUserActivityTime: 11567240, screenOffTimeout: 2147483647
08-22 14:14:50.721  5193  5293 D PowerManagerService: updateUserActivitySummaryLocked, mBroadcastTimeout: 2159047758, dialog show enable: true
08-22 14:14:50.721  5193  5293 D PowerManagerService: updateUserActivitySummaryLocked, now: 11567241, nextTimeout: 2159043887
08-22 14:14:50.721  5193  5293 D PowerManagerService: mGoToSleepCountDownDialog show
08-22 14:14:50.721  5193  5293 W ContextImpl: Calling a method in the system process without a qualified user: android.app.ContextImpl.sendBroadcast:1283 com.android.internal.policy.impl.PhoneWindowManager.broadcastMobileKeyEvent:10781 com.android.internal.policy.impl.PhoneWindowManager.interceptKeyBeforeDispatching:3816 com.android.server.wm.InputMonitor.interceptKeyBeforeDispatching:374 com.android.server.input.InputManagerService.interceptKeyBeforeDispatching:1393 
08-22 14:14:50.721  5193  5293 W ContextImpl: Calling a method in the system process without a qualified user: android.app.ContextImpl.sendBroadcast:1283 com.android.internal.policy.impl.PhoneWindowManager.broadcastMobileKeyEvent:10798 com.android.internal.policy.impl.PhoneWindowManager.interceptKeyBeforeDispatching:3816 com.android.server.wm.InputMonitor.interceptKeyBeforeDispatching:374 com.android.server.input.InputManagerService.interceptKeyBeforeDispatching:1393 
08-22 14:14:50.731  5534  5534 I IPTV2WebView: override url load:http://183.235.16.125:8082/epg/hdvod/logout.epg
08-22 14:14:50.731  5840  6060 D pcapcmcc4: add_tcp_node_to_list_new:58460 
08-22 14:14:50.731  5840  6060 D pcapcmcc4: reset pkg_num!
08-22 14:14:50.741  5534  5534 E IPTV2WebView: onProgressChanged:0
08-22 14:14:50.741  5534  5534 D IPTV2WebView: onPageStart: http://183.235.16.125:8082/epg/hdvod/logout.epg
08-22 14:14:50.741  5840  6060 D pcapcmcc4: send_tcp_data_to_server_new: 2
08-22 14:14:50.741  5840  6060 D pcapcmcc4: show_http_response_content = 42223
08-22 14:14:50.741  5840  6060 D pcapcmcc4: --- Send session --- Addr(1, 10.73.225.209 ~ 183.235.16.125) 
08-22 14:14:50.741  5840  6060 D pcapcmcc4:  	 HTTPDATA:10.73.225.209#42223#183.235.16.125#8082#11565462#11565462#11565462#11565520#11565462#11565520#11565520#537#2#0#99#231#2#0#183.235.16.125:8082#/favicon.icodvod/yd_search/images/searchTextBg.png#404#4#0#0#2#16680960#16680960#16680960#0#0#0#
08-22 14:14:50.741  5840  6060 D pcapcmcc4: 
08-22 14:14:50.741  5840  6060 D pcapcmcc4: reset pkg_num!
08-22 14:14:50.741  5840  6062 D pcapcmcc4: request_str_len = 406, 100
08-22 14:14:50.771  6112  6320 D dalvikvm: GC_FOR_ALLOC freed 1372K, 24% free 6050K/7896K, paused 30ms, total 30ms
08-22 14:14:50.781  5840  6060 D pcapcmcc4: show_http_response_content = 42223
08-22 14:14:50.791  5840  6062 D pcapcmcc4: request_str_len = 531, 267
08-22 14:14:50.791  5534  5534 E IPTV2WebView: onProgressChanged:90
08-22 14:14:50.791  5534  5534 E f       : injectAll-evaluateJavascript at:1598076890802
08-22 14:14:50.821  5534  5534 E f       : injectAll-onReceiveValue: null at:1598076890828
08-22 14:14:50.821  5534 16460 I ClientServiceAgent: close
08-22 14:14:50.871  5534  5534 E IPTV2WebView: onProgressChanged:100
08-22 14:14:50.881  5840  6060 D pcapcmcc4: send_tcp_data_to_server_new: 2
08-22 14:14:50.881  5840  6060 D pcapcmcc4: --- Send session --- Addr(1, 10.73.225.209 ~ 183.235.16.125) 
08-22 14:14:50.881  5840  6060 D pcapcmcc4:  	 HTTPDATA:10.73.225.209#42223#183.235.16.125#8082#11567264#11567264#11567264#11567307#11567264#11567307#11567307#728#3#1#266#398#2#0#183.235.16.125:8082#/epg/hdvod/logout.epg#200#5#0#0#2#16776960#16744960#16680960#0#0#0#
08-22 14:14:50.881  5840  6060 D pcapcmcc4: 
08-22 14:14:50.881  5840  6060 D pcapcmcc4: reset pkg_num!
08-22 14:14:50.881  5193  6156 D ActivityManager: resumeClassName is cn.gd.snm.snmcm.LauncherActivity
08-22 14:14:50.881  5193  6156 D ActivityManager: resumePackageName is cn.gd.snm.snmcm
08-22 14:14:50.881  5193  6156 D ActivityManager: resume Activity is not LivePlayerActivity, no need skip, set false
08-22 14:14:50.901  5534  5534 W EventBus: Subscriber to unregister was not registered before: class cn.gd.snm.page.index.HomePageBackgroundView
08-22 14:14:50.901  5840  6060 D pcapcmcc4: analyse_ts_packet_from_rtp,interval = 27265518, rate = 987813, 758, 0, 4113, 994339, 986501
08-22 14:14:50.901  5534  5534 I HomeMenuView: visibility:4
08-22 14:14:50.901  5534  5534 W EventBus: Subscriber to unregister was not registered before: class cn.gd.snm.page.index.HomeMenuView
08-22 14:14:50.901  5534  5534 D AndroidAutoSize: cn.gd.snm.snmcm.LauncherActivity used the global configuration.
08-22 14:14:50.901  5534  5534 D AndroidAutoSize: The cn.gd.snm.snmcm.LauncherActivity has been adapted! 
08-22 14:14:50.901  5534  5534 D AndroidAutoSize: LauncherActivity Info: isBaseOnWidth = true, designWidthInDp = 1280.000000, designWidthInSubunits = 1280.000000, targetDensity = 1.500000, targetScaledDensity = 1.500000, targetDensityDpi = 240, targetXdpi = 1.500000, targetScreenWidthDp = 1280, targetScreenHeightDp = 720
08-22 14:14:50.901  5193  5504 D ConnectivityService: Trace_network, pid5534 ProcessName: cn.gd.snm.snmcm  Label: NFCM
08-22 14:14:50.901  5193  5504 D ConnectivityService: AML-getActiveNetworkInfo: cn.gd.snm.snmcm mActiveDefaultNetwork: 9
08-22 14:14:50.901  5193  5504 D ConnectivityService: Trace_network, getNetworkInfo:NetworkInfo: type: ethernet[], state: CONNECTED/CONNECTED, reason: (unspecified), extra: (none), roaming: false, failover: false, isAvailable: true, isConnectedToProvisioningNetwork: false
08-22 14:14:50.911  5534  5534 E LauncherActivity: 
08-22 14:14:50.911  5490  6442 V IPTVS   : [getIp 56]	local ip:10.73.225.209 
08-22 14:14:50.911  5490  6442 I AMTIPTV : isValidIpAddress-->10.73.225.209
08-22 14:14:50.921  5840  6062 D pcapcmcc4: topactivity: TOPACTIVITY@1@890924142
08-22 14:14:50.921  5840  6062 D pcapcmcc4: 
08-22 14:14:50.921  5723  5723 D XIRI_driver: send to xiri: {"cmd":"key","event":0,"keycode":158,"pid":1,"vid":1,"devnum":0}
08-22 14:14:50.921  5193  5294 D WindowManager: interceptKeyTq keycode=4 screenIsOn=true keyguardActive=false policyFlags=2000000 isWakeKey=false
08-22 14:14:50.921  5193  5294 I WindowManager: mapkey no map key list
08-22 14:14:50.921  5193  5293 D WindowManager: interceptKeyTi keyCode=4 down=false repeatCount=0 keyguardOn=false mHomePressed=false canceled=false CM201_guangdong_zhuoying
08-22 14:14:50.921  5193  5293 D WindowManager:  currentPackage = cn.gd.snm.snmcm.WebActivity
08-22 14:14:50.921  5193  5293 D chenl   : mkeyAgingDragonboxCount: 0
08-22 14:14:50.921  5490  6442 I AMTIPTV : isValidIpAddress-->10.73.225.209
08-22 14:14:50.921  5490  6442 D AMTIPTV : NetConnectManager > getIp > 10.73.225.209, ifname : eth0
08-22 14:14:50.921  5490  6442 D AMTIPTV : AmtDataService > getString>IP:10.73.225.209, extData : 
08-22 14:14:50.921  5620  5633 D AMTData : AmtIDataService_AMTDATA > getString>IP:10.73.225.209, extData : 
08-22 14:14:50.931  5534  5534 I HomeMenuView: visibility:0
08-22 14:14:50.931  5840  6060 D pcapcmcc4: add_tcp_node_to_list_new:42097 
08-22 14:14:50.931  5840  6060 D pcapcmcc4: reset pkg_num!
08-22 14:14:50.971  5193  5351 D ConnectivityService: Trace_network, pid5534 ProcessName: cn.gd.snm.snmcm  Label: NFCM
08-22 14:14:50.971  5193  5351 D ConnectivityService: AML-getActiveNetworkInfo: cn.gd.snm.snmcm mActiveDefaultNetwork: 9
08-22 14:14:50.971  5193  5351 D ConnectivityService: Trace_network, getNetworkInfo:NetworkInfo: type: ethernet[], state: CONNECTED/CONNECTED, reason: (unspecified), extra: (none), roaming: false, failover: false, isAvailable: true, isConnectedToProvisioningNetwork: false
08-22 14:14:50.981  5840  6062 D pcapcmcc4: return table data len:0
08-22 14:14:51.021  5534  5534 I InfinitePageController_Page:9: InfinitePageController#ChildDrawingOrderCallback- pageIndex: 9	childCount:	2	i:	0	focusedIndex:	-1	result:	1
08-22 14:14:51.021  5534  5534 I CircleCornerLayout: draw
08-22 14:14:51.021  5534  5534 I CircleCornerLayout: draw
08-22 14:14:51.021  5534  5534 I InfinitePageController_Page:9: InfinitePageController#ChildDrawingOrderCallback- pageIndex: 9	childCount:	2	i:	1	focusedIndex:	-1	result:	0
08-22 14:14:51.021  5534  5534 I CircleCornerLayout: draw
08-22 14:14:51.021  5534  5534 I CircleCornerLayout: draw
08-22 14:14:51.031  5534  5534 I CircleCornerLayout: draw
08-22 14:14:51.031  5534  5534 I CircleCornerLayout: draw
08-22 14:14:51.031  6138  6659 W ContextImpl: Calling a method in the system process without a qualified user: android.app.ContextImpl.startService:1639 android.content.ContextWrapper.startService:494 com.iflytek.xiri.system.ControlService$6.run:369 java.util.concurrent.Executors$RunnableAdapter.call:422 java.util.concurrent.FutureTask.runAndReset:279 
08-22 14:14:51.041  5534  5534 I InfinitePageController_Page:10: InfinitePageController#ChildDrawingOrderCallback- pageIndex: 10	childCount:	2	i:	0	focusedIndex:	-1	result:	1
08-22 14:14:51.041  5534  5534 I CircleCornerLayout: draw
08-22 14:14:51.041  5534  5534 I CircleCornerLayout: draw
08-22 14:14:51.041  5534  5534 I CircleCornerLayout: draw
08-22 14:14:51.041  5534  5534 I CircleCornerLayout: draw
08-22 14:14:51.041  5534  5534 I CircleCornerLayout: draw
08-22 14:14:51.041  5534  5534 I CircleCornerLayout: draw
08-22 14:14:51.041  5534  5534 I InfinitePageController_Page:10: InfinitePageController#ChildDrawingOrderCallback- pageIndex: 10	childCount:	2	i:	1	focusedIndex:	-1	result:	0
08-22 14:14:51.041  5534  5534 I CircleCornerLayout: draw
08-22 14:14:51.041  5534  5534 I CircleCornerLayout: draw
08-22 14:14:51.041  5534  5534 I CircleCornerLayout: draw
08-22 14:14:51.041  5534  5534 I CircleCornerLayout: draw
08-22 14:14:51.041  5534  5534 I CircleCornerLayout: draw
08-22 14:14:51.041  5534  5534 I CircleCornerLayout: draw
08-22 14:14:51.051  5534  5534 I CircleCornerLayout: draw
08-22 14:14:51.061  5534  5534 I CircleCornerLayout: draw
08-22 14:14:51.061  5534  5534 I CircleCornerLayout: draw
08-22 14:14:51.061  5534  5534 I CircleCornerLayout: draw
08-22 14:14:51.071  5193  5242 D ActivityManager: finishLaunchTickingLocked
08-22 14:14:51.071  5193  6156 D ActivityManager: finishLaunchTickingLocked
08-22 14:14:51.071  5193  6156 D ActivityManager: finishLaunchTickingLocked
08-22 14:14:51.091  5534  5534 I TrailerView: destroy!
08-22 14:14:51.091  5534  5534 I Tencent_UniversalVideoView: stopPlayback
08-22 14:14:51.091  5534  5534 I Tencent_UniversalVideoView: UniversalVideoView#release
08-22 14:14:51.091  5534  5534 I Tencent_UniversalVideoView: stopPlayback
08-22 14:14:51.091  5193  5222 D ActivityManager: finishLaunchTickingLocked
08-22 14:14:51.091  5193  5222 D ActivityManager: finishLaunchTickingLocked
08-22 14:14:51.141  5534  5534 I InfinitePageController_Page:9: InfinitePageController#ChildDrawingOrderCallback- pageIndex: 9	childCount:	2	i:	0	focusedIndex:	-1	result:	1
08-22 14:14:51.141  5534  5534 I CircleCornerLayout: draw
08-22 14:14:51.141  5534  5534 I CircleCornerLayout: draw
08-22 14:14:51.141  5534  5534 I InfinitePageController_Page:9: InfinitePageController#ChildDrawingOrderCallback- pageIndex: 9	childCount:	2	i:	1	focusedIndex:	-1	result:	0
08-22 14:14:51.141  5534  5534 I CircleCornerLayout: draw
08-22 14:14:51.141  5534  5534 I CircleCornerLayout: draw
08-22 14:14:51.151  5534  5534 I CircleCornerLayout: draw
08-22 14:14:51.151  5534  5534 I CircleCornerLayout: draw
08-22 14:14:51.151  5534  5534 I InfinitePageController_Page:10: InfinitePageController#ChildDrawingOrderCallback- pageIndex: 10	childCount:	2	i:	0	focusedIndex:	-1	result:	1
08-22 14:14:51.151  5534  5534 I CircleCornerLayout: draw
08-22 14:14:51.151  5534  5534 I CircleCornerLayout: draw
08-22 14:14:51.151  5534  5534 I CircleCornerLayout: draw
08-22 14:14:51.151  5534  5534 I CircleCornerLayout: draw
08-22 14:14:51.151  5534  5534 I CircleCornerLayout: draw
08-22 14:14:51.151  5534  5534 I CircleCornerLayout: draw
08-22 14:14:51.151  5534  5534 I InfinitePageController_Page:10: InfinitePageController#ChildDrawingOrderCallback- pageIndex: 10	childCount:	2	i:	1	focusedIndex:	-1	result:	0
08-22 14:14:51.151  5534  5534 I CircleCornerLayout: draw
08-22 14:14:51.151  5534  5534 I CircleCornerLayout: draw
08-22 14:14:51.151  5534  5534 I CircleCornerLayout: draw
08-22 14:14:51.151  5534  5534 I CircleCornerLayout: draw
08-22 14:14:51.161  5534  5534 I CircleCornerLayout: draw
08-22 14:14:51.161  5534  5534 I CircleCornerLayout: draw
08-22 14:14:51.161  5534  5534 I CircleCornerLayout: draw
08-22 14:14:51.171  5534  5534 I CircleCornerLayout: draw
08-22 14:14:51.171  5534  5534 I CircleCornerLayout: draw
08-22 14:14:51.171  5534  5534 I CircleCornerLayout: draw
08-22 14:14:51.171  6077  6088 D BluetoothAdapterService(1102544240): getState(): mAdapterProperties: com.android.bluetooth.btservice.AdapterProperties@41b79df8
08-22 14:14:51.201  5534  5534 I InfinitePageController_Page:9: InfinitePageController#ChildDrawingOrderCallback- pageIndex: 9	childCount:	2	i:	0	focusedIndex:	-1	result:	1
08-22 14:14:51.201  5534  5534 I CircleCornerLayout: draw
08-22 14:14:51.201  5534  5534 I CircleCornerLayout: draw
08-22 14:14:51.201  5534  5534 I InfinitePageController_Page:9: InfinitePageController#ChildDrawingOrderCallback- pageIndex: 9	childCount:	2	i:	1	focusedIndex:	-1	result:	0
08-22 14:14:51.201  5534  5534 I CircleCornerLayout: draw
08-22 14:14:51.201  5534  5534 I CircleCornerLayout: draw
08-22 14:14:51.211  5534  5534 I CircleCornerLayout: draw
08-22 14:14:51.211  5534  5534 I CircleCornerLayout: draw
08-22 14:14:51.211  5534  5534 I InfinitePageController_Page:10: InfinitePageController#ChildDrawingOrderCallback- pageIndex: 10	childCount:	2	i:	0	focusedIndex:	-1	result:	1
08-22 14:14:51.211  5534  5534 I CircleCornerLayout: draw
08-22 14:14:51.211  5534  5534 I CircleCornerLayout: draw
08-22 14:14:51.211  5534  5534 I CircleCornerLayout: draw
08-22 14:14:51.211  5534  5534 I CircleCornerLayout: draw
08-22 14:14:51.211  5534  5534 I CircleCornerLayout: draw
08-22 14:14:51.211  5534  5534 I CircleCornerLayout: draw
08-22 14:14:51.211  5534  5534 I InfinitePageController_Page:10: InfinitePageController#ChildDrawingOrderCallback- pageIndex: 10	childCount:	2	i:	1	focusedIndex:	-1	result:	0
08-22 14:14:51.211  5534  5534 I CircleCornerLayout: draw
08-22 14:14:51.211  5534  5534 I CircleCornerLayout: draw
08-22 14:14:51.211  5534  5534 I CircleCornerLayout: draw
08-22 14:14:51.211  5534  5534 I CircleCornerLayout: draw
08-22 14:14:51.211  5534  5534 I CircleCornerLayout: draw
08-22 14:14:51.211  5534  5534 I CircleCornerLayout: draw
08-22 14:14:51.221  5534  5534 I CircleCornerLayout: draw
08-22 14:14:51.221  5534  5534 I CircleCornerLayout: draw
08-22 14:14:51.221  5534  5534 I CircleCornerLayout: draw
08-22 14:14:51.221  5534  5534 I CircleCornerLayout: draw
08-22 14:14:51.241  5840  6063 D pcapcmcc4: recv client data2:#MESSAGE#TOPACTIVITY#890924142#cn.gd.snm.snmcm#cn.gd.snm.snmcm.LauncherActivity#
08-22 14:14:51.241  5840  6063 D pcapcmcc4: wait for client
08-22 14:14:51.311  5786  7373 W System.err: java.net.SocketTimeoutException: failed to connect to data.hpplay.com.cn/120.77.124.138 (port 8848) after 5000ms
08-22 14:14:51.321  5786  7373 W System.err: 	at libcore.io.IoBridge.connectErrno(IoBridge.java:159)
08-22 14:14:51.321  5786  7373 W System.err: 	at libcore.io.IoBridge.connect(IoBridge.java:112)
08-22 14:14:51.321  5786  7373 W System.err: 	at java.net.PlainSocketImpl.connect(PlainSocketImpl.java:192)
08-22 14:14:51.321  5786  7373 W System.err: 	at java.net.PlainSocketImpl.connect(PlainSocketImpl.java:459)
08-22 14:14:51.321  5786  7373 W System.err: 	at java.net.Socket.connect(Socket.java:843)
08-22 14:14:51.321  5786  7373 W System.err: 	at com.android.okhttp.internal.Platform.connectSocket(Platform.java:152)
08-22 14:14:51.321  5786  7373 W System.err: 	at com.android.okhttp.Connection.connect(Connection.java:101)
08-22 14:14:51.321  5786  7373 W System.err: 	at com.android.okhttp.internal.http.HttpEngine.connect(HttpEngine.java:294)
08-22 14:14:51.321  5786  7373 W System.err: 	at com.android.okhttp.internal.http.HttpEngine.sendSocketRequest(HttpEngine.java:255)
08-22 14:14:51.321  5786  7373 W System.err: 	at com.android.okhttp.internal.http.HttpEngine.sendRequest(HttpEngine.java:206)
08-22 14:14:51.321  5786  7373 W System.err: 	at com.android.okhttp.internal.http.HttpURLConnectionImpl.execute(HttpURLConnectionImpl.java:345)
08-22 14:14:51.321  5786  7373 W System.err: 	at com.android.okhttp.internal.http.HttpURLConnectionImpl.connect(HttpURLConnectionImpl.java:89)
08-22 14:14:51.321  5786  7373 W System.err: 	at com.android.okhttp.internal.http.HttpURLConnectionImpl.getOutputStream(HttpURLConnectionImpl.java:197)
08-22 14:14:51.321  5786  7373 W System.err: 	at com.hpplay.lelink.n.a(Unknown Source)
08-22 14:14:51.321  5786  7373 W System.err: 	at com.hpplay.lelink.p.run(Unknown Source)
08-22 14:14:51.321  5786  7373 W System.err: 	at java.util.Timer$TimerImpl.run(Timer.java:284)
08-22 14:14:51.331  5840  6060 D pcapcmcc4: Many Syn Packet: 10.73.225.209#58460#14.29.2.76#8080#3#
08-22 14:14:51.431  5840  6060 D pcapcmcc4: analyse_ts_packet_from_rtp duplication: 12
08-22 14:14:51.521  5840  6060 D pcapcmcc4: df = 1099382270, 2143399358, -2143209906, 4338, 987813, 4316
08-22 14:14:51.531  5840  6060 D pcapcmcc4: igmp log: IGMP@1@10.73.225.209#224.0.0.251#11568050#2#22#224.0.0.251#
08-22 14:14:51.531  5840  6060 D pcapcmcc4: 
08-22 14:14:51.531  5840  6060 D pcapcmcc4: create_ts_stream_node num = 2, 224.0.0.251
08-22 14:14:51.531  5840  6060 D pcapcmcc4: node->multi_stream = 0, node->is_paused = 0
08-22 14:14:51.531  5840  6060 D pcapcmcc4: reset num = 6
08-22 14:14:51.711  5840  6059 D pcapcmcc4: udp_num = 1370, 11585000
08-22 14:14:51.781  5490  5569 I AMTIPTV : ==========updateUsbPath=========
08-22 14:14:51.811  5490  5569 D AMTIPTV : USBHelper > mount info-->rootfs / rootfs ro 0 0
08-22 14:14:51.811  5490  5569 D AMTIPTV : USBHelper > mount info-->tmpfs /dev tmpfs rw,nosuid,relatime,mode=755 0 0
08-22 14:14:51.811  5490  5569 D AMTIPTV : USBHelper > mount info-->devpts /dev/pts devpts rw,relatime,mode=600 0 0
08-22 14:14:51.811  5490  5569 D AMTIPTV : USBHelper > mount info-->none /dev/cpuctl cgroup rw,relatime,cpu 0 0
08-22 14:14:51.811  5490  5569 D AMTIPTV : USBHelper > mount info-->proc /proc proc rw,relatime 0 0
08-22 14:14:51.811  5490  5569 D AMTIPTV : USBHelper > mount info-->sysfs /sys sysfs rw,relatime 0 0
08-22 14:14:51.811  5490  5569 D AMTIPTV : USBHelper > mount info-->debugfs /sys/kernel/debug debugfs rw,relatime 0 0
08-22 14:14:51.811  5490  5569 D AMTIPTV : USBHelper > mount info-->configfs /sys/kernel/config configfs rw,relatime 0 0
08-22 14:14:51.811  5490  5569 D AMTIPTV : USBHelper > mount info-->none /sys/fs/cgroup tmpfs rw,relatime,mode=750,gid=1000 0 0
08-22 14:14:51.811  5490  5569 D AMTIPTV : USBHelper > mount info-->none /acct cgroup rw,relatime,cpuacct 0 0
08-22 14:14:51.811  5490  5569 D AMTIPTV : USBHelper > mount info-->tmpfs /mnt/asec tmpfs rw,relatime,mode=755,gid=1000 0 0
08-22 14:14:51.811  5490  5569 D AMTIPTV : USBHelper > mount info-->tmpfs /mnt/obb tmpfs rw,relatime,mode=755,gid=1000 0 0
08-22 14:14:51.811  5490  5569 D AMTIPTV : USBHelper > mount info-->tmpfs /tmp tmpfs rw,relatime 0 0
08-22 14:14:51.811  5490  5569 D AMTIPTV : USBHelper > mount info-->tmpfs /tmp/playInfoLog tmpfs rw,relatime 0 0
08-22 14:14:51.811  5490  5569 D AMTIPTV : USBHelper > mount info-->tmpfs /tmp/capture tmpfs rw,relatime 0 0
08-22 14:14:51.811  5490  5569 D AMTIPTV : USBHelper > mount info-->tmpfs /storage/external_storage tmpfs rw,relatime,mode=775,uid=1000,gid=1023 0 0
08-22 14:14:51.811  5490  5569 D AMTIPTV : USBHelper > mount info-->/dev/block/system /system ext4 ro,nosuid,nodev,noatime,nodiratime,noauto_da_alloc,data=ordered 0 0
08-22 14:14:51.811  5490  5569 D AMTIPTV : USBHelper > mount info-->/dev/block/cache /cache ext4 rw,nosuid,nodev,noatime,nodiratime,nodelalloc,noauto_da_alloc,data=ordered 0 0
08-22 14:14:51.811  5490  5569 D AMTIPTV : USBHelper > mount info-->/dev/block/data /data ext4 rw,nosuid,nodev,noatime,nodiratime,discard,nodelalloc,noauto_da_alloc,data=ordered 0 0
08-22 14:14:51.811  5490  5569 D AMTIPTV : USBHelper > mount info-->/dev/block/params /params ext4 rw,nosuid,nodev,noatime,nodiratime,nodelalloc,noauto_da_alloc,data=ordered 0 0
08-22 14:14:51.811  5490  5569 D AMTIPTV : USBHelper > mount info-->/dev/block/bootfiles /bootfiles ext4 rw,nosuid,nodev,noatime,nodiratime,nodelalloc,noauto_da_alloc,data=ordered 0 0
08-22 14:14:51.811  5490  5569 D AMTIPTV : USBHelper > mount info-->/dev/fuse /mnt/shell/emulated fuse rw,nosuid,nodev,relatime,user_id=1023,group_id=1023,default_permissions,allow_other 0 0
08-22 14:14:51.811  5490  5569 D AMTIPTV : USBHelper > mount info-->tmpfs /storage/emulated tmpfs rw,nosuid,nodev,relatime,mode=751,gid=1028 0 0
08-22 14:14:51.811  5490  5569 D AMTIPTV : USBHelper > mount info-->/dev/block/zram0 /swap_zram0 ext2 rw,relatime,errors=continue 0 0
08-22 14:14:51.811  5490  5569 D AMTIPTV : USBHelper > mount info-->/dev/fuse /storage/emulated/0 fuse rw,nosuid,nodev,relatime,user_id=1023,group_id=1023,default_permissions,allow_other 0 0
08-22 14:14:51.811  5490  5569 D AMTIPTV : USBHelper > mount info-->/dev/fuse /storage/emulated/legacy fuse rw,nosuid,nodev,relatime,user_id=1023,group_id=1023,default_permissions,allow_other 0 0
08-22 14:14:51.811  5490  5569 D AMTIPTV : USBHelper > mount info-->adb /dev/usb-ffs/adb functionfs rw,relatime 0 0
08-22 14:14:51.811  5490  5569 D AMTIPTV : USBHelper > mount info-->rdered 0 0
08-22 14:14:51.811  5490  5569 D AMTIPTV : USBHelper > mount info-->/dev/block/cache /cache ext4 rw,nosuid,nodev,noatime,nodiratime,nodelalloc,noauto_da_alloc,data=ordered 0 0
08-22 14:14:51.811  5490  5569 D AMTIPTV : USBHelper > mount info-->/dev/block/data /data ext4 rw,nosuid,nodev,noatime,nodiratime,discard,no
08-22 14:14:51.811  5490  5569 D AMTIPTV : USBHelper >  usbPath-->/mnt/sdcard
08-22 14:14:51.811  5490  5569 D AMTIPTV : USBHelper > fianll usbPath-->/mnt/sdcard
08-22 14:14:51.811  5490  5569 D AMTIPTV : USBHelper > usbPath-->/mnt/sdcard
08-22 14:14:51.911  5840  6060 D pcapcmcc4: analyse_ts_packet_from_rtp,interval = 27265519, rate = 987813, 745, 13, 4113, 994339, 986501
08-22 14:14:51.951  5840  6060 D pcapcmcc4: analyse_ts_packet_from_rtp, 8663200
08-22 14:14:52.031  6138  6658 W ContextImpl: Calling a method in the system process without a qualified user: android.app.ContextImpl.startService:1639 android.content.ContextWrapper.startService:494 com.iflytek.xiri.system.ControlService$6.run:369 java.util.concurrent.Executors$RunnableAdapter.call:422 java.util.concurrent.FutureTask.runAndReset:279 
08-22 14:14:52.041  5635  5635 D TopActivityUtil:  activity = cn.gd.snm.snmcm.LauncherActivity
08-22 14:14:52.061  5723  5723 D XIRI_driver: send to xiri: {"cmd":"key","event":1,"keycode":105,"pid":1,"vid":1,"devnum":0}
08-22 14:14:52.061  5193  5294 D WindowManager: interceptKeyTq keycode=21 screenIsOn=true keyguardActive=false policyFlags=2000000 isWakeKey=false
08-22 14:14:52.061  5193  5294 I WindowManager: mapkey no map key list
08-22 14:14:52.061  5193  5293 D WindowManager: interceptKeyTi keyCode=21 down=true repeatCount=0 keyguardOn=false mHomePressed=false canceled=false CM201_guangdong_zhuoying
08-22 14:14:52.061  5193  5293 D WindowManager:  currentPackage = cn.gd.snm.snmcm.LauncherActivity
08-22 14:14:52.061  5193  5293 D chenl   : mkeyAgingDragonboxCount: 0
08-22 14:14:52.061  5193  5293 D WindowManager: [mobile] send keyevent broadcast=21 repeatCount:0
08-22 14:14:52.061  5193  5293 D WindowManager: com.chinamobile.action.IR_TEST  lirphycode = 0x0099DD22
08-22 14:14:52.061  5193  5293 D PowerManagerService: updateUserActivitySummaryLocked, mLastUserActivityTime: 11568583, screenOffTimeout: 2147483647
08-22 14:14:52.061  5193  5293 D PowerManagerService: updateUserActivitySummaryLocked, mBroadcastTimeout: 2159050887, dialog show enable: true
08-22 14:14:52.061  5193  5293 D PowerManagerService: updateUserActivitySummaryLocked, now: 11568584, nextTimeout: 2159045230
08-22 14:14:52.061  5193  5293 D PowerManagerService: mGoToSleepCountDownDialog show
08-22 14:14:52.061  5193  5293 W ContextImpl: Calling a method in the system process without a qualified user: android.app.ContextImpl.sendBroadcast:1283 com.android.internal.policy.impl.PhoneWindowManager.broadcastMobileKeyEvent:10781 com.android.internal.policy.impl.PhoneWindowManager.interceptKeyBeforeDispatching:3816 com.android.server.wm.InputMonitor.interceptKeyBeforeDispatching:374 com.android.server.input.InputManagerService.interceptKeyBeforeDispatching:1393 
08-22 14:14:52.061  5193  5293 W ContextImpl: Calling a method in the system process without a qualified user: android.app.ContextImpl.sendBroadcast:1283 com.android.internal.policy.impl.PhoneWindowManager.broadcastMobileKeyEvent:10798 com.android.internal.policy.impl.PhoneWindowManager.interceptKeyBeforeDispatching:3816 com.android.server.wm.InputMonitor.interceptKeyBeforeDispatching:374 com.android.server.input.InputManagerService.interceptKeyBeforeDispatching:1393 
08-22 14:14:52.071  5534  5534 I SingleImageView: onFocusChanged
08-22 14:14:52.071  5534  5534 I SingleImageView: onFocusChanged
08-22 14:14:52.081  5840  6060 D pcapcmcc4: analyse_ts_packet_from_rtp duplication: 10
08-22 14:14:52.101  5534  5534 I InfinitePageController_Page:9: InfinitePageController#ChildDrawingOrderCallback- pageIndex: 9	childCount:	2	i:	0	focusedIndex:	-1	result:	1
08-22 14:14:52.101  5534  5534 I CircleCornerLayout: draw
08-22 14:14:52.101  5534  5534 I CircleCornerLayout: draw
08-22 14:14:52.111  5534  5534 I InfinitePageController_Page:9: InfinitePageController#ChildDrawingOrderCallback- pageIndex: 9	childCount:	2	i:	1	focusedIndex:	-1	result:	0
08-22 14:14:52.111  5534  5534 I CircleCornerLayout: draw
08-22 14:14:52.111  5534  5534 I CircleCornerLayout: draw
08-22 14:14:52.111  5534  5534 I CircleCornerLayout: draw
08-22 14:14:52.111  5534  5534 I CircleCornerLayout: draw
08-22 14:14:52.121  5534  5534 I InfinitePageController_Page:10: InfinitePageController#ChildDrawingOrderCallback- pageIndex: 10	childCount:	2	i:	0	focusedIndex:	-1	result:	1
08-22 14:14:52.121  5534  5534 I CircleCornerLayout: draw
08-22 14:14:52.121  5534  5534 I CircleCornerLayout: draw
08-22 14:14:52.121  5534  5534 I CircleCornerLayout: draw
08-22 14:14:52.121  5534  5534 I CircleCornerLayout: draw
08-22 14:14:52.121  5534  5534 I CircleCornerLayout: draw
08-22 14:14:52.121  5534  5534 I CircleCornerLayout: draw
08-22 14:14:52.121  5534  5534 I InfinitePageController_Page:10: InfinitePageController#ChildDrawingOrderCallback- pageIndex: 10	childCount:	2	i:	1	focusedIndex:	-1	result:	0
08-22 14:14:52.121  5534  5534 I CircleCornerLayout: draw
08-22 14:14:52.121  5534  5534 I CircleCornerLayout: draw
08-22 14:14:52.121  5534  5534 I CircleCornerLayout: draw
08-22 14:14:52.121  5534  5534 I CircleCornerLayout: draw
08-22 14:14:52.121  5534  5534 I CircleCornerLayout: draw
08-22 14:14:52.121  5534  5534 I CircleCornerLayout: draw
08-22 14:14:52.121  5534  5534 I CircleCornerLayout: draw
08-22 14:14:52.131  5534  5534 I CircleCornerLayout: draw
08-22 14:14:52.131  5534  5534 I CircleCornerLayout: draw
08-22 14:14:52.131  5534  5534 I CircleCornerLayout: draw
08-22 14:14:52.161  5534  5534 I InfinitePageController_Page:9: InfinitePageController#ChildDrawingOrderCallback- pageIndex: 9	childCount:	2	i:	0	focusedIndex:	-1	result:	1
08-22 14:14:52.161  5534  5534 I CircleCornerLayout: draw
08-22 14:14:52.161  5534  5534 I CircleCornerLayout: draw
08-22 14:14:52.161  5534  5534 I InfinitePageController_Page:9: InfinitePageController#ChildDrawingOrderCallback- pageIndex: 9	childCount:	2	i:	1	focusedIndex:	-1	result:	0
08-22 14:14:52.161  5534  5534 I CircleCornerLayout: draw
08-22 14:14:52.161  5534  5534 I CircleCornerLayout: draw
08-22 14:14:52.171  5534  5534 I CircleCornerLayout: draw
08-22 14:14:52.171  5534  5534 I CircleCornerLayout: draw
08-22 14:14:52.171  5534  5534 I InfinitePageController_Page:10: InfinitePageController#ChildDrawingOrderCallback- pageIndex: 10	childCount:	2	i:	0	focusedIndex:	-1	result:	1
08-22 14:14:52.171  5534  5534 I CircleCornerLayout: draw
08-22 14:14:52.171  5534  5534 I CircleCornerLayout: draw
08-22 14:14:52.171  5534  5534 I CircleCornerLayout: draw
08-22 14:14:52.171  5534  5534 I CircleCornerLayout: draw
08-22 14:14:52.171  5534  5534 I CircleCornerLayout: draw
08-22 14:14:52.171  5534  5534 I CircleCornerLayout: draw
08-22 14:14:52.171  5534  5534 I InfinitePageController_Page:10: InfinitePageController#ChildDrawingOrderCallback- pageIndex: 10	childCount:	2	i:	1	focusedIndex:	-1	result:	0
08-22 14:14:52.171  5534  5534 I CircleCornerLayout: draw
08-22 14:14:52.171  5534  5534 I CircleCornerLayout: draw
08-22 14:14:52.181  5534  5534 I CircleCornerLayout: draw
08-22 14:14:52.181  5534  5534 I CircleCornerLayout: draw
08-22 14:14:52.181  5534  5534 I CircleCornerLayout: draw
08-22 14:14:52.181  5534  5534 I CircleCornerLayout: draw
08-22 14:14:52.181  5534  5534 I CircleCornerLayout: draw
08-22 14:14:52.191  5534  5534 I CircleCornerLayout: draw
08-22 14:14:52.191  5534  5534 I CircleCornerLayout: draw
08-22 14:14:52.191  5534  5534 I CircleCornerLayout: draw
08-22 14:14:52.221  5534  5534 I InfinitePageController_Page:9: InfinitePageController#ChildDrawingOrderCallback- pageIndex: 9	childCount:	2	i:	0	focusedIndex:	-1	result:	1
08-22 14:14:52.221  5534  5534 I CircleCornerLayout: draw
08-22 14:14:52.221  5534  5534 I CircleCornerLayout: draw
08-22 14:14:52.221  5534  5534 I InfinitePageController_Page:9: InfinitePageController#ChildDrawingOrderCallback- pageIndex: 9	childCount:	2	i:	1	focusedIndex:	-1	result:	0
08-22 14:14:52.221  5534  5534 I CircleCornerLayout: draw
08-22 14:14:52.221  5534  5534 I CircleCornerLayout: draw
08-22 14:14:52.221  5534  5534 I CircleCornerLayout: draw
08-22 14:14:52.231  5534  5534 I CircleCornerLayout: draw
08-22 14:14:52.231  5534  5534 I InfinitePageController_Page:10: InfinitePageController#ChildDrawingOrderCallback- pageIndex: 10	childCount:	2	i:	0	focusedIndex:	-1	result:	1
08-22 14:14:52.231  5534  5534 I CircleCornerLayout: draw
08-22 14:14:52.231  5534  5534 I CircleCornerLayout: draw
08-22 14:14:52.231  5534  5534 I CircleCornerLayout: draw
08-22 14:14:52.231  5534  5534 I CircleCornerLayout: draw
08-22 14:14:52.231  5534  5534 I CircleCornerLayout: draw
08-22 14:14:52.231  5534  5534 I CircleCornerLayout: draw
08-22 14:14:52.231  5534  5534 I InfinitePageController_Page:10: InfinitePageController#ChildDrawingOrderCallback- pageIndex: 10	childCount:	2	i:	1	focusedIndex:	-1	result:	0
08-22 14:14:52.231  5534  5534 I CircleCornerLayout: draw
08-22 14:14:52.231  5534  5534 I CircleCornerLayout: draw
08-22 14:14:52.231  5534  5534 I CircleCornerLayout: draw
08-22 14:14:52.231  5534  5534 I CircleCornerLayout: draw
08-22 14:14:52.231  5534  5534 I CircleCornerLayout: draw
08-22 14:14:52.231  5534  5534 I CircleCornerLayout: draw
08-22 14:14:52.231  5534  5534 I CircleCornerLayout: draw
08-22 14:14:52.241  5534  5534 I CircleCornerLayout: draw
08-22 14:14:52.241  5534  5534 I CircleCornerLayout: draw
08-22 14:14:52.241  5534  5534 I CircleCornerLayout: draw
08-22 14:14:52.261  5723  5723 D XIRI_driver: send to xiri: {"cmd":"key","event":0,"keycode":105,"pid":1,"vid":1,"devnum":0}
08-22 14:14:52.261  5193  5294 D WindowManager: interceptKeyTq keycode=21 screenIsOn=true keyguardActive=false policyFlags=2000000 isWakeKey=false
08-22 14:14:52.261  5840  6062 D pcapcmcc4: topactivity: TOPACTIVITY@1@892264126
08-22 14:14:52.261  5840  6062 D pcapcmcc4: 
08-22 14:14:52.261  5193  5294 I WindowManager: mapkey no map key list
08-22 14:14:52.261  5193  5293 D WindowManager: interceptKeyTi keyCode=21 down=false repeatCount=0 keyguardOn=false mHomePressed=false canceled=false CM201_guangdong_zhuoying
08-22 14:14:52.261  5193  5293 D WindowManager:  currentPackage = cn.gd.snm.snmcm.LauncherActivity
08-22 14:14:52.261  5193  5293 D chenl   : mkeyAgingDragonboxCount: 0
08-22 14:14:52.261  5840  6063 D pcapcmcc4: recv client data2:#MESSAGE#TOPACTIVITY#892264126#cn.gd.snm.snmcm#cn.gd.snm.snmcm.LauncherActivity#
08-22 14:14:52.261  5840  6063 D pcapcmcc4: wait for client
08-22 14:14:52.271  5534  5534 I InfinitePageController_Page:9: InfinitePageController#ChildDrawingOrderCallback- pageIndex: 9	childCount:	2	i:	0	focusedIndex:	-1	result:	1
08-22 14:14:52.271  5534  5534 I CircleCornerLayout: draw
08-22 14:14:52.271  5534  5534 I CircleCornerLayout: draw
08-22 14:14:52.271  5534  5534 I InfinitePageController_Page:9: InfinitePageController#ChildDrawingOrderCallback- pageIndex: 9	childCount:	2	i:	1	focusedIndex:	-1	result:	0
08-22 14:14:52.271  5534  5534 I CircleCornerLayout: draw
08-22 14:14:52.281  5534  5534 I CircleCornerLayout: draw
08-22 14:14:52.281  5534  5534 I CircleCornerLayout: draw
08-22 14:14:52.281  5534  5534 I CircleCornerLayout: draw
08-22 14:14:52.291  5534  5534 I InfinitePageController_Page:10: InfinitePageController#ChildDrawingOrderCallback- pageIndex: 10	childCount:	2	i:	0	focusedIndex:	-1	result:	1
08-22 14:14:52.291  5534  5534 I CircleCornerLayout: draw
08-22 14:14:52.291  5534  5534 I CircleCornerLayout: draw
08-22 14:14:52.291  5534  5534 I CircleCornerLayout: draw
08-22 14:14:52.291  5534  5534 I CircleCornerLayout: draw
08-22 14:14:52.291  5534  5534 I CircleCornerLayout: draw
08-22 14:14:52.291  5534  5534 I CircleCornerLayout: draw
08-22 14:14:52.291  5534  5534 I InfinitePageController_Page:10: InfinitePageController#ChildDrawingOrderCallback- pageIndex: 10	childCount:	2	i:	1	focusedIndex:	-1	result:	0
08-22 14:14:52.291  5534  5534 I CircleCornerLayout: draw
08-22 14:14:52.291  5840  6060 D pcapcmcc4: analyse_ts_packet_from_rtp duplication: 4
08-22 14:14:52.291  5534  5534 I CircleCornerLayout: draw
08-22 14:14:52.291  5534  5534 I CircleCornerLayout: draw
08-22 14:14:52.291  5534  5534 I CircleCornerLayout: draw
08-22 14:14:52.291  5534  5534 I CircleCornerLayout: draw
08-22 14:14:52.291  5534  5534 I CircleCornerLayout: draw
08-22 14:14:52.291  5534  5534 I CircleCornerLayout: draw
08-22 14:14:52.301  5534  5534 I CircleCornerLayout: draw
08-22 14:14:52.301  5534  5534 I CircleCornerLayout: draw
08-22 14:14:52.301  5534  5534 I CircleCornerLayout: draw
08-22 14:14:52.321  5840  6060 D pcapcmcc4: analyse_ts_packet_from_rtp duplication: 4
08-22 14:14:52.331  5534  5534 I InfinitePageController_Page:9: InfinitePageController#ChildDrawingOrderCallback- pageIndex: 9	childCount:	2	i:	0	focusedIndex:	-1	result:	1
08-22 14:14:52.331  5534  5534 I CircleCornerLayout: draw
08-22 14:14:52.331  5534  5534 I CircleCornerLayout: draw
08-22 14:14:52.331  5534  5534 I InfinitePageController_Page:9: InfinitePageController#ChildDrawingOrderCallback- pageIndex: 9	childCount:	2	i:	1	focusedIndex:	-1	result:	0
08-22 14:14:52.331  5534  5534 I CircleCornerLayout: draw
08-22 14:14:52.331  5534  5534 I CircleCornerLayout: draw
08-22 14:14:52.341  5534  5534 I CircleCornerLayout: draw
08-22 14:14:52.341  5534  5534 I CircleCornerLayout: draw
08-22 14:14:52.341  5534  5534 I InfinitePageController_Page:10: InfinitePageController#ChildDrawingOrderCallback- pageIndex: 10	childCount:	2	i:	0	focusedIndex:	-1	result:	1
08-22 14:14:52.341  5534  5534 I CircleCornerLayout: draw
08-22 14:14:52.341  5534  5534 I CircleCornerLayout: draw
08-22 14:14:52.341  5534  5534 I CircleCornerLayout: draw
08-22 14:14:52.341  5534  5534 I CircleCornerLayout: draw
08-22 14:14:52.341  5534  5534 I CircleCornerLayout: draw
08-22 14:14:52.341  5534  5534 I CircleCornerLayout: draw
08-22 14:14:52.341  5534  5534 I InfinitePageController_Page:10: InfinitePageController#ChildDrawingOrderCallback- pageIndex: 10	childCount:	2	i:	1	focusedIndex:	-1	result:	0
08-22 14:14:52.341  5534  5534 I CircleCornerLayout: draw
08-22 14:14:52.341  5534  5534 I CircleCornerLayout: draw
08-22 14:14:52.341  5534  5534 I CircleCornerLayout: draw
08-22 14:14:52.341  5534  5534 I CircleCornerLayout: draw
08-22 14:14:52.341  5534  5534 I CircleCornerLayout: draw
08-22 14:14:52.351  5534  5534 I CircleCornerLayout: draw
08-22 14:14:52.351  5534  5534 I CircleCornerLayout: draw
08-22 14:14:52.361  5534  5534 I CircleCornerLayout: draw
08-22 14:14:52.361  5534  5534 I CircleCornerLayout: draw
08-22 14:14:52.361  5534  5534 I CircleCornerLayout: draw
08-22 14:14:52.361  5840  6060 D pcapcmcc4: analyse_ts_packet_from_rtp duplication: 0
08-22 14:14:52.381  5534  5534 I InfinitePageController_Page:9: InfinitePageController#ChildDrawingOrderCallback- pageIndex: 9	childCount:	2	i:	0	focusedIndex:	-1	result:	1
08-22 14:14:52.381  5534  5534 I CircleCornerLayout: draw
08-22 14:14:52.381  5534  5534 I CircleCornerLayout: draw
08-22 14:14:52.381  5534  5534 I InfinitePageController_Page:9: InfinitePageController#ChildDrawingOrderCallback- pageIndex: 9	childCount:	2	i:	1	focusedIndex:	-1	result:	0
08-22 14:14:52.381  5534  5534 I CircleCornerLayout: draw
08-22 14:14:52.391  5534  5534 I CircleCornerLayout: draw
08-22 14:14:52.391  5534  5534 I CircleCornerLayout: draw
08-22 14:14:52.391  5840  6060 D pcapcmcc4: analyse_ts_packet_from_rtp duplication: 5
08-22 14:14:52.391  5534  5534 I CircleCornerLayout: draw
08-22 14:14:52.401  5534  5534 I InfinitePageController_Page:10: InfinitePageController#ChildDrawingOrderCallback- pageIndex: 10	childCount:	2	i:	0	focusedIndex:	-1	result:	1
08-22 14:14:52.401  5534  5534 I CircleCornerLayout: draw
08-22 14:14:52.401  5534  5534 I CircleCornerLayout: draw
08-22 14:14:52.401  5534  5534 I CircleCornerLayout: draw
08-22 14:14:52.401  5534  5534 I CircleCornerLayout: draw
08-22 14:14:52.401  5534  5534 I CircleCornerLayout: draw
08-22 14:14:52.401  5534  5534 I CircleCornerLayout: draw
08-22 14:14:52.401  5534  5534 I InfinitePageController_Page:10: InfinitePageController#ChildDrawingOrderCallback- pageIndex: 10	childCount:	2	i:	1	focusedIndex:	-1	result:	0
08-22 14:14:52.401  5534  5534 I CircleCornerLayout: draw
08-22 14:14:52.401  5534  5534 I CircleCornerLayout: draw
08-22 14:14:52.401  5534  5534 I CircleCornerLayout: draw
08-22 14:14:52.401  5534  5534 I CircleCornerLayout: draw
08-22 14:14:52.401  5534  5534 I CircleCornerLayout: draw
08-22 14:14:52.401  5534  5534 I CircleCornerLayout: draw
08-22 14:14:52.401  5534  5534 I CircleCornerLayout: draw
08-22 14:14:52.411  5534  5534 I CircleCornerLayout: draw
08-22 14:14:52.411  5534  5534 I CircleCornerLayout: draw
08-22 14:14:52.411  5534  5534 I CircleCornerLayout: draw
08-22 14:14:52.431  5534  5534 I InfinitePageController_Page:9: InfinitePageController#ChildDrawingOrderCallback- pageIndex: 9	childCount:	2	i:	0	focusedIndex:	-1	result:	1
08-22 14:14:52.431  5534  5534 I CircleCornerLayout: draw
08-22 14:14:52.441  5534  5534 I CircleCornerLayout: draw
08-22 14:14:52.441  5534  5534 I InfinitePageController_Page:9: InfinitePageController#ChildDrawingOrderCallback- pageIndex: 9	childCount:	2	i:	1	focusedIndex:	-1	result:	0
08-22 14:14:52.441  5534  5534 I CircleCornerLayout: draw
08-22 14:14:52.441  5534  5534 I CircleCornerLayout: draw
08-22 14:14:52.441  5534  5534 I CircleCornerLayout: draw
08-22 14:14:52.451  3792  5092 I libplayer_udrm: [udrm_thread_t 3792] cfg_file_path: /data/unitcfg.txt
08-22 14:14:52.451  3792  5092 E libplayer_udrm: [udrm_thread_t 3792] can not open /data/unitcfg.txt!
08-22 14:14:52.451  5534  5534 I CircleCornerLayout: draw
08-22 14:14:52.451  5534  5534 I InfinitePageController_Page:10: InfinitePageController#ChildDrawingOrderCallback- pageIndex: 10	childCount:	2	i:	0	focusedIndex:	-1	result:	1
08-22 14:14:52.451  5534  5534 I CircleCornerLayout: draw
08-22 14:14:52.451  5534  5534 I CircleCornerLayout: draw
08-22 14:14:52.451  5534  5534 I CircleCornerLayout: draw
08-22 14:14:52.451  5534  5534 I CircleCornerLayout: draw
08-22 14:14:52.451  5534  5534 I CircleCornerLayout: draw
08-22 14:14:52.451  5534  5534 I CircleCornerLayout: draw
08-22 14:14:52.451  5534  5534 I InfinitePageController_Page:10: InfinitePageController#ChildDrawingOrderCallback- pageIndex: 10	childCount:	2	i:	1	focusedIndex:	-1	result:	0
08-22 14:14:52.451  5534  5534 I CircleCornerLayout: draw
08-22 14:14:52.451  5534  5534 I CircleCornerLayout: draw
08-22 14:14:52.451  5534  5534 I CircleCornerLayout: draw
08-22 14:14:52.451  5534  5534 I CircleCornerLayout: draw
08-22 14:14:52.451  5534  5534 I CircleCornerLayout: draw
08-22 14:14:52.451  5534  5534 I CircleCornerLayout: draw
08-22 14:14:52.451  5534  5534 I CircleCornerLayout: draw
08-22 14:14:52.461  5534  5534 I CircleCornerLayout: draw
08-22 14:14:52.461  5534  5534 I CircleCornerLayout: draw
08-22 14:14:52.461  5534  5534 I CircleCornerLayout: draw
08-22 14:14:52.491  5534  5534 I InfinitePageController_Page:9: InfinitePageController#ChildDrawingOrderCallback- pageIndex: 9	childCount:	2	i:	0	focusedIndex:	-1	result:	1
08-22 14:14:52.491  5534  5534 I CircleCornerLayout: draw
08-22 14:14:52.491  5534  5534 I CircleCornerLayout: draw
08-22 14:14:52.491  5534  5534 I InfinitePageController_Page:9: InfinitePageController#ChildDrawingOrderCallback- pageIndex: 9	childCount:	2	i:	1	focusedIndex:	-1	result:	0
08-22 14:14:52.491  5534  5534 I CircleCornerLayout: draw
08-22 14:14:52.501  5534  5534 I CircleCornerLayout: draw
08-22 14:14:52.501  5534  5534 I CircleCornerLayout: draw
08-22 14:14:52.501  5534  5534 I CircleCornerLayout: draw
08-22 14:14:52.501  5534  5534 I InfinitePageController_Page:10: InfinitePageController#ChildDrawingOrderCallback- pageIndex: 10	childCount:	2	i:	0	focusedIndex:	-1	result:	1
08-22 14:14:52.501  5534  5534 I CircleCornerLayout: draw
08-22 14:14:52.511  5534  5534 I CircleCornerLayout: draw
08-22 14:14:52.511  5534  5534 I CircleCornerLayout: draw
08-22 14:14:52.511  5534  5534 I CircleCornerLayout: draw
08-22 14:14:52.511  5534  5534 I CircleCornerLayout: draw
08-22 14:14:52.511  5534  5534 I CircleCornerLayout: draw
08-22 14:14:52.511  5534  5534 I InfinitePageController_Page:10: InfinitePageController#ChildDrawingOrderCallback- pageIndex: 10	childCount:	2	i:	1	focusedIndex:	-1	result:	0
08-22 14:14:52.511  5534  5534 I CircleCornerLayout: draw
08-22 14:14:52.511  5534  5534 I CircleCornerLayout: draw
08-22 14:14:52.511  5534  5534 I CircleCornerLayout: draw
08-22 14:14:52.511  5534  5534 I CircleCornerLayout: draw
08-22 14:14:52.511  5534  5534 I CircleCornerLayout: draw
08-22 14:14:52.511  5534  5534 I CircleCornerLayout: draw
08-22 14:14:52.511  5534  5534 I CircleCornerLayout: draw
08-22 14:14:52.521  5534  5534 I CircleCornerLayout: draw
08-22 14:14:52.521  5534  5534 I CircleCornerLayout: draw
08-22 14:14:52.521  5534  5534 I CircleCornerLayout: draw
08-22 14:14:52.521  5840  6060 D pcapcmcc4: df = 499554231, 2128576907, -2138984776, 4319, 987813, 4316
08-22 14:14:52.571  5840  6060 D pcapcmcc4: analyse_ts_packet_from_rtp duplication: 13
08-22 14:14:52.571  5193  6157 D ConnectivityService: Trace_network, pid5635 ProcessName: com.iflytek.xiri  Label: 
08-22 14:14:52.571  5193  6157 D ConnectivityService: AML-getActiveNetworkInfo: com.iflytek.xiri mActiveDefaultNetwork: 9
08-22 14:14:52.571  5193  6157 D ConnectivityService: Trace_network, getNetworkInfo:NetworkInfo: type: ethernet[], state: CONNECTED/CONNECTED, reason: (unspecified), extra: (none), roaming: false, failover: false, isAvailable: true, isConnectedToProvisioningNetwork: false
08-22 14:14:52.601  5840  6060 D pcapcmcc4: analyse_ts_packet_from_rtp duplication: 8
08-22 14:14:52.671  5786  5789 D dalvikvm: GC_CONCURRENT freed 1658K, 26% free 5917K/7948K, paused 3ms+2ms, total 25ms
08-22 14:14:52.671  5786  5059 D dalvikvm: WAIT_FOR_CONCURRENT_GC blocked 21ms
08-22 14:14:52.801  5723  5723 D XIRI_driver: send to xiri: {"cmd":"key","event":1,"keycode":97,"pid":1,"vid":1,"devnum":0}
08-22 14:14:52.801  5193  5294 D WindowManager: interceptKeyTq keycode=23 screenIsOn=true keyguardActive=false policyFlags=2000000 isWakeKey=false
08-22 14:14:52.801  5193  5294 I WindowManager: mapkey no map key list
08-22 14:14:52.801  5193  5293 D PowerManagerService: updateUserActivitySummaryLocked, mLastUserActivityTime: 11569328, screenOffTimeout: 2147483647
08-22 14:14:52.801  5193  5293 D PowerManagerService: updateUserActivitySummaryLocked, mBroadcastTimeout: 2159052230, dialog show enable: true
08-22 14:14:52.801  5193  5293 D PowerManagerService: updateUserActivitySummaryLocked, now: 11569329, nextTimeout: 2159045975
08-22 14:14:52.801  5193  5293 D PowerManagerService: mGoToSleepCountDownDialog show
08-22 14:14:52.811  5193  5293 D WindowManager: interceptKeyTi keyCode=23 down=true repeatCount=0 keyguardOn=false mHomePressed=false canceled=false CM201_guangdong_zhuoying
08-22 14:14:52.811  5193  5293 D WindowManager:  currentPackage = cn.gd.snm.snmcm.LauncherActivity
08-22 14:14:52.811  5193  5293 D chenl   : mkeyAgingDragonboxCount: 0
08-22 14:14:52.811  5193  5293 D WindowManager: [mobile] send keyevent broadcast=23 repeatCount:0
08-22 14:14:52.811  5193  5293 D WindowManager: com.chinamobile.action.IR_TEST  lirphycode = 0x00ceDD22
08-22 14:14:52.811  5193  5293 W ContextImpl: Calling a method in the system process without a qualified user: android.app.ContextImpl.sendBroadcast:1283 com.android.internal.policy.impl.PhoneWindowManager.broadcastMobileKeyEvent:10781 com.android.internal.policy.impl.PhoneWindowManager.interceptKeyBeforeDispatching:3816 com.android.server.wm.InputMonitor.interceptKeyBeforeDispatching:374 com.android.server.input.InputManagerService.interceptKeyBeforeDispatching:1393 
08-22 14:14:52.811  5193  5293 W ContextImpl: Calling a method in the system process without a qualified user: android.app.ContextImpl.sendBroadcast:1283 com.android.internal.policy.impl.PhoneWindowManager.broadcastMobileKeyEvent:10798 com.android.internal.policy.impl.PhoneWindowManager.interceptKeyBeforeDispatching:3816 com.android.server.wm.InputMonitor.interceptKeyBeforeDispatching:374 com.android.server.input.InputManagerService.interceptKeyBeforeDispatching:1393 
08-22 14:14:52.871  5786  5059 D dalvikvm: GC_FOR_ALLOC freed 1620K, 26% free 5908K/7948K, paused 20ms, total 20ms
08-22 14:14:52.921  5840  6060 D pcapcmcc4: analyse_ts_packet_from_rtp,interval = 27265518, rate = 987813, 747, 11, 4113, 994339, 986501
08-22 14:14:52.991  5840  6059 D pcapcmcc4: udp_num = 1370, 11586000
08-22 14:14:53.001  5723  5723 D XIRI_driver: send to xiri: {"cmd":"key","event":0,"keycode":97,"pid":1,"vid":1,"devnum":0}
08-22 14:14:53.001  5193  5294 D WindowManager: interceptKeyTq keycode=23 screenIsOn=true keyguardActive=false policyFlags=2000000 isWakeKey=false
08-22 14:14:53.001  5193  5294 I WindowManager: mapkey no map key list
08-22 14:14:53.001  5193  5293 D WindowManager: interceptKeyTi keyCode=23 down=false repeatCount=0 keyguardOn=false mHomePressed=false canceled=false CM201_guangdong_zhuoying
08-22 14:14:53.001  5840  6062 D pcapcmcc4: topactivity: TOPACTIVITY@1@893004109
08-22 14:14:53.001  5840  6062 D pcapcmcc4: 
08-22 14:14:53.001  5193  5293 D WindowManager:  currentPackage = cn.gd.snm.snmcm.LauncherActivity
08-22 14:14:53.001  5193  5293 D chenl   : mkeyAgingDragonboxCount: 0
08-22 14:14:53.001  5534  5534 I LauncherReportEvent: componentOnclick
08-22 14:14:53.021  5193  6156 I ActivityManager: START u0 {cmp=cn.gd.snm.snmcm/cn.gd.snm.personal.PersonalCenterActivity (has extras)} from pid 5534
08-22 14:14:53.031  5193  6156 I ActivityManager: start package name is cn.gd.snm.snmcm, class name is cn.gd.snm.personal.PersonalCenterActivity, error code is 0
08-22 14:14:53.031  5193  6156 D ActivityManager: start Activity is not LivePlayerActivity, no need skip, set false
08-22 14:14:53.041  6138  6659 W ContextImpl: Calling a method in the system process without a qualified user: android.app.ContextImpl.startService:1639 android.content.ContextWrapper.startService:494 com.iflytek.xiri.system.ControlService$6.run:369 java.util.concurrent.Executors$RunnableAdapter.call:422 java.util.concurrent.FutureTask.runAndReset:279 
