08-22 14:14:44.271  5534  5534 I InfinitePageController_Page:10: InfinitePageController#ChildDrawingOrderCallback- pageIndex: 10	childCount:	2	i:	1	focusedIndex:	-1	result:	0
08-22 14:14:44.271  5534  5534 I CircleCornerLayout: draw
08-22 14:14:44.271  5534  5534 I CircleCornerLayout: draw
08-22 14:14:44.271  5534  5534 I CircleCornerLayout: draw
08-22 14:14:44.271  5534  5534 I CircleCornerLayout: draw
08-22 14:14:44.271  5534  5534 I CircleCornerLayout: draw
08-22 14:14:44.271  5840  6060 D pcapcmcc4: analyse_ts_packet_from_rtp duplication: 8
08-22 14:14:44.271  5534  5534 I CircleCornerLayout: draw
08-22 14:14:44.271  5534  5534 I CircleCornerLayout: draw
08-22 14:14:44.281  5840  6060 D pcapcmcc4: analyse_ts_packet_from_rtp duplication: 8
08-22 14:14:44.281  5840  6060 D pcapcmcc4: analyse_ts_packet_from_rtp duplication: 8
08-22 14:14:44.281  5534  5534 I CircleCornerLayout: draw
08-22 14:14:44.281  5534  5534 I CircleCornerLayout: draw
08-22 14:14:44.281  5534  5534 I CircleCornerLayout: draw
08-22 14:14:44.291  5840  6060 D pcapcmcc4: analyse_ts_packet_from_rtp duplication: 8
08-22 14:14:44.301  5786  7373 W System.err: java.net.SocketTimeoutException: failed to connect to data.hpplay.com.cn/120.77.124.138 (port 8848) after 5000ms
08-22 14:14:44.301  5786  7373 W System.err: 	at libcore.io.IoBridge.connectErrno(IoBridge.java:159)
08-22 14:14:44.301  5786  7373 W System.err: 	at libcore.io.IoBridge.connect(IoBridge.java:112)
08-22 14:14:44.301  5786  7373 W System.err: 	at java.net.PlainSocketImpl.connect(PlainSocketImpl.java:192)
08-22 14:14:44.301  5786  7373 W System.err: 	at java.net.PlainSocketImpl.connect(PlainSocketImpl.java:459)
08-22 14:14:44.301  5786  7373 W System.err: 	at java.net.Socket.connect(Socket.java:843)
08-22 14:14:44.301  5786  7373 W System.err: 	at com.android.okhttp.internal.Platform.connectSocket(Platform.java:152)
08-22 14:14:44.301  5786  7373 W System.err: 	at com.android.okhttp.Connection.connect(Connection.java:101)
08-22 14:14:44.301  5786  7373 W System.err: 	at com.android.okhttp.internal.http.HttpEngine.connect(HttpEngine.java:294)
08-22 14:14:44.301  5786  7373 W System.err: 	at com.android.okhttp.internal.http.HttpEngine.sendSocketRequest(HttpEngine.java:255)
08-22 14:14:44.301  5786  7373 W System.err: 	at com.android.okhttp.internal.http.HttpEngine.sendRequest(HttpEngine.java:206)
08-22 14:14:44.301  5786  7373 W System.err: 	at com.android.okhttp.internal.http.HttpURLConnectionImpl.execute(HttpURLConnectionImpl.java:345)
08-22 14:14:44.301  5786  7373 W System.err: 	at com.android.okhttp.internal.http.HttpURLConnectionImpl.connect(HttpURLConnectionImpl.java:89)
08-22 14:14:44.301  5786  7373 W System.err: 	at com.android.okhttp.internal.http.HttpURLConnectionImpl.getOutputStream(HttpURLConnectionImpl.java:197)
08-22 14:14:44.301  5786  7373 W System.err: 	at com.hpplay.lelink.n.a(Unknown Source)
08-22 14:14:44.301  5786  7373 W System.err: 	at com.hpplay.lelink.p.run(Unknown Source)
08-22 14:14:44.301  5786  7373 W System.err: 	at java.util.Timer$TimerImpl.run(Timer.java:284)
08-22 14:14:44.311  5840  6060 D pcapcmcc4: analyse_ts_packet_from_rtp duplication: 8
08-22 14:14:44.311  5534  5534 I InfinitePageController_Page:9: InfinitePageController#ChildDrawingOrderCallback- pageIndex: 9	childCount:	2	i:	0	focusedIndex:	-1	result:	1
08-22 14:14:44.311  5534  5534 I CircleCornerLayout: draw
08-22 14:14:44.311  5534  5534 I CircleCornerLayout: draw
08-22 14:14:44.311  5840  6060 D pcapcmcc4: analyse_ts_packet_from_rtp duplication: 8
08-22 14:14:44.311  5534  5534 I InfinitePageController_Page:9: InfinitePageController#ChildDrawingOrderCallback- pageIndex: 9	childCount:	2	i:	1	focusedIndex:	-1	result:	0
08-22 14:14:44.311  5534  5534 I CircleCornerLayout: draw
08-22 14:14:44.321  5534  5534 I CircleCornerLayout: draw
08-22 14:14:44.321  5534  5534 I CircleCornerLayout: draw
08-22 14:14:44.321  5534  5534 I CircleCornerLayout: draw
08-22 14:14:44.321  5840  6060 D pcapcmcc4: analyse_ts_packet_from_rtp duplication: 8
08-22 14:14:44.331  5534  5534 I InfinitePageController_Page:10: InfinitePageController#ChildDrawingOrderCallback- pageIndex: 10	childCount:	2	i:	0	focusedIndex:	-1	result:	1
08-22 14:14:44.331  5534  5534 I CircleCornerLayout: draw
08-22 14:14:44.331  5534  5534 I CircleCornerLayout: draw
08-22 14:14:44.331  5534  5534 I CircleCornerLayout: draw
08-22 14:14:44.331  5534  5534 I CircleCornerLayout: draw
08-22 14:14:44.331  5534  5534 I CircleCornerLayout: draw
08-22 14:14:44.331  5534  5534 I CircleCornerLayout: draw
08-22 14:14:44.331  5534  5534 I InfinitePageController_Page:10: InfinitePageController#ChildDrawingOrderCallback- pageIndex: 10	childCount:	2	i:	1	focusedIndex:	-1	result:	0
08-22 14:14:44.331  5534  5534 I CircleCornerLayout: draw
08-22 14:14:44.331  5534  5534 I CircleCornerLayout: draw
08-22 14:14:44.331  5534  5534 I CircleCornerLayout: draw
08-22 14:14:44.331  5534  5534 I CircleCornerLayout: draw
08-22 14:14:44.331  5534  5534 I CircleCornerLayout: draw
08-22 14:14:44.331  5534  5534 I CircleCornerLayout: draw
08-22 14:14:44.331  5534  5534 I CircleCornerLayout: draw
08-22 14:14:44.331  5840  6060 D pcapcmcc4: analyse_ts_packet_from_rtp duplication: 8
08-22 14:14:44.341  5840  6060 D pcapcmcc4: analyse_ts_packet_from_rtp duplication: 8
08-22 14:14:44.341  5534  5534 I CircleCornerLayout: draw
08-22 14:14:44.341  5534  5534 I CircleCornerLayout: draw
08-22 14:14:44.341  5534  5534 I CircleCornerLayout: draw
08-22 14:14:44.351  5723  5723 D XIRI_driver: send to xiri: {"cmd":"key","event":0,"keycode":103,"pid":1,"vid":1,"devnum":0}
08-22 14:14:44.351  5193  5294 D WindowManager: interceptKeyTq keycode=19 screenIsOn=true keyguardActive=false policyFlags=2000000 isWakeKey=false
08-22 14:14:44.351  5193  5294 I WindowManager: mapkey no map key list
08-22 14:14:44.351  5193  5293 D WindowManager: interceptKeyTi keyCode=19 down=false repeatCount=0 keyguardOn=false mHomePressed=false canceled=false CM201_guangdong_zhuoying
08-22 14:14:44.351  5840  6060 D pcapcmcc4: analyse_ts_packet_from_rtp duplication: 8
08-22 14:14:44.351  5193  5293 D WindowManager:  currentPackage = cn.gd.snm.snmcm.LauncherActivity
08-22 14:14:44.351  5193  5293 D chenl   : mkeyAgingDragonboxCount: 0
08-22 14:14:44.351  5840  6062 D pcapcmcc4: topactivity: TOPACTIVITY@1@884354114
08-22 14:14:44.351  5840  6062 D pcapcmcc4: 
08-22 14:14:44.351  5840  6060 D pcapcmcc4: analyse_ts_packet_from_rtp duplication: 8
08-22 14:14:44.351  5840  6060 D pcapcmcc4: analyse_ts_packet_from_rtp duplication: 8
08-22 14:14:44.371  5534  5534 I InfinitePageController_Page:9: InfinitePageController#ChildDrawingOrderCallback- pageIndex: 9	childCount:	2	i:	0	focusedIndex:	-1	result:	1
08-22 14:14:44.371  5534  5534 I CircleCornerLayout: draw
08-22 14:14:44.371  5534  5534 I CircleCornerLayout: draw
08-22 14:14:44.371  5534  5534 I InfinitePageController_Page:9: InfinitePageController#ChildDrawingOrderCallback- pageIndex: 9	childCount:	2	i:	1	focusedIndex:	-1	result:	0
08-22 14:14:44.371  5534  5534 I CircleCornerLayout: draw
08-22 14:14:44.371  5534  5534 I CircleCornerLayout: draw
08-22 14:14:44.371  5534  5534 I CircleCornerLayout: draw
08-22 14:14:44.381  5840  6060 D pcapcmcc4: analyse_ts_packet_from_rtp duplication: 8
08-22 14:14:44.381  5534  5534 I CircleCornerLayout: draw
08-22 14:14:44.381  5840  6060 D pcapcmcc4: analyse_ts_packet_from_rtp duplication: 8
08-22 14:14:44.381  5534  5534 I InfinitePageController_Page:10: InfinitePageController#ChildDrawingOrderCallback- pageIndex: 10	childCount:	2	i:	0	focusedIndex:	-1	result:	1
08-22 14:14:44.381  5534  5534 I CircleCornerLayout: draw
08-22 14:14:44.381  5534  5534 I CircleCornerLayout: draw
08-22 14:14:44.381  5534  5534 I CircleCornerLayout: draw
08-22 14:14:44.381  5534  5534 I CircleCornerLayout: draw
08-22 14:14:44.381  5534  5534 I CircleCornerLayout: draw
08-22 14:14:44.381  5534  5534 I CircleCornerLayout: draw
08-22 14:14:44.381  5534  5534 I InfinitePageController_Page:10: InfinitePageController#ChildDrawingOrderCallback- pageIndex: 10	childCount:	2	i:	1	focusedIndex:	-1	result:	0
08-22 14:14:44.381  5534  5534 I CircleCornerLayout: draw
08-22 14:14:44.381  5534  5534 I CircleCornerLayout: draw
08-22 14:14:44.381  5534  5534 I CircleCornerLayout: draw
08-22 14:14:44.381  5534 15971 I System.out: RxCache: RetrieveRecord-retrieveRecord:record: io.rx_cache2.internal.Record@46f25798
08-22 14:14:44.381  5534 15971 I System.out: RxCache: RetrieveRecord-retrieveRecord:record is expired
08-22 14:14:44.381  5534 15971 I System.out: RxCache: RetrieveRecord-retrieveRecord:expired cache rule:true
08-22 14:14:44.381  5534 15971 I System.out: RxCache: ProcessorProvidersBehaviour-getData-record:io.rx_cache2.internal.Record@46f25798
08-22 14:14:44.381  5534 15971 I System.out: RxCache: ProcessorProvidersBehaviour-getData-use loader first
08-22 14:14:44.381  5534  5534 I CircleCornerLayout: draw
08-22 14:14:44.381  5534  5534 I CircleCornerLayout: draw
08-22 14:14:44.381  5534  5534 I CircleCornerLayout: draw
08-22 14:14:44.391  5534  5534 I CircleCornerLayout: draw
08-22 14:14:44.391  5840  6060 D pcapcmcc4: analyse_ts_packet_from_rtp duplication: 8
08-22 14:14:44.391  5840  6060 D pcapcmcc4: add_tcp_node_to_list_new:50496 
08-22 14:14:44.391  5840  6060 D pcapcmcc4: reset pkg_num!
08-22 14:14:44.391  5840  6060 D pcapcmcc4: analyse_ts_packet_from_rtp duplication: 8
08-22 14:14:44.401  5534  5534 I CircleCornerLayout: draw
08-22 14:14:44.401  5534  5534 I CircleCornerLayout: draw
08-22 14:14:44.401  5534  5534 I CircleCornerLayout: draw
08-22 14:14:44.401  5840  6060 D pcapcmcc4: analyse_ts_packet_from_rtp duplication: 8
08-22 14:14:44.411  5840  6060 D pcapcmcc4: analyse_ts_packet_from_rtp duplication: 8
08-22 14:14:44.411  5840  6060 D pcapcmcc4: analyse_ts_packet_from_rtp duplication: 8
08-22 14:14:44.421  5534  5534 I InfinitePageController_Page:9: InfinitePageController#ChildDrawingOrderCallback- pageIndex: 9	childCount:	2	i:	0	focusedIndex:	-1	result:	1
08-22 14:14:44.421  5840  6060 D pcapcmcc4: analyse_ts_packet_from_rtp duplication: 8
08-22 14:14:44.421  5534  5534 I CircleCornerLayout: draw
08-22 14:14:44.421  5534  5534 I CircleCornerLayout: draw
08-22 14:14:44.421  5534  5534 I InfinitePageController_Page:9: InfinitePageController#ChildDrawingOrderCallback- pageIndex: 9	childCount:	2	i:	1	focusedIndex:	-1	result:	0
08-22 14:14:44.421  5534  5534 I CircleCornerLayout: draw
08-22 14:14:44.431  5534  5534 I CircleCornerLayout: draw
08-22 14:14:44.431  5534  5534 I CircleCornerLayout: draw
08-22 14:14:44.431  5534  5534 I CircleCornerLayout: draw
08-22 14:14:44.441  5534  5534 I InfinitePageController_Page:10: InfinitePageController#ChildDrawingOrderCallback- pageIndex: 10	childCount:	2	i:	0	focusedIndex:	-1	result:	1
08-22 14:14:44.441  5534  5534 I CircleCornerLayout: draw
08-22 14:14:44.441  5534  5534 I CircleCornerLayout: draw
08-22 14:14:44.441  5534  5534 I CircleCornerLayout: draw
08-22 14:14:44.441  5534  5534 I CircleCornerLayout: draw
08-22 14:14:44.441  5534  5534 I CircleCornerLayout: draw
08-22 14:14:44.441  5534  5534 I CircleCornerLayout: draw
08-22 14:14:44.441  5534  5534 I InfinitePageController_Page:10: InfinitePageController#ChildDrawingOrderCallback- pageIndex: 10	childCount:	2	i:	1	focusedIndex:	-1	result:	0
08-22 14:14:44.441  5534  5534 I CircleCornerLayout: draw
08-22 14:14:44.441  5534  5534 I CircleCornerLayout: draw
08-22 14:14:44.441  5534  5534 I CircleCornerLayout: draw
08-22 14:14:44.441  5534  5534 I CircleCornerLayout: draw
08-22 14:14:44.441  5534  5534 I CircleCornerLayout: draw
08-22 14:14:44.441  5534  5534 I CircleCornerLayout: draw
08-22 14:14:44.441  5534  5534 I CircleCornerLayout: draw
08-22 14:14:44.451  5534  5534 I CircleCornerLayout: draw
08-22 14:14:44.451  5534  5534 I CircleCornerLayout: draw
08-22 14:14:44.451  5534  5534 I CircleCornerLayout: draw
08-22 14:14:44.461  5840  6060 D pcapcmcc4: analyse_ts_packet_from_rtp, 8657600
08-22 14:14:44.461  5840  6060 D pcapcmcc4: analyse_ts_packet_from_rtp duplication: 8
08-22 14:14:44.461  5840  6060 D pcapcmcc4: analyse_ts_packet_from_rtp duplication: 8
08-22 14:14:44.471  5840  6060 D pcapcmcc4: analyse_ts_packet_from_rtp duplication: 8
08-22 14:14:44.481  5840  6060 D pcapcmcc4: analyse_ts_packet_from_rtp duplication: 8
08-22 14:14:44.481  5840  6060 D pcapcmcc4: analyse_ts_packet_from_rtp duplication: 8
08-22 14:14:44.481  5534  5534 I InfinitePageController_Page:9: InfinitePageController#ChildDrawingOrderCallback- pageIndex: 9	childCount:	2	i:	0	focusedIndex:	-1	result:	1
08-22 14:14:44.481  5534  5534 I CircleCornerLayout: draw
08-22 14:14:44.481  5534  5534 I CircleCornerLayout: draw
08-22 14:14:44.481  5534  5534 I InfinitePageController_Page:9: InfinitePageController#ChildDrawingOrderCallback- pageIndex: 9	childCount:	2	i:	1	focusedIndex:	-1	result:	0
08-22 14:14:44.481  5534  5534 I CircleCornerLayout: draw
08-22 14:14:44.491  5534  5534 I CircleCornerLayout: draw
08-22 14:14:44.491  5534  5534 I CircleCornerLayout: draw
08-22 14:14:44.491  5840  6060 D pcapcmcc4: analyse_ts_packet_from_rtp duplication: 8
08-22 14:14:44.491  5534  5534 I CircleCornerLayout: draw
08-22 14:14:44.501  5534  5534 I InfinitePageController_Page:10: InfinitePageController#ChildDrawingOrderCallback- pageIndex: 10	childCount:	2	i:	0	focusedIndex:	-1	result:	1
08-22 14:14:44.501  5534  5534 I CircleCornerLayout: draw
08-22 14:14:44.501  5534  5534 I CircleCornerLayout: draw
08-22 14:14:44.501  5534  5534 I CircleCornerLayout: draw
08-22 14:14:44.501  5534  5534 I CircleCornerLayout: draw
08-22 14:14:44.501  5534  5534 I CircleCornerLayout: draw
08-22 14:14:44.501  5534  5534 I CircleCornerLayout: draw
08-22 14:14:44.501  5534  5534 I InfinitePageController_Page:10: InfinitePageController#ChildDrawingOrderCallback- pageIndex: 10	childCount:	2	i:	1	focusedIndex:	-1	result:	0
08-22 14:14:44.501  5534  5534 I CircleCornerLayout: draw
08-22 14:14:44.501  5534  5534 I CircleCornerLayout: draw
08-22 14:14:44.501  5534  5534 I CircleCornerLayout: draw
08-22 14:14:44.501  5534  5534 I CircleCornerLayout: draw
08-22 14:14:44.501  5534  5534 I CircleCornerLayout: draw
08-22 14:14:44.501  5534  5534 I CircleCornerLayout: draw
08-22 14:14:44.501  5534  5534 I CircleCornerLayout: draw
08-22 14:14:44.511  5534  5534 I CircleCornerLayout: draw
08-22 14:14:44.511  5534  5534 I CircleCornerLayout: draw
08-22 14:14:44.511  5534  5534 I CircleCornerLayout: draw
08-22 14:14:44.511  5840  6060 D pcapcmcc4: analyse_ts_packet_from_rtp duplication: 8
08-22 14:14:44.511  5840  6060 D pcapcmcc4: analyse_ts_packet_from_rtp duplication: 8
08-22 14:14:44.511  5840  6060 D pcapcmcc4: df = 142191473, 2143619920, -2146241880, 4337, 987813, 4316
08-22 14:14:44.521  5840  6060 D pcapcmcc4: analyse_ts_packet_from_rtp duplication: 8
08-22 14:14:44.531  5840  6060 D pcapcmcc4: analyse_ts_packet_from_rtp duplication: 8
08-22 14:14:44.531  5840  6060 D pcapcmcc4: analyse_ts_packet_from_rtp duplication: 8
08-22 14:14:44.531  5534  5534 I InfinitePageController_Page:9: InfinitePageController#ChildDrawingOrderCallback- pageIndex: 9	childCount:	2	i:	0	focusedIndex:	-1	result:	1
08-22 14:14:44.541  5534  5534 I CircleCornerLayout: draw
08-22 14:14:44.541  5534  5534 I CircleCornerLayout: draw
08-22 14:14:44.541  5534  5534 I InfinitePageController_Page:9: InfinitePageController#ChildDrawingOrderCallback- pageIndex: 9	childCount:	2	i:	1	focusedIndex:	-1	result:	0
08-22 14:14:44.541  5534  5534 I CircleCornerLayout: draw
08-22 14:14:44.541  5840  6060 D pcapcmcc4: analyse_ts_packet_from_rtp duplication: 8
08-22 14:14:44.541  5840  6060 D pcapcmcc4: analyse_ts_packet_from_rtp duplication: 8
08-22 14:14:44.541  5534  5534 I CircleCornerLayout: draw
08-22 14:14:44.541  5534  5534 I CircleCornerLayout: draw
08-22 14:14:44.551  5534  5534 I CircleCornerLayout: draw
08-22 14:14:44.551  5534  5534 I InfinitePageController_Page:10: InfinitePageController#ChildDrawingOrderCallback- pageIndex: 10	childCount:	2	i:	0	focusedIndex:	-1	result:	1
08-22 14:14:44.551  5534  5534 I CircleCornerLayout: draw
08-22 14:14:44.551  5534  5534 I CircleCornerLayout: draw
08-22 14:14:44.551  5534  5534 I CircleCornerLayout: draw
08-22 14:14:44.551  5534  5534 I CircleCornerLayout: draw
08-22 14:14:44.551  5534  5534 I CircleCornerLayout: draw
08-22 14:14:44.551  5534  5534 I CircleCornerLayout: draw
08-22 14:14:44.551  5534  5534 I InfinitePageController_Page:10: InfinitePageController#ChildDrawingOrderCallback- pageIndex: 10	childCount:	2	i:	1	focusedIndex:	-1	result:	0
08-22 14:14:44.551  5534  5534 I CircleCornerLayout: draw
08-22 14:14:44.551  5534  5534 I CircleCornerLayout: draw
08-22 14:14:44.551  5534  5534 I CircleCornerLayout: draw
08-22 14:14:44.551  5534  5534 I CircleCornerLayout: draw
08-22 14:14:44.551  5534  5534 I CircleCornerLayout: draw
08-22 14:14:44.551  5534  5534 I CircleCornerLayout: draw
08-22 14:14:44.551  5534  5534 I CircleCornerLayout: draw
08-22 14:14:44.561  5534  5534 I CircleCornerLayout: draw
08-22 14:14:44.561  5534  5534 I CircleCornerLayout: draw
08-22 14:14:44.561  5534  5534 I CircleCornerLayout: draw
08-22 14:14:44.581  5840  6060 D pcapcmcc4: analyse_ts_packet_from_rtp duplication: 8
08-22 14:14:44.581  5840  6060 D pcapcmcc4: analyse_ts_packet_from_rtp duplication: 8
08-22 14:14:44.581  5840  6060 D pcapcmcc4: analyse_ts_packet_from_rtp duplication: 8
08-22 14:14:44.591  5840  6060 D pcapcmcc4: analyse_ts_packet_from_rtp duplication: 8
08-22 14:14:44.591  5534  5534 I InfinitePageController_Page:9: InfinitePageController#ChildDrawingOrderCallback- pageIndex: 9	childCount:	2	i:	0	focusedIndex:	-1	result:	1
08-22 14:14:44.591  5840  6060 D pcapcmcc4: analyse_ts_packet_from_rtp duplication: 8
08-22 14:14:44.591  5534  5534 I CircleCornerLayout: draw
08-22 14:14:44.591  5534  5534 I CircleCornerLayout: draw
08-22 14:14:44.591  5534  5534 I InfinitePageController_Page:9: InfinitePageController#ChildDrawingOrderCallback- pageIndex: 9	childCount:	2	i:	1	focusedIndex:	-1	result:	0
08-22 14:14:44.591  5534  5534 I CircleCornerLayout: draw
08-22 14:14:44.601  5534  5534 I CircleCornerLayout: draw
08-22 14:14:44.601  5840  6060 D pcapcmcc4: analyse_ts_packet_from_rtp duplication: 8
08-22 14:14:44.601  5840  6060 D pcapcmcc4: analyse_ts_packet_from_rtp duplication: 8
08-22 14:14:44.601  5534  5534 I CircleCornerLayout: draw
08-22 14:14:44.601  5534  5534 I CircleCornerLayout: draw
08-22 14:14:44.611  5534  5534 I InfinitePageController_Page:10: InfinitePageController#ChildDrawingOrderCallback- pageIndex: 10	childCount:	2	i:	0	focusedIndex:	-1	result:	1
08-22 14:14:44.611  5534  5534 I CircleCornerLayout: draw
08-22 14:14:44.611  5534  5534 I CircleCornerLayout: draw
08-22 14:14:44.611  5534  5534 I CircleCornerLayout: draw
08-22 14:14:44.611  5534  5534 I CircleCornerLayout: draw
08-22 14:14:44.611  5534  5534 I CircleCornerLayout: draw
08-22 14:14:44.611  5534  5534 I CircleCornerLayout: draw
08-22 14:14:44.611  5534  5534 I InfinitePageController_Page:10: InfinitePageController#ChildDrawingOrderCallback- pageIndex: 10	childCount:	2	i:	1	focusedIndex:	-1	result:	0
08-22 14:14:44.611  5534  5534 I CircleCornerLayout: draw
08-22 14:14:44.611  5534  5534 I CircleCornerLayout: draw
08-22 14:14:44.611  5534  5534 I CircleCornerLayout: draw
08-22 14:14:44.611  5534  5534 I CircleCornerLayout: draw
08-22 14:14:44.611  5534  5534 I CircleCornerLayout: draw
08-22 14:14:44.611  5534  5534 I CircleCornerLayout: draw
08-22 14:14:44.611  5534  5534 I CircleCornerLayout: draw
08-22 14:14:44.611  5840  6060 D pcapcmcc4: analyse_ts_packet_from_rtp duplication: 8
08-22 14:14:44.621  5534  5534 I CircleCornerLayout: draw
08-22 14:14:44.621  5534  5534 I CircleCornerLayout: draw
08-22 14:14:44.621  5534  5534 I CircleCornerLayout: draw
08-22 14:14:44.631  5840  6060 D pcapcmcc4: analyse_ts_packet_from_rtp duplication: 8
08-22 14:14:44.631  5840  6060 D pcapcmcc4: analyse_ts_packet_from_rtp duplication: 8
08-22 14:14:44.651  5840  6060 D pcapcmcc4: df = 866962410, 2130899626, -2046133460, 13246, 313618, 13148
08-22 14:14:44.651  5840  6060 D pcapcmcc4: analyse_ts_packet_from_rtp duplication: 8
08-22 14:14:44.651  5840  6060 D pcapcmcc4: analyse_ts_packet_from_rtp duplication: 8
08-22 14:14:44.651  5840  6060 D pcapcmcc4: analyse_ts_packet_from_rtp duplication: 8
08-22 14:14:44.661  5840  6060 D pcapcmcc4: analyse_ts_packet_from_rtp duplication: 8
08-22 14:14:44.671  5840  6060 D pcapcmcc4: analyse_ts_packet_from_rtp duplication: 8
08-22 14:14:44.681  5840  6060 D pcapcmcc4: analyse_ts_packet_from_rtp duplication: 8
08-22 14:14:44.691  5840  6060 D pcapcmcc4: analyse_ts_packet_from_rtp duplication: 8
08-22 14:14:44.701  5840  6060 D pcapcmcc4: analyse_ts_packet_from_rtp duplication: 8
08-22 14:14:44.711  5840  6060 D pcapcmcc4: analyse_ts_packet_from_rtp duplication: 8
08-22 14:14:44.721  5840  6060 D pcapcmcc4: analyse_ts_packet_from_rtp duplication: 8
08-22 14:14:44.721  5840  6060 D pcapcmcc4: analyse_ts_packet_from_rtp duplication: 8
08-22 14:14:44.721  5840  6060 D pcapcmcc4: analyse_ts_packet_from_rtp duplication: 8
08-22 14:14:44.731  5840  6060 D pcapcmcc4: analyse_ts_packet_from_rtp duplication: 8
08-22 14:14:44.741  5840  6060 D pcapcmcc4: analyse_ts_packet_from_rtp duplication: 8
08-22 14:14:44.761  5840  6060 D pcapcmcc4: analyse_ts_packet_from_rtp duplication: 8
08-22 14:14:44.771  5840  6060 D pcapcmcc4: analyse_ts_packet_from_rtp duplication: 8
08-22 14:14:44.771  5840  6060 D pcapcmcc4: analyse_ts_packet_from_rtp duplication: 8
08-22 14:14:44.781  5840  6060 D pcapcmcc4: analyse_ts_packet_from_rtp duplication: 8
08-22 14:14:44.791  5840  6060 D pcapcmcc4: analyse_ts_packet_from_rtp duplication: 8
08-22 14:14:44.791  5840  6060 D pcapcmcc4: analyse_ts_packet_from_rtp,interval = 27645374, rate = 312322, 243, 0, 517, 314553, 311373
08-22 14:14:44.791  5534 15971 I System.out: RxCache: ProcessorProvidersBehaviour-getDataFromLoader
08-22 14:14:44.791  5534 15971 I System.out: RxCache: ProcessorProvidersBehaviour-getDataFromLoader clear cache before save data
08-22 14:14:44.791  5840  6060 D pcapcmcc4: analyse_ts_packet_from_rtp duplication: 8
08-22 14:14:44.791  5534 15971 I System.out: RxCache: ProcessorProvidersBehaviour-getDataFromLoader save data
08-22 14:14:44.791  5534 15971 I System.out: RxCache: Disk-save- key:index-page-5-minutes$d$d$d$url_all_channel$g$g$g$
08-22 14:14:44.801  5840  2265 D pcapcmcc4: end ***********************************: I/System.out( 5534): RxCache: Disk-save- key:index-page-5-minutes$d$d$d$url_all_channel$g$g$g$
08-22 14:14:44.801  5840  2265 D pcapcmcc4: 
08-22 14:14:44.801  5840  6060 D pcapcmcc4: analyse_ts_packet_from_rtp duplication: 8
08-22 14:14:44.801  5840  2265 D pcapcmcc4: end 11 ***********************************
08-22 14:14:44.801 29621 29621 F libc    : Fatal signal 13 (SIGPIPE) at 0x000073b5 (code=0), thread 29621 (grep)
08-22 14:14:44.801  5840  6059 D pcapcmcc4: udp_num = 1370, 11579000
08-22 14:14:44.801  5840 16407 D pcapcmcc4: excute_logcat_thread fget
08-22 14:14:44.811  5840  6060 D pcapcmcc4: analyse_ts_packet_from_rtp duplication: 8
08-22 14:14:44.821  5840  6060 D pcapcmcc4: analyse_ts_packet_from_rtp duplication: 8
08-22 14:14:44.831  5840  6060 D pcapcmcc4: analyse_ts_packet_from_rtp duplication: 8
08-22 14:14:44.841  5840  6060 D pcapcmcc4: analyse_ts_packet_from_rtp,interval = 27265518, rate = 987813, 758, 0, 4113, 994339, 986501
08-22 14:14:44.841  5840  6060 D pcapcmcc4: analyse_ts_packet_from_rtp duplication: 8
08-22 14:14:44.851  5840  6060 D pcapcmcc4: analyse_ts_packet_from_rtp duplication: 8
08-22 14:14:44.861  5840  6060 D pcapcmcc4: analyse_ts_packet_from_rtp duplication: 8
08-22 14:14:44.881  5840  6060 D pcapcmcc4: analyse_ts_packet_from_rtp duplication: 8
08-22 14:14:44.891  5840  6060 D pcapcmcc4: analyse_ts_packet_from_rtp duplication: 8
08-22 14:14:44.901  5840  6060 D pcapcmcc4: analyse_ts_packet_from_rtp duplication: 8
08-22 14:14:44.901  5840  6060 D pcapcmcc4: analyse_ts_packet_from_rtp duplication: 8
08-22 14:14:44.901  3787  3787 I DEBUG   : *** *** *** *** *** *** *** *** *** *** *** *** *** *** *** ***
08-22 14:14:44.901  3787  3787 I DEBUG   : Build fingerprint: 'Android/CM201-1-YS/CM201-1-YS:4.4.2/KOT49H/CM201-1-YS.GD.08.200726.20v1:user/test-keys'
08-22 14:14:44.901  3787  3787 I DEBUG   : Revision: '0'
08-22 14:14:44.901  3787  3787 I DEBUG   : 
08-22 14:14:44.901  3787  3787 I DEBUG   : 
08-22 14:14:44.901  3787  3787 I DEBUG   :  Crash Time:----- 2020-08-22-14-14 -----
08-22 14:14:44.901  3787  3787 I DEBUG   : pid: 29621, tid: 29621, name: grep  >>> grep <<<
08-22 14:14:44.901  3787  3787 I DEBUG   : signal 13 (SIGPIPE), code -6 (SI_TKILL), fault addr --------
08-22 14:14:44.901  5840  6060 D pcapcmcc4: analyse_ts_packet_from_rtp duplication: 8
08-22 14:14:44.901  3787  3787 I DEBUG   :     r0 ffffffe0  r1 aba44608  r2 0000005f  r3 00000889
08-22 14:14:44.901  3787  3787 I DEBUG   : AM write failure (32 / Broken pipe)
08-22 14:14:44.901  3787  3787 I DEBUG   :     r4 f71d51d8  r5 aba44608  r6 0000005f  r7 00000004
08-22 14:14:44.901  3787  3787 I DEBUG   :     r8 aba45610  r9 00000001  sl ab2c6d20  fp ab2c6d18
08-22 14:14:44.901  3787  3787 I DEBUG   :     ip 00000001  sp ff88fe18  lr f71b04bf  pc f71ab4d0  cpsr 200f0010
08-22 14:14:44.901  3787  3787 I DEBUG   :     d0  246c656e6e616863  d1  3535202874756f2e
08-22 14:14:44.901  3787  3787 I DEBUG   :     d2  437852203a293433  d3  6944203a65686361
08-22 14:14:44.901  3787  3787 I DEBUG   :     d4  2d657661732d6b73  d5  646e693a79656b20
08-22 14:14:44.901  3787  3787 I DEBUG   :     d6  2d656761702d7865  d7  6574756e696d2d35
08-22 14:14:44.901  3787  3787 I DEBUG   :     d8  0000000000000000  d9  0000000000000000
08-22 14:14:44.901  3787  3787 I DEBUG   :     d10 0000000000000000  d11 0000000000000000
08-22 14:14:44.901  3787  3787 I DEBUG   :     d12 0000000000000000  d13 0000000000000000
08-22 14:14:44.901  3787  3787 I DEBUG   :     d14 0000000000000000  d15 0000000000000000
08-22 14:14:44.901  3787  3787 I DEBUG   :     d16 c1daa5a47eae76c9  d17 3f50624dd2f1a9fc
08-22 14:14:44.901  3787  3787 I DEBUG   :     d18 41c54c304d000000  d19 0000000000000000
08-22 14:14:44.901  3787  3787 I DEBUG   :     d20 0000000000000000  d21 0000000000000000
08-22 14:14:44.901  3787  3787 I DEBUG   :     d22 0000000000000000  d23 0000000000000000
08-22 14:14:44.901  3787  3787 I DEBUG   :     d24 0000000000000000  d25 0000000000000000
08-22 14:14:44.901  3787  3787 I DEBUG   :     d26 0000000000000000  d27 0000000000000000
08-22 14:14:44.901  3787  3787 I DEBUG   :     d28 0000000000000000  d29 0000000000000000
08-22 14:14:44.901  3787  3787 I DEBUG   :     d30 0000000000000000  d31 0000000000000000
08-22 14:14:44.901  3787  3787 I DEBUG   :     scr 00000010
08-22 14:14:44.901  3787  3787 I DEBUG   : 
08-22 14:14:44.901  3787  3787 I DEBUG   : backtrace:
08-22 14:14:44.901  3787  3787 I DEBUG   :     #00  pc 000224d0  /system/lib/libc.so (write+12)
08-22 14:14:44.901  3787  3787 I DEBUG   :     #01  pc 000274bd  /system/lib/libc.so (__sflush+54)
08-22 14:14:44.901  3787  3787 I DEBUG   :     #02  pc 0002a879  /system/lib/libc.so (__swbuf+104)
08-22 14:14:44.901  3787  3787 I DEBUG   :     #03  pc 00015dab  /system/bin/toolbox
08-22 14:14:44.901  3787  3787 I DEBUG   :     #04  pc 00014dd3  /system/bin/toolbox
08-22 14:14:44.901  3787  3787 I DEBUG   :     #05  pc 00005463  /system/bin/toolbox
08-22 14:14:44.901  3787  3787 I DEBUG   :     #06  pc 0000e9b8  /system/lib/libc.so (__libc_init+100)
08-22 14:14:44.901  3787  3787 I DEBUG   :     #07  pc 000052d0  /system/bin/toolbox
08-22 14:14:44.901  3787  3787 I DEBUG   : 
08-22 14:14:44.901  3787  3787 I DEBUG   : stack:
08-22 14:14:44.901  3787  3787 I DEBUG   :          ff88fdd8  00000001  
08-22 14:14:44.901  3787  3787 I DEBUG   :          ff88fddc  00000000  
08-22 14:14:44.901  3787  3787 I DEBUG   :          ff88fde0  00000000  
08-22 14:14:44.901  3787  3787 I DEBUG   :          ff88fde4  ab2a4c74  /system/bin/toolbox
08-22 14:14:44.901  3787  3787 I DEBUG   :          ff88fde8  ff88fe74  [stack]
08-22 14:14:44.901  3787  3787 I DEBUG   :          ff88fdec  f71d51d8  /system/lib/libc.so
08-22 14:14:44.901  3787  3787 I DEBUG   :          ff88fdf0  00000000  
08-22 14:14:44.901  3787  3787 I DEBUG   :          ff88fdf4  0000003a  
08-22 14:14:44.901  3787  3787 I DEBUG   :          ff88fdf8  ff88fef0  [stack]
08-22 14:14:44.901  3787  3787 I DEBUG   :          ff88fdfc  ab29a983  /system/bin/toolbox
08-22 14:14:44.901  3787  3787 I DEBUG   :          ff88fe00  ff88fe78  [stack]
08-22 14:14:44.901  3787  3787 I DEBUG   :          ff88fe04  00000001  
08-22 14:14:44.901  3787  3787 I DEBUG   :          ff88fe08  f71d51d8  /system/lib/libc.so
08-22 14:14:44.901  3787  3787 I DEBUG   :          ff88fe0c  aba44608  [heap]
08-22 14:14:44.901  3787  3787 I DEBUG   :          ff88fe10  0000005f  
08-22 14:14:44.901  3787  3787 I DEBUG   :          ff88fe14  f71b04bf  /system/lib/libc.so (__sflush+56)
08-22 14:14:44.901  3787  3787 I DEBUG   :     #00  ff88fe18  f71d51d8  /system/lib/libc.so
08-22 14:14:44.901  3787  3787 I DEBUG   :          ........  ........
08-22 14:14:44.901  3787  3787 I DEBUG   :     #01  ff88fe18  f71d51d8  /system/lib/libc.so
08-22 14:14:44.901  3787  3787 I DEBUG   :          ff88fe1c  0000000a  
08-22 14:14:44.901  3787  3787 I DEBUG   :          ff88fe20  ab2a2a33  /system/bin/toolbox
08-22 14:14:44.901  3787  3787 I DEBUG   :          ff88fe24  f71b387d  /system/lib/libc.so (__swbuf+108)
08-22 14:14:44.901  3787  3787 I DEBUG   :     #02  ff88fe28  0000000a  
08-22 14:14:44.901  3787  3787 I DEBUG   :          ff88fe2c  ab2a4c74  /system/bin/toolbox
08-22 14:14:44.901  3787  3787 I DEBUG   :          ff88fe30  00000016  
08-22 14:14:44.901  3787  3787 I DEBUG   :          ff88fe34  ab29adaf  /system/bin/toolbox
08-22 14:14:44.901  3787  3787 I DEBUG   : 
08-22 14:14:44.901  3787  3787 I DEBUG   : memory near r1:
08-22 14:14:44.901  3787  3787 I DEBUG   :     aba445e8 08000000 00000000 00000000 00000013  
08-22 14:14:44.901  3787  3787 I DEBUG   :     aba445f8 6b736944 7661732d 00000065 0000100b  
08-22 14:14:44.901  3787  3787 I DEBUG   :     aba44608 79532f49 6d657473 74756f2e 35352028  
08-22 14:14:44.901  3787  3787 I DEBUG   :     aba44618 3a293433 43785220 65686361 6944203a  
08-22 14:14:44.901  3787  3787 I DEBUG   :     aba44628 732d6b73 2d657661 79656b20 646e693a  
08-22 14:14:44.901  3787  3787 I DEBUG   :     aba44638 702d7865 2d656761 696d2d35 6574756e  
08-22 14:14:44.901  3787  3787 I DEBUG   :     aba44648 24642473 24642464 5f6c7275 5f6c6c61  
08-22 14:14:44.901  3787  3787 I DEBUG   :     aba44658 6e616863 246c656e 24672467 5f0a2467  
08-22 14:14:44.901  3787  3787 I DEBUG   :     aba44668 37383633 38313439 6f736a2e 2467246e  
08-22 14:14:44.901  5193  5403 W NativeCrashListener: Couldn't find ProcessRecord for pid 29621
08-22 14:14:44.911  3787  3787 I DEBUG   :     aba44678 24672467 0000000a 00000000 00000000  
08-22 14:14:44.911  3787  3787 I DEBUG   :     aba44688 00000000 00000000 00000000 00000000  
08-22 14:14:44.911  3787  3787 I DEBUG   :     aba44698 00000000 00000000 00000000 00000000  
08-22 14:14:44.911  3787  3787 I DEBUG   :     aba446a8 00000000 00000000 00000000 00000000  
08-22 14:14:44.911  3787  3787 I DEBUG   :     aba446b8 00000000 00000000 00000000 00000000  
08-22 14:14:44.911  3787  3787 I DEBUG   :     aba446c8 00000000 00000000 00000000 00000000  
08-22 14:14:44.911  3787  3787 I DEBUG   :     aba446d8 00000000 00000000 00000000 00000000  
08-22 14:14:44.911  3787  3787 I DEBUG   : 
08-22 14:14:44.911  3787  3787 I DEBUG   : memory near r5:
08-22 14:14:44.911  3787  3787 I DEBUG   :     aba445e8 08000000 00000000 00000000 00000013  
08-22 14:14:44.911  3787  3787 I DEBUG   :     aba445f8 6b736944 7661732d 00000065 0000100b  
08-22 14:14:44.911  3787  3787 I DEBUG   :     aba44608 79532f49 6d657473 74756f2e 35352028  
08-22 14:14:44.911  3787  3787 I DEBUG   :     aba44618 3a293433 43785220 65686361 6944203a  
08-22 14:14:44.911  3787  3787 I DEBUG   :     aba44628 732d6b73 2d657661 79656b20 646e693a  
08-22 14:14:44.911  3787  3787 I DEBUG   :     aba44638 702d7865 2d656761 696d2d35 6574756e  
08-22 14:14:44.911  3787  3787 I DEBUG   :     aba44648 24642473 24642464 5f6c7275 5f6c6c61  
08-22 14:14:44.911  3787  3787 I DEBUG   :     aba44658 6e616863 246c656e 24672467 5f0a2467  
08-22 14:14:44.911  3787  3787 I DEBUG   :     aba44668 37383633 38313439 6f736a2e 2467246e  
08-22 14:14:44.911  3787  3787 I DEBUG   :     aba44678 24672467 0000000a 00000000 00000000  
08-22 14:14:44.911  3787  3787 I DEBUG   :     aba44688 00000000 00000000 00000000 00000000  
08-22 14:14:44.911  3787  3787 I DEBUG   :     aba44698 00000000 00000000 00000000 00000000  
08-22 14:14:44.911  3787  3787 I DEBUG   :     aba446a8 00000000 00000000 00000000 00000000  
08-22 14:14:44.911  3787  3787 I DEBUG   :     aba446b8 00000000 00000000 00000000 00000000  
08-22 14:14:44.911  3787  3787 I DEBUG   :     aba446c8 00000000 00000000 00000000 00000000  
08-22 14:14:44.911  3787  3787 I DEBUG   :     aba446d8 00000000 00000000 00000000 00000000  
08-22 14:14:44.911  3787  3787 I DEBUG   : 
08-22 14:14:44.911  3787  3787 I DEBUG   : memory near r8:
08-22 14:14:44.911  3787  3787 I DEBUG   :     aba455f0 00000000 00000000 00000000 00000000  
08-22 14:14:44.911  3787  3787 I DEBUG   :     aba45600 00000000 00000000 00000000 00000013  
08-22 14:14:44.911  3787  3787 I DEBUG   :     aba45610 00000000 00000000 00000000 0000001b  
08-22 14:14:44.911  3787  3787 I DEBUG   :     aba45620 61747328 7261646e 6e692064 29747570  
08-22 14:14:44.911  3787  3787 I DEBUG   :     aba45630 00000000 000009a9 00000000 00000000  
08-22 14:14:44.911  3787  3787 I DEBUG   :     aba45640 00000000 00000000 00000000 00000000  
08-22 14:14:44.911  3787  3787 I DEBUG   :     aba45650 00000000 00000000 00000000 00000000  
08-22 14:14:44.911  3787  3787 I DEBUG   :     aba45660 00000000 00000000 00000000 00000000  
08-22 14:14:44.911  3787  3787 I DEBUG   :     aba45670 00000000 00000000 00000000 00000000  
08-22 14:14:44.911  3787  3787 I DEBUG   :     aba45680 00000000 00000000 00000000 00000000  
08-22 14:14:44.911  3787  3787 I DEBUG   :     aba45690 00000000 00000000 00000000 00000000  
08-22 14:14:44.911  3787  3787 I DEBUG   :     aba456a0 00000000 00000000 00000000 00000000  
08-22 14:14:44.911  3787  3787 I DEBUG   :     aba456b0 00000000 00000000 00000000 00000000  
08-22 14:14:44.911  3787  3787 I DEBUG   :     aba456c0 00000000 00000000 00000000 00000000  
08-22 14:14:44.911  5840  6060 D pcapcmcc4: analyse_ts_packet_from_rtp duplication: 8
08-22 14:14:44.911  3787  3787 I DEBUG   :     aba456d0 00000000 00000000 00000000 00000000  
08-22 14:14:44.911  3787  3787 I DEBUG   :     aba456e0 00000000 00000000 00000000 00000000  
08-22 14:14:44.911  3787  3787 I DEBUG   : 
08-22 14:14:44.911  3787  3787 I DEBUG   : memory near sl:
08-22 14:14:44.911  3787  3787 I DEBUG   :     ab2c6d00 00000000 00000000 00000000 00000000  
08-22 14:14:44.911  3787  3787 I DEBUG   :     ab2c6d10 00000000 00000000 00000000 00000000  
08-22 14:14:44.911  3787  3787 I DEBUG   :     ab2c6d20 00000000 00000000 00000000 00000000  
08-22 14:14:44.911  3787  3787 I DEBUG   :     ab2c6d30 00000000 00000000 00000000 00000000  
08-22 14:14:44.911  3787  3787 I DEBUG   :     ab2c6d40 00000000 00000000 00000000 00000000  
08-22 14:14:44.911  3787  3787 I DEBUG   :     ab2c6d50 00000000 00000000 00000000 00000000  
08-22 14:14:44.911  3787  3787 I DEBUG   :     ab2c6d60 00000000 00000000 00000000 00000000  
08-22 14:14:44.911  3787  3787 I DEBUG   :     ab2c6d70 00000000 00000000 aba44040 00000000  
08-22 14:14:44.911  3787  3787 I DEBUG   :     ab2c6d80 00000000 00000000 00000000 00000000  
08-22 14:14:44.911  3787  3787 I DEBUG   :     ab2c6d90 00000000 00000000 00000000 aba44020  
08-22 14:14:44.911  3787  3787 I DEBUG   :     ab2c6da0 00000001 00000001 00000000 00000000  
08-22 14:14:44.911  3787  3787 I DEBUG   :     ab2c6db0 aba44450 00000000 00000000 00000000  
08-22 14:14:44.911  3787  3787 I DEBUG   :     ab2c6dc0 00000000 00000000 00000101 00000000  
08-22 14:14:44.911  3787  3787 I DEBUG   :     ab2c6dd0 00000000 00000000 00000000 00000000  
08-22 14:14:44.911  3787  3787 I DEBUG   :     ab2c6de0 00000000 00000000 00000000 00000000  
08-22 14:14:44.911  3787  3787 I DEBUG   :     ab2c6df0 00000000 00000000 00000000 00000000  
08-22 14:14:44.911  3787  3787 I DEBUG   : 
08-22 14:14:44.911  3787  3787 I DEBUG   : memory near fp:
08-22 14:14:44.911  3787  3787 I DEBUG   :     ab2c6cf8 00000000 00000000 00000000 00000000  
08-22 14:14:44.911  3787  3787 I DEBUG   :     ab2c6d08 00000000 00000000 00000000 00000000  
08-22 14:14:44.911  3787  3787 I DEBUG   :     ab2c6d18 00000000 00000000 00000000 00000000  
08-22 14:14:44.911  3787  3787 I DEBUG   :     ab2c6d28 00000000 00000000 00000000 00000000  
08-22 14:14:44.911  3787  3787 I DEBUG   :     ab2c6d38 00000000 00000000 00000000 00000000  
08-22 14:14:44.911  3787  3787 I DEBUG   :     ab2c6d48 00000000 00000000 00000000 00000000  
08-22 14:14:44.911  3787  3787 I DEBUG   :     ab2c6d58 00000000 00000000 00000000 00000000  
08-22 14:14:44.911  3787  3787 I DEBUG   :     ab2c6d68 00000000 00000000 00000000 00000000  
08-22 14:14:44.911  3787  3787 I DEBUG   :     ab2c6d78 aba44040 00000000 00000000 00000000  
08-22 14:14:44.911  3787  3787 I DEBUG   :     ab2c6d88 00000000 00000000 00000000 00000000  
08-22 14:14:44.911  3787  3787 I DEBUG   :     ab2c6d98 00000000 aba44020 00000001 00000001  
08-22 14:14:44.911  3787  3787 I DEBUG   :     ab2c6da8 00000000 00000000 aba44450 00000000  
08-22 14:14:44.911  3787  3787 I DEBUG   :     ab2c6db8 00000000 00000000 00000000 00000000  
08-22 14:14:44.911  3787  3787 I DEBUG   :     ab2c6dc8 00000101 00000000 00000000 00000000  
08-22 14:14:44.911  3787  3787 I DEBUG   :     ab2c6dd8 00000000 00000000 00000000 00000000  
08-22 14:14:44.911  3787  3787 I DEBUG   :     ab2c6de8 00000000 00000000 00000000 00000000  
08-22 14:14:44.911  3787  3787 I DEBUG   : 
08-22 14:14:44.911  3787  3787 I DEBUG   : code around pc:
08-22 14:14:44.911  3787  3787 I DEBUG   :     f71ab4b0 e1a0700c e3700a01 912fff1e e2600000  
08-22 14:14:44.911  3787  3787 I DEBUG   :     f71ab4c0 ea0075d0 e1a0c007 e3a07004 ef000000  
08-22 14:14:44.911  3787  3787 I DEBUG   :     f71ab4d0 e1a0700c e3700a01 912fff1e e2600000  
08-22 14:14:44.911  3787  3787 I DEBUG   :     f71ab4e0 ea0075c8 e1a0c00d e92d00f0 e89c0070  
08-22 14:14:44.911  3787  3787 I DEBUG   :     f71ab4f0 e3a070b4 ef000000 e8bd00f0 e3700a01  
08-22 14:14:44.911  3787  3787 I DEBUG   :     f71ab500 912fff1e e2600000 ea0075be e1a0c00d  
08-22 14:14:44.911  3787  3787 I DEBUG   :     f71ab510 e92d00f0 e89c0070 e3a070b5 ef000000  
08-22 14:14:44.911  3787  3787 I DEBUG   :     f71ab520 e8bd00f0 e3700a01 912fff1e e2600000  
08-22 14:14:44.911  3787  3787 I DEBUG   :     f71ab530 ea0075b4 e1a0c007 e3a07005 ef000000  
08-22 14:14:44.911  3787  3787 I DEBUG   :     f71ab540 e1a0700c e3700a01 912fff1e e2600000  
08-22 14:14:44.911  3787  3787 I DEBUG   :     f71ab550 ea0075ac e1a0c007 e59f7014 ef000000  
08-22 14:14:44.911  3787  3787 I DEBUG   :     f71ab560 e1a0700c e3700a01 912fff1e e2600000  
08-22 14:14:44.911  3787  3787 I DEBUG   :     f71ab570 ea0075a4 00000142 e1a0c007 e3a07006  
08-22 14:14:44.911  3787  3787 I DEBUG   :     f71ab580 ef000000 e1a0700c e3700a01 912fff1e  
08-22 14:14:44.911  3787  3787 I DEBUG   :     f71ab590 e2600000 ea00759b e1a0c007 e3a07013  
08-22 14:14:44.911  3787  3787 I DEBUG   :     f71ab5a0 ef000000 e1a0700c e3700a01 912fff1e  
08-22 14:14:44.911  3787  3787 I DEBUG   : 
08-22 14:14:44.911  3787  3787 I DEBUG   : code around lr:
08-22 14:14:44.911  3787  3787 I DEBUG   :     f71b049c 0799d0fa 60256826 6961bf08 0606ebc5  
08-22 14:14:44.911  3787  3787 I DEBUG   :     f71b04ac 2100bf18 e00f60a1 46296ae3 463269e0  
08-22 14:14:44.911  3787  3787 I DEBUG   :     f71b04bc 28004798 89a2dc06 0040f042 f04f81a0  
08-22 14:14:44.911  3787  3787 I DEBUG   :     f71b04cc bd7030ff 182d1a36 dced2e00 0000e7dc  
08-22 14:14:44.911  3787  3787 I DEBUG   :     f71b04dc 4a0b4b0a b570447b 589b4604 461d6819  
08-22 14:14:44.911  3787  3787 I DEBUG   :     f71b04ec f006b109 4620fc9e ffc7f7ff 68284606  
08-22 14:14:44.911  3787  3787 I DEBUG   :     f71b04fc 4620b110 fca2f006 bd704630 00024af4  
08-22 14:14:44.911  3787  3787 I DEBUG   :     f71b050c ffffff50 b5704b13 4604447b 4812b928  
08-22 14:14:44.911  3787  3787 I DEBUG   :     f71b051c e8bd4478 f7ef4070 4a10bbc9 6819589b  
08-22 14:14:44.911  3787  3787 I DEBUG   :     f71b052c b109461e fc7df006 f00089a0 b9350518  
08-22 14:14:44.911  3787  3787 I DEBUG   :     f71b053c f87af7ef 35fff04f 60022209 4620e003  
08-22 14:14:44.911  3787  3787 I DEBUG   :     f71b054c ff9bf7ff 68334605 4620b113 fc76f006  
08-22 14:14:44.911  3787  3787 I DEBUG   :     f71b055c bd704628 00024ac0 ffffffbd ffffff50  
08-22 14:14:44.911  3787  3787 I DEBUG   :     f71b056c 4a034b02 5898447b bba0f7ef 00024a64  
08-22 14:14:44.911  3787  3787 I DEBUG   :     f71b057c ffffffbc b5f84815 4c154478 ec60f7e7  
08-22 14:14:44.911  3787  3787 I DEBUG   :     f71b058c 447c4b14 681358e2 b9cb4616 46184a12  
08-22 14:14:44.911  3787  3787 I DEBUG   : 
08-22 14:14:44.911  3787  3787 I DEBUG   : ==============================memory map dump_nearby_maps
08-22 14:14:44.911  5193  5256 I BootReceiver: Copying /data/tombstones/tombstone_07 to DropBox (SYSTEM_TOMBSTONE)
08-22 14:14:44.921  5840  6060 D pcapcmcc4: analyse_ts_packet_from_rtp duplication: 8
08-22 14:14:44.931  5840  6060 D pcapcmcc4: analyse_ts_packet_from_rtp duplication: 8
08-22 14:14:44.941  5840  6060 D pcapcmcc4: analyse_ts_packet_from_rtp duplication: 8
08-22 14:14:44.941  5840  6060 D pcapcmcc4: analyse_ts_packet_from_rtp duplication: 8
08-22 14:14:44.951  5840  6060 D pcapcmcc4: analyse_ts_packet_from_rtp duplication: 8
08-22 14:14:44.961  5840  6060 D pcapcmcc4: analyse_ts_packet_from_rtp duplication: 8
08-22 14:14:44.971  5840  6060 D pcapcmcc4: analyse_ts_packet_from_rtp duplication: 8
08-22 14:14:44.981  5840  6060 D pcapcmcc4: analyse_ts_packet_from_rtp duplication: 8
08-22 14:14:44.981  5534 15971 D dalvikvm: GC_FOR_ALLOC freed 7385K, 19% free 115251K/140764K, paused 120ms, total 120ms
08-22 14:14:44.991  5840  6060 D pcapcmcc4: analyse_ts_packet_from_rtp duplication: 8
08-22 14:14:44.991  5840  6060 D pcapcmcc4: analyse_ts_packet_from_rtp duplication: 8
08-22 14:14:45.001  5840  6060 D pcapcmcc4: analyse_ts_packet_from_rtp duplication: 8
08-22 14:14:45.011  5840  6060 D pcapcmcc4: analyse_ts_packet_from_rtp duplication: 8
08-22 14:14:45.021  5840  6060 D pcapcmcc4: analyse_ts_packet_from_rtp duplication: 8
08-22 14:14:45.031  5840  6060 D pcapcmcc4: analyse_ts_packet_from_rtp duplication: 8
08-22 14:14:45.031  5840  6060 D pcapcmcc4: analyse_ts_packet_from_rtp duplication: 8
08-22 14:14:45.041  5840  6060 D pcapcmcc4: analyse_ts_packet_from_rtp duplication: 8
08-22 14:14:45.041  6138  6659 W ContextImpl: Calling a method in the system process without a qualified user: android.app.ContextImpl.startService:1639 android.content.ContextWrapper.startService:494 com.iflytek.xiri.system.ControlService$6.run:369 java.util.concurrent.Executors$RunnableAdapter.call:422 java.util.concurrent.FutureTask.runAndReset:279 
08-22 14:14:45.051  5840  6060 D pcapcmcc4: analyse_ts_packet_from_rtp duplication: 8
08-22 14:14:45.071  5840  6060 D pcapcmcc4: analyse_ts_packet_from_rtp duplication: 8
08-22 14:14:45.071  5840  6060 D pcapcmcc4: analyse_ts_packet_from_rtp duplication: 8
08-22 14:14:45.081  5840  6060 D pcapcmcc4: analyse_ts_packet_from_rtp duplication: 8
08-22 14:14:45.081  5840  6060 D pcapcmcc4: analyse_ts_packet_from_rtp duplication: 8
08-22 14:14:45.091  5840  6060 D pcapcmcc4: analyse_ts_packet_from_rtp duplication: 8
08-22 14:14:45.091  5840  6060 D pcapcmcc4: analyse_ts_packet_from_rtp duplication: 8
08-22 14:14:45.111  5840  6060 D pcapcmcc4: analyse_ts_packet_from_rtp duplication: 8
08-22 14:14:45.111  5840  6060 D pcapcmcc4: analyse_ts_packet_from_rtp duplication: 8
08-22 14:14:45.131  5840  6060 D pcapcmcc4: analyse_ts_packet_from_rtp duplication: 8
08-22 14:14:45.141  5840  6060 D pcapcmcc4: analyse_ts_packet_from_rtp duplication: 8
08-22 14:14:45.141  5840  6060 D pcapcmcc4: analyse_ts_packet_from_rtp duplication: 8
08-22 14:14:45.151  5840  6060 D pcapcmcc4: analyse_ts_packet_from_rtp duplication: 8
08-22 14:14:45.161  5840  6060 D pcapcmcc4: analyse_ts_packet_from_rtp duplication: 8
08-22 14:14:45.161  5840  6060 D pcapcmcc4: analyse_ts_packet_from_rtp duplication: 8
08-22 14:14:45.161  6077  6087 D BluetoothAdapterService(1102544240): getState(): mAdapterProperties: com.android.bluetooth.btservice.AdapterProperties@41b79df8
08-22 14:14:45.171  5840  6060 D pcapcmcc4: analyse_ts_packet_from_rtp duplication: 8
08-22 14:14:45.181  5840  6060 D pcapcmcc4: analyse_ts_packet_from_rtp duplication: 8
08-22 14:14:45.181  5723  5723 D XIRI_driver: send to xiri: {"cmd":"key","event":1,"keycode":97,"pid":1,"vid":1,"devnum":0}
08-22 14:14:45.181  5193  5294 D WindowManager: interceptKeyTq keycode=23 screenIsOn=true keyguardActive=false policyFlags=2000000 isWakeKey=false
08-22 14:14:45.181  5193  5294 I WindowManager: mapkey no map key list
08-22 14:14:45.181  5193  5293 D WindowManager: interceptKeyTi keyCode=23 down=true repeatCount=0 keyguardOn=false mHomePressed=false canceled=false CM201_guangdong_zhuoying
08-22 14:14:45.181  5193  5293 D WindowManager:  currentPackage = cn.gd.snm.snmcm.LauncherActivity
08-22 14:14:45.181  5193  5293 D chenl   : mkeyAgingDragonboxCount: 0
08-22 14:14:45.181  5193  5293 D WindowManager: [mobile] send keyevent broadcast=23 repeatCount:0
08-22 14:14:45.181  5193  5293 D PowerManagerService: updateUserActivitySummaryLocked, mLastUserActivityTime: 11561708, screenOffTimeout: 2147483647
08-22 14:14:45.181  5193  5293 D PowerManagerService: updateUserActivitySummaryLocked, mBroadcastTimeout: 2159044324, dialog show enable: true
08-22 14:14:45.181  5193  5293 D PowerManagerService: updateUserActivitySummaryLocked, now: 11561708, nextTimeout: 2159038355
08-22 14:14:45.181  5193  5293 D PowerManagerService: mGoToSleepCountDownDialog show
08-22 14:14:45.191  5193  5293 D WindowManager: com.chinamobile.action.IR_TEST  lirphycode = 0x00ceDD22
08-22 14:14:45.191  5193  5293 W ContextImpl: Calling a method in the system process without a qualified user: android.app.ContextImpl.sendBroadcast:1283 com.android.internal.policy.impl.PhoneWindowManager.broadcastMobileKeyEvent:10781 com.android.internal.policy.impl.PhoneWindowManager.interceptKeyBeforeDispatching:3816 com.android.server.wm.InputMonitor.interceptKeyBeforeDispatching:374 com.android.server.input.InputManagerService.interceptKeyBeforeDispatching:1393 
08-22 14:14:45.191  5193  5293 W ContextImpl: Calling a method in the system process without a qualified user: android.app.ContextImpl.sendBroadcast:1283 com.android.internal.policy.impl.PhoneWindowManager.broadcastMobileKeyEvent:10798 com.android.internal.policy.impl.PhoneWindowManager.interceptKeyBeforeDispatching:3816 com.android.server.wm.InputMonitor.interceptKeyBeforeDispatching:374 com.android.server.input.InputManagerService.interceptKeyBeforeDispatching:1393 
08-22 14:14:45.201  5840  6063 D pcapcmcc4: recv client data2:#MESSAGE#TOPACTIVITY#884354114#cn.gd.snm.snmcm#cn.gd.snm.snmcm.LauncherActivity#
08-22 14:14:45.201  5840  6063 D pcapcmcc4: wait for client
08-22 14:14:45.201  5840  6060 D pcapcmcc4: analyse_ts_packet_from_rtp duplication: 8
08-22 14:14:45.211  5840  6060 D pcapcmcc4: analyse_ts_packet_from_rtp duplication: 8
08-22 14:14:45.211  5840  6060 D pcapcmcc4: analyse_ts_packet_from_rtp duplication: 8
08-22 14:14:45.211  5840  6060 D pcapcmcc4: analyse_ts_packet_from_rtp duplication: 8
08-22 14:14:45.221  5840  6060 D pcapcmcc4: analyse_ts_packet_from_rtp duplication: 8
08-22 14:14:45.221  5840  6060 D pcapcmcc4: analyse_ts_packet_from_rtp duplication: 8
08-22 14:14:45.261  5840  6060 D pcapcmcc4: analyse_ts_packet_from_rtp duplication: 8
08-22 14:14:45.261  5840  6060 D pcapcmcc4: analyse_ts_packet_from_rtp duplication: 8
08-22 14:14:45.271  5840  6060 D pcapcmcc4: analyse_ts_packet_from_rtp duplication: 8
08-22 14:14:45.271  5490  5490 I AMTIPTV : SmartBroadCastReceiver > AMTIPTV BroadcastReceiver :com.iptv.action.live.update,type:-1
08-22 14:14:45.271  5490  5490 I AMTIPTV : SmartBroadCastReceiver > AMTIPTV sendBroadcast : com.android.smart.terminal.iptv.action.updatelivechannels
08-22 14:14:45.271  5840  6060 D pcapcmcc4: analyse_ts_packet_from_rtp duplication: 8
08-22 14:14:45.271  5490  5490 W ContextImpl: Calling a method in the system process without a qualified user: android.app.ContextImpl.sendBroadcast:1283 android.content.ContextWrapper.sendBroadcast:365 com.amt.utils.SmartBroadCastReceiver.onReceive:37 android.app.ActivityThread.handleReceiver:2419 android.app.ActivityThread.access$1700:135 
08-22 14:14:45.281  5840  6060 D pcapcmcc4: analyse_ts_packet_from_rtp duplication: 8
08-22 14:14:45.301  5840  6060 D pcapcmcc4: analyse_ts_packet_from_rtp duplication: 8
08-22 14:14:45.301  5840  6060 D pcapcmcc4: analyse_ts_packet_from_rtp duplication: 8
08-22 14:14:45.311  5840  6060 D pcapcmcc4: analyse_ts_packet_from_rtp duplication: 8
08-22 14:14:45.321  5840  6060 D pcapcmcc4: analyse_ts_packet_from_rtp duplication: 8
08-22 14:14:45.321  5840  6060 D pcapcmcc4: analyse_ts_packet_from_rtp duplication: 8
08-22 14:14:45.351  5840  6060 D pcapcmcc4: analyse_ts_packet_from_rtp duplication: 8
08-22 14:14:45.351  5840  6060 D pcapcmcc4: analyse_ts_packet_from_rtp duplication: 8
08-22 14:14:45.351  5840  6060 D pcapcmcc4: analyse_ts_packet_from_rtp duplication: 8
08-22 14:14:45.361  5840  6060 D pcapcmcc4: analyse_ts_packet_from_rtp duplication: 8
