12-18 22:37:26.236 I/CircleCornerLayout( 3005): draw
12-18 22:37:26.244 I/InfinitePageController_Page:6( 3005): InfinitePageController#ChildDrawingOrderCallback- pageIndex: 	6	childCount:	2	i:	0	focusedIndex:	-1	result:	1
12-18 22:37:26.245 I/InfinitePageController_Page:6( 3005): InfinitePageController#ChildDrawingOrderCallback- pageIndex: 	6	childCount:	2	i:	1	focusedIndex:	-1	result:	0
12-18 22:37:26.247 I/CircleCornerLayout( 3005): draw
12-18 22:37:26.247 I/CircleCornerLayout( 3005): draw
12-18 22:37:26.248 D/pcapcmcc4( 3051): send_tcp_data_to_server_new: 1
12-18 22:37:26.248 D/pcapcmcc4( 3051): --- Send session --- Addr(1, 100.96.241.176 ~ 120.197.89.230) 
12-18 22:37:26.248 D/pcapcmcc4( 3051):  	 HTTPDATA:100.96.241.176#37411#120.197.89.230#8087#57878#57883#57883#57899#57885#57898#57899#1568#5#0#597#804#3#0#120.197.89.230:8087#/IPTV-Interfaces-plus/tag/queryTag?requestUuid=377e19570b45449fa15ad94d863fb64a#200#8#0#0#1#30400#29696#29184#0#0#0#
12-18 22:37:26.248 D/pcapcmcc4( 3051): 
12-18 22:37:26.258 I/CircleCornerLayout( 3005): draw
12-18 22:37:26.258 I/CircleCornerLayout( 3005): draw
12-18 22:37:26.258 I/CircleCornerLayout( 3005): draw
12-18 22:37:26.266 I/SingleImageView( 3005): costTime##createCornerTextView##start
12-18 22:37:26.268 D/SpeechTagPresenter( 3069): 获取说法标签成功
12-18 22:37:26.268 I/SingleImageView( 3005): costTime##createCornerTextView##end
12-18 22:37:26.268 I/SingleImageView( 3005): SingleImageView#showFullData##end
12-18 22:37:26.269 D/pcapcmcc4( 3051): send_tcp_data_to_server_new: 2
12-18 22:37:26.269 D/pcapcmcc4( 3051): --- Send session --- Addr(1, 100.96.241.176 ~ 183.235.11.40) 
12-18 22:37:26.269 D/pcapcmcc4( 3051):  	 HTTPDATA:100.96.241.176#37012#183.235.11.40#8081#56407#56407#56407#56415#56407#56414#56415#1005#11#0#14029#14689#10#0#183.235.11.40:8081#/pics/apk_site/biz_26027652/positions/BizPosition_8975/element_102141/images/element_102141_img_20201119181057.pngg#200#21#0#0#2#153728#139269#124800#0#0#0#
12-18 22:37:26.269 D/pcapcmcc4( 3051): 
12-18 22:37:26.269 D/pcapcmcc4( 3051): reset pkg_num!
12-18 22:37:26.269 I/SingleImageView( 3005): costTime##createCornerTextView##start
12-18 22:37:26.272 I/SingleImageView( 3005): costTime##createCornerTextView##end
12-18 22:37:26.272 I/SingleImageView( 3005): SingleImageView#showFullData##end
12-18 22:37:26.273 D/pcapcmcc4( 3051): send_tcp_data_to_server_new: 2
12-18 22:37:26.274 D/pcapcmcc4( 3051): --- Send session --- Addr(1, 100.96.241.176 ~ 183.235.11.40) 
12-18 22:37:26.274 D/pcapcmcc4( 3051):  	 HTTPDATA:100.96.241.176#49802#183.235.11.40#8081#56509#56509#56509#56516#56509#56515#56516#492#4#0#3263#3461#3#0#183.235.11.40:8081#/pics/position/202007/29/2020072916104484545724.png8092/element_157112/images/element_157112_img_20201112174722.png#200#7#0#1#2#101632#97280#92928#0#0#0#
12-18 22:37:26.274 D/pcapcmcc4( 3051): 
12-18 22:37:26.274 D/pcapcmcc4( 3051): reset pkg_num!
12-18 22:37:26.274 D/pcapcmcc4( 3051): send_tcp_data_to_server_new: 2
12-18 22:37:26.274 D/pcapcmcc4( 3051): --- Send session --- Addr(1, 100.96.241.176 ~ 183.235.11.40) 
12-18 22:37:26.274 D/pcapcmcc4( 3051):  	 HTTPDATA:100.96.241.176#46837#183.235.11.40#8081#56521#56521#56521#56571#56521#56531#56571#414#3#0#2958#3156#3#0#183.235.11.40:8081#/pics/position/202007/29/2020072916105743766818.png_24283288_bg_20201009091331.png#200#6#0#0#2#260928#258986#255104#0#0#0#
12-18 22:37:26.274 D/pcapcmcc4( 3051): 
12-18 22:37:26.274 D/pcapcmcc4( 3051): reset pkg_num!
12-18 22:37:26.274 I/SingleImageView( 3005): costTime##createCornerTextView##start
12-18 22:37:26.276 I/SingleImageView( 3005): costTime##createCornerTextView##end
12-18 22:37:26.276 I/SingleImageView( 3005): SingleImageView#showFullData##end
12-18 22:37:26.279 D/pcapcmcc4( 3051): add_tcp_node_to_list_new:53843 
12-18 22:37:26.279 D/pcapcmcc4( 3051): reset pkg_num!
12-18 22:37:26.283 I/SingleImageView( 3005): costTime##createCornerTextView##start
12-18 22:37:26.289 I/SingleImageView( 3005): costTime##createCornerTextView##end
12-18 22:37:26.289 I/SingleImageView( 3005): SingleImageView#showFullData##end
12-18 22:37:26.290 I/SingleImageView( 3005): costTime##createCornerTextView##start
12-18 22:37:26.294 I/SingleImageView( 3005): costTime##createCornerTextView##end
12-18 22:37:26.294 I/SingleImageView( 3005): SingleImageView#showFullData##end
12-18 22:37:26.296 I/SingleImageView( 3005): costTime##createCornerTextView##start
12-18 22:37:26.298 I/SingleImageView( 3005): costTime##createCornerTextView##end
12-18 22:37:26.299 I/SingleImageView( 3005): SingleImageView#showFullData##end
12-18 22:37:26.303 I/SingleImageView( 3005): costTime##createCornerTextView##start
12-18 22:37:26.304 D/dalvikvm( 2710): GC_CONCURRENT freed 861K, 36% free 3394K/5304K, paused 2ms+2ms, total 27ms
12-18 22:37:26.306 I/SingleImageView( 3005): costTime##createCornerTextView##end
12-18 22:37:26.306 I/SingleImageView( 3005): SingleImageView#showFullData##end
12-18 22:37:26.307 D/pcapcmcc4( 3051): send_tcp_data_to_server_new: 2
12-18 22:37:26.307 D/pcapcmcc4( 3051): --- Send session --- Addr(1, 100.96.241.176 ~ 183.235.11.40) 
12-18 22:37:26.307 D/pcapcmcc4( 3051):  	 HTTPDATA:100.96.241.176#49802#183.235.11.40#8081#57924#57924#57924#57931#57924#57930#57931#546#5#0#4850#5114#4#0#183.235.11.40:8081#/pics/showFlag/202003/30/2020033016483100176134.png#200#9#0#0#2#113216#107417#101632#0#0#0#
12-18 22:37:26.307 D/pcapcmcc4( 3051): 
12-18 22:37:26.307 D/pcapcmcc4( 3051): reset pkg_num!
12-18 22:37:26.308 I/SingleImageView( 3005): costTime##createCornerTextView##start
12-18 22:37:26.312 I/SingleImageView( 3005): costTime##createCornerTextView##end
12-18 22:37:26.312 I/SingleImageView( 3005): SingleImageView#showFullData##end
12-18 22:37:26.313 I/SingleImageView( 3005): costTime##createCornerTextView##start
12-18 22:37:26.317 I/SingleImageView( 3005): costTime##createCornerTextView##end
12-18 22:37:26.317 I/SingleImageView( 3005): SingleImageView#showFullData##end
12-18 22:37:26.318 I/SingleImageView( 3005): costTime##createCornerTextView##start
12-18 22:37:26.323 I/SingleImageView( 3005): costTime##createCornerTextView##end
12-18 22:37:26.323 I/SingleImageView( 3005): SingleImageView#showFullData##end
12-18 22:37:26.324 I/SingleImageView( 3005): costTime##createCornerTextView##start
12-18 22:37:26.328 I/SingleImageView( 3005): costTime##createCornerTextView##end
12-18 22:37:26.328 I/SingleImageView( 3005): SingleImageView#showFullData##end
12-18 22:37:26.329 D/pcapcmcc4( 3051): send_tcp_data_to_server_new: 2
12-18 22:37:26.329 D/pcapcmcc4( 3051): --- Send session --- Addr(1, 100.96.241.176 ~ 183.235.11.40) 
12-18 22:37:26.329 D/pcapcmcc4( 3051):  	 HTTPDATA:100.96.241.176#46837#183.235.11.40#8081#57922#57922#57922#57955#57922#57931#57955#2681#36#0#50251#52561#35#0#183.235.11.40:8081#/pics/apk_site/biz_58411101/biz_44159017/positions/BizPosition_28592/element_160400/images/element_160400_img_20201218161811.jpg#200#71#0#1#2#362240#311584#260928#0#0#0#
12-18 22:37:26.329 D/pcapcmcc4( 3051): 
12-18 22:37:26.329 D/pcapcmcc4( 3051): reset pkg_num!
12-18 22:37:26.331 I/SingleImageView( 3005): costTime##createCornerTextView##start
12-18 22:37:26.405 D/dalvikvm( 3005): GC_FOR_ALLOC freed 214K, 9% free 86785K/94568K, paused 73ms, total 73ms
12-18 22:37:26.406 E/bt_h5   ( 3762): h5_timeout_handler
12-18 22:37:26.406 E/bt_h5   ( 3762): Wait H5 Sync Resp timeout, 12 times
12-18 22:37:26.407 I/dalvikvm-heap( 3005): Grow heap (frag case) to 85.972MB for 1237516-byte allocation
12-18 22:37:26.463 D/dalvikvm( 3005): GC_FOR_ALLOC freed 16K, 9% free 87977K/95780K, paused 56ms, total 56ms
12-18 22:37:26.467 I/SingleImageView( 3005): costTime##createCornerTextView##end
12-18 22:37:26.467 I/SingleImageView( 3005): SingleImageView#showFullData##end
12-18 22:37:26.468 I/SingleImageView( 3005): costTime##createCornerTextView##start
12-18 22:37:26.477 D/pcapcmcc4( 3051): send_tcp_data_to_server_new: 0
12-18 22:37:26.477 D/pcapcmcc4( 3051): --- Send session --- Addr(1, 100.96.241.176 ~ 183.235.11.103) 
12-18 22:37:26.477 D/pcapcmcc4( 3051):  	 HTTPDATA:100.96.241.176#51306#183.235.11.103#9000#53110#53117#53117#58126#53118#53126#58126#514#4#0#542#815#4#0#183.235.11.103:9000#/interactsys-aaa-local/auth/loginNG.do?&virtual=1&operatorCode=24400&cid=ydtest5&STBType=&deviceId=ydtest5#200#8#0#0#0#30336#29504#29184#0#0#0#
12-18 22:37:26.477 D/pcapcmcc4( 3051): 
12-18 22:37:26.527 D/dalvikvm( 3005): GC_FOR_ALLOC freed 29K, 8% free 88317K/95780K, paused 57ms, total 57ms
12-18 22:37:26.529 I/dalvikvm-heap( 3005): Grow heap (frag case) to 87.469MB for 1237516-byte allocation
12-18 22:37:26.588 D/dalvikvm( 3005): GC_FOR_ALLOC freed <1K, 8% free 89525K/96992K, paused 58ms, total 59ms
12-18 22:37:26.591 I/SingleImageView( 3005): costTime##createCornerTextView##end
12-18 22:37:26.591 I/SingleImageView( 3005): SingleImageView#showFullData##end
12-18 22:37:26.593 I/SingleImageView( 3005): costTime##createCornerTextView##start
12-18 22:37:26.596 I/SingleImageView( 3005): costTime##createCornerTextView##end
12-18 22:37:26.596 I/SingleImageView( 3005): SingleImageView#showFullData##end
12-18 22:37:26.597 D/pcapcmcc4( 3051): send_tcp_data_to_server_new: 2
12-18 22:37:26.597 D/pcapcmcc4( 3051): --- Send session --- Addr(1, 100.96.241.176 ~ 183.235.11.40) 
12-18 22:37:26.597 D/pcapcmcc4( 3051):  	 HTTPDATA:100.96.241.176#37012#183.235.11.40#8081#57919#57919#57919#57978#57919#57927#57978#7786#113#0#162170#169628#113#0#183.235.11.40:8081#/pics/apk_site/biz_58411101/biz_44159017/positions/BizPosition_8807/element_162638/images/element_162638_img_20201218162742.jpg#200#226#0#3#2#478080#315927#153728#0#0#0#
12-18 22:37:26.597 D/pcapcmcc4( 3051): 
12-18 22:37:26.597 D/pcapcmcc4( 3051): reset pkg_num!
12-18 22:37:26.606 I/SingleImageView( 3005): costTime##createCornerTextView##start
12-18 22:37:26.609 I/SingleImageView( 3005): costTime##createCornerTextView##end
12-18 22:37:26.609 I/SingleImageView( 3005): SingleImageView#showFullData##end
12-18 22:37:26.612 D/pcapcmcc4( 3051): send_tcp_data_to_server_new: 2
12-18 22:37:26.612 D/pcapcmcc4( 3051): --- Send session --- Addr(1, 100.96.241.176 ~ 183.235.11.40) 
12-18 22:37:26.612 D/pcapcmcc4( 3051):  	 HTTPDATA:100.96.241.176#53843#183.235.11.40#8081#57929#57940#57940#57981#57945#57958#57981#2766#38#0#49293#51743#37#0#183.235.11.40:8081#/pics/micro-picture/category_item/2020-12-18/d6f69066-d7ae-402a-84be-0cd5cd17ff23.jpg#200#75#0#0#2#127680#77160#29184#0#0#0#
12-18 22:37:26.612 D/pcapcmcc4( 3051): 
12-18 22:37:26.612 D/pcapcmcc4( 3051): reset pkg_num!
12-18 22:37:26.617 D/pcapcmcc4( 3051): send_tcp_data_to_server_new: 2
12-18 22:37:26.617 D/pcapcmcc4( 3051): --- Send session --- Addr(1, 100.96.241.176 ~ 183.235.11.40) 
12-18 22:37:26.617 D/pcapcmcc4( 3051):  	 HTTPDATA:100.96.241.176#49802#183.235.11.40#8081#57959#57959#57959#58079#57959#57965#58079#8548#124#1#342509#358151#237#0#183.235.11.40:8081#/pics/apk_site/biz_58411101/biz_44159017/positions/BizPosition_8805/element_161508/images/element_161508_img_20201218163019.jpg#200#361#0#6#2#442560#336219#113216#0#0#0#
12-18 22:37:26.617 D/pcapcmcc4( 3051): 
12-18 22:37:26.617 D/pcapcmcc4( 3051): reset pkg_num!
12-18 22:37:26.628 D/pcapcmcc4( 3051): send_tcp_data_to_server_new: 2
12-18 22:37:26.628 D/pcapcmcc4( 3051): --- Send session --- Addr(1, 100.96.241.176 ~ 183.235.11.40) 
12-18 22:37:26.628 D/pcapcmcc4( 3051):  	 HTTPDATA:100.96.241.176#46837#183.235.11.40#8081#57977#57977#57977#57995#57977#57990#57995#2848#39#0#55633#58207#39#0#183.235.11.40:8081#/pics/micro-picture/category_item/2020-12-18/0f39a474-f5ed-4011-a224-1f49bbe13a18.jpgmages/element_160400_img_20201218161811.jpg#200#78#0#2#2#475200#420109#362240#0#0#0#
12-18 22:37:26.628 D/pcapcmcc4( 3051): 
12-18 22:37:26.628 D/pcapcmcc4( 3051): reset pkg_num!
12-18 22:37:26.634 D/pcapcmcc4( 3051): send_tcp_data_to_server_new: 2
12-18 22:37:26.634 D/pcapcmcc4( 3051): --- Send session --- Addr(1, 100.96.241.176 ~ 183.235.11.40) 
12-18 22:37:26.634 D/pcapcmcc4( 3051):  	 HTTPDATA:100.96.241.176#37012#183.235.11.40#8081#58245#58245#58245#58267#58245#58254#58267#2560#35#0#50749#53125#36#0#183.235.11.40:8081#/pics/micro-picture/category_item/2020-12-18/f729d81b-2685-49b9-bf91-2c82272c9216.jpgages/element_162638_img_20201218162742.jpg#200#71#0#0#2#522880#506678#478080#0#0#0#
12-18 22:37:26.634 D/pcapcmcc4( 3051): 
12-18 22:37:26.634 D/pcapcmcc4( 3051): reset pkg_num!
12-18 22:37:26.647 D/pcapcmcc4( 3051): send_tcp_data_to_server_new: 2
12-18 22:37:26.648 D/pcapcmcc4( 3051): --- Send session --- Addr(1, 100.96.241.176 ~ 183.235.11.40) 
12-18 22:37:26.648 D/pcapcmcc4( 3051):  	 HTTPDATA:100.96.241.176#49802#183.235.11.40#8081#58266#58266#58266#58276#58266#58273#58276#1944#26#0#34890#36540#25#0#183.235.11.40:8081#/pics/position/202008/21/2020082114312286630054.pngBizPosition_8805/element_161508/images/element_161508_img_20201218163019.jpg#200#51#0#1#2#512832#479438#443328#0#0#0#
12-18 22:37:26.648 D/pcapcmcc4( 3051): 
12-18 22:37:26.648 D/pcapcmcc4( 3051): reset pkg_num!
12-18 22:37:26.656 E/bt_h5   ( 3762): h5_timeout_handler
12-18 22:37:26.656 E/bt_h5   ( 3762): Wait H5 Sync Resp timeout, 13 times
12-18 22:37:26.720 D/dalvikvm( 3005): GC_FOR_ALLOC freed 89K, 7% free 90938K/97688K, paused 64ms, total 64ms
12-18 22:37:26.727 D/pcapcmcc4( 3051): send_tcp_data_to_server_new: 2
12-18 22:37:26.727 D/pcapcmcc4( 3051): --- Send session --- Addr(1, 100.96.241.176 ~ 183.235.11.40) 
12-18 22:37:26.727 D/pcapcmcc4( 3051):  	 HTTPDATA:100.96.241.176#53843#183.235.11.40#8081#58262#58262#58262#58287#58262#58271#58287#1878#25#0#33543#35127#24#0#183.235.11.40:8081#/pics/position/202008/21/2020082114311431200800.png66-d7ae-402a-84be-0cd5cd17ff23.jpg#200#49#0#1#2#194304#162324#127680#0#0#0#
12-18 22:37:26.727 D/pcapcmcc4( 3051): 
12-18 22:37:26.727 D/pcapcmcc4( 3051): reset pkg_num!
12-18 22:37:26.729 D/pcapcmcc4( 3051): send_tcp_data_to_server_new: 2
12-18 22:37:26.729 D/pcapcmcc4( 3051): --- Send session --- Addr(1, 100.96.241.176 ~ 183.235.11.40) 
12-18 22:37:26.729 D/pcapcmcc4( 3051):  	 HTTPDATA:100.96.241.176#46837#183.235.11.40#8081#58276#58276#58276#58289#58276#58287#58289#1782#23#1#31727#33179#22#0#183.235.11.40:8081#/pics/position/202008/21/2020082117403549513044.png74-f5ed-4011-a224-1f49bbe13a18.jpg#200#45#0#4#2#512384#499272#475200#0#0#0#
12-18 22:37:26.729 D/pcapcmcc4( 3051): 
12-18 22:37:26.730 D/pcapcmcc4( 3051): reset pkg_num!
12-18 22:37:26.738 D/pcapcmcc4( 3051): send_tcp_data_to_server_new: 2
12-18 22:37:26.738 D/pcapcmcc4( 3051): --- Send session --- Addr(1, 100.96.241.176 ~ 183.235.11.40) 
12-18 22:37:26.738 D/pcapcmcc4( 3051):  	 HTTPDATA:100.96.241.176#37012#183.235.11.40#8081#58284#58284#58284#58301#58284#58292#58301#480#4#0#33391#34975#24#0#183.235.11.40:8081#/pics/position/202008/21/2020082114304324993122.png1b-2685-49b9-bf91-2c82272c9216.jpg#200#28#0#0#2#522880#519472#509248#0#0#0#
12-18 22:37:26.738 D/pcapcmcc4( 3051): 
12-18 22:37:26.738 D/pcapcmcc4( 3051): reset pkg_num!
12-18 22:37:26.757 D/pcapcmcc4( 3051): send_tcp_data_to_server_new: 2
12-18 22:37:26.757 D/pcapcmcc4( 3051): --- Send session --- Addr(1, 100.96.241.176 ~ 183.235.11.40) 
12-18 22:37:26.757 D/pcapcmcc4( 3051):  	 HTTPDATA:100.96.241.176#49802#183.235.11.40#8081#58297#58297#58297#58306#58297#58304#58306#1019#11#0#28616#29936#20#0#183.235.11.40:8081#/pics/apk_site/biz_58411101/biz_12415691/positions/BizPosition_19629/element_143869/images/element_143869_img_20201026142331.png#200#31#0#0#2#570752#541806#512832#0#0#0#
12-18 22:37:26.757 D/pcapcmcc4( 3051): 
12-18 22:37:26.757 D/pcapcmcc4( 3051): reset pkg_num!
12-18 22:37:26.765 I/InfinitePageController_Page:4( 3005): InfinitePageController#ChildDrawingOrderCallback- pageIndex: 	4	childCount:	2	i:	0	focusedIndex:	-1	result:	1
12-18 22:37:26.765 I/CircleCornerLayout( 3005): draw
12-18 22:37:26.765 I/CircleCornerLayout( 3005): draw
12-18 22:37:26.765 I/CircleCornerLayout( 3005): draw
12-18 22:37:26.765 I/CircleCornerLayout( 3005): draw
12-18 22:37:26.765 I/CircleCornerLayout( 3005): draw
12-18 22:37:26.766 I/CircleCornerLayout( 3005): draw
12-18 22:37:26.766 I/CircleCornerLayout( 3005): draw
12-18 22:37:26.766 I/CircleCornerLayout( 3005): draw
12-18 22:37:26.766 I/InfinitePageController_Page:4( 3005): InfinitePageController#ChildDrawingOrderCallback- pageIndex: 	4	childCount:	2	i:	1	focusedIndex:	-1	result:	0
12-18 22:37:26.766 I/CircleCornerLayout( 3005): draw
12-18 22:37:26.766 I/CircleCornerLayout( 3005): draw
12-18 22:37:26.766 I/CircleCornerLayout( 3005): draw
12-18 22:37:26.767 I/InfinitePageController_Page:5( 3005): InfinitePageController#ChildDrawingOrderCallback- pageIndex: 	5	childCount:	3	i:	0	focusedIndex:	-1	result:	2
12-18 22:37:26.769 I/CircleCornerLayout( 3005): draw
12-18 22:37:26.770 I/CircleCornerLayout( 3005): draw
12-18 22:37:26.771 I/CircleCornerLayout( 3005): draw
12-18 22:37:26.772 I/CircleCornerLayout( 3005): draw
12-18 22:37:26.773 I/CircleCornerLayout( 3005): draw
12-18 22:37:26.774 I/CircleCornerLayout( 3005): draw
12-18 22:37:26.775 I/InfinitePageController_Page:5( 3005): InfinitePageController#ChildDrawingOrderCallback- pageIndex: 	5	childCount:	3	i:	1	focusedIndex:	-1	result:	1
12-18 22:37:26.777 I/CircleCornerLayout( 3005): draw
12-18 22:37:26.780 I/CircleCornerLayout( 3005): draw
12-18 22:37:26.784 I/CircleCornerLayout( 3005): draw
12-18 22:37:26.787 I/CircleCornerLayout( 3005): draw
12-18 22:37:26.791 I/InfinitePageController_Page:5( 3005): InfinitePageController#ChildDrawingOrderCallback- pageIndex: 	5	childCount:	3	i:	2	focusedIndex:	-1	result:	0
12-18 22:37:26.797 I/CircleCornerLayout( 3005): draw
12-18 22:37:26.803 I/CircleCornerLayout( 3005): draw
12-18 22:37:26.869 D/dalvikvm( 3005): GC_FOR_ALLOC freed 62K, 7% free 92042K/98748K, paused 63ms, total 64ms
12-18 22:37:26.888 I/InfinitePageController_Page:6( 3005): InfinitePageController#ChildDrawingOrderCallback- pageIndex: 	6	childCount:	2	i:	0	focusedIndex:	-1	result:	1
12-18 22:37:26.888 I/CircleCornerLayout( 3005): draw
12-18 22:37:26.888 I/CircleCornerLayout( 3005): draw
12-18 22:37:26.888 I/CircleCornerLayout( 3005): draw
12-18 22:37:26.888 I/CircleCornerLayout( 3005): draw
12-18 22:37:26.888 I/CircleCornerLayout( 3005): draw
12-18 22:37:26.888 I/CircleCornerLayout( 3005): draw
12-18 22:37:26.889 I/CircleCornerLayout( 3005): draw
12-18 22:37:26.889 I/CircleCornerLayout( 3005): draw
12-18 22:37:26.889 I/CircleCornerLayout( 3005): draw
12-18 22:37:26.889 I/CircleCornerLayout( 3005): draw
12-18 22:37:26.889 I/CircleCornerLayout( 3005): draw
12-18 22:37:26.889 I/CircleCornerLayout( 3005): draw
12-18 22:37:26.889 I/InfinitePageController_Page:6( 3005): InfinitePageController#ChildDrawingOrderCallback- pageIndex: 	6	childCount:	2	i:	1	focusedIndex:	-1	result:	0
12-18 22:37:26.889 I/CircleCornerLayout( 3005): draw
12-18 22:37:26.889 I/CircleCornerLayout( 3005): draw
12-18 22:37:26.889 I/CircleCornerLayout( 3005): draw
12-18 22:37:26.889 I/CircleCornerLayout( 3005): draw
12-18 22:37:26.890 I/CircleCornerLayout( 3005): draw
12-18 22:37:26.890 I/CircleCornerLayout( 3005): draw
12-18 22:37:26.891 I/CircleCornerLayout( 3005): draw
12-18 22:37:26.891 I/CircleCornerLayout( 3005): draw
12-18 22:37:26.901 I/CircleCornerLayout( 3005): draw
12-18 22:37:26.901 I/CircleCornerLayout( 3005): draw
12-18 22:37:26.901 I/CircleCornerLayout( 3005): draw
12-18 22:37:26.906 E/bt_h5   ( 3762): h5_timeout_handler
12-18 22:37:26.906 E/bt_h5   ( 3762): Wait H5 Sync Resp timeout, 14 times
12-18 22:37:26.913 I/SingleImageView( 3005): costTime##createCornerTextView##start
12-18 22:37:26.917 I/SingleImageView( 3005): costTime##createCornerTextView##end
12-18 22:37:26.917 I/SingleImageView( 3005): SingleImageView#showFullData##end
12-18 22:37:26.918 D/pcapcmcc4( 3051): send_tcp_data_to_server_new: 2
12-18 22:37:26.918 D/pcapcmcc4( 3051): --- Send session --- Addr(1, 100.96.241.176 ~ 183.235.11.40) 
12-18 22:37:26.918 D/pcapcmcc4( 3051):  	 HTTPDATA:100.96.241.176#53843#183.235.11.40#8081#58378#58378#58378#58390#58378#58387#58390#1800#24#0#33077#34595#23#0#183.235.11.40:8081#/pics/position/202008/21/2020082114314457237813.png#200#47#0#0#2#260928#227600#194304#0#0#0#
12-18 22:37:26.918 D/pcapcmcc4( 3051): 
12-18 22:37:26.918 D/pcapcmcc4( 3051): reset pkg_num!
12-18 22:37:26.919 I/SingleImageView( 3005): costTime##createCornerTextView##start
12-18 22:37:26.922 I/SingleImageView( 3005): costTime##createCornerTextView##end
12-18 22:37:26.922 I/SingleImageView( 3005): SingleImageView#showFullData##end
12-18 22:37:26.923 D/pcapcmcc4( 3051): send_tcp_data_to_server_new: 2
12-18 22:37:26.923 D/pcapcmcc4( 3051): --- Send session --- Addr(1, 100.96.241.176 ~ 183.235.11.40) 
12-18 22:37:26.923 D/pcapcmcc4( 3051):  	 HTTPDATA:100.96.241.176#37012#183.235.11.40#8081#58388#58388#58388#58410#58388#58402#58410#1416#18#1#33281#34865#24#0#183.235.11.40:8081#/pics/position/202008/21/2020082114305807126771.png#200#42#0#1#2#522880#517475#509312#0#0#0#
12-18 22:37:26.923 D/pcapcmcc4( 3051): 
12-18 22:37:26.923 D/pcapcmcc4( 3051): reset pkg_num!
12-18 22:37:26.923 D/pcapcmcc4( 3051): send_tcp_data_to_server_new: 2
12-18 22:37:26.923 D/pcapcmcc4( 3051): --- Send session --- Addr(1, 100.96.241.176 ~ 183.235.11.40) 
12-18 22:37:26.923 D/pcapcmcc4( 3051):  	 HTTPDATA:100.96.241.176#46837#183.235.11.40#8081#58378#58378#58378#58392#58378#58388#58392#942#11#0#30875#32327#22#0#183.235.11.40:8081#/pics/position/202008/18/2020081815554928949044.png#200#33#0#0#2#521536#518388#512832#0#0#0#
12-18 22:37:26.923 D/pcapcmcc4( 3051): 
12-18 22:37:26.923 D/pcapcmcc4( 3051): reset pkg_num!
12-18 22:37:26.923 I/SingleImageView( 3005): costTime##createCornerTextView##start
12-18 22:37:26.926 I/SingleImageView( 3005): costTime##createCornerTextView##end
12-18 22:37:26.926 I/SingleImageView( 3005): SingleImageView#showFullData##end
12-18 22:37:26.927 I/SingleImageView( 3005): costTime##createCornerTextView##start
12-18 22:37:26.927 D/pcapcmcc4( 3051): send_tcp_data_to_server_new: 2
12-18 22:37:26.928 D/pcapcmcc4( 3051): --- Send session --- Addr(1, 100.96.241.176 ~ 183.235.11.40) 
12-18 22:37:26.928 D/pcapcmcc4( 3051):  	 HTTPDATA:100.96.241.176#49802#183.235.11.40#8081#58408#58408#58408#58453#58408#58414#58453#11341#164#0#234640#245464#164#2#183.235.11.40:8081#/pics/apk_site/biz_58411101/biz_74936126/positions/BizPosition_28236/element_162684/images/element_162684_img_20201218180045.jpg#200#328#0#6#2#1039936#806782#570752#0#0#0#
12-18 22:37:26.928 D/pcapcmcc4( 3051): 
12-18 22:37:26.928 D/pcapcmcc4( 3051): reset pkg_num!
12-18 22:37:26.931 I/SingleImageView( 3005): costTime##createCornerTextView##end
12-18 22:37:26.931 I/SingleImageView( 3005): SingleImageView#showFullData##end
12-18 22:37:26.932 I/SingleImageView( 3005): costTime##createCornerTextView##start
12-18 22:37:26.935 I/SingleImageView( 3005): costTime##createCornerTextView##end
12-18 22:37:26.935 I/SingleImageView( 3005): SingleImageView#showFullData##end
12-18 22:37:26.936 I/SingleImageView( 3005): costTime##createCornerTextView##start
12-18 22:37:26.941 I/SingleImageView( 3005): costTime##createCornerTextView##end
12-18 22:37:26.941 I/SingleImageView( 3005): SingleImageView#showFullData##end
12-18 22:37:26.943 I/SingleImageView( 3005): costTime##createCornerTextView##start
12-18 22:37:26.946 I/SingleImageView( 3005): costTime##createCornerTextView##end
12-18 22:37:26.946 I/SingleImageView( 3005): SingleImageView#showFullData##end
12-18 22:37:26.947 I/SingleImageView( 3005): costTime##createCornerTextView##start
12-18 22:37:27.013 D/dalvikvm( 3005): GC_FOR_ALLOC freed 94K, 7% free 93638K/100268K, paused 65ms, total 65ms
12-18 22:37:27.021 I/SingleImageView( 3005): costTime##createCornerTextView##end
12-18 22:37:27.021 I/SingleImageView( 3005): SingleImageView#showFullData##end
12-18 22:37:27.022 D/pcapcmcc4( 3051): send_tcp_data_to_server_new: 2
12-18 22:37:27.022 D/pcapcmcc4( 3051): --- Send session --- Addr(1, 100.96.241.176 ~ 183.235.11.40) 
12-18 22:37:27.022 D/pcapcmcc4( 3051):  	 HTTPDATA:100.96.241.176#46837#183.235.11.40#8081#58572#58572#58572#58586#58572#58586#58586#348#2#0#1346#1412#1#0#183.235.11.40:8081#/pics/showFlag/201809/14/2018091415235332151175.png#200#3#0#0#2#522880#522208#521536#0#0#0#
12-18 22:37:27.022 D/pcapcmcc4( 3051): 
12-18 22:37:27.022 D/pcapcmcc4( 3051): reset pkg_num!
12-18 22:37:27.024 I/SingleImageView( 3005): costTime##createCornerTextView##start
12-18 22:37:27.028 I/SingleImageView( 3005): costTime##createCornerTextView##end
12-18 22:37:27.028 I/SingleImageView( 3005): SingleImageView#showFullData##end
12-18 22:37:27.030 I/SingleImageView( 3005): costTime##createCornerTextView##start
12-18 22:37:27.033 I/SingleImageView( 3005): costTime##createCornerTextView##end
12-18 22:37:27.033 D/pcapcmcc4( 3051): send_tcp_data_to_server_new: 2
12-18 22:37:27.033 I/SingleImageView( 3005): SingleImageView#showFullData##end
12-18 22:37:27.033 D/pcapcmcc4( 3051): --- Send session --- Addr(1, 100.96.241.176 ~ 183.235.11.40) 
12-18 22:37:27.033 D/pcapcmcc4( 3051):  	 HTTPDATA:100.96.241.176#49802#183.235.11.40#8081#58577#58577#58577#58596#58577#58587#58596#3941#54#2#86534#90494#60#0#183.235.11.40:8081#/pics/apk_site/biz_58411101/biz_01471260/positions/BizPosition_12889/element_116333/images/element_116333_img_20200930171947.jpg#200#114#0#7#2#1048576#1020873#993024#0#0#0#
12-18 22:37:27.033 D/pcapcmcc4( 3051): 
12-18 22:37:27.033 D/pcapcmcc4( 3051): reset pkg_num!
12-18 22:37:27.034 I/SingleImageView( 3005): costTime##createCornerTextView##start
12-18 22:37:27.037 I/SingleImageView( 3005): costTime##createCornerTextView##end
12-18 22:37:27.037 I/SingleImageView( 3005): SingleImageView#showFullData##end
12-18 22:37:27.039 I/SingleImageView( 3005): costTime##createCornerTextView##start
12-18 22:37:27.042 I/SingleImageView( 3005): costTime##createCornerTextView##end
12-18 22:37:27.042 I/SingleImageView( 3005): SingleImageView#showFullData##end
12-18 22:37:27.044 I/SingleImageView( 3005): costTime##createCornerTextView##start
12-18 22:37:27.047 I/SingleImageView( 3005): costTime##createCornerTextView##end
12-18 22:37:27.047 I/SingleImageView( 3005): SingleImageView#showFullData##end
12-18 22:37:27.049 I/SingleImageView( 3005): costTime##createCornerTextView##start
12-18 22:37:27.050 D/pcapcmcc4( 3051): send_tcp_data_to_server_new: 2
12-18 22:37:27.050 D/pcapcmcc4( 3051): --- Send session --- Addr(1, 100.96.241.176 ~ 183.235.11.40) 
12-18 22:37:27.050 D/pcapcmcc4( 3051):  	 HTTPDATA:100.96.241.176#37012#183.235.11.40#8081#58572#58572#58572#58603#58572#58581#58603#833#8#0#60786#63624#43#0#183.235.11.40:8081#/pics/apk_site/biz_58411101/biz_01471260/positions/BizPosition_12891/element_162616/images/element_162616_img_20201218154438.jpg#200#51#0#1#2#522880#520248#512128#0#0#0#
12-18 22:37:27.050 D/pcapcmcc4( 3051): 
12-18 22:37:27.050 D/pcapcmcc4( 3051): reset pkg_num!
12-18 22:37:27.052 I/SingleImageView( 3005): costTime##createCornerTextView##end
12-18 22:37:27.052 I/SingleImageView( 3005): SingleImageView#showFullData##end
12-18 22:37:27.055 I/SingleImageView( 3005): costTime##createCornerTextView##start
12-18 22:37:27.058 I/SingleImageView( 3005): costTime##createCornerTextView##end
12-18 22:37:27.058 I/SingleImageView( 3005): SingleImageView#showFullData##end
12-18 22:37:27.061 I/SingleImageView( 3005): costTime##createCornerTextView##start
12-18 22:37:27.063 D/pcapcmcc4( 3051): send_tcp_data_to_server_new: 2
12-18 22:37:27.063 D/pcapcmcc4( 3051): --- Send session --- Addr(1, 100.96.241.176 ~ 183.235.11.40) 
12-18 22:37:27.063 D/pcapcmcc4( 3051):  	 HTTPDATA:100.96.241.176#53843#183.235.11.40#8081#58569#58569#58569#58621#58569#58579#58621#5939#85#0#121183#126727#84#0#183.235.11.40:8081#/pics/apk_site/biz_58411101/biz_74936126/positions/BizPosition_28256/element_157770/images/element_157770_img_20201217173248.jpg#200#169#0#3#2#481280#380999#260928#0#0#0#
12-18 22:37:27.063 D/pcapcmcc4( 3051): 
12-18 22:37:27.063 D/pcapcmcc4( 3051): reset pkg_num!
12-18 22:37:27.064 I/SingleImageView( 3005): costTime##createCornerTextView##end
12-18 22:37:27.064 I/SingleImageView( 3005): SingleImageView#showFullData##end
12-18 22:37:27.066 I/SingleImageView( 3005): costTime##createCornerTextView##start
12-18 22:37:27.068 I/SingleImageView( 3005): costTime##createCornerTextView##end
12-18 22:37:27.069 I/SingleImageView( 3005): SingleImageView#showFullData##end
12-18 22:37:27.070 I/SingleImageView( 3005): costTime##createCornerTextView##start
12-18 22:37:27.073 I/SingleImageView( 3005): costTime##createCornerTextView##end
12-18 22:37:27.073 I/SingleImageView( 3005): SingleImageView#showFullData##end
12-18 22:37:27.074 I/SingleImageView( 3005): costTime##createCornerTextView##start
12-18 22:37:27.078 I/SingleImageView( 3005): costTime##createCornerTextView##end
12-18 22:37:27.078 I/SingleImageView( 3005): SingleImageView#showFullData##end
12-18 22:37:27.140 D/dalvikvm( 3005): GC_FOR_ALLOC freed 86K, 7% free 95167K/101704K, paused 61ms, total 61ms
12-18 22:37:27.143 I/SingleImageView( 3005): costTime##createCornerTextView##start
12-18 22:37:27.146 I/SingleImageView( 3005): costTime##createCornerTextView##end
12-18 22:37:27.147 I/SingleImageView( 3005): SingleImageView#showFullData##end
12-18 22:37:27.148 I/SingleImageView( 3005): costTime##createCornerTextView##start
12-18 22:37:27.151 I/SingleImageView( 3005): costTime##createCornerTextView##end
12-18 22:37:27.151 I/SingleImageView( 3005): SingleImageView#showFullData##end
12-18 22:37:27.152 I/SingleImageView( 3005): costTime##createCornerTextView##start
12-18 22:37:27.155 I/SingleImageView( 3005): costTime##createCornerTextView##end
12-18 22:37:27.155 I/SingleImageView( 3005): SingleImageView#showFullData##end
12-18 22:37:27.155 D/pcapcmcc4( 3051): send_tcp_data_to_server_new: 2
12-18 22:37:27.155 D/pcapcmcc4( 3051): --- Send session --- Addr(1, 100.96.241.176 ~ 183.235.11.40) 
12-18 22:37:27.155 D/pcapcmcc4( 3051):  	 HTTPDATA:100.96.241.176#49802#183.235.11.40#8081#58684#58684#58684#58725#58684#58696#58725#2549#34#1#159694#167020#111#0#183.235.11.40:8081#/pics/apk_site/biz_58411101/biz_01471260/positions/BizPosition_12893/element_116337/images/element_116337_img_20201127102953.png#200#145#0#1#2#1048576#1047872#1044800#0#0#0#
12-18 22:37:27.155 D/pcapcmcc4( 3051): 
12-18 22:37:27.156 D/pcapcmcc4( 3051): reset pkg_num!
12-18 22:37:27.156 E/bt_h5   ( 3762): h5_timeout_handler
12-18 22:37:27.156 E/bt_h5   ( 3762): Wait H5 Sync Resp timeout, 15 times
12-18 22:37:27.156 E/bt_h5   ( 3762): h5_timeout_handler
12-18 22:37:27.157 I/SingleImageView( 3005): costTime##createCornerTextView##start
12-18 22:37:27.160 I/SingleImageView( 3005): costTime##createCornerTextView##end
12-18 22:37:27.160 I/SingleImageView( 3005): SingleImageView#showFullData##end
12-18 22:37:27.163 I/SingleImageView( 3005): costTime##createCornerTextView##start
12-18 22:37:27.165 W/MediaFocusControl( 2322): RemoteControl: display android.media.IRemoteControlDisplay$Stub$Proxy@42272198 died
12-18 22:37:27.165 D/BluetoothInputDevice( 3847): Proxy object disconnected
12-18 22:37:27.165 D/HidProfile( 3847): Bluetooth service disconnected
12-18 22:37:27.165 D/BluetoothMap( 3847): Proxy object disconnected
12-18 22:37:27.165 D/MapProfile( 3847): Bluetooth service disconnected
12-18 22:37:27.165 D/BluetoothPan( 3847): BluetoothPAN Proxy object disconnected
12-18 22:37:27.165 D/PanProfile( 3847): Bluetooth service disconnected
12-18 22:37:27.165 I/ActivityManager( 2322): Process com.android.bluetooth (pid 3762) has died.
12-18 22:37:27.165 D/ActivityManager( 2322): cleanUpApplicationRecordLocked -- 3762
12-18 22:37:27.166 D/BluetoothManagerService( 2322): BluetoothServiceConnection, disconnected: com.android.bluetooth.btservice.AdapterService
12-18 22:37:27.166 D/BluetoothManagerService( 2322): Message: 41
12-18 22:37:27.166 E/BluetoothManagerService( 2322): MESSAGE_BLUETOOTH_SERVICE_DISCONNECTED: 1
12-18 22:37:27.166 D/BluetoothManagerService( 2322): Calling onBluetoothServiceDown callbacks
12-18 22:37:27.166 D/BluetoothManagerService( 2322): Broadcasting onBluetoothServiceDown() to 5 receivers.
12-18 22:37:27.168 D/BluetoothManagerService( 2322): Bluetooth State Change Intent: 12 -> 13
12-18 22:37:27.168 D/ActivityManager( 2322): cleanUpApplicationRecordLocked -- restart =false
12-18 22:37:27.169 I/SingleImageView( 3005): costTime##createCornerTextView##end
12-18 22:37:27.170 I/SingleImageView( 3005): SingleImageView#showFullData##end
12-18 22:37:27.171 I/SingleImageView( 3005): costTime##createCornerTextView##start
12-18 22:37:27.174 I/SingleImageView( 3005): costTime##createCornerTextView##end
12-18 22:37:27.174 I/SingleImageView( 3005): SingleImageView#showFullData##end
12-18 22:37:27.174 D/pcapcmcc4( 3051): send_tcp_data_to_server_new: 2
12-18 22:37:27.175 D/pcapcmcc4( 3051): --- Send session --- Addr(1, 100.96.241.176 ~ 183.235.11.40) 
12-18 22:37:27.175 D/pcapcmcc4( 3051):  	 HTTPDATA:100.96.241.176#37012#183.235.11.40#8081#58700#58700#58700#58727#58700#58724#58727#1140#14#0#17670#18528#13#0#183.235.11.40:8081#/pics/position/202008/20/2020082017023289518352.pngBizPosition_12891/element_162616/images/element_162616_img_20201218154438.jpg#200#27#0#0#2#522880#519131#513024#0#0#0#
12-18 22:37:27.175 D/pcapcmcc4( 3051): 
12-18 22:37:27.175 D/pcapcmcc4( 3051): reset pkg_num!
12-18 22:37:27.175 D/BluetoothManagerService( 2322): Broadcasting onBluetoothStateChange(false) to 8 receivers.
12-18 22:37:27.176 D/HiRMService( 2727): mNetReceiver onReceive --android.bluetooth.adapter.action.STATE_CHANGED
12-18 22:37:27.176 D/HiRMService( 2727): ACTION_STATE_CHANGED : mBluetoothMode.getEnableFlag() = false ; state = 13
12-18 22:37:27.176 D/BluetoothPbap( 3847): onBluetoothStateChange: up=false
12-18 22:37:27.178 I/SingleImageView( 3005): costTime##createCornerTextView##start
12-18 22:37:27.178 D/BluetoothAdapter( 3423): 1138064872: getState() :  mService = null. Returning STATE_OFF
12-18 22:37:27.181 I/SingleImageView( 3005): costTime##createCornerTextView##end
12-18 22:37:27.181 I/SingleImageView( 3005): SingleImageView#showFullData##end
12-18 22:37:27.182 I/SingleImageView( 3005): costTime##createCornerTextView##start
12-18 22:37:27.184 I/SingleImageView( 3005): costTime##createCornerTextView##end
12-18 22:37:27.184 I/SingleImageView( 3005): SingleImageView#showFullData##end
12-18 22:37:27.185 D/pcapcmcc4( 3051): send_tcp_data_to_server_new: 2
12-18 22:37:27.185 D/pcapcmcc4( 3051): --- Send session --- Addr(1, 100.96.241.176 ~ 183.235.11.40) 
12-18 22:37:27.185 D/pcapcmcc4( 3051):  	 HTTPDATA:100.96.241.176#46837#183.235.11.40#8081#58672#58672#58672#58728#58672#58681#58728#3209#44#0#171662#179516#119#0#183.235.11.40:8081#/pics/apk_site/biz_58411101/biz_01471260/positions/BizPosition_12895/element_160988/images/element_160988_img_20201210093640.png#200#163#0#1#2#522880#521989#515072#0#0#0#
12-18 22:37:27.185 D/pcapcmcc4( 3051): 
12-18 22:37:27.185 D/pcapcmcc4( 3051): reset pkg_num!
12-18 22:37:27.186 I/SingleImageView( 3005): costTime##createCornerTextView##start
12-18 22:37:27.187 D/pcapcmcc4( 3051): send_tcp_data_to_server_new: 2
12-18 22:37:27.188 D/pcapcmcc4( 3051): --- Send session --- Addr(1, 100.96.241.176 ~ 183.235.11.40) 
12-18 22:37:27.188 D/pcapcmcc4( 3051):  	 HTTPDATA:100.96.241.176#53843#183.235.11.40#8081#58715#58715#58715#58731#58715#58730#58731#1019#11#0#14058#14718#10#0#183.235.11.40:8081#/pics/apk_site/biz_58411101/biz_49112217/positions/BizPosition_12597/element_115279/images/element_115279_img_20200904145043.png#200#21#0#0#2#512832#498373#483904#0#0#0#
12-18 22:37:27.188 D/pcapcmcc4( 3051): 
12-18 22:37:27.188 D/pcapcmcc4( 3051): reset pkg_num!
12-18 22:37:27.188 I/ActivityManager( 2322): Start proc com.android.bluetooth for broadcast com.android.bluetooth/.pbap.BluetoothPbapReceiver: pid=3928 uid=1002 gids={41002, 3003, 3002, 3001, 1028, 1015, 3005, 1016, 3008}
12-18 22:37:27.189 D/BluetoothHeadset( 2322): onBluetoothStateChange: up=false
12-18 22:37:27.190 E/BluetoothHeadset( 2322): 
12-18 22:37:27.190 E/BluetoothHeadset( 2322): java.lang.IllegalArgumentException: Service not registered: android.bluetooth.BluetoothHeadset$2@41a86428
12-18 22:37:27.190 E/BluetoothHeadset( 2322): 	at android.app.LoadedApk.forgetServiceDispatcher(LoadedApk.java:931)
12-18 22:37:27.190 E/BluetoothHeadset( 2322): 	at android.app.ContextImpl.unbindService(ContextImpl.java:1705)
12-18 22:37:27.190 E/BluetoothHeadset( 2322): 	at android.bluetooth.BluetoothHeadset$1.onBluetoothStateChange(BluetoothHeadset.java:239)
12-18 22:37:27.190 E/BluetoothHeadset( 2322): 	at com.android.server.BluetoothManagerService.sendBluetoothStateCallback(BluetoothManagerService.java:501)
12-18 22:37:27.190 E/BluetoothHeadset( 2322): 	at com.android.server.BluetoothManagerService.bluetoothStateChangeHandler(BluetoothManagerService.java:1146)
12-18 22:37:27.190 E/BluetoothHeadset( 2322): 	at com.android.server.BluetoothManagerService.access$2800(BluetoothManagerService.java:50)
12-18 22:37:27.190 E/BluetoothHeadset( 2322): 	at com.android.server.BluetoothManagerService$BluetoothHandler.handleMessage(BluetoothManagerService.java:936)
12-18 22:37:27.190 E/BluetoothHeadset( 2322): 	at android.os.Handler.dispatchMessage(Handler.java:102)
12-18 22:37:27.190 E/BluetoothHeadset( 2322): 	at android.os.Looper.loop(Looper.java:136)
12-18 22:37:27.190 E/BluetoothHeadset( 2322): 	at android.os.HandlerThread.run(HandlerThread.java:61)
12-18 22:37:27.190 D/BluetoothInputDevice( 3069): onBluetoothStateChange: up=false
12-18 22:37:27.191 E/BluetoothInputDevice( 3069): 
12-18 22:37:27.191 E/BluetoothInputDevice( 3069): java.lang.IllegalArgumentException: Service not registered: android.bluetooth.BluetoothInputDevice$2@41b4a178
12-18 22:37:27.191 E/BluetoothInputDevice( 3069): 	at android.app.LoadedApk.forgetServiceDispatcher(LoadedApk.java:931)
12-18 22:37:27.191 E/BluetoothInputDevice( 3069): 	at android.app.ContextImpl.unbindService(ContextImpl.java:1705)
12-18 22:37:27.191 E/BluetoothInputDevice( 3069): 	at android.content.ContextWrapper.unbindService(ContextWrapper.java:529)
12-18 22:37:27.191 E/BluetoothInputDevice( 3069): 	at android.bluetooth.BluetoothInputDevice$1.onBluetoothStateChange(BluetoothInputDevice.java:200)
12-18 22:37:27.191 E/BluetoothInputDevice( 3069): 	at android.bluetooth.IBluetoothStateChangeCallback$Stub.onTransact(IBluetoothStateChangeCallback.java:55)
12-18 22:37:27.191 E/BluetoothInputDevice( 3069): 	at android.os.Binder.execTransact(Binder.java:404)
12-18 22:37:27.191 E/BluetoothInputDevice( 3069): 	at dalvik.system.NativeStart.run(Native Method)
12-18 22:37:27.192 I/SingleImageView( 3005): costTime##createCornerTextView##end
12-18 22:37:27.192 I/SingleImageView( 3005): SingleImageView#showFullData##end
12-18 22:37:27.192 D/BluetoothMap( 3847): onBluetoothStateChange: up=false
12-18 22:37:27.192 D/BluetoothA2dp( 2322): onBluetoothStateChange: up=false
12-18 22:37:27.193 I/SingleImageView( 3005): costTime##createCornerTextView##start
12-18 22:37:27.193 E/BluetoothA2dp( 2322): 
12-18 22:37:27.193 E/BluetoothA2dp( 2322): java.lang.IllegalArgumentException: Service not registered: android.bluetooth.BluetoothA2dp$2@41e00da8
12-18 22:37:27.193 E/BluetoothA2dp( 2322): 	at android.app.LoadedApk.forgetServiceDispatcher(LoadedApk.java:931)
12-18 22:37:27.193 E/BluetoothA2dp( 2322): 	at android.app.ContextImpl.unbindService(ContextImpl.java:1705)
12-18 22:37:27.193 E/BluetoothA2dp( 2322): 	at android.bluetooth.BluetoothA2dp$1.onBluetoothStateChange(BluetoothA2dp.java:121)
12-18 22:37:27.193 E/BluetoothA2dp( 2322): 	at com.android.server.BluetoothManagerService.sendBluetoothStateCallback(BluetoothManagerService.java:501)
12-18 22:37:27.193 E/BluetoothA2dp( 2322): 	at com.android.server.BluetoothManagerService.bluetoothStateChangeHandler(BluetoothManagerService.java:1146)
12-18 22:37:27.193 E/BluetoothA2dp( 2322): 	at com.android.server.BluetoothManagerService.access$2800(BluetoothManagerService.java:50)
12-18 22:37:27.193 E/BluetoothA2dp( 2322): 	at com.android.server.BluetoothManagerService$BluetoothHandler.handleMessage(BluetoothManagerService.java:936)
12-18 22:37:27.193 E/BluetoothA2dp( 2322): 	at android.os.Handler.dispatchMessage(Handler.java:102)
12-18 22:37:27.193 E/BluetoothA2dp( 2322): 	at android.os.Looper.loop(Looper.java:136)
12-18 22:37:27.193 E/BluetoothA2dp( 2322): 	at android.os.HandlerThread.run(HandlerThread.java:61)
12-18 22:37:27.194 D/BluetoothInputDevice( 3847): onBluetoothStateChange: up=false
12-18 22:37:27.195 D/BluetoothInputDevice( 3069): onBluetoothStateChange: up=false
12-18 22:37:27.195 E/BluetoothInputDevice( 3069): 
12-18 22:37:27.195 E/BluetoothInputDevice( 3069): java.lang.IllegalArgumentException: Service not registered: android.bluetooth.BluetoothInputDevice$2@41c7ba58
12-18 22:37:27.195 E/BluetoothInputDevice( 3069): 	at android.app.LoadedApk.forgetServiceDispatcher(LoadedApk.java:931)
12-18 22:37:27.195 E/BluetoothInputDevice( 3069): 	at android.app.ContextImpl.unbindService(ContextImpl.java:1705)
12-18 22:37:27.195 E/BluetoothInputDevice( 3069): 	at android.content.ContextWrapper.unbindService(ContextWrapper.java:529)
12-18 22:37:27.195 E/BluetoothInputDevice( 3069): 	at android.bluetooth.BluetoothInputDevice$1.onBluetoothStateChange(BluetoothInputDevice.java:200)
12-18 22:37:27.195 E/BluetoothInputDevice( 3069): 	at android.bluetooth.IBluetoothStateChangeCallback$Stub.onTransact(IBluetoothStateChangeCallback.java:55)
12-18 22:37:27.195 E/BluetoothInputDevice( 3069): 	at android.os.Binder.execTransact(Binder.java:404)
12-18 22:37:27.195 E/BluetoothInputDevice( 3069): 	at dalvik.system.NativeStart.run(Native Method)
12-18 22:37:27.196 D/BluetoothManagerService( 2322): Bluetooth State Change Intent: 13 -> 10
12-18 22:37:27.196 I/SingleImageView( 3005): costTime##createCornerTextView##end
12-18 22:37:27.196 I/SingleImageView( 3005): SingleImageView#showFullData##end
12-18 22:37:27.197 I/Choreographer( 3005): Skipped 33 frames!  The application may be doing too much work on its main thread.
12-18 22:37:27.198 D/HiRMService( 2727): mNetReceiver onReceive --android.bluetooth.adapter.action.STATE_CHANGED
12-18 22:37:27.198 D/HiRMService( 2727): ACTION_STATE_CHANGED : mBluetoothMode.getEnableFlag() = false ; state = 10
12-18 22:37:27.203 D/BluetoothAdapter( 3423): 1138064872: getState() :  mService = null. Returning STATE_OFF
12-18 22:37:27.210 E/Environment( 3928): canonicalPath = /mnt/sdcard
12-18 22:37:27.214 W/ContextImpl( 2770): Calling a method in the system process without a qualified user: android.app.ContextImpl.startService:1589 android.content.ContextWrapper.startService:494 com.iflytek.xiri.system.ControlService$6.run:369 java.util.concurrent.Executors$RunnableAdapter.call:422 java.util.concurrent.FutureTask.runAndReset:279 
12-18 22:37:27.225 D/pcapcmcc4( 3051): send_tcp_data_to_server_new: 2
12-18 22:37:27.226 D/pcapcmcc4( 3051): --- Send session --- Addr(1, 100.96.241.176 ~ 183.235.11.40) 
12-18 22:37:27.226 D/pcapcmcc4( 3051):  	 HTTPDATA:100.96.241.176#49802#183.235.11.40#8081#58806#58806#58806#58819#58806#58812#58819#414#3#0#17374#18166#12#0#183.235.11.40:8081#/pics/position/202007/22/2020072215045355673737.pngBizPosition_12893/element_116337/images/element_116337_img_20201127102953.png#200#15#0#0#2#1048576#1045760#1040128#0#0#0#
12-18 22:37:27.226 D/pcapcmcc4( 3051): 
12-18 22:37:27.226 D/pcapcmcc4( 3051): reset pkg_num!
12-18 22:37:27.236 D/pcapcmcc4( 3051): send_tcp_data_to_server_new: 2
12-18 22:37:27.237 D/pcapcmcc4( 3051): --- Send session --- Addr(1, 100.96.241.176 ~ 183.235.11.40) 
12-18 22:37:27.237 D/pcapcmcc4( 3051):  	 HTTPDATA:100.96.241.176#46837#183.235.11.40#8081#58834#58834#58834#58847#58834#58843#58847#480#4#0#12498#13092#9#0#183.235.11.40:8081#/pics/position/202008/20/2020082017100140035992.pngBizPosition_12895/element_160988/images/element_160988_img_20201210093640.png#200#13#0#0#2#522880#522048#519552#0#0#0#
12-18 22:37:27.237 D/pcapcmcc4( 3051): 
12-18 22:37:27.237 D/pcapcmcc4( 3051): reset pkg_num!
12-18 22:37:27.242 D/pcapcmcc4( 3051): send_tcp_data_to_server_new: 2
12-18 22:37:27.242 D/pcapcmcc4( 3051): --- Send session --- Addr(1, 100.96.241.176 ~ 183.235.11.40) 
12-18 22:37:27.242 D/pcapcmcc4( 3051):  	 HTTPDATA:100.96.241.176#37012#183.235.11.40#8081#58824#58824#58824#58837#58824#58831#58837#414#3#0#15102#15828#11#0#183.235.11.40:8081#/pics/position/202008/21/2020082115322151211187.png#200#14#0#0#2#522880#520234#514944#0#0#0#
12-18 22:37:27.242 D/pcapcmcc4( 3051): 
12-18 22:37:27.242 D/pcapcmcc4( 3051): reset pkg_num!
12-18 22:37:27.248 D/pcapcmcc4( 3051): send_tcp_data_to_server_new: 2
12-18 22:37:27.250 D/pcapcmcc4( 3051): --- Send session --- Addr(1, 100.96.241.176 ~ 183.235.11.40) 
12-18 22:37:27.250 D/pcapcmcc4( 3051):  	 HTTPDATA:100.96.241.176#53843#183.235.11.40#8081#58838#58838#58838#58849#58838#58848#58849#887#9#0#10902#11430#8#0#183.235.11.40:8081#/pics/apk_site/biz_58411101/biz_49112217/positions/BizPosition_12593/element_115275/images/element_115275_img_20200904145008.png#200#17#0#0#2#521536#518542#512832#0#0#0#
12-18 22:37:27.250 D/pcapcmcc4( 3051): 
12-18 22:37:27.250 D/pcapcmcc4( 3051): reset pkg_num!
12-18 22:37:27.260 I/InfinitePageController_Page:4( 3005): InfinitePageController#ChildDrawingOrderCallback- pageIndex: 	4	childCount:	2	i:	0	focusedIndex:	-1	result:	1
12-18 22:37:27.261 I/CircleCornerLayout( 3005): draw
12-18 22:37:27.261 I/CircleCornerLayout( 3005): draw
12-18 22:37:27.261 I/CircleCornerLayout( 3005): draw
12-18 22:37:27.262 I/CircleCornerLayout( 3005): draw
12-18 22:37:27.262 I/CircleCornerLayout( 3005): draw
12-18 22:37:27.262 I/CircleCornerLayout( 3005): draw
12-18 22:37:27.263 I/CircleCornerLayout( 3005): draw
12-18 22:37:27.263 I/CircleCornerLayout( 3005): draw
12-18 22:37:27.263 I/InfinitePageController_Page:4( 3005): InfinitePageController#ChildDrawingOrderCallback- pageIndex: 	4	childCount:	2	i:	1	focusedIndex:	-1	result:	0
12-18 22:37:27.263 I/CircleCornerLayout( 3005): draw
12-18 22:37:27.263 I/CircleCornerLayout( 3005): draw
12-18 22:37:27.264 I/CircleCornerLayout( 3005): draw
12-18 22:37:27.264 I/InfinitePageController_Page:5( 3005): InfinitePageController#ChildDrawingOrderCallback- pageIndex: 	5	childCount:	3	i:	0	focusedIndex:	-1	result:	2
12-18 22:37:27.266 I/CircleCornerLayout( 3005): draw
12-18 22:37:27.267 I/CircleCornerLayout( 3005): draw
12-18 22:37:27.270 E/RTKBT   ( 3928): jniRegisterNativeMethods
12-18 22:37:27.270 I/CircleCornerLayout( 3005): draw
12-18 22:37:27.272 I/CircleCornerLayout( 3005): draw
12-18 22:37:27.274 I/CircleCornerLayout( 3005): draw
12-18 22:37:27.275 D/dalvikvm( 2710): GC_CONCURRENT freed 818K, 36% free 3412K/5304K, paused 1ms+9ms, total 33ms
12-18 22:37:27.276 I/CircleCornerLayout( 3005): draw
12-18 22:37:27.279 I/InfinitePageController_Page:5( 3005): InfinitePageController#ChildDrawingOrderCallback- pageIndex: 	5	childCount:	3	i:	1	focusedIndex:	-1	result:	1
12-18 22:37:27.283 I/CircleCornerLayout( 3005): draw
12-18 22:37:27.285 D/AdapterServiceConfig( 3928): Adding RtkbtService
12-18 22:37:27.285 D/AdapterServiceConfig( 3928): Adding HeadsetService
12-18 22:37:27.285 D/AdapterServiceConfig( 3928): Adding A2dpService
12-18 22:37:27.285 D/AdapterServiceConfig( 3928): Adding HidService
12-18 22:37:27.285 D/AdapterServiceConfig( 3928): Adding HealthService
12-18 22:37:27.286 D/AdapterServiceConfig( 3928): Adding PanService
12-18 22:37:27.286 D/AdapterServiceConfig( 3928): Adding GattService
12-18 22:37:27.286 D/AdapterServiceConfig( 3928): Adding BluetoothMapService
12-18 22:37:27.288 I/CircleCornerLayout( 3005): draw
12-18 22:37:27.292 I/CircleCornerLayout( 3005): draw
12-18 22:37:27.295 I/CircleCornerLayout( 3005): draw
12-18 22:37:27.298 D/pcapcmcc4( 3051): send_tcp_data_to_server_new: 2
12-18 22:37:27.299 D/pcapcmcc4( 3051): --- Send session --- Addr(1, 100.96.241.176 ~ 183.235.11.40) 
12-18 22:37:27.299 D/pcapcmcc4( 3051):  	 HTTPDATA:100.96.241.176#49802#183.235.11.40#8081#58877#58877#58877#58905#58877#58884#58905#4055#55#3#156938#164132#109#1#183.235.11.40:8081#/pics/apk_site/biz_58411101/biz_64323006/positions/BizPosition_13605/element_161770/images/element_161770_img_20201214150935.png#200#164#0#8#2#1048576#1020888#976896#0#0#0#
12-18 22:37:27.299 D/pcapcmcc4( 3051): 
12-18 22:37:27.299 D/pcapcmcc4( 3051): reset pkg_num!
12-18 22:37:27.307 I/InfinitePageController_Page:5( 3005): InfinitePageController#ChildDrawingOrderCallback- pageIndex: 	5	childCount:	3	i:	2	focusedIndex:	-1	result:	0
12-18 22:37:27.320 D/BluetoothManagerService( 2322): Message: 20
12-18 22:37:27.320 D/BluetoothManagerService( 2322): Added callback: android.bluetooth.IBluetoothManagerCallback$Stub$Proxy@41be8da8:true
12-18 22:37:27.320 D/BluetoothAdapter( 3928): 1102064472: getState() :  mService = null. Returning STATE_OFF
12-18 22:37:27.322 W/ContextImpl( 3847): Calling a method in the system process without a qualified user: android.app.ContextImpl.startService:1589 android.content.ContextWrapper.startService:494 android.content.ContextWrapper.startService:494 com.amlogic.bluetooth.DockEventReceiver.beginStartingService:134 com.amlogic.bluetooth.DockEventReceiver.onReceive:115 
12-18 22:37:27.338 D/DockEventReceiver( 3847): finishStartingService: stopping service
12-18 22:37:27.343 W/BluetoothInputDevice( 3069): Proxy not attached to service
12-18 22:37:27.344 I/BootStartReceiver( 3861): intent -- android.bluetooth.adapter.action.STATE_CHANGED
12-18 22:37:27.366 D/BluetoothManagerService( 2322): Message: 42
12-18 22:37:27.366 D/BluetoothManagerService( 2322): MESSAGE_RESTART_BLUETOOTH_SERVICE: Restart IBluetooth service
12-18 22:37:27.374 E/HAL     ( 3928): BT_get_sdio_device_id,fp is null
12-18 22:37:27.374 E/HAL     ( 3928): BT_get_sdio_device_id,fp is null
12-18 22:37:27.374 E/HAL     ( 3928): line = SDIO_CLASS=07
12-18 22:37:27.374 E/HAL     ( 3928): line = SDIO_ID=024C:B822
12-18 22:37:27.374 E/HAL     ( 3928): bt_get_sdio_device_id,ret:0
12-18 22:37:27.374 E/HAL     ( 3928): ====device_id = 0
12-18 22:37:27.374 E/HAL     ( 3928): ==>.rtk.so
12-18 22:37:27.376 D/BluetoothAdapterService( 3928): REFCOUNT: CREATED. INSTANCE_COUNT1
12-18 22:37:27.377 D/BluetoothAdapterState( 3928): make
