12-18 22:37:25.029 W/System.err( 3005): 	at io.reactivex.Observable.subscribe(SourceFile:14)
12-18 22:37:25.029 W/System.err( 3005): 	at io.reactivex.internal.operators.observable.ObservableSubscribeOn$SubscribeTask.run(SourceFile:1)
12-18 22:37:25.029 W/System.err( 3005): 	at io.reactivex.Scheduler$DisposeTask.run(SourceFile:2)
12-18 22:37:25.029 W/System.err( 3005): 	at io.reactivex.internal.schedulers.ScheduledRunnable.run(SourceFile:2)
12-18 22:37:25.029 W/System.err( 3005): 	at io.reactivex.internal.schedulers.ScheduledRunnable.call(SourceFile:1)
12-18 22:37:25.030 W/System.err( 3005): 	at java.util.concurrent.FutureTask.run(FutureTask.java:237)
12-18 22:37:25.030 W/System.err( 3005): 	at java.util.concurrent.ScheduledThreadPoolExecutor$ScheduledFutureTask.access$201(ScheduledThreadPoolExecutor.java:152)
12-18 22:37:25.030 W/System.err( 3005): 	at java.util.concurrent.ScheduledThreadPoolExecutor$ScheduledFutureTask.run(ScheduledThreadPoolExecutor.java:265)
12-18 22:37:25.030 W/System.err( 3005): 	at java.util.concurrent.ThreadPoolExecutor.runWorker(ThreadPoolExecutor.java:1112)
12-18 22:37:25.030 W/System.err( 3005): 	at java.util.concurrent.ThreadPoolExecutor$Worker.run(ThreadPoolExecutor.java:587)
12-18 22:37:25.030 W/System.err( 3005): 	at java.lang.Thread.run(Thread.java:841)
12-18 22:37:25.030 I/System.out( 3005): RxCache: ProcessorProvidersBehaviour-getData-record:null
12-18 22:37:25.030 I/System.out( 3005): RxCache: ProcessorProvidersBehaviour-getData-use loader first
12-18 22:37:25.030 I/System.out( 3005): RxCache: ProcessorProvidersBehaviour-getData-cacheRule: 0x100010
12-18 22:37:25.030 I/System.out( 3005): RxCache: RetrieveRecord-retrieveRecord:index-section , http://183.235.11.39:8082/epg/api/page/biz_54755480.json , 
12-18 22:37:25.030 I/System.out( 3005): RxCache: RetrieveRecord-retrieveRecord:record from memory is null
12-18 22:37:25.031 I/System.out( 3005): RxCache: ProcessorProvidersBehaviour-getData-cacheRule: 0x100010
12-18 22:37:25.031 I/System.out( 3005): RxCache: RetrieveRecord-retrieveRecord:index-section , http://183.235.11.39:8082/epg/api/page/biz_06757280.json , 
12-18 22:37:25.031 I/System.out( 3005): RxCache: RetrieveRecord-retrieveRecord:record from memory is null
12-18 22:37:25.032 I/System.out( 3005): RxCache: RetrieveRecord-retrieveRecord:get record from persistence failure
12-18 22:37:25.032 D/pcapcmcc4( 3051): send_tcp_data_to_server_new: 2
12-18 22:37:25.032 W/System.err( 3005): java.lang.NullPointerException
12-18 22:37:25.032 D/pcapcmcc4( 3051): --- Send session --- Addr(1, 100.96.241.176 ~ 183.235.11.39) 
12-18 22:37:25.032 D/pcapcmcc4( 3051):  	 HTTPDATA:100.96.241.176#38266#183.235.11.39#8082#56628#56628#56628#56639#56628#56637#56639#1450#14#0#10216#11140#14#0#183.235.11.39:8082#/epg/api/page/biz_00294483.json#200#28#0#0#2#4170240#4170240#4170240#0#0#0#
12-18 22:37:25.032 D/pcapcmcc4( 3051): 
12-18 22:37:25.032 D/pcapcmcc4( 3051): reset pkg_num!
12-18 22:37:25.032 W/System.err( 3005): 	at io.rx_cache2.internal.cache.RetrieveRecord.retrieveRecord(SourceFile:8)
12-18 22:37:25.032 W/System.err( 3005): 	at io.rx_cache2.internal.cache.TwoLayersCache.retrieve(SourceFile:1)
12-18 22:37:25.032 W/System.err( 3005): 	at io.rx_cache2.internal.ProcessorProvidersBehaviour.getData(SourceFile:2)
12-18 22:37:25.032 W/System.err( 3005): 	at io.rx_cache2.internal.ProcessorProvidersBehaviour$3.call(SourceFile:3)
12-18 22:37:25.032 W/System.err( 3005): 	at io.rx_cache2.internal.ProcessorProvidersBehaviour$3.call(SourceFile:1)
12-18 22:37:25.032 W/System.err( 3005): 	at io.reactivex.internal.operators.observable.ObservableDefer.subscribeActual(SourceFile:1)
12-18 22:37:25.032 W/System.err( 3005): 	at io.reactivex.Observable.subscribe(SourceFile:14)
12-18 22:37:25.032 W/System.err( 3005): 	at io.reactivex.internal.operators.observable.ObservableDoOnEach.subscribeActual(SourceFile:1)
12-18 22:37:25.033 W/System.err( 3005): 	at io.reactivex.Observable.subscribe(SourceFile:14)
12-18 22:37:25.033 W/System.err( 3005): 	at io.reactivex.internal.operators.observable.ObservableFlatMap$MergeObserver.subscribeInner(SourceFile:11)
12-18 22:37:25.033 W/System.err( 3005): 	at io.reactivex.internal.operators.observable.ObservableFlatMap$MergeObserver.onNext(SourceFile:10)
12-18 22:37:25.033 W/System.err( 3005): 	at io.reactivex.internal.operators.observable.ObservableFromIterable$FromIterableDisposable.run(SourceFile:3)
12-18 22:37:25.033 W/System.err( 3005): 	at io.reactivex.internal.operators.observable.ObservableFromIterable.subscribeActual(SourceFile:7)
12-18 22:37:25.033 W/System.err( 3005): 	at io.reactivex.Observable.subscribe(SourceFile:14)
12-18 22:37:25.033 W/System.err( 3005): 	at io.reactivex.internal.operators.observable.ObservableFlatMap.subscribeActual(SourceFile:2)
12-18 22:37:25.033 W/System.err( 3005): 	at io.reactivex.Observable.subscribe(SourceFile:14)
12-18 22:37:25.033 W/System.err( 3005): 	at io.reactivex.internal.operators.observable.ObservableSubscribeOn$SubscribeTask.run(SourceFile:1)
12-18 22:37:25.033 W/System.err( 3005): 	at io.reactivex.Scheduler$DisposeTask.run(SourceFile:2)
12-18 22:37:25.033 W/System.err( 3005): 	at io.reactivex.internal.schedulers.ScheduledRunnable.run(SourceFile:2)
12-18 22:37:25.033 W/System.err( 3005): 	at io.reactivex.internal.schedulers.ScheduledRunnable.call(SourceFile:1)
12-18 22:37:25.033 W/System.err( 3005): 	at java.util.concurrent.FutureTask.run(FutureTask.java:237)
12-18 22:37:25.033 W/System.err( 3005): 	at java.util.concurrent.ScheduledThreadPoolExecutor$ScheduledFutureTask.access$201(ScheduledThreadPoolExecutor.java:152)
12-18 22:37:25.034 W/System.err( 3005): 	at java.util.concurrent.ScheduledThreadPoolExecutor$ScheduledFutureTask.run(ScheduledThreadPoolExecutor.java:265)
12-18 22:37:25.034 W/System.err( 3005): 	at java.util.concurrent.ThreadPoolExecutor.runWorker(ThreadPoolExecutor.java:1112)
12-18 22:37:25.034 W/System.err( 3005): 	at java.util.concurrent.ThreadPoolExecutor$Worker.run(ThreadPoolExecutor.java:587)
12-18 22:37:25.034 W/System.err( 3005): 	at java.lang.Thread.run(Thread.java:841)
12-18 22:37:25.034 I/System.out( 3005): RxCache: ProcessorProvidersBehaviour-getData-record:null
12-18 22:37:25.034 I/System.out( 3005): RxCache: ProcessorProvidersBehaviour-getData-use loader first
12-18 22:37:25.034 I/System.out( 3005): RxCache: ProcessorProvidersBehaviour-getData-cacheRule: 0x100010
12-18 22:37:25.035 I/System.out( 3005): RxCache: RetrieveRecord-retrieveRecord:index-section , http://183.235.11.39:8082/epg/api/page/biz_43922236.json , 
12-18 22:37:25.035 I/System.out( 3005): RxCache: RetrieveRecord-retrieveRecord:get record from persistence failure
12-18 22:37:25.035 W/System.err( 3005): java.lang.NullPointerException
12-18 22:37:25.036 I/System.out( 3005): RxCache: RetrieveRecord-retrieveRecord:record from memory is null
12-18 22:37:25.036 I/System.out( 3005): RxCache: RetrieveRecord-retrieveRecord:get record from persistence failure
12-18 22:37:25.038 I/CircleCornerLayout( 3005): draw
12-18 22:37:25.038 I/CircleCornerLayout( 3005): draw
12-18 22:37:25.038 D/pcapcmcc4( 3051): show_http_response_content = 41884
12-18 22:37:25.039 D/pcapcmcc4( 3051): request_str_len = 527, 6034
12-18 22:37:25.040 W/System.err( 3005): java.lang.NullPointerException
12-18 22:37:25.040 W/System.err( 3005): 	at io.rx_cache2.internal.cache.RetrieveRecord.retrieveRecord(SourceFile:8)
12-18 22:37:25.040 W/System.err( 3005): 	at io.rx_cache2.internal.cache.TwoLayersCache.retrieve(SourceFile:1)
12-18 22:37:25.040 W/System.err( 3005): 	at io.rx_cache2.internal.ProcessorProvidersBehaviour.getData(SourceFile:2)
12-18 22:37:25.040 W/System.err( 3005): 	at io.rx_cache2.internal.ProcessorProvidersBehaviour$3.call(SourceFile:3)
12-18 22:37:25.041 W/System.err( 3005): 	at io.rx_cache2.internal.ProcessorProvidersBehaviour$3.call(SourceFile:1)
12-18 22:37:25.041 W/System.err( 3005): 	at io.reactivex.internal.operators.observable.ObservableDefer.subscribeActual(SourceFile:1)
12-18 22:37:25.041 W/System.err( 3005): 	at io.reactivex.Observable.subscribe(SourceFile:14)
12-18 22:37:25.041 W/System.err( 3005): 	at io.reactivex.internal.operators.observable.ObservableDoOnEach.subscribeActual(SourceFile:1)
12-18 22:37:25.041 W/System.err( 3005): 	at io.reactivex.Observable.subscribe(SourceFile:14)
12-18 22:37:25.041 W/System.err( 3005): 	at io.reactivex.internal.operators.observable.ObservableFlatMap$MergeObserver.subscribeInner(SourceFile:11)
12-18 22:37:25.041 W/System.err( 3005): 	at io.reactivex.internal.operators.observable.ObservableFlatMap$MergeObserver.onNext(SourceFile:10)
12-18 22:37:25.041 W/System.err( 3005): 	at io.reactivex.internal.operators.observable.ObservableFromIterable$FromIterableDisposable.run(SourceFile:3)
12-18 22:37:25.041 W/System.err( 3005): 	at io.reactivex.internal.operators.observable.ObservableFromIterable.subscribeActual(SourceFile:7)
12-18 22:37:25.041 W/System.err( 3005): 	at io.reactivex.Observable.subscribe(SourceFile:14)
12-18 22:37:25.042 W/System.err( 3005): 	at io.reactivex.internal.operators.observable.ObservableFlatMap.subscribeActual(SourceFile:2)
12-18 22:37:25.042 W/System.err( 3005): 	at io.reactivex.Observable.subscribe(SourceFile:14)
12-18 22:37:25.042 W/System.err( 3005): 	at io.reactivex.internal.operators.observable.ObservableSubscribeOn$SubscribeTask.run(SourceFile:1)
12-18 22:37:25.042 W/System.err( 3005): 	at io.reactivex.Scheduler$DisposeTask.run(SourceFile:2)
12-18 22:37:25.042 W/System.err( 3005): 	at io.reactivex.internal.schedulers.ScheduledRunnable.run(SourceFile:2)
12-18 22:37:25.042 W/System.err( 3005): 	at io.reactivex.internal.schedulers.ScheduledRunnable.call(SourceFile:1)
12-18 22:37:25.042 W/System.err( 3005): 	at java.util.concurrent.FutureTask.run(FutureTask.java:237)
12-18 22:37:25.042 W/System.err( 3005): 	at java.util.concurrent.ScheduledThreadPoolExecutor$ScheduledFutureTask.access$201(ScheduledThreadPoolExecutor.java:152)
12-18 22:37:25.042 W/System.err( 3005): 	at java.util.concurrent.ScheduledThreadPoolExecutor$ScheduledFutureTask.run(ScheduledThreadPoolExecutor.java:265)
12-18 22:37:25.042 W/System.err( 3005): 	at java.util.concurrent.ThreadPoolExecutor.runWorker(ThreadPoolExecutor.java:1112)
12-18 22:37:25.042 W/System.err( 3005): 	at java.util.concurrent.ThreadPoolExecutor$Worker.run(ThreadPoolExecutor.java:587)
12-18 22:37:25.042 W/System.err( 3005): 	at java.lang.Thread.run(Thread.java:841)
12-18 22:37:25.042 I/System.out( 3005): RxCache: ProcessorProvidersBehaviour-getData-record:null
12-18 22:37:25.042 I/System.out( 3005): RxCache: ProcessorProvidersBehaviour-getData-use loader first
12-18 22:37:25.043 D/pcapcmcc4( 3051): show_http_response_content = 38266
12-18 22:37:25.043 D/pcapcmcc4( 3051): send_tcp_data_to_server_new: 2
12-18 22:37:25.043 I/System.out( 3005): RxCache: ProcessorProvidersBehaviour-getData-cacheRule: 0x100010
12-18 22:37:25.043 I/System.out( 3005): RxCache: RetrieveRecord-retrieveRecord:index-section , http://183.235.11.39:8082/epg/api/page/biz_98903263.json , 
12-18 22:37:25.043 D/pcapcmcc4( 3051): --- Send session --- Addr(1, 100.96.241.176 ~ 183.235.11.39) 
12-18 22:37:25.043 D/pcapcmcc4( 3051):  	 HTTPDATA:100.96.241.176#59158#183.235.11.39#8082#56630#56630#56630#56651#56630#56640#56651#1516#15#0#17003#17993#15#0#183.235.11.39:8082#/epg/api/page/biz_01629921.json#200#30#0#0#2#4170240#4170240#4170240#0#0#0#
12-18 22:37:25.043 D/pcapcmcc4( 3051): 
12-18 22:37:25.043 I/System.out( 3005): RxCache: RetrieveRecord-retrieveRecord:record from memory is null
12-18 22:37:25.043 D/pcapcmcc4( 3051): reset pkg_num!
12-18 22:37:25.043 D/pcapcmcc4( 3051): send_tcp_data_to_server_new: 2
12-18 22:37:25.043 D/pcapcmcc4( 3051): --- Send session --- Addr(1, 100.96.241.176 ~ 183.235.11.39) 
12-18 22:37:25.043 D/pcapcmcc4( 3051):  	 HTTPDATA:100.96.241.176#38559#183.235.11.39#8082#56631#56640#56641#56663#56642#56654#56663#1140#9#0#6033#6569#8#0#183.235.11.39:8082#/epg/api/page/biz_07166271.json#200#17#0#1#2#2780160#1970574#29184#0#0#0#
12-18 22:37:25.043 D/pcapcmcc4( 3051): 
12-18 22:37:25.043 D/pcapcmcc4( 3051): reset pkg_num!
12-18 22:37:25.044 W/System.err( 3005): 	at io.rx_cache2.internal.cache.RetrieveRecord.retrieveRecord(SourceFile:8)
12-18 22:37:25.044 W/System.err( 3005): 	at io.rx_cache2.internal.cache.TwoLayersCache.retrieve(SourceFile:1)
12-18 22:37:25.044 W/System.err( 3005): 	at io.rx_cache2.internal.ProcessorProvidersBehaviour.getData(SourceFile:2)
12-18 22:37:25.044 W/System.err( 3005): 	at io.rx_cache2.internal.ProcessorProvidersBehaviour$3.call(SourceFile:3)
12-18 22:37:25.044 W/System.err( 3005): 	at io.rx_cache2.internal.ProcessorProvidersBehaviour$3.call(SourceFile:1)
12-18 22:37:25.044 W/System.err( 3005): 	at io.reactivex.internal.operators.observable.ObservableDefer.subscribeActual(SourceFile:1)
12-18 22:37:25.044 W/System.err( 3005): 	at io.reactivex.Observable.subscribe(SourceFile:14)
12-18 22:37:25.045 I/CircleCornerLayout( 3005): draw
12-18 22:37:25.045 W/System.err( 3005): 	at io.reactivex.internal.operators.observable.ObservableDoOnEach.subscribeActual(SourceFile:1)
12-18 22:37:25.045 W/System.err( 3005): 	at io.reactivex.Observable.subscribe(SourceFile:14)
12-18 22:37:25.045 W/System.err( 3005): 	at io.reactivex.internal.operators.observable.ObservableFlatMap$MergeObserver.subscribeInner(SourceFile:11)
12-18 22:37:25.045 W/System.err( 3005): 	at io.reactivex.internal.operators.observable.ObservableFlatMap$MergeObserver.onNext(SourceFile:10)
12-18 22:37:25.045 W/System.err( 3005): 	at io.reactivex.internal.operators.observable.ObservableFromIterable$FromIterableDisposable.run(SourceFile:3)
12-18 22:37:25.045 W/System.err( 3005): 	at io.reactivex.internal.operators.observable.ObservableFromIterable.subscribeActual(SourceFile:7)
12-18 22:37:25.045 W/System.err( 3005): 	at io.reactivex.Observable.subscribe(SourceFile:14)
12-18 22:37:25.045 W/System.err( 3005): 	at io.reactivex.internal.operators.observable.ObservableFlatMap.subscribeActual(SourceFile:2)
12-18 22:37:25.045 D/pcapcmcc4( 3051): request_str_len = 527, 9848
12-18 22:37:25.046 I/System.out( 3005): RxCache: RetrieveRecord-retrieveRecord:get record from persistence failure
12-18 22:37:25.046 W/System.err( 3005): 	at io.reactivex.Observable.subscribe(SourceFile:14)
12-18 22:37:25.046 W/System.err( 3005): 	at io.reactivex.internal.operators.observable.ObservableSubscribeOn$SubscribeTask.run(SourceFile:1)
12-18 22:37:25.046 W/System.err( 3005): 	at io.reactivex.Scheduler$DisposeTask.run(SourceFile:2)
12-18 22:37:25.046 W/System.err( 3005): 	at io.reactivex.internal.schedulers.ScheduledRunnable.run(SourceFile:2)
12-18 22:37:25.046 W/System.err( 3005): 	at io.reactivex.internal.schedulers.ScheduledRunnable.call(SourceFile:1)
12-18 22:37:25.046 W/System.err( 3005): 	at java.util.concurrent.FutureTask.run(FutureTask.java:237)
12-18 22:37:25.046 W/System.err( 3005): 	at java.util.concurrent.ScheduledThreadPoolExecutor$ScheduledFutureTask.access$201(ScheduledThreadPoolExecutor.java:152)
12-18 22:37:25.046 W/System.err( 3005): 	at java.util.concurrent.ScheduledThreadPoolExecutor$ScheduledFutureTask.run(ScheduledThreadPoolExecutor.java:265)
12-18 22:37:25.046 W/System.err( 3005): 	at java.util.concurrent.ThreadPoolExecutor.runWorker(ThreadPoolExecutor.java:1112)
12-18 22:37:25.046 W/System.err( 3005): 	at java.util.concurrent.ThreadPoolExecutor$Worker.run(ThreadPoolExecutor.java:587)
12-18 22:37:25.046 W/System.err( 3005): 	at java.lang.Thread.run(Thread.java:841)
12-18 22:37:25.046 I/System.out( 3005): RxCache: ProcessorProvidersBehaviour-getData-record:null
12-18 22:37:25.046 I/System.out( 3005): RxCache: ProcessorProvidersBehaviour-getData-use loader first
12-18 22:37:25.047 D/pcapcmcc4( 3051): show_http_response_content = 34868
12-18 22:37:25.048 I/System.out( 3005): RxCache: ProcessorProvidersBehaviour-getData-cacheRule: 0x100010
12-18 22:37:25.048 I/System.out( 3005): RxCache: RetrieveRecord-retrieveRecord:index-section , http://183.235.11.39:8082/epg/api/page/biz_92312647.json , 
12-18 22:37:25.048 I/System.out( 3005): RxCache: RetrieveRecord-retrieveRecord:record from memory is null
12-18 22:37:25.049 I/System.out( 3005): RxCache: RetrieveRecord-retrieveRecord:get record from persistence failure
12-18 22:37:25.049 W/System.err( 3005): java.lang.NullPointerException
12-18 22:37:25.049 W/System.err( 3005): 	at io.rx_cache2.internal.cache.RetrieveRecord.retrieveRecord(SourceFile:8)
12-18 22:37:25.049 W/System.err( 3005): 	at io.rx_cache2.internal.cache.TwoLayersCache.retrieve(SourceFile:1)
12-18 22:37:25.050 W/System.err( 3005): 	at io.rx_cache2.internal.ProcessorProvidersBehaviour.getData(SourceFile:2)
12-18 22:37:25.050 W/System.err( 3005): 	at io.rx_cache2.internal.ProcessorProvidersBehaviour$3.call(SourceFile:3)
12-18 22:37:25.050 W/System.err( 3005): 	at io.rx_cache2.internal.ProcessorProvidersBehaviour$3.call(SourceFile:1)
12-18 22:37:25.050 W/System.err( 3005): 	at io.reactivex.internal.operators.observable.ObservableDefer.subscribeActual(SourceFile:1)
12-18 22:37:25.050 W/System.err( 3005): 	at io.reactivex.Observable.subscribe(SourceFile:14)
12-18 22:37:25.050 W/System.err( 3005): 	at io.reactivex.internal.operators.observable.ObservableDoOnEach.subscribeActual(SourceFile:1)
12-18 22:37:25.050 W/System.err( 3005): 	at io.reactivex.Observable.subscribe(SourceFile:14)
12-18 22:37:25.050 W/System.err( 3005): 	at io.reactivex.internal.operators.observable.ObservableFlatMap$MergeObserver.subscribeInner(SourceFile:11)
12-18 22:37:25.050 W/System.err( 3005): 	at io.reactivex.internal.operators.observable.ObservableFlatMap$MergeObserver.onNext(SourceFile:10)
12-18 22:37:25.050 W/System.err( 3005): 	at io.reactivex.internal.operators.observable.ObservableFromIterable$FromIterableDisposable.run(SourceFile:3)
12-18 22:37:25.050 W/System.err( 3005): 	at io.reactivex.internal.operators.observable.ObservableFromIterable.subscribeActual(SourceFile:7)
12-18 22:37:25.050 W/System.err( 3005): 	at io.reactivex.Observable.subscribe(SourceFile:14)
12-18 22:37:25.050 W/System.err( 3005): 	at io.reactivex.internal.operators.observable.ObservableFlatMap.subscribeActual(SourceFile:2)
12-18 22:37:25.050 W/System.err( 3005): 	at io.reactivex.Observable.subscribe(SourceFile:14)
12-18 22:37:25.050 W/System.err( 3005): 	at io.reactivex.internal.operators.observable.ObservableSubscribeOn$SubscribeTask.run(SourceFile:1)
12-18 22:37:25.050 W/System.err( 3005): 	at io.reactivex.Scheduler$DisposeTask.run(SourceFile:2)
12-18 22:37:25.050 W/System.err( 3005): 	at io.reactivex.internal.schedulers.ScheduledRunnable.run(SourceFile:2)
12-18 22:37:25.051 W/System.err( 3005): 	at io.reactivex.internal.schedulers.ScheduledRunnable.call(SourceFile:1)
12-18 22:37:25.051 W/System.err( 3005): 	at java.util.concurrent.FutureTask.run(FutureTask.java:237)
12-18 22:37:25.051 W/System.err( 3005): 	at java.util.concurrent.ScheduledThreadPoolExecutor$ScheduledFutureTask.access$201(ScheduledThreadPoolExecutor.java:152)
12-18 22:37:25.051 W/System.err( 3005): 	at java.util.concurrent.ScheduledThreadPoolExecutor$ScheduledFutureTask.run(ScheduledThreadPoolExecutor.java:265)
12-18 22:37:25.051 W/System.err( 3005): 	at java.util.concurrent.ThreadPoolExecutor.runWorker(ThreadPoolExecutor.java:1112)
12-18 22:37:25.051 W/System.err( 3005): 	at java.util.concurrent.ThreadPoolExecutor$Worker.run(ThreadPoolExecutor.java:587)
12-18 22:37:25.051 W/System.err( 3005): 	at java.lang.Thread.run(Thread.java:841)
12-18 22:37:25.051 I/System.out( 3005): RxCache: ProcessorProvidersBehaviour-getData-record:null
12-18 22:37:25.051 I/System.out( 3005): RxCache: ProcessorProvidersBehaviour-getData-use loader first
12-18 22:37:25.051 W/System.err( 3005): java.lang.NullPointerException
12-18 22:37:25.052 D/pcapcmcc4( 3051): send_tcp_data_to_server_new: 2
12-18 22:37:25.052 W/System.err( 3005): 	at io.rx_cache2.internal.cache.RetrieveRecord.retrieveRecord(SourceFile:8)
12-18 22:37:25.052 W/System.err( 3005): 	at io.rx_cache2.internal.cache.TwoLayersCache.retrieve(SourceFile:1)
12-18 22:37:25.052 W/System.err( 3005): 	at io.rx_cache2.internal.ProcessorProvidersBehaviour.getData(SourceFile:2)
12-18 22:37:25.052 W/System.err( 3005): 	at io.rx_cache2.internal.ProcessorProvidersBehaviour$3.call(SourceFile:3)
12-18 22:37:25.052 I/System.out( 3005): RxCache: ProcessorProvidersBehaviour-getData-cacheRule: 0x100010
12-18 22:37:25.052 W/System.err( 3005): 	at io.rx_cache2.internal.ProcessorProvidersBehaviour$3.call(SourceFile:1)
12-18 22:37:25.052 D/pcapcmcc4( 3051): --- Send session --- Addr(1, 100.96.241.176 ~ 183.235.11.39) 
12-18 22:37:25.052 D/pcapcmcc4( 3051):  	 HTTPDATA:100.96.241.176#41884#183.235.11.39#8082#56656#56656#56656#56689#56656#56688#56689#856#5#0#9847#10639#12#0#183.235.11.39:8082#/epg/api/page/biz_85542953.json#200#17#0#0#2#4170240#4170240#4170240#0#0#0#
12-18 22:37:25.052 D/pcapcmcc4( 3051): 
12-18 22:37:25.052 D/pcapcmcc4( 3051): reset pkg_num!
12-18 22:37:25.052 W/System.err( 3005): 	at io.reactivex.internal.operators.observable.ObservableDefer.subscribeActual(SourceFile:1)
12-18 22:37:25.052 W/System.err( 3005): 	at io.reactivex.Observable.subscribe(SourceFile:14)
12-18 22:37:25.052 D/pcapcmcc4( 3051): show_http_response_content = 59158
12-18 22:37:25.052 W/System.err( 3005): 	at io.reactivex.internal.operators.observable.ObservableDoOnEach.subscribeActual(SourceFile:1)
12-18 22:37:25.052 W/System.err( 3005): 	at io.reactivex.Observable.subscribe(SourceFile:14)
12-18 22:37:25.052 W/System.err( 3005): 	at io.reactivex.internal.operators.observable.ObservableFlatMap$MergeObserver.subscribeInner(SourceFile:11)
12-18 22:37:25.052 W/System.err( 3005): 	at io.reactivex.internal.operators.observable.ObservableFlatMap$MergeObserver.onNext(SourceFile:10)
12-18 22:37:25.052 W/System.err( 3005): 	at io.reactivex.internal.operators.observable.ObservableFromIterable$FromIterableDisposable.run(SourceFile:3)
12-18 22:37:25.052 I/System.out( 3005): RxCache: RetrieveRecord-retrieveRecord:index-section , http://183.235.11.39:8082/epg/api/page/biz_98168624.json , 
12-18 22:37:25.052 W/System.err( 3005): 	at io.reactivex.internal.operators.observable.ObservableFromIterable.subscribeActual(SourceFile:7)
12-18 22:37:25.052 W/System.err( 3005): 	at io.reactivex.Observable.subscribe(SourceFile:14)
12-18 22:37:25.052 W/System.err( 3005): 	at io.reactivex.internal.operators.observable.ObservableFlatMap.subscribeActual(SourceFile:2)
12-18 22:37:25.053 W/System.err( 3005): 	at io.reactivex.Observable.subscribe(SourceFile:14)
12-18 22:37:25.053 W/System.err( 3005): 	at io.reactivex.internal.operators.observable.ObservableSubscribeOn$SubscribeTask.run(SourceFile:1)
12-18 22:37:25.053 W/System.err( 3005): 	at io.reactivex.Scheduler$DisposeTask.run(SourceFile:2)
12-18 22:37:25.053 W/System.err( 3005): 	at io.reactivex.internal.schedulers.ScheduledRunnable.run(SourceFile:2)
12-18 22:37:25.053 W/System.err( 3005): 	at io.reactivex.internal.schedulers.ScheduledRunnable.call(SourceFile:1)
12-18 22:37:25.053 I/System.out( 3005): RxCache: RetrieveRecord-retrieveRecord:record from memory is null
12-18 22:37:25.054 W/System.err( 3005): 	at java.util.concurrent.FutureTask.run(FutureTask.java:237)
12-18 22:37:25.054 W/System.err( 3005): 	at java.util.concurrent.ScheduledThreadPoolExecutor$ScheduledFutureTask.access$201(ScheduledThreadPoolExecutor.java:152)
12-18 22:37:25.055 D/pcapcmcc4( 3051): show_http_response_content = 38559
12-18 22:37:25.055 D/pcapcmcc4( 3051): send_tcp_data_to_server_new: 2
12-18 22:37:25.055 W/System.err( 3005): 	at java.util.concurrent.ScheduledThreadPoolExecutor$ScheduledFutureTask.run(ScheduledThreadPoolExecutor.java:265)
12-18 22:37:25.055 W/System.err( 3005): 	at java.util.concurrent.ThreadPoolExecutor.runWorker(ThreadPoolExecutor.java:1112)
12-18 22:37:25.055 W/System.err( 3005): 	at java.util.concurrent.ThreadPoolExecutor$Worker.run(ThreadPoolExecutor.java:587)
12-18 22:37:25.055 W/System.err( 3005): 	at java.lang.Thread.run(Thread.java:841)
12-18 22:37:25.055 D/pcapcmcc4( 3051): --- Send session --- Addr(1, 100.96.241.176 ~ 183.235.11.39) 
12-18 22:37:25.055 D/pcapcmcc4( 3051):  	 HTTPDATA:100.96.241.176#34868#183.235.11.39#8082#56645#56654#56654#56703#56663#56675#56703#1656#17#0#17078#18142#16#0#183.235.11.39:8082#/epg/api/page/biz_46356234.json#200#33#0#0#2#4170240#2738597#29184#0#0#0#
12-18 22:37:25.055 D/pcapcmcc4( 3051): 
12-18 22:37:25.055 I/System.out( 3005): RxCache: ProcessorProvidersBehaviour-getData-record:null
12-18 22:37:25.055 D/pcapcmcc4( 3051): reset pkg_num!
12-18 22:37:25.055 I/System.out( 3005): RxCache: ProcessorProvidersBehaviour-getData-use loader first
12-18 22:37:25.056 D/pcapcmcc4( 3051): request_str_len = 527, 8696
12-18 22:37:25.057 D/pcapcmcc4( 3051): show_http_response_content = 36785
12-18 22:37:25.057 D/pcapcmcc4( 3051): add_tcp_node_to_list_new:56741 
12-18 22:37:25.057 D/pcapcmcc4( 3051): reset pkg_num!
12-18 22:37:25.063 D/pcapcmcc4( 3051): send_tcp_data_to_server_new: 2
12-18 22:37:25.063 I/System.out( 3005): RxCache: ProcessorProvidersBehaviour-getData-cacheRule: 0x100010
12-18 22:37:25.063 I/System.out( 3005): RxCache: RetrieveRecord-retrieveRecord:index-section , http://183.235.11.39:8082/epg/api/page/biz_40859884.json , 
12-18 22:37:25.064 I/System.out( 3005): RxCache: RetrieveRecord-retrieveRecord:record from memory is null
12-18 22:37:25.064 D/pcapcmcc4( 3051): --- Send session --- Addr(1, 100.96.241.176 ~ 183.235.11.39) 
12-18 22:37:25.064 D/pcapcmcc4( 3051):  	 HTTPDATA:100.96.241.176#36785#183.235.11.39#8082#56678#56678#56678#56709#56678#56706#56709#922#6#0#9750#10608#13#0#183.235.11.39:8082#/epg/api/page/biz_21804453.json#200#19#0#0#2#4170240#4170240#4170240#0#0#0#
12-18 22:37:25.064 D/pcapcmcc4( 3051): 
12-18 22:37:25.064 D/pcapcmcc4( 3051): reset pkg_num!
12-18 22:37:25.066 I/System.out( 3005): RxCache: RetrieveRecord-retrieveRecord:get record from persistence failure
12-18 22:37:25.066 D/pcapcmcc4( 3051): show_http_response_content = 41884
12-18 22:37:25.066 D/pcapcmcc4( 3051): show_http_response_content = 34868
12-18 22:37:25.067 D/pcapcmcc4( 3051): request_str_len = 527, 17079
12-18 22:37:25.068 W/System.err( 3005): java.lang.NullPointerException
12-18 22:37:25.068 I/System.out( 3005): RxCache: RetrieveRecord-retrieveRecord:get record from persistence failure
12-18 22:37:25.068 W/System.err( 3005): java.lang.NullPointerException
12-18 22:37:25.070 W/System.err( 3005): 	at io.rx_cache2.internal.cache.RetrieveRecord.retrieveRecord(SourceFile:8)
12-18 22:37:25.071 W/System.err( 3005): 	at io.rx_cache2.internal.cache.TwoLayersCache.retrieve(SourceFile:1)
12-18 22:37:25.071 W/System.err( 3005): 	at io.rx_cache2.internal.ProcessorProvidersBehaviour.getData(SourceFile:2)
12-18 22:37:25.072 W/System.err( 3005): 	at io.rx_cache2.internal.ProcessorProvidersBehaviour$3.call(SourceFile:3)
12-18 22:37:25.072 W/System.err( 3005): 	at io.rx_cache2.internal.ProcessorProvidersBehaviour$3.call(SourceFile:1)
12-18 22:37:25.073 W/System.err( 3005): 	at io.reactivex.internal.operators.observable.ObservableDefer.subscribeActual(SourceFile:1)
12-18 22:37:25.073 W/System.err( 3005): 	at io.reactivex.Observable.subscribe(SourceFile:14)
12-18 22:37:25.073 D/pcapcmcc4( 3051): show_http_response_content = 36785
12-18 22:37:25.074 W/System.err( 3005): 	at io.reactivex.internal.operators.observable.ObservableDoOnEach.subscribeActual(SourceFile:1)
12-18 22:37:25.074 W/System.err( 3005): 	at io.reactivex.Observable.subscribe(SourceFile:14)
12-18 22:37:25.074 W/System.err( 3005): 	at 	at io.rx_cache2.internal.cache.RetrieveRecord.retrieveRecord(SourceFile:8)
12-18 22:37:25.074 W/System.err( 3005): 	at io.rx_cache2.internal.cache.TwoLayersCache.retrieve(SourceFile:1)
12-18 22:37:25.074 W/System.err( 3005): 	at io.rx_cache2.internal.ProcessorProvidersBehaviour.getData(SourceFile:2)
12-18 22:37:25.074 W/System.err( 3005): 	at io.rx_cache2.internal.ProcessorProvidersBehaviour$3.call(SourceFile:3)
12-18 22:37:25.074 W/System.err( 3005): 	at io.rx_cache2.internal.ProcessorProvidersBehaviour$3.call(SourceFile:1)io.reactivex.internal.operators.observable.ObservableFlatMap$MergeObserver.subscribeInner(SourceFile:11)
12-18 22:37:25.074 W/System.err( 3005): 	at 
12-18 22:37:25.074 W/System.err( 3005): 	at io.reactivex.internal.operators.observable.ObservableDefer.subscribeActual(SourceFile:1)
12-18 22:37:25.074 W/System.err( 3005): 	at io.reactivex.Observable.subscribe(SourceFile:14)
12-18 22:37:25.074 W/System.err( 3005): 	at io.reactivex.internal.operators.observable.ObservableDoOnEach.subscribeActual(SourceFile:1)
12-18 22:37:25.074 W/System.err( 3005): 	at io.reactivex.Observable.subscribe(SourceFile:14)
12-18 22:37:25.074 W/System.err( 3005): 	at io.reactivex.internal.operators.observable.ObservableFlatMap$MergeObserver.subscribeInner(SourceFile:11)
12-18 22:37:25.075 W/System.err( 3005): 	at io.reactivex.internal.operators.observable.ObservableFlatMap$MergeObserver.onNext(SourceFile:10)
12-18 22:37:25.075 W/System.err( 3005): 	at io.reactivex.internal.operators.observable.ObservableFromIterable$FromIterableDisposable.run(SourceFile:3)
12-18 22:37:25.075 W/System.err( 3005): 	at io.reactivex.internal.operators.observable.ObservableFromIterable.subscribeActual(SourceFile:7)
12-18 22:37:25.075 W/System.err( 3005): 	at io.reactivex.Observable.subscribe(SourceFile:14)
12-18 22:37:25.075 W/System.err( 3005): 	at io.reactivex.internal.operators.observable.ObservableFlatMap.subscribeActual(SourceFile:2)
12-18 22:37:25.075 W/System.err( 3005): 	at io.reactivex.Observable.subscribe(SourceFile:14)
12-18 22:37:25.075 W/System.err( 3005): 	at io.reactivex.internal.operators.observable.ObservableSubscribeOn$SubscribeTask.run(SourceFile:1)
12-18 22:37:25.075 W/System.err( 3005): 	at io.reactivex.Scheduler$DisposeTask.run(SourceFile:2)
12-18 22:37:25.075 W/System.err( 3005): 	at io.reactivex.internal.schedulers.ScheduledRunnable.run(SourceFile:2)
12-18 22:37:25.075 W/System.err( 3005): 	at io.reactivex.internal.schedulers.ScheduledRunnable.call(SourceFile:1)
12-18 22:37:25.075 W/System.err( 3005): 	at java.util.concurrent.FutureTask.run(FutureTask.java:237)
12-18 22:37:25.075 W/System.err( 3005): 	at java.util.concurrent.ScheduledThreadPoolExecutor$ScheduledFutureTask.access$201(ScheduledThreadPoolExecutor.java:152)
12-18 22:37:25.075 W/System.err( 3005): 	at java.util.concurrent.ScheduledThreadPoolExecutor$ScheduledFutureTask.run(ScheduledThreadPoolExecutor.java:265)
12-18 22:37:25.075 W/System.err( 3005): 	at java.util.concurrent.ThreadPoolExecutor.runWorker(ThreadPoolExecutor.java:1112)
12-18 22:37:25.075 W/System.err( 3005): 	at java.util.concurrent.ThreadPoolExecutor$Worker.run(ThreadPoolExecutor.java:587)
12-18 22:37:25.075 W/System.err( 3005): 	at java.lang.Thread.run(Thread.java:841)
12-18 22:37:25.075 I/System.out( 3005): RxCache: ProcessorProvidersBehaviour-getData-record:null
12-18 22:37:25.075 I/System.out( 3005): RxCache: ProcessorProvidersBehaviour-getData-use loader first
12-18 22:37:25.076 I/System.out( 3005): RxCache: ProcessorProvidersBehaviour-getData-cacheRule: 0x100010
12-18 22:37:25.076 I/System.out( 3005): RxCache: RetrieveRecord-retrieveRecord:index-section , http://183.235.11.39:8082/epg/api/page/biz_07692647.json , 
12-18 22:37:25.076 I/System.out( 3005): RxCache: RetrieveRecord-retrieveRecord:record from memory is null
12-18 22:37:25.078 I/System.out( 3005): RxCache: RetrieveRecord-retrieveRecord:get record from persistence failure
12-18 22:37:25.078 W/System.err( 3005): java.lang.NullPointerException
12-18 22:37:25.079 W/System.err( 3005): 	at io.rx_cache2.internal.cache.RetrieveRecord.retrieveRecord(SourceFile:8)
12-18 22:37:25.079 W/System.err( 3005): 	at io.rx_cache2.internal.cache.TwoLayersCache.retrieve(SourceFile:1)
12-18 22:37:25.079 W/System.err( 3005): 	at io.rx_cache2.internal.ProcessorProvidersBehaviour.getData(SourceFile:2)
12-18 22:37:25.079 W/System.err( 3005): 	at io.rx_cache2.internal.ProcessorProvidersBehaviour$3.call(SourceFile:3)
12-18 22:37:25.079 W/System.err( 3005): 	at io.rx_cache2.internal.ProcessorProvidersBehaviour$3.call(SourceFile:1)
12-18 22:37:25.079 D/pcapcmcc4( 3051): send_tcp_data_to_server_new: 2
12-18 22:37:25.079 D/pcapcmcc4( 3051): --- Send session --- Addr(1, 100.96.241.176 ~ 183.235.11.39) 
12-18 22:37:25.079 D/pcapcmcc4( 3051):  	 HTTPDATA:100.96.241.176#41884#183.235.11.39#8082#56703#56703#56703#56714#56703#56713#56714#1066#8#0#13400#14456#16#1#183.235.11.39:8082#/epg/api/page/biz_90983740.json#200#24#0#0#2#4170240#4170240#4170240#0#0#0#
12-18 22:37:25.079 D/pcapcmcc4( 3051): 
12-18 22:37:25.079 D/pcapcmcc4( 3051): reset pkg_num!
12-18 22:37:25.081 W/System.err( 3005): 	at io.reactivex.internal.operators.observable.ObservableFlatMap$MergeObserver.onNext(SourceFile:10)io.reactivex.internal.operators.observable.ObservableDefer.subscribeActual(SourceFile:1)
12-18 22:37:25.081 W/System.err( 3005): 	at io.reactivex.Observable.subscribe(SourceFile:14)
12-18 22:37:25.081 W/System.err( 3005): 	at io.reactivex.internal.operators.observable.ObservableDoOnEach.subscribeActual(SourceFile:1)
12-18 22:37:25.081 W/System.err( 3005): 	at io.reactivex.Observable.subscribe(SourceFile:14)
12-18 22:37:25.081 W/System.err( 3005): 	at io.reactivex.internal.operators.observable.ObservableFlatMap$MergeObserver.subscribeInner(SourceFile:11)
12-18 22:37:25.081 W/System.err( 3005): 	at io.reactivex.internal.operators.observable.ObservableFlatMap$MergeObserver.onNext(SourceFile:10)
12-18 22:37:25.081 W/System.err( 3005): 	at io.reactivex.internal.operators.observable.ObservableFromIterable$FromIterableDisposable.run(SourceFile:3)
12-18 22:37:25.081 W/System.err( 3005): 	at io.reactivex.internal.operators.observable.ObservableFromIterable.subscribeActual(SourceFile:7)
12-18 22:37:25.081 W/System.err( 3005): 	at io.reactivex.Observable.subscribe(SourceFile:14)
12-18 22:37:25.081 W/System.err( 3005): 	at io.reactivex.internal.operators.observable.ObservableFlatMap.subscribeActual(SourceFile:2)
12-18 22:37:25.081 W/System.err( 3005): 	at io.reactivex.Observable.subscribe(SourceFile:14)
12-18 22:37:25.081 D/pcapcmcc4( 3051): send_tcp_data_to_server_new: 2
12-18 22:37:25.082 W/System.err( 3005): 	at io.reactivex.internal.operators.observable.ObservableSubscribeOn$SubscribeTask.run(SourceFile:1)
12-18 22:37:25.082 W/System.err( 3005): 	at io.reactivex.Scheduler$DisposeTask.run(SourceFile:2)
12-18 22:37:25.082 W/System.err( 3005): 	at io.reactivex.internal.schedulers.ScheduledRunnable.run(SourceFile:2)
12-18 22:37:25.082 W/System.err( 3005): 	at io.reactivex.internal.schedulers.ScheduledRunnable.call(SourceFile:1)
12-18 22:37:25.082 W/System.err( 3005): 	at java.util.concurrent.FutureTask.run(FutureTask.java:237)
12-18 22:37:25.082 D/pcapcmcc4( 3051): --- Send session --- Addr(1, 100.96.241.176 ~ 183.235.11.39) 
12-18 22:37:25.082 D/pcapcmcc4( 3051):  	 HTTPDATA:100.96.241.176#36785#183.235.11.39#8082#56712#56712#56712#56724#56712#56722#56724#1210#10#0#18303#19557#19#1#183.235.11.39:8082#/epg/api/page/biz_49451473.json#200#29#0#1#2#4170240#4170240#4170240#0#0#0#
12-18 22:37:25.082 D/pcapcmcc4( 3051): 
12-18 22:37:25.082 D/pcapcmcc4( 3051): reset pkg_num!
12-18 22:37:25.082 W/System.err( 3005): 	at 
12-18 22:37:25.082 W/System.err( 3005): 	at io.reactivex.internal.operators.observable.ObservableFromIterable$FromIterableDisposable.run(SourceFile:3)
12-18 22:37:25.082 W/System.err( 3005): 	at io.reactivex.internal.operators.observable.ObservableFromIterable.subscribeActual(SourceFile:7)
12-18 22:37:25.082 W/System.err( 3005): 	at io.reactivex.Observable.subscribe(SourceFile:14)
12-18 22:37:25.082 W/System.err( 3005): 	at io.reactivex.internal.operators.observable.ObservableFlatMap.subscribeActual(SourceFile:2)
12-18 22:37:25.082 W/System.err( 3005): 	at io.reactivex.Observable.subscribe(SourceFile:14)
12-18 22:37:25.082 W/System.err( 3005): 	at io.reactivex.internal.operators.observable.ObservableSubscribeOn$SubscribeTask.run(SourceFile:1)
12-18 22:37:25.082 W/System.err( 3005): 	at io.reactivex.Scheduler$DisposeTask.run(SourceFile:2)
12-18 22:37:25.082 W/System.err( 3005): 	at io.reactivex.internal.schedulers.ScheduledRunnable.run(SourceFile:2)
12-18 22:37:25.082 W/System.err( 3005): 	at io.reactivex.internal.schedulers.ScheduledRunnable.call(SourceFile:1)
12-18 22:37:25.082 W/System.err( 3005): 	at java.util.concurrent.FutureTask.run(FutureTask.java:237)
12-18 22:37:25.083 W/System.err( 3005): 	at java.util.concurrent.ScheduledThreadPoolExecutor$ScheduledFutureTask.access$201(ScheduledThreadPoolExecutor.java:152)
12-18 22:37:25.083 W/System.err( 3005): 	at java.util.concurrent.ScheduledThreadPoolExecutor$ScheduledFutureTask.run(ScheduledThreadPoolExecutor.java:265)
12-18 22:37:25.083 W/System.err( 3005): 	at java.util.concurrent.ThreadPoolExecutor.runWorker(ThreadPoolExecutor.java:1112)
12-18 22:37:25.083 W/System.err( 3005): 	at java.util.concurrent.ThreadPoolExecutor$Worker.run(ThreadPoolExecutor.java:587)
12-18 22:37:25.083 W/System.err( 3005): 	at java.lang.Thread.run(Thread.java:841)
12-18 22:37:25.083 D/pcapcmcc4( 3051): request_str_len = 527, 10181
12-18 22:37:25.083 W/System.err( 3005): java.util.concurrent.ScheduledThreadPoolExecutor$ScheduledFutureTask.access$201(ScheduledThreadPoolExecutor.java:152)
12-18 22:37:25.083 W/System.err( 3005): 	at java.util.concurrent.ScheduledThreadPoolExecutor$ScheduledFutureTask.run(ScheduledThreadPoolExecutor.java:265)
12-18 22:37:25.083 I/System.out( 3005): RxCache: ProcessorProvidersBehaviour-getData-record:null
12-18 22:37:25.083 I/System.out( 3005): RxCache: ProcessorProvidersBehaviour-getData-use loader first
12-18 22:37:25.084 W/System.err( 3005): 	at java.util.concurrent.ThreadPoolExecutor.runWorker(ThreadPoolExecutor.java:1112)
12-18 22:37:25.084 W/System.err( 3005): 	at java.util.concurrent.ThreadPoolExecutor$Worker.run(ThreadPoolExecutor.java:587)
12-18 22:37:25.084 W/System.err( 3005): 	at java.lang.Thread.run(Thread.java:841)
12-18 22:37:25.084 I/System.out( 3005): RxCache: ProcessorProvidersBehaviour-getData-record:null
12-18 22:37:25.084 I/System.out( 3005): RxCache: ProcessorProvidersBehaviour-getData-use loader first
12-18 22:37:25.084 I/System.out( 3005): RxCache: ProcessorProvidersBehaviour-getData-cacheRule: 0x100010
12-18 22:37:25.085 I/System.out( 3005): RxCache: RetrieveRecord-retrieveRecord:index-section , http://183.235.11.39:8082/epg/api/page/biz_42858963.json , 
12-18 22:37:25.085 I/System.out( 3005): RxCache: RetrieveRecord-retrieveRecord:record from memory is null
12-18 22:37:25.088 D/pcapcmcc4( 3051): send_tcp_data_to_server_new: 2
12-18 22:37:25.089 D/pcapcmcc4( 3051): --- Send session --- Addr(1, 100.96.241.176 ~ 183.235.11.39) 
12-18 22:37:25.089 D/pcapcmcc4( 3051):  	 HTTPDATA:100.96.241.176#38559#183.235.11.39#8082#56692#56692#56692#56703#56692#56701#56703#1012#7#0#6814#7276#7#1#183.235.11.39:8082#/epg/api/page/biz_97867548.json#200#14#0#1#2#3892224#3336192#2780160#0#0#0#
12-18 22:37:25.089 D/pcapcmcc4( 3051): 
12-18 22:37:25.089 D/pcapcmcc4( 3051): reset pkg_num!
12-18 22:37:25.092 D/pcapcmcc4( 3051): add_tcp_node_to_list_new:45694 
12-18 22:37:25.092 D/pcapcmcc4( 3051): reset pkg_num!
12-18 22:37:25.092 D/pcapcmcc4( 3051): show_http_response_content = 36785
12-18 22:37:25.092 D/pcapcmcc4( 3051): request_str_len = 527, 6815
12-18 22:37:25.094 D/pcapcmcc4( 3051): show_http_response_content = 41884
12-18 22:37:25.094 D/pcapcmcc4( 3051): show_http_response_content = 56741
12-18 22:37:25.098 D/pcapcmcc4( 3051): request_str_len = 527, 9751
12-18 22:37:25.098 D/pcapcmcc4( 3051): show_http_response_content = 38559
12-18 22:37:25.099 I/System.out( 3005): RxCache: RetrieveRecord-retrieveRecord:get record from persistence failure
12-18 22:37:25.099 W/System.err( 3005): java.lang.NullPointerException
12-18 22:37:25.101 I/System.out( 3005): RxCache: ProcessorProvidersBehaviour-getData-cacheRule: 0x100010
12-18 22:37:25.101 I/System.out( 3005): RxCache: RetrieveRecord-retrieveRecord:index-section , http://183.235.11.39:8082/epg/api/page/biz_37542933.json , 
12-18 22:37:25.101 I/System.out( 3005): RxCache: RetrieveRecord-retrieveRecord:record from memory is null
12-18 22:37:25.102 I/System.out( 3005): RxCache: RetrieveRecord-retrieveRecord:get record from persistence failure
12-18 22:37:25.102 W/System.err( 3005): java.lang.NullPointerException
12-18 22:37:25.102 W/System.err( 3005): 	at io.rx_cache2.internal.cache.RetrieveRecord.retrieveRecord(SourceFile:8)
12-18 22:37:25.102 W/System.err( 3005): 	at io.rx_cache2.internal.cache.TwoLayersCache.retrieve(SourceFile:1)
12-18 22:37:25.102 W/System.err( 3005): 	at io.rx_cache2.internal.ProcessorProvidersBehaviour.getData(SourceFile:2)
12-18 22:37:25.102 W/System.err( 3005): 	at io.rx_cache2.internal.ProcessorProvidersBehaviour$3.call(SourceFile:3)
12-18 22:37:25.102 W/System.err( 3005): 	at io.rx_cache2.internal.ProcessorProvidersBehaviour$3.call(SourceFile:1)
12-18 22:37:25.102 W/System.err( 3005): 	at io.reactivex.internal.operators.observable.ObservableDefer.subscribeActual(SourceFile:1)
12-18 22:37:25.102 W/System.err( 3005): 	at io.reactivex.Observable.subscribe(SourceFile:14)
12-18 22:37:25.102 W/System.err( 3005): 	at io.reactivex.internal.operators.observable.ObservableDoOnEach.subscribeActual(SourceFile:1)
12-18 22:37:25.102 W/System.err( 3005): 	at io.reactivex.Observable.subscribe(SourceFile:14)
12-18 22:37:25.102 W/System.err( 3005): 	at io.reactivex.internal.operators.observable.ObservableFlatMap$MergeObserver.subscribeInner(SourceFile:11)
12-18 22:37:25.102 W/System.err( 3005): 	at io.reactivex.internal.operators.observable.ObservableFlatMap$MergeObserver.onNext(SourceFile:10)
12-18 22:37:25.103 W/System.err( 3005): 	at io.reactivex.internal.operators.observable.ObservableFromIterable$FromIterableDisposable.run(SourceFile:3)
12-18 22:37:25.103 W/System.err( 3005): 	at io.reactivex.internal.operators.observable.ObservableFromIterable.subscribeActual(SourceFile:7)
12-18 22:37:25.103 W/System.err( 3005): 	at io.reactivex.Observable.subscribe(SourceFile:14)
12-18 22:37:25.103 W/System.err( 3005): 	at io.reactivex.internal.operators.observable.ObservableFlatMap.subscribeActual(SourceFile:2)
12-18 22:37:25.103 W/System.err( 3005): 	at io.reactivex.Observable.subscribe(SourceFile:14)
12-18 22:37:25.103 D/pcapcmcc4( 3051): send_tcp_data_to_server_new: 2
12-18 22:37:25.103 W/System.err( 3005): 	at io.reactivex.internal.operators.observable.ObservableSubscribeOn$SubscribeTask.run(SourceFile:1)
12-18 22:37:25.103 W/System.err( 3005): 	at io.reactivex.Scheduler$DisposeTask.run(SourceFile:2)
12-18 22:37:25.103 W/System.err( 3005): 	at io.reactivex.internal.schedulers.ScheduledRunnable.run(SourceFile:2)
12-18 22:37:25.103 W/System.err( 3005): 	at io.reactivex.internal.schedulers.ScheduledRunnable.call(SourceFile:1)
12-18 22:37:25.103 W/System.err( 3005): 	at java.util.concurrent.FutureTask.run(FutureTask.java:237)
12-18 22:37:25.103 D/pcapcmcc4( 3051): --- Send session --- Addr(1, 100.96.241.176 ~ 183.235.11.39) 
12-18 22:37:25.103 D/pcapcmcc4( 3051):  	 HTTPDATA:100.96.241.176#41884#183.235.11.39#8082#56729#56729#56729#56743#56729#56740#56743#1264#11#0#19028#20414#21#1#183.235.11.39:8082#/epg/api/page/biz_74934293.json#200#32#0#0#2#4170240#4170240#4170240#0#0#0#
12-18 22:37:25.103 D/pcapcmcc4( 3051): 
12-18 22:37:25.103 W/System.err( 3005): 	at java.util.concurrent.ScheduledThreadPoolExecutor$ScheduledFutureTask.access$201(ScheduledThreadPoolExecutor.java:152)
12-18 22:37:25.103 D/pcapcmcc4( 3051): reset pkg_num!
12-18 22:37:25.103 W/System.err( 3005): 	at java.util.concurrent.ScheduledThreadPoolExecutor$ScheduledFutureTask.run(ScheduledThreadPoolExecutor.java:265)
12-18 22:37:25.103 D/pcapcmcc4( 3051): send_tcp_data_to_server_new: 2
12-18 22:37:25.103 W/System.err( 3005): 	at java.util.concurrent.ThreadPoolExecutor.runWorker(ThreadPoolExecutor.java:1112)
12-18 22:37:25.103 W/System.err( 3005): 	at java.util.concurrent.ThreadPoolExecutor$Worker.run(ThreadPoolExecutor.java:587)
12-18 22:37:25.103 W/System.err( 3005): 	at java.lang.Thread.run(Thread.java:841)
12-18 22:37:25.103 D/pcapcmcc4( 3051): --- Send session --- Addr(1, 100.96.241.176 ~ 183.235.11.39) 
12-18 22:37:25.103 D/pcapcmcc4( 3051):  	 HTTPDATA:100.96.241.176#59158#183.235.11.39#8082#56694#56694#56694#56744#56694#56703#56744#988#7#0#10180#11104#14#0#183.235.11.39:8082#/epg/api/page/biz_10645359.json#200#21#0#0#2#4170240#4170240#4170240#0#0#0#
12-18 22:37:25.103 D/pcapcmcc4( 3051): 
12-18 22:37:25.103 D/pcapcmcc4( 3051): reset pkg_num!
12-18 22:37:25.103 I/System.out( 3005): RxCache: ProcessorProvidersBehaviour-getData-record:null
12-18 22:37:25.103 D/pcapcmcc4( 3051): send_tcp_data_to_server_new: 2
12-18 22:37:25.103 I/System.out( 3005): RxCache: ProcessorProvidersBehaviour-getData-use loader first
12-18 22:37:25.103 D/pcapcmcc4( 3051): --- Send session --- Addr(1, 100.96.241.176 ~ 183.235.11.39) 
12-18 22:37:25.103 D/pcapcmcc4( 3051):  	 HTTPDATA:100.96.241.176#38266#183.235.11.39#8082#56683#56683#56683#56725#56683#56692#56725#922#6#0#8695#9487#12#0#183.235.11.39:8082#/epg/api/page/biz_92048955.json#200#18#0#0#2#4170240#4170240#4170240#0#0#0#
12-18 22:37:25.103 D/pcapcmcc4( 3051): 
12-18 22:37:25.103 D/pcapcmcc4( 3051): reset pkg_num!
12-18 22:37:25.107 D/pcapcmcc4( 3051): request_str_len = 527, 13401
12-18 22:37:25.107 D/pcapcmcc4( 3051): send_tcp_data_to_server_new: 2
12-18 22:37:25.108 D/pcapcmcc4( 3051): --- Send session --- Addr(1, 100.96.241.176 ~ 183.235.11.39) 
12-18 22:37:25.108 D/pcapcmcc4( 3051):  	 HTTPDATA:100.96.241.176#36785#183.235.11.39#8082#56732#56732#56732#56743#56732#56740#56743#922#6#0#9637#10495#13#0#183.235.11.39:8082#/epg/api/page/biz_51156630.json#200#19#0#0#2#4170240#4170240#4170240#0#0#0#
12-18 22:37:25.108 D/pcapcmcc4( 3051): 
12-18 22:37:25.108 D/pcapcmcc4( 3051): reset pkg_num!
12-18 22:37:25.112 D/pcapcmcc4( 3051): show_http_response_content = 59158
12-18 22:37:25.113 I/System.out( 3005): RxCache: ProcessorProvidersBehaviour-getData-cacheRule: 0x100010
12-18 22:37:25.113 I/System.out( 3005): RxCache: RetrieveRecord-retrieveRecord:index-section , http://183.235.11.39:8082/epg/api/page/biz_54242559.json , 
12-18 22:37:25.113 I/System.out( 3005): RxCache: RetrieveRecord-retrieveRecord:record from memory is null
12-18 22:37:25.114 D/pcapcmcc4( 3051): send_tcp_data_to_server_new: 2
12-18 22:37:25.115 I/System.out( 3005): RxCache: RetrieveRecord-retrieveRecord:get record from persistence failure
12-18 22:37:25.115 D/pcapcmcc4( 3051): --- Send session --- Addr(1, 100.96.241.176 ~ 183.235.11.39) 
12-18 22:37:25.115 D/pcapcmcc4( 3051):  	 HTTPDATA:100.96.241.176#34868#183.235.11.39#8082#56710#56710#56710#56764#56710#56720#56764#790#4#0#4755#5151#6#0#183.235.11.39:8082#/epg/api/page/biz_16004002.json#200#10#0#0#2#4170240#4170240#4170240#0#0#0#
12-18 22:37:25.115 D/pcapcmcc4( 3051): 
12-18 22:37:25.115 W/System.err( 3005): java.lang.NullPointerException
12-18 22:37:25.115 D/pcapcmcc4( 3051): reset pkg_num!
12-18 22:37:25.115 D/pcapcmcc4( 3051): show_http_response_content = 41884
12-18 22:37:25.115 D/pcapcmcc4( 3051): show_http_response_content = 38266
12-18 22:37:25.115 W/System.err( 3005): 	at io.rx_cache2.internal.cache.RetrieveRecord.retrieveRecord(SourceFile:8)
12-18 22:37:25.115 W/System.err( 3005): 	at io.rx_cache2.internal.cache.TwoLayersCache.retrieve(SourceFile:1)
12-18 22:37:25.115 W/System.err( 3005): 	at io.rx_cache2.internal.ProcessorProvidersBehaviour.getData(SourceFile:2)
12-18 22:37:25.115 W/System.err( 3005): 	at io.rx_cache2.internal.ProcessorProvidersBehaviour$3.call(SourceFile:3)
12-18 22:37:25.115 W/System.err( 3005): 	at io.rx_cache2.internal.ProcessorProvidersBehaviour$3.call(SourceFile:1)
12-18 22:37:25.115 W/System.err( 3005): 	at io.reactivex.internal.operators.observable.ObservableDefer.subscribeActual(SourceFile:1)
12-18 22:37:25.116 W/System.err( 3005): 	at io.reactivex.Observable.subscribe(SourceFile:14)
12-18 22:37:25.116 W/System.err( 3005): 	at io.reactivex.internal.operators.observable.ObservableDoOnEach.subscribeActual(SourceFile:1)
12-18 22:37:25.116 W/System.err( 3005): 	at io.reactivex.Observable.subscribe(SourceFile:14)
12-18 22:37:25.117 D/pcapcmcc4( 3051): request_str_len = 527, 4756
12-18 22:37:25.119 D/pcapcmcc4( 3051): show_http_response_content = 36785
12-18 22:37:25.122 D/pcapcmcc4( 3051): request_str_len = 527, 18304
12-18 22:37:25.122 W/System.err( 3005): 	at 	at io.rx_cache2.internal.cache.RetrieveRecord.retrieveRecord(SourceFile:8)
12-18 22:37:25.126 D/pcapcmcc4( 3051): send_tcp_data_to_server_new: 2
12-18 22:37:25.126 W/System.err( 3005): 	at io.rx_cache2.internal.cache.TwoLayersCache.retrieve(SourceFile:1)
12-18 22:37:25.126 W/System.err( 3005): 	at io.rx_cache2.internal.ProcessorProvidersBehaviour.getData(SourceFile:2)
12-18 22:37:25.126 W/System.err( 3005): 	at io.rx_cache2.internal.ProcessorProvidersBehaviour$3.call(SourceFile:3)
12-18 22:37:25.126 W/System.err( 3005): 	at io.rx_cache2.internal.ProcessorProvidersBehaviour$3.call(SourceFile:1)
12-18 22:37:25.126 D/pcapcmcc4( 3051): --- Send session --- Addr(1, 100.96.241.176 ~ 183.235.11.39) 
12-18 22:37:25.126 D/pcapcmcc4( 3051):  	 HTTPDATA:100.96.241.176#38559#183.235.11.39#8082#56738#56738#56738#56749#56738#56748#56749#790#4#0#8474#9002#8#0#183.235.11.39:8082#/epg/api/page/biz_98903263.json#200#12#0#0#2#4170240#4100736#3892224#0#0#0#
12-18 22:37:25.126 D/pcapcmcc4( 3051): 
12-18 22:37:25.126 D/pcapcmcc4( 3051): reset pkg_num!
12-18 22:37:25.126 W/System.err( 3005): 	at io.reactivex.internal.operators.observable.ObservableDefer.subscribeActual(SourceFile:1)
12-18 22:37:25.126 W/System.err( 3005): 	at io.reactivex.Observable.subscribe(SourceFile:14)
12-18 22:37:25.128 W/System.err( 3005): 	at io.reactivex.internal.operators.observable.ObservableDoOnEach.subscribeActual(SourceFile:1)
12-18 22:37:25.128 W/System.err( 3005): 	at io.reactivex.Observable.subscribe(SourceFile:14)
12-18 22:37:25.128 W/System.err( 3005): 	at io.reactivex.internal.operators.observable.ObservableFlatMap$MergeObserver.subscribeInner(SourceFile:11)
