12-18 22:37:27.378 I/bluedroid( 3928): init
12-18 22:37:27.378 I/BluetoothAdapterState( 3928): Entering OffState
12-18 22:37:27.378 D/bluedroid( 3928): init rtkbt automatically
12-18 22:37:27.379 I/RTKBT_API( 3928): rtkbt_loadconfig(/system/etc/bluetooth/rtkbt_plugin_heartbeat.conf) load!
12-18 22:37:27.379 W/RTKBT_API( 3928): rtkbt_loadconfig(/system/etc/bluetooth/rtkbt_plugin_heartbeat.conf) open fail!
12-18 22:37:27.379 I/RTKBT_HEARTBEAT( 3928): begin to heartbeat init 
12-18 22:37:27.379 E/bt-btif ( 3928): btif_config_get(L189): assert failed: section && *section && key && *key && name && *name && bytes && type
12-18 22:37:27.379 D/bte_conf( 3928): Attempt to load rtkbt conf from /etc/bluetooth/rtkbt.conf
12-18 22:37:27.379 I/bte_conf( 3928): bt_hci_device_node   = /dev/ttyAMA1 
12-18 22:37:27.379 I/bte_conf( 3928): Attempt to load stack conf from /etc/bluetooth/bt_stack_rtk.conf
12-18 22:37:27.380 D/bte_conf( 3928): set rtkbt_btsnoopsaver property to 0, ret = 0
12-18 22:37:27.380 D/bte_conf( 3928): set rtkbt_logfilter property to 1, ret = 0
12-18 22:37:27.380 I/bluedroid( 3928): get_profile_interface socket
12-18 22:37:27.380 I/GKI_LINUX( 3928): gki_task_entry: gki_task_entry task_id=1 [BTIF] starting
12-18 22:37:27.381 I/BluetoothAdapterProperties( 3928): adapterPropertyChangedCallback with type:2 len:6
12-18 22:37:27.381 D/BluetoothAdapterProperties( 3928): Address is:22:22:CC:F1:64:DD
12-18 22:37:27.381 I/BluetoothAdapterProperties( 3928): adapterPropertyChangedCallback with type:1 len:17
12-18 22:37:27.384 D/BluetoothManagerService( 2322): BluetoothServiceConnection: com.android.bluetooth.btservice.AdapterService
12-18 22:37:27.384 D/BluetoothManagerService( 2322): Message: 40
12-18 22:37:27.384 D/BluetoothManagerService( 2322): MESSAGE_BLUETOOTH_SERVICE_CONNECTED: 1
12-18 22:37:27.384 I/bluedroid( 3928): config_hci_snoop_log
12-18 22:37:27.385 D/BluetoothManagerService( 2322): Calling onBluetoothServiceUp callbacks
12-18 22:37:27.385 D/BluetoothManagerService( 2322): Broadcasting onBluetoothServiceUp() to 6 receivers.
12-18 22:37:27.386 W/ContextImpl( 3847): Calling a method in the system process without a qualified user: android.app.ContextImpl.startService:1589 android.content.ContextWrapper.startService:494 android.content.ContextWrapper.startService:494 com.amlogic.bluetooth.DockEventReceiver.beginStartingService:134 com.amlogic.bluetooth.DockEventReceiver.onReceive:115 
12-18 22:37:27.387 I/CircleCornerLayout( 3005): draw
12-18 22:37:27.387 D/dalvikvm( 3005): GC_FOR_ALLOC freed 156K, 6% free 96941K/102764K, paused 74ms, total 74ms
12-18 22:37:27.389 D/BluetoothAdapterState( 3928): CURRENT_STATE=OFF, MESSAGE = USER_TURN_ON
12-18 22:37:27.394 D/BluetoothAdapterProperties( 3928): Name is: Realtek Bluetooth
12-18 22:37:27.398 D/pcapcmcc4( 3051): send_tcp_data_to_server_new: 2
12-18 22:37:27.398 D/pcapcmcc4( 3051): --- Send session --- Addr(1, 100.96.241.176 ~ 183.235.11.40) 
12-18 22:37:27.398 D/pcapcmcc4( 3051):  	 HTTPDATA:100.96.241.176#46837#183.235.11.40#8081#58885#58885#58885#58908#58885#58908#58908#414#3#0#4521#4785#4#0#183.235.11.40:8081#/pics/showFlag/202003/30/2020033016490380559627.png#200#7#0#0#2#522880#522389#521408#0#0#0#
12-18 22:37:27.398 D/pcapcmcc4( 3051): 
12-18 22:37:27.398 D/pcapcmcc4( 3051): reset pkg_num!
12-18 22:37:27.399 I/CircleCornerLayout( 3005): draw
12-18 22:37:27.403 D/BluetoothAdapterProperties( 3928): Setting state to 11
12-18 22:37:27.403 I/BluetoothAdapterState( 3928): Bluetooth adapter state changed: 10-> 11
12-18 22:37:27.403 D/BluetoothAdapterService( 3928): Broadcasting updateAdapterState() to 1 receivers.
12-18 22:37:27.403 D/BluetoothManagerService( 2322): Bluetooth Adapter name changed to Realtek Bluetooth
12-18 22:37:27.403 W/ActivityManager( 2322): Unable to start service Intent { cmp=com.android.hiBTAutopair/.BluetoothService } U=0: not found
12-18 22:37:27.404 D/BluetoothManagerService( 2322): Message: 60
12-18 22:37:27.404 D/BluetoothManagerService( 2322): Stored Bluetooth name: Realtek Bluetooth
12-18 22:37:27.404 D/BluetoothManagerService( 2322): MESSAGE_BLUETOOTH_STATE_CHANGE: prevState = 10, newState=11
12-18 22:37:27.404 D/BluetoothManagerService( 2322): Bluetooth State Change Intent: 10 -> 11
12-18 22:37:27.404 D/BluetoothBondStateMachine( 3928): make
12-18 22:37:27.410 I/BluetoothBondStateMachine( 3928): StableState(): Entering Off State
12-18 22:37:27.411 D/HiRMService( 2727): mNetReceiver onReceive --android.bluetooth.adapter.action.STATE_CHANGED
12-18 22:37:27.411 D/HiRMService( 2727): ACTION_STATE_CHANGED : mBluetoothMode.getEnableFlag() = false ; state = 11
12-18 22:37:27.419 D/pcapcmcc4( 3051): send_tcp_data_to_server_new: 2
12-18 22:37:27.420 D/pcapcmcc4( 3051): --- Send session --- Addr(1, 100.96.241.176 ~ 183.235.11.40) 
12-18 22:37:27.420 D/pcapcmcc4( 3051):  	 HTTPDATA:100.96.241.176#53843#183.235.11.40#8081#58900#58900#58900#58948#58900#58911#58948#3551#49#1#143830#150430#100#1#183.235.11.40:8081#/pics/apk_site/biz_58411101/biz_64323006/positions/BizPosition_13595/element_162360/images/element_162360_img_20201218170600.png#200#149#0#1#2#522880#519119#489472#0#0#0#
12-18 22:37:27.420 D/pcapcmcc4( 3051): 
12-18 22:37:27.420 D/pcapcmcc4( 3051): reset pkg_num!
12-18 22:37:27.422 I/BootStartReceiver( 3861): intent -- android.bluetooth.adapter.action.STATE_CHANGED
12-18 22:37:27.426 D/RtkbtService( 3928): initBinder()
12-18 22:37:27.429 D/RtkbtService( 3928): Received start request. Starting profile...
12-18 22:37:27.429 D/RtkbtService( 3928): start RTKBT Service
12-18 22:37:27.429 I/RTKBT   ( 3928): InitNative
12-18 22:37:27.429 I/bluedroid( 3928): get_profile_interface rtkbt
12-18 22:37:27.429 D/RTKBT_API( 3928): init rtkbt already initialized
12-18 22:37:27.429 E/RTKBT   ( 3928): Bluetooth rtkbt successfully
12-18 22:37:27.429 D/RtkbtService( 3928): setRtkbtService(): set to: com.android.bluetooth.rtkbt.RtkbtService@41b0d5a0
12-18 22:37:27.429 D/BluetoothAdapterService( 3928): Profile still not running:com.android.bluetooth.map.BluetoothMapService
12-18 22:37:27.429 D/DockEventReceiver( 3847): finishStartingService: stopping service
12-18 22:37:27.436 I/InfinitePageController_Page:6( 3005): InfinitePageController#ChildDrawingOrderCallback- pageIndex: 	6	childCount:	2	i:	0	focusedIndex:	-1	result:	1
12-18 22:37:27.437 I/CircleCornerLayout( 3005): draw
12-18 22:37:27.437 I/CircleCornerLayout( 3005): draw
12-18 22:37:27.438 I/CircleCornerLayout( 3005): draw
12-18 22:37:27.438 I/CircleCornerLayout( 3005): draw
12-18 22:37:27.438 I/CircleCornerLayout( 3005): draw
12-18 22:37:27.438 I/CircleCornerLayout( 3005): draw
12-18 22:37:27.438 I/CircleCornerLayout( 3005): draw
12-18 22:37:27.439 I/CircleCornerLayout( 3005): draw
12-18 22:37:27.439 I/CircleCornerLayout( 3005): draw
12-18 22:37:27.439 I/CircleCornerLayout( 3005): draw
12-18 22:37:27.440 I/CircleCornerLayout( 3005): draw
12-18 22:37:27.440 I/CircleCornerLayout( 3005): draw
12-18 22:37:27.440 I/InfinitePageController_Page:6( 3005): InfinitePageController#ChildDrawingOrderCallback- pageIndex: 	6	childCount:	2	i:	1	focusedIndex:	-1	result:	0
12-18 22:37:27.440 I/CircleCornerLayout( 3005): draw
12-18 22:37:27.440 I/CircleCornerLayout( 3005): draw
12-18 22:37:27.440 I/CircleCornerLayout( 3005): draw
12-18 22:37:27.440 I/CircleCornerLayout( 3005): draw
12-18 22:37:27.440 I/CircleCornerLayout( 3005): draw
12-18 22:37:27.440 I/CircleCornerLayout( 3005): draw
12-18 22:37:27.442 I/CircleCornerLayout( 3005): draw
12-18 22:37:27.442 I/CircleCornerLayout( 3005): draw
12-18 22:37:27.447 D/pcapcmcc4( 3051): send_tcp_data_to_server_new: 2
12-18 22:37:27.447 D/pcapcmcc4( 3051): --- Send session --- Addr(1, 100.96.241.176 ~ 183.235.11.40) 
12-18 22:37:27.447 D/pcapcmcc4( 3051):  	 HTTPDATA:100.96.241.176#37012#183.235.11.40#8081#58890#58890#58890#58955#58890#58903#58955#2441#32#1#127685#133559#89#0#183.235.11.40:8081#/pics/apk_site/biz_58411101/biz_64323006/positions/BizPosition_13603/element_161764/images/element_161764_img_20201214150733.png#200#121#0#2#2#522880#519720#508928#0#0#0#
12-18 22:37:27.447 D/pcapcmcc4( 3051): 
12-18 22:37:27.447 D/pcapcmcc4( 3051): reset pkg_num!
12-18 22:37:27.476 D/dalvikvm( 2322): GC_CONCURRENT freed 1150K, 55% free 5193K/11344K, paused 3ms+4ms, total 77ms
12-18 22:37:27.476 D/dalvikvm( 2322): WAIT_FOR_CONCURRENT_GC blocked 44ms
12-18 22:37:27.487 D/HeadsetService( 3928): Received start request. Starting profile...
12-18 22:37:27.487 I/BluetoothHeadsetServiceJni( 3928): classInitNative: succeeds
12-18 22:37:27.487 D/HeadsetStateMachine( 3928): make
12-18 22:37:27.491 E/HeadsetStateMachine( 3928): Could not bind to Bluetooth Headset Phone Service
12-18 22:37:27.492 I/bluedroid( 3928): get_profile_interface handsfree
12-18 22:37:27.504 D/BluetoothAdapterService( 3928): Profile still not running:com.android.bluetooth.map.BluetoothMapService
12-18 22:37:27.504 D/A2dpService( 3928): Received start request. Starting profile...
12-18 22:37:27.504 I/BluetoothA2dpServiceJni( 3928): classInitNative: succeeds
12-18 22:37:27.504 D/A2dpStateMachine( 3928): make
12-18 22:37:27.505 I/bluedroid( 3928): get_profile_interface a2dp
12-18 22:37:27.505 I/GKI_LINUX( 3928): gki_task_entry: gki_task_entry task_id=2 [A2DP-MEDIA] starting
12-18 22:37:27.507 D/A2dpStateMachine( 3928): Enter Disconnected: -2
12-18 22:37:27.507 I/BluetoothAvrcpServiceJni( 3928): classInitNative: succeeds
12-18 22:37:27.507 V/Avrcp   ( 3928): make
12-18 22:37:27.507 I/bluedroid( 3928): get_profile_interface avrcp
12-18 22:37:27.510 I/BluetoothHidServiceJni( 3928): classInitNative: succeeds
12-18 22:37:27.512 D/HidService( 3928): Received start request. Starting profile...
12-18 22:37:27.512 I/bluedroid( 3928): get_profile_interface hidhost
12-18 22:37:27.512 D/BluetoothAdapterService( 3928): Profile still not running:com.android.bluetooth.map.BluetoothMapService
12-18 22:37:27.512 D/BluetoothAdapterService( 3928): Profile still not running:com.android.bluetooth.map.BluetoothMapService
12-18 22:37:27.518 I/BluetoothHealthServiceJni( 3928): classInitNative: succeeds
12-18 22:37:27.520 D/HealthService( 3928): Received start request. Starting profile...
12-18 22:37:27.520 I/bluedroid( 3928): get_profile_interface health
12-18 22:37:27.521 D/dalvikvm( 3005): GC_FOR_ALLOC freed 46K, 6% free 98864K/104672K, paused 71ms, total 71ms
12-18 22:37:27.521 D/BluetoothAdapterService( 3928): Profile still not running:com.android.bluetooth.map.BluetoothMapService
12-18 22:37:27.530 I/CircleCornerLayout( 3005): draw
12-18 22:37:27.530 I/CircleCornerLayout( 3005): draw
12-18 22:37:27.530 I/CircleCornerLayout( 3005): draw
12-18 22:37:27.532 I/BluetoothPanServiceJni( 3928): classInitNative(L105): succeeds
12-18 22:37:27.535 D/pcapcmcc4( 3051): send_tcp_data_to_server_new: 2
12-18 22:37:27.535 D/pcapcmcc4( 3051): --- Send session --- Addr(1, 100.96.241.176 ~ 183.235.11.40) 
12-18 22:37:27.535 D/pcapcmcc4( 3051):  	 HTTPDATA:100.96.241.176#49802#183.235.11.40#8081#58950#58950#58950#59013#58950#58957#59013#2165#28#0#137196#144616#96#1#183.235.11.40:8081#/pics/apk_site/biz_58411101/biz_64323006/positions/BizPosition_13599/element_162442/images/element_162442_img_20201218104443.png#200#124#0#1#2#1048576#1001824#952512#0#1#0#
12-18 22:37:27.535 D/pcapcmcc4( 3051): 
12-18 22:37:27.535 D/pcapcmcc4( 3051): reset pkg_num!
12-18 22:37:27.537 D/PanService( 3928): Received start request. Starting profile...
12-18 22:37:27.537 D/BluetoothPanServiceJni( 3928): initializeNative(L110): pan
12-18 22:37:27.537 I/bluedroid( 3928): get_profile_interface pan
12-18 22:37:27.537 D/pcapcmcc4( 3051): send_tcp_data_to_server_new: 2
12-18 22:37:27.538 D/pcapcmcc4( 3051): --- Send session --- Addr(1, 100.96.241.176 ~ 183.235.11.40) 
12-18 22:37:27.538 D/pcapcmcc4( 3051):  	 HTTPDATA:100.96.241.176#46837#183.235.11.40#8081#59046#59046#59046#59081#59046#59055#59081#2891#39#0#96133#100555#67#0#183.235.11.40:8081#/pics/apk_site/biz_58411101/biz_64323006/positions/BizPosition_13597/element_161166/images/element_161166_img_20201218105237.png#200#106#0#2#2#522880#503486#469184#0#0#0#
12-18 22:37:27.538 D/pcapcmcc4( 3051): 
12-18 22:37:27.538 D/pcapcmcc4( 3051): reset pkg_num!
12-18 22:37:27.541 D/BluetoothAdapterService( 3928): Profile still not running:com.android.bluetooth.map.BluetoothMapService
12-18 22:37:27.556 D/pcapcmcc4( 3051): send_tcp_data_to_server_new: 2
12-18 22:37:27.557 D/pcapcmcc4( 3051): --- Send session --- Addr(1, 100.96.241.176 ~ 183.235.11.40) 
12-18 22:37:27.557 D/pcapcmcc4( 3051):  	 HTTPDATA:100.96.241.176#53843#183.235.11.40#8081#59070#59070#59070#59080#59070#59079#59080#414#3#0#4582#4846#4#0#183.235.11.40:8081#/pics/showFlag/202003/30/2020033017251678672725.pngBizPosition_13595/element_162360/images/element_162360_img_20201218170600.png#200#7#0#0#2#522880#522389#521408#0#0#0#
12-18 22:37:27.557 D/pcapcmcc4( 3051): 
12-18 22:37:27.557 D/pcapcmcc4( 3051): reset pkg_num!
12-18 22:37:27.561 I/BtGatt.JNI( 3928): classInitNative(L685): classInitNative: Success!
12-18 22:37:27.565 D/BtGatt.DebugUtils( 3928): handleDebugAction() action=null
12-18 22:37:27.565 D/BtGatt.GattService( 3928): Received start request. Starting profile...
12-18 22:37:27.565 D/BtGatt.GattService( 3928): start()
12-18 22:37:27.565 I/bluedroid( 3928): get_profile_interface gatt
12-18 22:37:27.566 D/BluetoothAdapterService( 3928): Profile still not running:com.android.bluetooth.map.BluetoothMapService
12-18 22:37:27.576 D/pcapcmcc4( 3051): send_tcp_data_to_server_new: 2
12-18 22:37:27.576 D/pcapcmcc4( 3051): --- Send session --- Addr(1, 100.96.241.176 ~ 183.235.11.40) 
12-18 22:37:27.576 D/pcapcmcc4( 3051):  	 HTTPDATA:100.96.241.176#37012#183.235.11.40#8081#59097#59097#59097#59139#59097#59106#59139#2399#31#1#147447#154245#103#0#183.235.11.40:8081#/pics/apk_site/biz_58411101/biz_64323006/positions/BizPosition_13601/element_161276/images/element_161276_img_20201217164731.png#200#134#0#4#2#522880#467848#422848#0#0#0#
12-18 22:37:27.576 D/pcapcmcc4( 3051): 
12-18 22:37:27.576 D/pcapcmcc4( 3051): reset pkg_num!
12-18 22:37:27.576 I/BluetoothAdapterState( 3928): Entering PendingCommandState State: isTurningOn()=true, isTurningOff()=false
12-18 22:37:27.581 D/pcapcmcc4( 3051): send_tcp_data_to_server_new: 2
12-18 22:37:27.581 D/pcapcmcc4( 3051): --- Send session --- Addr(1, 100.96.241.176 ~ 183.235.11.40) 
12-18 22:37:27.581 D/pcapcmcc4( 3051):  	 HTTPDATA:100.96.241.176#49802#183.235.11.40#8081#59185#59185#59185#59209#59185#59192#59209#2086#27#1#72382#75682#50#0#183.235.11.40:8081#/pics/apk_site/biz_58411101/biz_02511913/positions/BizPosition_9081/element_162292/images/element_162292_img_20201217164633.pngg#200#77#0#1#2#1048576#1042209#1030272#0#0#0#
12-18 22:37:27.581 D/pcapcmcc4( 3051): 
12-18 22:37:27.581 D/pcapcmcc4( 3051): reset pkg_num!
12-18 22:37:27.582 D/BluetoothMapService( 3928): Received start request. Starting profile...
12-18 22:37:27.582 D/BluetoothMapService( 3928): start()
12-18 22:37:27.594 I/BootStartReceiver( 3861): intent -- android.bluetooth.adapter.action.STATE_CHANGED
12-18 22:37:27.596 D/BluetoothAdapterState( 3928): CURRENT_STATE=PENDING, MESSAGE = STARTED, isTurningOn=true, isTurningOff=false
12-18 22:37:27.596 I/bluedroid( 3928): enable
12-18 22:37:27.597 D/bt_hci_bdroid( 3928): get rtkbt_logfilter property , ret = 1
12-18 22:37:27.597 D/bt_hci_bdroid( 3928): temp is 1
12-18 22:37:27.597 D/bt_hci_bdroid( 3928): rtkbt_logfilter after property_get is 1
12-18 22:37:27.597 D/bt_hci_bdroid( 3928): get rtkbt_btsnoopsaver property , ret = 1
12-18 22:37:27.597 D/bt_hci_bdroid( 3928): temp is 0
12-18 22:37:27.597 D/bt_hci_bdroid( 3928): rtkbt_btsnoopsaver after property_get is 0
12-18 22:37:27.597 I/bt_hci_bdroid( 3928): init
12-18 22:37:27.597 I/bt_vendor_uart( 3928): RTKBT_RELEASE_NAME: 20200109_TV_ANDROID_4.4(Beta)
12-18 22:37:27.597 I/bt_vendor_uart( 3928): init
12-18 22:37:27.597 E/bt_vendor_uart( 3928): bt_wake_up_host_mode_set(1)
12-18 22:37:27.597 E/bt_upio ( 3928): bt_wake_up_host_mode_set
12-18 22:37:27.597 E/bt_upio ( 3928): bt_wake_up_host_mode_set path:/proc/bluetooth/sleep/lpm
12-18 22:37:27.597 E/bt_upio ( 3928): bt_wake_up_host_mode_set fd:-1 = open(path, O_RDWR): open(/proc/bluetooth/sleep/lpm) failed: No such file or directory (2)
12-18 22:37:27.597 I/bt_hci_bdroid( 3928): use H5
12-18 22:37:27.598 D/bt_upio ( 3928): is_emulator_context : 0
12-18 22:37:27.598 D/bt_upio ( 3928): is_rfkill_disabled ? [0]
12-18 22:37:27.598 D/bt_upio ( 3928): is_rfkill_disabled ? [0]
12-18 22:37:27.599 D/pcapcmcc4( 3051): send_tcp_data_to_server_new: 2
12-18 22:37:27.599 D/pcapcmcc4( 3051): --- Send session --- Addr(1, 100.96.241.176 ~ 183.235.11.40) 
12-18 22:37:27.599 D/pcapcmcc4( 3051):  	 HTTPDATA:100.96.241.176#46837#183.235.11.40#8081#59186#59186#59186#59214#59186#59196#59214#1492#18#0#71468#74834#51#0#183.235.11.40:8081#/pics/apk_site/biz_58411101/biz_02511913/positions/BizPosition_9099/element_102411/images/element_102411_img_20201023165346.pngg#200#69#0#1#2#522880#488376#475008#0#0#0#
12-18 22:37:27.599 D/pcapcmcc4( 3051): 
12-18 22:37:27.599 I/AOService( 1581): hdmi_observer  change@/devices/platform/hi-rfkill.0/rfkill/rfkill0
12-18 22:37:27.599 D/pcapcmcc4( 3051): reset pkg_num!
12-18 22:37:27.600 I/bt_hci_bdroid( 3928): bt_hc_worker_thread started
12-18 22:37:27.614 D/pcapcmcc4( 3051):  100.96.241.176   2968608868 
12-18 22:37:27.614 D/pcapcmcc4( 3051): igmp log: IGMP@1@100.96.241.176#239.255.255.250#59264#2#22#239.255.255.250#
12-18 22:37:27.614 D/pcapcmcc4( 3051): 
12-18 22:37:27.614 D/pcapcmcc4( 3051): node->multi_stream = 0, node->is_paused = 0
12-18 22:37:27.614 D/pcapcmcc4( 3051): reset num = 1
12-18 22:37:27.665 D/dalvikvm( 2322): GC_CONCURRENT freed 1082K, 55% free 5178K/11344K, paused 3ms+3ms, total 45ms
12-18 22:37:27.673 D/dalvikvm( 3005): GC_FOR_ALLOC freed 223K, 6% free 101092K/107000K, paused 68ms, total 68ms
12-18 22:37:27.674 I/InfinitePageController_Page:4( 3005): InfinitePageController#ChildDrawingOrderCallback- pageIndex: 	4	childCount:	2	i:	0	focusedIndex:	-1	result:	1
12-18 22:37:27.675 I/CircleCornerLayout( 3005): draw
12-18 22:37:27.675 I/CircleCornerLayout( 3005): draw
12-18 22:37:27.676 I/CircleCornerLayout( 3005): draw
12-18 22:37:27.677 I/CircleCornerLayout( 3005): draw
12-18 22:37:27.677 I/CircleCornerLayout( 3005): draw
12-18 22:37:27.677 I/CircleCornerLayout( 3005): draw
12-18 22:37:27.677 I/CircleCornerLayout( 3005): draw
12-18 22:37:27.677 I/CircleCornerLayout( 3005): draw
12-18 22:37:27.677 I/InfinitePageController_Page:4( 3005): InfinitePageController#ChildDrawingOrderCallback- pageIndex: 	4	childCount:	2	i:	1	focusedIndex:	-1	result:	0
12-18 22:37:27.678 I/CircleCornerLayout( 3005): draw
12-18 22:37:27.678 I/CircleCornerLayout( 3005): draw
12-18 22:37:27.678 I/CircleCornerLayout( 3005): draw
12-18 22:37:27.678 I/InfinitePageController_Page:5( 3005): InfinitePageController#ChildDrawingOrderCallback- pageIndex: 	5	childCount:	3	i:	0	focusedIndex:	-1	result:	2
12-18 22:37:27.678 I/CircleCornerLayout( 3005): draw
12-18 22:37:27.681 I/CircleCornerLayout( 3005): draw
12-18 22:37:27.683 I/CircleCornerLayout( 3005): draw
12-18 22:37:27.685 I/CircleCornerLayout( 3005): draw
12-18 22:37:27.687 I/CircleCornerLayout( 3005): draw
12-18 22:37:27.689 D/pcapcmcc4( 3051): send_tcp_data_to_server_new: 2
12-18 22:37:27.689 D/pcapcmcc4( 3051): --- Send session --- Addr(1, 100.96.241.176 ~ 183.235.11.40) 
12-18 22:37:27.689 D/pcapcmcc4( 3051):  	 HTTPDATA:100.96.241.176#53843#183.235.11.40#8081#59208#59208#59208#59235#59208#59217#59235#2562#35#0#83732#87560#58#0#183.235.11.40:8081#/pics/position/202007/22/2020072214312844509871.png#200#93#0#3#2#522880#516576#502976#0#0#0#
12-18 22:37:27.689 D/pcapcmcc4( 3051): 
12-18 22:37:27.689 D/pcapcmcc4( 3051): reset pkg_num!
12-18 22:37:27.689 I/CircleCornerLayout( 3005): draw
12-18 22:37:27.692 I/InfinitePageController_Page:5( 3005): InfinitePageController#ChildDrawingOrderCallback- pageIndex: 	5	childCount:	3	i:	1	focusedIndex:	-1	result:	1
12-18 22:37:27.692 I/CircleCornerLayout( 3005): draw
12-18 22:37:27.693 D/pcapcmcc4( 3051): send_tcp_data_to_server_new: 2
12-18 22:37:27.694 D/pcapcmcc4( 3051): --- Send session --- Addr(1, 100.96.241.176 ~ 183.235.11.40) 
12-18 22:37:27.694 D/pcapcmcc4( 3051):  	 HTTPDATA:100.96.241.176#49802#183.235.11.40#8081#59231#59231#59231#59253#59231#59242#59253#766#7#0#44281#46393#32#0#183.235.11.40:8081#/pics/apk_site/biz_58411101/biz_02511913/positions/BizPosition_9087/element_156980/images/element_156980_img_20201207113111.png#200#39#0#1#2#1048576#1027337#1019008#0#0#0#
12-18 22:37:27.694 D/pcapcmcc4( 3051): 
12-18 22:37:27.694 D/pcapcmcc4( 3051): reset pkg_num!
12-18 22:37:27.696 D/pcapcmcc4( 3051): send_tcp_data_to_server_new: 2
12-18 22:37:27.696 D/pcapcmcc4( 3051): --- Send session --- Addr(1, 100.96.241.176 ~ 183.235.11.40) 
12-18 22:37:27.696 D/pcapcmcc4( 3051):  	 HTTPDATA:100.96.241.176#37012#183.235.11.40#8081#59225#59225#59225#59254#59225#59234#59254#1944#26#1#70605#74103#53#0#183.235.11.40:8081#/pics/position/202007/30/2020073016512405716466.pngBizPosition_13601/element_161276/images/element_161276_img_20201217164731.png#200#79#0#1#2#531584#522045#510400#0#0#0#
12-18 22:37:27.696 D/pcapcmcc4( 3051): 
12-18 22:37:27.696 D/pcapcmcc4( 3051): reset pkg_num!
12-18 22:37:27.697 I/CircleCornerLayout( 3005): draw
12-18 22:37:27.700 D/pcapcmcc4( 3051): send_tcp_data_to_server_new: 2
12-18 22:37:27.701 D/pcapcmcc4( 3051): --- Send session --- Addr(1, 100.96.241.176 ~ 183.235.11.40) 
12-18 22:37:27.701 D/pcapcmcc4( 3051):  	 HTTPDATA:100.96.241.176#46837#183.235.11.40#8081#59247#59247#59247#59296#59247#59256#59296#490#3#0#71096#74396#50#0#183.235.11.40:8081#/pics/apk_site/biz_58411101/biz_02511913/positions/BizPosition_9085/element_160722/images/element_160722_img_20201208102614.png#200#53#0#0#2#522880#506624#474112#0#0#0#
12-18 22:37:27.701 D/pcapcmcc4( 3051): 
12-18 22:37:27.701 D/pcapcmcc4( 3051): reset pkg_num!
12-18 22:37:27.702 I/CircleCornerLayout( 3005): draw
12-18 22:37:27.707 I/CircleCornerLayout( 3005): draw
12-18 22:37:27.712 I/InfinitePageController_Page:5( 3005): InfinitePageController#ChildDrawingOrderCallback- pageIndex: 	5	childCount:	3	i:	2	focusedIndex:	-1	result:	0
12-18 22:37:27.712 I/CircleCornerLayout( 3005): draw
12-18 22:37:27.721 I/CircleCornerLayout( 3005): draw
12-18 22:37:27.724 D/pcapcmcc4( 3051): send_tcp_data_to_server_new: 2
12-18 22:37:27.724 D/pcapcmcc4( 3051): --- Send session --- Addr(1, 100.96.241.176 ~ 183.235.11.40) 
12-18 22:37:27.724 D/pcapcmcc4( 3051):  	 HTTPDATA:100.96.241.176#49802#183.235.11.40#8081#59344#59344#59344#59360#59344#59354#59360#2020#26#1#72668#76034#51#0#183.235.11.40:8081#/pics/apk_site/biz_58411101/biz_02511913/positions/BizPosition_9093/element_141451/images/element_141451_img_20201116152001.png#200#77#0#1#2#1048576#1046395#1039680#0#0#0#
12-18 22:37:27.724 D/pcapcmcc4( 3051): 
12-18 22:37:27.724 D/pcapcmcc4( 3051): reset pkg_num!
12-18 22:37:27.734 I/InfinitePageController_Page:6( 3005): InfinitePageController#ChildDrawingOrderCallback- pageIndex: 	6	childCount:	2	i:	0	focusedIndex:	-1	result:	1
12-18 22:37:27.734 I/CircleCornerLayout( 3005): draw
12-18 22:37:27.735 I/CircleCornerLayout( 3005): draw
12-18 22:37:27.735 I/CircleCornerLayout( 3005): draw
12-18 22:37:27.736 I/CircleCornerLayout( 3005): draw
12-18 22:37:27.736 I/CircleCornerLayout( 3005): draw
12-18 22:37:27.736 I/CircleCornerLayout( 3005): draw
12-18 22:37:27.737 I/CircleCornerLayout( 3005): draw
12-18 22:37:27.738 I/CircleCornerLayout( 3005): draw
12-18 22:37:27.739 I/CircleCornerLayout( 3005): draw
12-18 22:37:27.740 I/CircleCornerLayout( 3005): draw
12-18 22:37:27.740 I/CircleCornerLayout( 3005): draw
12-18 22:37:27.740 I/CircleCornerLayout( 3005): draw
12-18 22:37:27.740 I/InfinitePageController_Page:6( 3005): InfinitePageController#ChildDrawingOrderCallback- pageIndex: 	6	childCount:	2	i:	1	focusedIndex:	-1	result:	0
12-18 22:37:27.740 I/CircleCornerLayout( 3005): draw
12-18 22:37:27.740 I/CircleCornerLayout( 3005): draw
12-18 22:37:27.741 I/CircleCornerLayout( 3005): draw
12-18 22:37:27.741 I/CircleCornerLayout( 3005): draw
12-18 22:37:27.741 I/CircleCornerLayout( 3005): draw
12-18 22:37:27.741 I/CircleCornerLayout( 3005): draw
12-18 22:37:27.743 I/CircleCornerLayout( 3005): draw
12-18 22:37:27.744 I/CircleCornerLayout( 3005): draw
12-18 22:37:27.750 D/pcapcmcc4( 3051): send_tcp_data_to_server_new: 2
12-18 22:37:27.750 D/pcapcmcc4( 3051): --- Send session --- Addr(1, 100.96.241.176 ~ 183.235.11.40) 
12-18 22:37:27.750 D/pcapcmcc4( 3051):  	 HTTPDATA:100.96.241.176#37012#183.235.11.40#8081#59344#59344#59344#59374#59344#59358#59374#700#6#0#73218#76716#53#0#183.235.11.40:8081#/pics/apk_site/biz_58411101/biz_02511913/positions/BizPosition_9079/element_157382/images/element_157382_img_20201116151542.png#200#59#0#1#2#531904#515637#482752#0#0#0#
12-18 22:37:27.750 D/pcapcmcc4( 3051): 
12-18 22:37:27.750 D/pcapcmcc4( 3051): reset pkg_num!
12-18 22:37:27.754 I/CircleCornerLayout( 3005): draw
12-18 22:37:27.755 I/CircleCornerLayout( 3005): draw
12-18 22:37:27.755 I/CircleCornerLayout( 3005): draw
12-18 22:37:27.789 I/InfinitePageController_Page:4( 3005): InfinitePageController#ChildDrawingOrderCallback- pageIndex: 	4	childCount:	2	i:	0	focusedIndex:	-1	result:	1
12-18 22:37:27.790 I/CircleCornerLayout( 3005): draw
12-18 22:37:27.790 I/CircleCornerLayout( 3005): draw
12-18 22:37:27.790 I/CircleCornerLayout( 3005): draw
12-18 22:37:27.790 I/CircleCornerLayout( 3005): draw
12-18 22:37:27.791 I/CircleCornerLayout( 3005): draw
12-18 22:37:27.791 I/CircleCornerLayout( 3005): draw
12-18 22:37:27.791 I/CircleCornerLayout( 3005): draw
12-18 22:37:27.791 I/CircleCornerLayout( 3005): draw
12-18 22:37:27.791 I/InfinitePageController_Page:4( 3005): InfinitePageController#ChildDrawingOrderCallback- pageIndex: 	4	childCount:	2	i:	1	focusedIndex:	-1	result:	0
12-18 22:37:27.791 I/CircleCornerLayout( 3005): draw
12-18 22:37:27.791 I/CircleCornerLayout( 3005): draw
12-18 22:37:27.792 I/CircleCornerLayout( 3005): draw
12-18 22:37:27.792 I/InfinitePageController_Page:5( 3005): InfinitePageController#ChildDrawingOrderCallback- pageIndex: 	5	childCount:	3	i:	0	focusedIndex:	-1	result:	2
12-18 22:37:27.792 I/CircleCornerLayout( 3005): draw
12-18 22:37:27.794 I/CircleCornerLayout( 3005): draw
12-18 22:37:27.795 I/CircleCornerLayout( 3005): draw
12-18 22:37:27.797 I/CircleCornerLayout( 3005): draw
12-18 22:37:27.798 I/CircleCornerLayout( 3005): draw
12-18 22:37:27.800 D/bt_vendor_uart( 3928): set power off and delay 200ms
12-18 22:37:27.800 D/bt_upio ( 3928): is_emulator_context : 0
12-18 22:37:27.800 D/bt_upio ( 3928): is_rfkill_disabled ? [0]
12-18 22:37:27.800 I/AOService( 1581): hdmi_observer  change@/devices/platform/hi-rfkill.0/rfkill/rfkill0
12-18 22:37:27.801 I/CircleCornerLayout( 3005): draw
12-18 22:37:27.802 I/InfinitePageController_Page:5( 3005): InfinitePageController#ChildDrawingOrderCallback- pageIndex: 	5	childCount:	3	i:	1	focusedIndex:	-1	result:	1
12-18 22:37:27.802 I/CircleCornerLayout( 3005): draw
12-18 22:37:27.807 I/CircleCornerLayout( 3005): draw
12-18 22:37:27.811 I/CircleCornerLayout( 3005): draw
12-18 22:37:27.815 I/CircleCornerLayout( 3005): draw
12-18 22:37:27.819 I/InfinitePageController_Page:5( 3005): InfinitePageController#ChildDrawingOrderCallback- pageIndex: 	5	childCount:	3	i:	2	focusedIndex:	-1	result:	0
12-18 22:37:27.820 I/CircleCornerLayout( 3005): draw
12-18 22:37:27.828 I/CircleCornerLayout( 3005): draw
12-18 22:37:27.835 D/pcapcmcc4( 3051): Many Syn Packet: 100.96.241.176#60733#120.198.245.13#7547#3#
12-18 22:37:27.839 I/InfinitePageController_Page:6( 3005): InfinitePageController#ChildDrawingOrderCallback- pageIndex: 	6	childCount:	2	i:	0	focusedIndex:	-1	result:	1
12-18 22:37:27.840 I/CircleCornerLayout( 3005): draw
12-18 22:37:27.840 I/CircleCornerLayout( 3005): draw
12-18 22:37:27.840 I/CircleCornerLayout( 3005): draw
12-18 22:37:27.840 I/CircleCornerLayout( 3005): draw
12-18 22:37:27.840 I/CircleCornerLayout( 3005): draw
12-18 22:37:27.840 I/CircleCornerLayout( 3005): draw
12-18 22:37:27.840 I/CircleCornerLayout( 3005): draw
12-18 22:37:27.840 I/CircleCornerLayout( 3005): draw
12-18 22:37:27.840 I/CircleCornerLayout( 3005): draw
12-18 22:37:27.840 I/CircleCornerLayout( 3005): draw
12-18 22:37:27.841 I/CircleCornerLayout( 3005): draw
12-18 22:37:27.841 I/CircleCornerLayout( 3005): draw
12-18 22:37:27.841 I/InfinitePageController_Page:6( 3005): InfinitePageController#ChildDrawingOrderCallback- pageIndex: 	6	childCount:	2	i:	1	focusedIndex:	-1	result:	0
12-18 22:37:27.841 I/CircleCornerLayout( 3005): draw
12-18 22:37:27.841 I/CircleCornerLayout( 3005): draw
12-18 22:37:27.841 I/CircleCornerLayout( 3005): draw
12-18 22:37:27.841 I/CircleCornerLayout( 3005): draw
12-18 22:37:27.841 I/CircleCornerLayout( 3005): draw
12-18 22:37:27.842 I/CircleCornerLayout( 3005): draw
12-18 22:37:27.843 I/CircleCornerLayout( 3005): draw
12-18 22:37:27.843 I/CircleCornerLayout( 3005): draw
12-18 22:37:27.853 I/CircleCornerLayout( 3005): draw
12-18 22:37:27.853 I/CircleCornerLayout( 3005): draw
12-18 22:37:27.853 I/CircleCornerLayout( 3005): draw
12-18 22:37:27.886 D/pcapcmcc4( 3051): add_tcp_node_to_list_new:47436 
12-18 22:37:27.886 D/pcapcmcc4( 3051): reset pkg_num!
12-18 22:37:27.888 I/InfinitePageController_Page:4( 3005): InfinitePageController#ChildDrawingOrderCallback- pageIndex: 	4	childCount:	2	i:	0	focusedIndex:	-1	result:	1
12-18 22:37:27.888 I/CircleCornerLayout( 3005): draw
12-18 22:37:27.889 I/CircleCornerLayout( 3005): draw
12-18 22:37:27.889 I/CircleCornerLayout( 3005): draw
12-18 22:37:27.889 I/CircleCornerLayout( 3005): draw
12-18 22:37:27.889 I/CircleCornerLayout( 3005): draw
12-18 22:37:27.889 I/CircleCornerLayout( 3005): draw
12-18 22:37:27.889 I/CircleCornerLayout( 3005): draw
12-18 22:37:27.889 I/CircleCornerLayout( 3005): draw
12-18 22:37:27.889 I/InfinitePageController_Page:4( 3005): InfinitePageController#ChildDrawingOrderCallback- pageIndex: 	4	childCount:	2	i:	1	focusedIndex:	-1	result:	0
12-18 22:37:27.889 I/CircleCornerLayout( 3005): draw
12-18 22:37:27.890 I/CircleCornerLayout( 3005): draw
12-18 22:37:27.890 I/CircleCornerLayout( 3005): draw
12-18 22:37:27.890 I/InfinitePageController_Page:5( 3005): InfinitePageController#ChildDrawingOrderCallback- pageIndex: 	5	childCount:	3	i:	0	focusedIndex:	-1	result:	2
12-18 22:37:27.890 I/CircleCornerLayout( 3005): draw
12-18 22:37:27.892 I/CircleCornerLayout( 3005): draw
12-18 22:37:27.894 I/CircleCornerLayout( 3005): draw
12-18 22:37:27.895 I/CircleCornerLayout( 3005): draw
12-18 22:37:27.897 I/CircleCornerLayout( 3005): draw
12-18 22:37:27.898 I/CircleCornerLayout( 3005): draw
12-18 22:37:27.900 I/InfinitePageController_Page:5( 3005): InfinitePageController#ChildDrawingOrderCallback- pageIndex: 	5	childCount:	3	i:	1	focusedIndex:	-1	result:	1
12-18 22:37:27.900 I/CircleCornerLayout( 3005): draw
12-18 22:37:27.903 D/pcapcmcc4( 3051): send_tcp_data_to_server_new: 0
12-18 22:37:27.903 D/pcapcmcc4( 3051): --- Send session --- Addr(1, 100.96.241.176 ~ 120.197.89.230) 
12-18 22:37:27.903 D/pcapcmcc4( 3051):  	 HTTPDATA:100.96.241.176#47436#120.197.89.230#8087#59536#59542#59542#59553#59543#59552#59553#1572#5#0#2106#2445#5#0#120.197.89.230:8087#/IPTV-Interfaces/biz/getConfigs?xiriVersion=440201130&userSysXiriVersion=109&devicestbid=58b42dd8b26c&userMiddleVersion=0&requestUuid=a74c69a36944477ba7203afbf7b8c231#200#10#0#0#0#35008#30963#29184#0#0#0#
12-18 22:37:27.903 D/pcapcmcc4( 3051): 
12-18 22:37:27.904 I/CircleCornerLayout( 3005): draw
12-18 22:37:27.908 I/CircleCornerLayout( 3005): draw
12-18 22:37:27.909 D/ConfigX-ConfigMgr( 3069): parseCfg | cfgFromType = 4
12-18 22:37:27.909 D/ConfigX-ConfigMgr( 3069): parseCfg | cfg = {"AllowReprocess":true,"serverTime":"2020-12-18 22:37:27","OperatePushConfig":{"alarmRequest":false},"autoMatchInfo":{"stbtypeList":["M301H_ZNSZ9_GD50","M301H_UM9_GD50"," MGV2000-UA5_GD","UMT401-H","CM201-1-YS"],"remoteContorlName":["YYYKQ","CMIOT_REMOTE"],"playingActivityList":["cn.gd.snm.player.LivePlayerActivity"],"topActivityList":["cn.gd.snm.snmcm.LauncherActivity"],"thirdPackageNameList":["com.android.hiBTAutopair","com.android.BluetoothRTKAutoPairService"],"remoteContorlVersion":{"old":["A10_1101_R01_4470"],"new":["XFRSD802_B314_1301_D01_7426"]},"isAutoMatchOpen":"true"},"commonGuideUrl":["http:\/\/120.197.89.230:8087\/IPTV-Interfaces\/v1\/commonGuide"],"queryPosterUrl":["http:\/\/120.197.89.230:8087\/IPTV-Interfaces-plus\/trafficDistribution\/queryPoster"],"hjghSetting":{"doubleSupportVersion":"","packageList":"com.cmcc.videocall_stb","aliveSwitch":false,"hjghSwitch":true,"singleSupportVersion":"YSTEN_B311_1201_R01_8310#XFTR301_B012_1004D01_0910#CMIOT2_B311_1201_R01_8190#XFRC306_B304_1101_R01_5764#A10_1101_R01_4470#XFRC306_B305_1101_R01_4077#XFRSD802_B314_1301_R01_7426#XFRC306_B304_1101_R01_4380#XFRC306_B100_1101_R01_2702#XFTR301_B008_1005R01_0929#CMIOT2_B311_1201_R01_7693#CMIOT2_B311_1201_R01_8136#A10_1101_D01_4470#A10_1101_D01_7651#A10_1101_R01_8243#CMHYY_B305_1301_R01_7098#CMHYY_B309_1301_R01_7283#CMHYY_B310_1301_R01_7142#CMHYY_B310_1301_R01_7283#SUNNIWELL_RCU_B304_V2001_7587#SUNNIWELL_RCU_B304_V2002_7680#SUNNIWELL_RCU_B304_V2004_7948#RCMIOT2_B311_1201_R01_8190#XFTR301_B012_1004D01_0910#CMHYY03_B309_1301_D01_8561#XFRSD802_B314_1301_D01_8563#XFRC306_B304_1101_R01_4380#XFRC306_B100_1101_R01_2702#CMHYY03_B309_1301_D01_8172#YKQ3#XFRC306_B306_1101_D01_4093#XFRC306_B304_1101_R01_5286#CMHYY03_B309_1301_D01_8799#CMHYY03_RCU_B310_1301_D01_9296"},"RegisterConfig":{"weather":true,"stock":true}}
12-18 22:37:27.909 D/ConfigX-ConfigMgr( 3069): saveCacheConfig | save cache config start
12-18 22:37:27.913 I/CircleCornerLayout( 3005): draw
12-18 22:37:27.915 D/ConfigX-ConfigMgr( 3069): saveCacheConfig | save cache config over
12-18 22:37:27.917 I/InfinitePageController_Page:5( 3005): InfinitePageController#ChildDrawingOrderCallback- pageIndex: 	5	childCount:	3	i:	2	focusedIndex:	-1	result:	0
12-18 22:37:27.917 I/CircleCornerLayout( 3005): draw
12-18 22:37:27.919 D/XmFileManager( 3069): onValueChange 4
12-18 22:37:27.926 I/CircleCornerLayout( 3005): draw
12-18 22:37:27.927 E/LogX    ( 3069): ===设置控制台日志显示级别（-1:all,0:debug,1:info,2:warn,3:error,4:none）:3
12-18 22:37:27.927 E/LogX    ( 3069): ===设置诊断日志写入文件级别（0:debug,1:info,2:warn,3:error,4:none）:3
12-18 22:37:27.934 D/EventBus( 3069): No subscribers registered for event class com.iflytek.xiriiptv.config.ConfigEvent
12-18 22:37:27.934 D/EventBus( 3069): No subscribers registered for event class org.greenrobot.eventbus.NoSubscriberEvent
12-18 22:37:27.937 I/InfinitePageController_Page:6( 3005): InfinitePageController#ChildDrawingOrderCallback- pageIndex: 	6	childCount:	2	i:	0	focusedIndex:	-1	result:	1
12-18 22:37:27.937 I/CircleCornerLayout( 3005): draw
12-18 22:37:27.938 I/CircleCornerLayout( 3005): draw
12-18 22:37:27.938 I/CircleCornerLayout( 3005): draw
12-18 22:37:27.938 I/CircleCornerLayout( 3005): draw
12-18 22:37:27.938 I/CircleCornerLayout( 3005): draw
12-18 22:37:27.938 I/CircleCornerLayout( 3005): draw
12-18 22:37:27.938 I/CircleCornerLayout( 3005): draw
12-18 22:37:27.938 I/CircleCornerLayout( 3005): draw
12-18 22:37:27.938 I/CircleCornerLayout( 3005): draw
12-18 22:37:27.939 I/CircleCornerLayout( 3005): draw
12-18 22:37:27.939 I/CircleCornerLayout( 3005): draw
12-18 22:37:27.939 I/CircleCornerLayout( 3005): draw
12-18 22:37:27.939 I/InfinitePageController_Page:6( 3005): InfinitePageController#ChildDrawingOrderCallback- pageIndex: 	6	childCount:	2	i:	1	focusedIndex:	-1	result:	0
12-18 22:37:27.939 I/CircleCornerLayout( 3005): draw
12-18 22:37:27.939 I/CircleCornerLayout( 3005): draw
12-18 22:37:27.939 I/CircleCornerLayout( 3005): draw
12-18 22:37:27.939 I/CircleCornerLayout( 3005): draw
12-18 22:37:27.940 I/CircleCornerLayout( 3005): draw
12-18 22:37:27.940 I/CircleCornerLayout( 3005): draw
12-18 22:37:27.941 I/CircleCornerLayout( 3005): draw
12-18 22:37:27.941 I/CircleCornerLayout( 3005): draw
12-18 22:37:27.951 I/CircleCornerLayout( 3005): draw
12-18 22:37:27.952 I/CircleCornerLayout( 3005): draw
12-18 22:37:27.952 I/CircleCornerLayout( 3005): draw
12-18 22:37:27.975 E/ActivityThread( 3005): Activity cn.gd.snm.snmcm.LauncherActivity has leaked IntentReceiver com.hooray.sdk.PushManager$1@42670a78 that was originally registered here. Are you missing a call to unregisterReceiver()?
12-18 22:37:27.975 E/ActivityThread( 3005): android.app.IntentReceiverLeaked: Activity cn.gd.snm.snmcm.LauncherActivity has leaked IntentReceiver com.hooray.sdk.PushManager$1@42670a78 that was originally registered here. Are you missing a call to unregisterReceiver()?
12-18 22:37:27.975 E/ActivityThread( 3005): 	at android.app.LoadedApk$ReceiverDispatcher.<init>(LoadedApk.java:805)
12-18 22:37:27.975 E/ActivityThread( 3005): 	at android.app.LoadedApk.getReceiverDispatcher(LoadedApk.java:606)
12-18 22:37:27.975 E/ActivityThread( 3005): 	at android.app.ContextImpl.registerReceiverInternal(ContextImpl.java:1539)
12-18 22:37:27.975 E/ActivityThread( 3005): 	at android.app.ContextImpl.registerReceiver(ContextImpl.java:1519)
12-18 22:37:27.975 E/ActivityThread( 3005): 	at android.app.ContextImpl.registerReceiver(ContextImpl.java:1513)
12-18 22:37:27.975 E/ActivityThread( 3005): 	at android.content.ContextWrapper.registerReceiver(ContextWrapper.java:467)
12-18 22:37:27.975 E/ActivityThread( 3005): 	at com.hooray.sdk.PushManager.registVersionReceiver(SourceFile:3)
12-18 22:37:27.975 E/ActivityThread( 3005): 	at com.hooray.sdk.PushManager.initialize(SourceFile:35)
12-18 22:37:27.975 E/ActivityThread( 3005): 	at c.a.a.h.l.a(SourceFile:14)
12-18 22:37:27.975 E/ActivityThread( 3005): 	at c.a.a.h.l.run(SourceFile:19)
12-18 22:37:27.975 E/ActivityThread( 3005): 	at com.chances.base.utils.LoopThread.run(SourceFile:7)
12-18 22:37:28.213 W/ContextImpl( 2770): Calling a method in the system process without a qualified user: android.app.ContextImpl.startService:1589 android.content.ContextWrapper.startService:494 com.iflytek.xiri.system.ControlService$6.run:369 java.util.concurrent.Executors$RunnableAdapter.call:422 java.util.concurrent.FutureTask.runAndReset:279 
12-18 22:37:28.300 D/bt_vendor_uart( 3928): set power on and delay 500ms
12-18 22:37:28.300 D/bt_vendor_uart( 3928): op for 3
12-18 22:37:28.300 I/bt_userial_vendor( 3928): userial vendor open: opening /dev/ttyAMA1
12-18 22:37:28.300 I/GKI_LINUX( 3928): gki_task_entry: gki_task_entry task_id=0 [BTU] starting
12-18 22:37:28.300 I/bt-btu  ( 3928): btu_task pending for preload complete event
12-18 22:37:28.300 I/bt_userial_vendor( 3928): userial vendor open: with HW flowctrl OFF
12-18 22:37:28.301 I/bt_userial_vendor( 3928): device fd = 71 open
12-18 22:37:28.301 D/bt_vendor_uart( 3928): op for 1
12-18 22:37:28.301 I/bt_hwcfg( 3928): RTKBT_RELEASE_NAME: 20200109_TV_ANDROID_4.4(Beta)
12-18 22:37:28.301 I/bt_hwcfg( 3928): 
12-18 22:37:28.301 I/bt_hwcfg( 3928): Realtek libbt-vendor_uart Version 4.2.1 
12-18 22:37:28.301 I/bt_hwcfg( 3928): hw_config_start
12-18 22:37:28.551 E/bt_h5   ( 3928): h5_timeout_handler
12-18 22:37:28.551 E/bt_h5   ( 3928): Wait H5 Sync Resp timeout, 0 times
12-18 22:37:28.801 E/bt_h5   ( 3928): h5_timeout_handler
12-18 22:37:28.801 E/bt_h5   ( 3928): Wait H5 Sync Resp timeout, 1 times
12-18 22:37:29.051 E/bt_h5   ( 3928): h5_timeout_handler
12-18 22:37:29.051 E/bt_h5   ( 3928): Wait H5 Sync Resp timeout, 2 times
12-18 22:37:29.058 D/AudioPolicyManagerBase( 1575): startOutput() output 3, stream 1, session 5
12-18 22:37:29.058 D/AudioPolicyManagerBase( 1575): startoutput ->setOutputDevice
12-18 22:37:29.058 D/AudioPolicyManagerBase( 1575): AudioPolicyManagerBase::checkAndSetVolume 8,0.191346
12-18 22:37:29.069 I/ApkUpdateActivity_TAG( 3005): ForceUpgradeAlertDialog_onClick
12-18 22:37:29.080 I/ApkUpdateActivity_TAG( 3005): MESSAGE_DOWNLOAD_START
12-18 22:37:29.113 I/        ( 1585): transcode 39 flags 16
12-18 22:37:29.115 E/ViewRootImpl( 3005): 20170727 enable acc for view = 系统升级
12-18 22:37:29.125 D/pcapcmcc4( 3051): add_tcp_node_to_list_new:34813 
12-18 22:37:29.125 D/pcapcmcc4( 3051): reset pkg_num!
12-18 22:37:29.136 I/        ( 1585): transcode 39 flags 16
12-18 22:37:29.215 W/ContextImpl( 2770): Calling a method in the system process without a qualified user: android.app.ContextImpl.startService:1589 android.content.ContextWrapper.startService:494 com.iflytek.xiri.system.ControlService$6.run:369 java.util.concurrent.Executors$RunnableAdapter.call:422 java.util.concurrent.FutureTask.runAndReset:279 
12-18 22:37:29.301 E/bt_h5   ( 3928): h5_timeout_handler
12-18 22:37:29.301 E/bt_h5   ( 3928): Wait H5 Sync Resp timeout, 3 times
12-18 22:37:29.344 W/BluetoothInputDevice( 3069): Proxy not attached to service
12-18 22:37:29.551 E/bt_h5   ( 3928): h5_timeout_handler
12-18 22:37:29.551 E/bt_h5   ( 3928): Wait H5 Sync Resp timeout, 4 times
12-18 22:37:29.801 E/bt_h5   ( 3928): h5_timeout_handler
12-18 22:37:29.801 E/bt_h5   ( 3928): Wait H5 Sync Resp timeout, 5 times
12-18 22:37:30.051 E/bt_h5   ( 3928): h5_timeout_handler
12-18 22:37:30.051 E/bt_h5   ( 3928): Wait H5 Sync Resp timeout, 6 times
12-18 22:37:30.217 W/ContextImpl( 2770): Calling a method in the system process without a qualified user: android.app.ContextImpl.startService:1589 android.content.ContextWrapper.startService:494 com.iflytek.xiri.system.ControlService$6.run:369 java.util.concurrent.Executors$RunnableAdapter.call:422 java.util.concurrent.FutureTask.runAndReset:279 
12-18 22:37:30.301 E/bt_h5   ( 3928): h5_timeout_handler
12-18 22:37:30.301 E/bt_h5   ( 3928): Wait H5 Sync Resp timeout, 7 times
12-18 22:37:30.383 D/btif_config_util( 3928): btif_config_save_file(L153): in file name:/data/misc/bluedroid/bt_config.new
12-18 22:37:30.551 E/bt_h5   ( 3928): h5_timeout_handler
12-18 22:37:30.551 E/bt_h5   ( 3928): Wait H5 Sync Resp timeout, 8 times
12-18 22:37:30.563 I/SingleImageView( 3005): costTime##createCornerTextView##start
12-18 22:37:30.566 I/SingleImageView( 3005): costTime##createCornerTextView##end
12-18 22:37:30.567 I/SingleImageView( 3005): SingleImageView#showFullData##end
12-18 22:37:30.591 D/pcapcmcc4( 3051): send_tcp_data_to_server_new: 2
12-18 22:37:30.591 D/pcapcmcc4( 3051): --- Send session --- Addr(1, 100.96.241.176 ~ 183.235.11.40) 
12-18 22:37:30.591 D/pcapcmcc4( 3051):  	 HTTPDATA:100.96.241.176#53843#183.235.11.40#8081#59339#59339#59339#59380#59339#59349#59380#1548#20#0#63759#66729#45#0#183.235.11.40:8081#/pics/position/202007/30/2020073016502310711913.png#200#65#0#1#2#522880#517164#508096#0#0#0#
12-18 22:37:30.591 D/pcapcmcc4( 3051): 
12-18 22:37:30.591 D/pcapcmcc4( 3051): reset pkg_num!
12-18 22:37:30.603 I/InfinitePageController_Page:4( 3005): InfinitePageController#ChildDrawingOrderCallback- pageIndex: 	4	childCount:	2	i:	0	focusedIndex:	-1	result:	1
12-18 22:37:30.603 I/CircleCornerLayout( 3005): draw
12-18 22:37:30.604 I/CircleCornerLayout( 3005): draw
12-18 22:37:30.605 I/CircleCornerLayout( 3005): draw
12-18 22:37:30.605 I/CircleCornerLayout( 3005): draw
12-18 22:37:30.605 I/CircleCornerLayout( 3005): draw
12-18 22:37:30.605 I/CircleCornerLayout( 3005): draw
12-18 22:37:30.605 I/CircleCornerLayout( 3005): draw
12-18 22:37:30.606 I/CircleCornerLayout( 3005): draw
12-18 22:37:30.606 I/InfinitePageController_Page:4( 3005): InfinitePageController#ChildDrawingOrderCallback- pageIndex: 	4	childCount:	2	i:	1	focusedIndex:	-1	result:	0
12-18 22:37:30.606 I/CircleCornerLayout( 3005): draw
12-18 22:37:30.606 I/CircleCornerLayout( 3005): draw
12-18 22:37:30.606 I/CircleCornerLayout( 3005): draw
12-18 22:37:30.607 I/InfinitePageController_Page:5( 3005): InfinitePageController#ChildDrawingOrderCallback- pageIndex: 	5	childCount:	3	i:	0	focusedIndex:	-1	result:	2
12-18 22:37:30.607 I/CircleCornerLayout( 3005): draw
12-18 22:37:30.609 I/CircleCornerLayout( 3005): draw
12-18 22:37:30.610 I/CircleCornerLayout( 3005): draw
12-18 22:37:30.612 I/CircleCornerLayout( 3005): draw
12-18 22:37:30.613 I/CircleCornerLayout( 3005): draw
12-18 22:37:30.614 I/CircleCornerLayout( 3005): draw
12-18 22:37:30.616 I/InfinitePageController_Page:5( 3005): InfinitePageController#ChildDrawingOrderCallback- pageIndex: 	5	childCount:	3	i:	1	focusedIndex:	-1	result:	1
12-18 22:37:30.616 I/CircleCornerLayout( 3005): draw
12-18 22:37:30.620 I/CircleCornerLayout( 3005): draw
12-18 22:37:30.625 I/CircleCornerLayout( 3005): draw
12-18 22:37:30.630 I/CircleCornerLayout( 3005): draw
12-18 22:37:30.634 I/InfinitePageController_Page:5( 3005): InfinitePageController#ChildDrawingOrderCallback- pageIndex: 	5	childCount:	3	i:	2	focusedIndex:	-1	result:	0
12-18 22:37:30.635 I/CircleCornerLayout( 3005): draw
12-18 22:37:30.643 I/CircleCornerLayout( 3005): draw
12-18 22:37:30.714 D/dalvikvm( 3005): GC_FOR_ALLOC freed 901K, 6% free 103515K/109304K, paused 69ms, total 69ms
12-18 22:37:30.784 D/dalvikvm( 3005): GC_FOR_ALLOC freed 25K, 6% free 105010K/110824K, paused 67ms, total 67ms
12-18 22:37:30.801 E/bt_h5   ( 3928): h5_timeout_handler
12-18 22:37:30.801 E/bt_h5   ( 3928): Wait H5 Sync Resp timeout, 9 times
12-18 22:37:30.810 I/InfinitePageController_Page:6( 3005): InfinitePageController#ChildDrawingOrderCallback- pageIndex: 	6	childCount:	2	i:	0	focusedIndex:	-1	result:	1
12-18 22:37:30.810 I/CircleCornerLayout( 3005): draw
12-18 22:37:30.811 I/CircleCornerLayout( 3005): draw
12-18 22:37:30.811 I/CircleCornerLayout( 3005): draw
12-18 22:37:30.811 I/CircleCornerLayout( 3005): draw
12-18 22:37:30.811 I/CircleCornerLayout( 3005): draw
12-18 22:37:30.811 I/CircleCornerLayout( 3005): draw
12-18 22:37:30.811 I/CircleCornerLayout( 3005): draw
12-18 22:37:30.811 I/CircleCornerLayout( 3005): draw
12-18 22:37:30.811 I/CircleCornerLayout( 3005): draw
12-18 22:37:30.811 I/CircleCornerLayout( 3005): draw
12-18 22:37:30.811 I/CircleCornerLayout( 3005): draw
12-18 22:37:30.812 I/CircleCornerLayout( 3005): draw
12-18 22:37:30.812 I/InfinitePageController_Page:6( 3005): InfinitePageController#ChildDrawingOrderCallback- pageIndex: 	6	childCount:	2	i:	1	focusedIndex:	-1	result:	0
12-18 22:37:30.812 I/CircleCornerLayout( 3005): draw
12-18 22:37:30.812 I/CircleCornerLayout( 3005): draw
12-18 22:37:30.812 I/CircleCornerLayout( 3005): draw
12-18 22:37:30.813 I/CircleCornerLayout( 3005): draw
12-18 22:37:30.813 I/CircleCornerLayout( 3005): draw
12-18 22:37:30.813 I/CircleCornerLayout( 3005): draw
12-18 22:37:30.814 I/CircleCornerLayout( 3005): draw
12-18 22:37:30.815 I/CircleCornerLayout( 3005): draw
12-18 22:37:30.828 I/CircleCornerLayout( 3005): draw
12-18 22:37:30.828 I/CircleCornerLayout( 3005): draw
12-18 22:37:30.828 I/CircleCornerLayout( 3005): draw
12-18 22:37:30.861 I/InfinitePageController_Page:4( 3005): InfinitePageController#ChildDrawingOrderCallback- pageIndex: 	4	childCount:	2	i:	0	focusedIndex:	-1	result:	1
12-18 22:37:30.861 I/CircleCornerLayout( 3005): draw
12-18 22:37:30.862 I/CircleCornerLayout( 3005): draw
12-18 22:37:30.862 I/CircleCornerLayout( 3005): draw
12-18 22:37:30.862 I/CircleCornerLayout( 3005): draw
12-18 22:37:30.862 I/CircleCornerLayout( 3005): draw
12-18 22:37:30.862 I/CircleCornerLayout( 3005): draw
12-18 22:37:30.863 I/CircleCornerLayout( 3005): draw
12-18 22:37:30.863 I/CircleCornerLayout( 3005): draw
12-18 22:37:30.863 I/InfinitePageController_Page:4( 3005): InfinitePageController#ChildDrawingOrderCallback- pageIndex: 	4	childCount:	2	i:	1	focusedIndex:	-1	result:	0
12-18 22:37:30.863 I/CircleCornerLayout( 3005): draw
12-18 22:37:30.863 I/CircleCornerLayout( 3005): draw
12-18 22:37:30.864 I/CircleCornerLayout( 3005): draw
12-18 22:37:30.865 I/InfinitePageController_Page:5( 3005): InfinitePageController#ChildDrawingOrderCallback- pageIndex: 	5	childCount:	3	i:	0	focusedIndex:	-1	result:	2
12-18 22:37:30.865 I/CircleCornerLayout( 3005): draw
12-18 22:37:30.868 I/CircleCornerLayout( 3005): draw
12-18 22:37:30.870 I/CircleCornerLayout( 3005): draw
12-18 22:37:30.872 I/CircleCornerLayout( 3005): draw
12-18 22:37:30.873 I/CircleCornerLayout( 3005): draw
12-18 22:37:30.875 I/CircleCornerLayout( 3005): draw
12-18 22:37:30.876 I/InfinitePageController_Page:5( 3005): InfinitePageController#ChildDrawingOrderCallback- pageIndex: 	5	childCount:	3	i:	1	focusedIndex:	-1	result:	1
12-18 22:37:30.877 I/CircleCornerLayout( 3005): draw
12-18 22:37:30.881 I/CircleCornerLayout( 3005): draw
12-18 22:37:30.885 I/CircleCornerLayout( 3005): draw
12-18 22:37:30.890 I/CircleCornerLayout( 3005): draw
12-18 22:37:30.894 I/InfinitePageController_Page:5( 3005): InfinitePageController#ChildDrawingOrderCallback- pageIndex: 	5	childCount:	3	i:	2	focusedIndex:	-1	result:	0
12-18 22:37:30.895 I/CircleCornerLayout( 3005): draw
12-18 22:37:30.903 I/CircleCornerLayout( 3005): draw
12-18 22:37:30.918 I/InfinitePageController_Page:6( 3005): InfinitePageController#ChildDrawingOrderCallback- pageIndex: 	6	childCount:	2	i:	0	focusedIndex:	-1	result:	1
12-18 22:37:30.919 I/CircleCornerLayout( 3005): draw
12-18 22:37:30.919 I/CircleCornerLayout( 3005): draw
12-18 22:37:30.919 I/CircleCornerLayout( 3005): draw
12-18 22:37:30.919 I/CircleCornerLayout( 3005): draw
12-18 22:37:30.919 I/CircleCornerLayout( 3005): draw
12-18 22:37:30.919 I/CircleCornerLayout( 3005): draw
12-18 22:37:30.919 I/CircleCornerLayout( 3005): draw
12-18 22:37:30.919 I/CircleCornerLayout( 3005): draw
12-18 22:37:30.919 I/CircleCornerLayout( 3005): draw
12-18 22:37:30.919 I/CircleCornerLayout( 3005): draw
12-18 22:37:30.919 I/CircleCornerLayout( 3005): draw
12-18 22:37:30.920 I/CircleCornerLayout( 3005): draw
12-18 22:37:30.920 I/InfinitePageController_Page:6( 3005): InfinitePageController#ChildDrawingOrderCallback- pageIndex: 	6	childCount:	2	i:	1	focusedIndex:	-1	result:	0
12-18 22:37:30.920 I/CircleCornerLayout( 3005): draw
12-18 22:37:30.920 I/CircleCornerLayout( 3005): draw
12-18 22:37:30.920 I/CircleCornerLayout( 3005): draw
12-18 22:37:30.920 I/CircleCornerLayout( 3005): draw
12-18 22:37:30.920 I/CircleCornerLayout( 3005): draw
12-18 22:37:30.920 I/CircleCornerLayout( 3005): draw
12-18 22:37:30.922 I/CircleCornerLayout( 3005): draw
12-18 22:37:30.923 I/CircleCornerLayout( 3005): draw
