12-18 22:37:14.811 E/ActivityManager( 2322):   35% 831/mmcqd/0: 0% user + 3
12-18 22:37:15.110 E/installd( 1576): value = false 
12-18 22:37:15.135 W/ContextImpl( 3333): Calling a method in the system process without a qualified user: android.app.ContextImpl.bindService:1653 android.content.ContextWrapper.bindService:517 com.android.smart.terminal.iptv.aidl.SettingsAIDL.bindAIDL:43 com.android.smart.terminal.settings.App.onCreate:42 android.app.Instrumentation.callApplicationOnCreate:1008 
12-18 22:37:15.309 I/ActivityManager( 2322): Killing 2553:com.android.systemui/u0a8 (adj -12): background ANR
12-18 22:37:15.311 W/ContextImpl( 2811): Calling a method in the system process without a qualified user: android.app.ContextImpl.stopService:1595 android.content.ContextWrapper.stopService:499 com.amt.auth.AuthManager.stopService:124 com.amt.auth.AuthenticationService$ServicAuthInterior.onAuthSuceed:160 com.amt.auth.AuthManager.onAuthSuceed:140 
12-18 22:37:15.342 W/ContextImpl( 3333): Calling a method in the system process without a qualified user: android.app.ContextImpl.bindService:1653 android.content.ContextWrapper.bindService:517 com.android.smart.terminal.iptv.aidl.IPTVServiceConnection.bindService:77 com.android.smart.terminal.iptv.aidl.IPTVServiceConnection$1.run:178 java.util.concurrent.Executors$RunnableAdapter.call:422 
12-18 22:37:15.452 I/WindowState( 2322): WIN DEATH: Window{41dfdc00 u0 StatusBar}
12-18 22:37:15.453 W/WallpaperManagerService( 2322): Wallpaper service gone: ComponentInfo{com.android.systemui/com.android.systemui.ImageWallpaper}
12-18 22:37:15.453 W/WallpaperManagerService( 2322): Reverting to built-in wallpaper!
12-18 22:37:15.564 I/WindowState( 2322): WIN DEATH: Window{42083290 u0 NavigationBar}
12-18 22:37:15.566 I/WindowState( 2322): WIN DEATH: Window{41adb790 u0 com.android.systemui.ImageWallpaper}
12-18 22:37:15.569 D/ActivityManager( 2322): cleanUpApplicationRecordLocked -- 2553
12-18 22:37:15.570 W/ActivityManager( 2322): Scheduling restart of crashed service com.android.systemui/.ImageWallpaper in 0ms
12-18 22:37:15.570 W/ActivityManager( 2322): Scheduling restart of crashed service com.android.systemui/.SystemUIService in 0ms
12-18 22:37:15.571 W/ContextImpl( 2811): Calling a method in the system process without a qualified user: android.app.ContextImpl.sendBroadcast:1232 android.content.ContextWrapper.sendBroadcast:365 com.amt.auth.AuthExternalState$1.onSuccess:39 com.amt.auth.AuthManager$2.run:148 com.amt.utils.mainthread.MainThreadSwitcher.runOnMainThreadAsync:34 
12-18 22:37:15.571 I/WindowState( 2322): WIN DEATH: Window{41c5bdb0 u0 SearchPanel}
12-18 22:37:15.573 D/ActivityManager( 2322): cleanUpApplicationRecordLocked -- restart 333
12-18 22:37:15.573 D/ActivityManager( 2322): cleanUpApplicationRecordLocked -- restart =true
12-18 22:37:15.573 D/ActivityManager( 2322): cleanUpApplicationRecordLocked -- restart 444
12-18 22:37:15.582 I/ActivityManager( 2322): Start proc com.android.systemui for restart com.android.systemui: pid=3423 uid=10008 gids={50008, 1028, 1015, 1035, 3002, 3001}
12-18 22:37:15.588 W/BroadcastQueue( 2322): Failure sending broadcast Intent { act=android.media.RINGER_MODE_CHANGED flg=0x24000010 (has extras) }
12-18 22:37:15.588 W/BroadcastQueue( 2322): android.os.DeadObjectException
12-18 22:37:15.588 W/BroadcastQueue( 2322): 	at android.os.BinderProxy.transact(Native Method)
12-18 22:37:15.588 W/BroadcastQueue( 2322): 	at android.content.IIntentReceiver$Stub$Proxy.performReceive(IIntentReceiver.java:124)
12-18 22:37:15.588 W/BroadcastQueue( 2322): 	at com.android.server.am.BroadcastQueue.performReceiveLocked(BroadcastQueue.java:523)
12-18 22:37:15.588 W/BroadcastQueue( 2322): 	at com.android.server.am.BroadcastQueue.deliverToRegisteredReceiverLocked(BroadcastQueue.java:606)
12-18 22:37:15.588 W/BroadcastQueue( 2322): 	at com.android.server.am.BroadcastQueue.processNextBroadcast(BroadcastQueue.java:654)
12-18 22:37:15.588 W/BroadcastQueue( 2322): 	at com.android.server.am.BroadcastQueue$1.handleMessage(BroadcastQueue.java:146)
12-18 22:37:15.588 W/BroadcastQueue( 2322): 	at android.os.Handler.dispatchMessage(Handler.java:102)
12-18 22:37:15.588 W/BroadcastQueue( 2322): 	at android.os.Looper.loop(Looper.java:136)
12-18 22:37:15.588 W/BroadcastQueue( 2322): 	at com.android.server.am.ActivityManagerService$AThread.run(ActivityManagerService.java:2162)
12-18 22:37:15.596 W/ContextImpl( 2811): Calling a method in the system process without a qualified user: android.app.ContextImpl.startService:1589 android.content.ContextWrapper.startService:494 com.amt.utils.IptvResidentService.startSerivce:75 com.amt.auth.AuthExternalState$1.onSuccess:42 com.amt.auth.AuthManager$2.run:148 
12-18 22:37:15.673 I/ActivityManager( 2322): START u0 {act=android.intent.action.MAIN cmp=cn.gd.snm.snmcm/.LauncherActivity} from pid 2811
12-18 22:37:15.677 I/UsageStats( 2322): No package stats for pkg:com.android.smart.terminal.iptv
12-18 22:37:15.709 W/ContextImpl( 2811): Calling a method in the system process without a qualified user: android.app.ContextImpl.sendBroadcast:1232 android.content.ContextWrapper.sendBroadcast:365 android.app.ActivityThread.performPauseActivity:3076 android.app.ActivityThread.performPauseActivity:3034 android.app.ActivityThread.handlePauseActivity:3012 
12-18 22:37:16.244 W/ContextImpl( 2770): Calling a method in the system process without a qualified user: android.app.ContextImpl.startService:1589 android.content.ContextWrapper.startService:494 com.iflytek.xiri.system.ControlService$6.run:369 java.util.concurrent.Executors$RunnableAdapter.call:422 java.util.concurrent.FutureTask.runAndReset:279 
12-18 22:37:16.270 W/ContextImpl( 2727): Calling a method in the system process without a qualified user: android.app.ContextImpl.startService:1589 android.content.ContextWrapper.startService:494 android.content.ContextWrapper.startService:494 com.hisilicon.android.hiRMService.HiRMBroadcastReceiver.onReceive:22 android.app.ActivityThread.handleReceiver:2426 
12-18 22:37:16.277 W/ContextImpl( 2727): Calling a method in the system process without a qualified user: android.app.ContextImpl.startService:1589 android.content.ContextWrapper.startService:494 android.content.ContextWrapper.startService:494 com.hisilicon.android.hiRMService.HiRMBroadcastReceiver.onReceive:27 android.app.ActivityThread.handleReceiver:2426 
12-18 22:37:16.319 W/ContextImpl( 2898): Calling a method in the system process without a qualified user: android.app.ContextImpl.startService:1589 android.content.ContextWrapper.startService:494 android.content.ContextWrapper.startService:494 com.ysten.systemupdate.receiver.StartCheckReceiver.onReceive:24 android.app.ActivityThread.handleReceiver:2426 
12-18 22:37:16.352 E/HiSysManagerService( 1583): checkPermission is true.
12-18 22:37:16.352 E/HiSysManagerService( 1583): checkPermission is true.
12-18 22:37:16.353 V/        ( 2727): set lotID=4311859020E9E32452B190D6AC0F3D25
12-18 22:37:16.353 E/HiSysManagerService( 1583): checkPermission is true.
12-18 22:37:16.353 E/HiSysManagerService( 1583): checkPermission is true.
12-18 22:37:16.353 E/HiSysManagerService( 1583): checkPermission is true.
12-18 22:37:16.357 W/ContextImpl( 2755): Calling a method in the system process without a qualified user: android.app.ContextImpl.startService:1589 android.content.ContextWrapper.startService:494 android.content.ContextWrapper.startService:494 com.android.sj.BootReceiver.onReceive:27 android.app.ActivityThread.handleReceiver:2426 
12-18 22:37:16.369 W/ActivityThread( 2727): ClassLoader.loadClass: The class loader returned by Thread.getContextClassLoader() may fail for processes that host multiple applications. You should explicitly specify a context class loader. For example: Thread.setContextClassLoader(getClass().getClassLoader());
12-18 22:37:16.388 W/ContextImpl( 2794): Calling a method in the system process without a qualified user: android.app.ContextImpl.startService:1589 android.content.ContextWrapper.startService:494 android.content.ContextWrapper.startService:494 com.android.sj.BootReceiver.onReceive:20 android.app.ActivityThread.handleReceiver:2426 
12-18 22:37:16.404 I/StatusBarManagerService( 2322): registerStatusBar bar=com.android.internal.statusbar.IStatusBar$Stub$Proxy@41f24d00
12-18 22:37:16.650 I/ActivityManager( 2322): Start proc com.android.bluetooth for service com.android.bluetooth/.btservice.AdapterService: pid=3525 uid=1002 gids={41002, 3003, 3002, 3001, 1028, 1015, 3005, 1016, 3008}
12-18 22:37:16.670 W/ContextImpl( 2322): Calling a method in the system process without a qualified user: android.app.ContextImpl.bindService:1653 android.bluetooth.BluetoothHeadset.doBind:283 android.bluetooth.BluetoothHeadset.<init>:276 android.bluetooth.BluetoothAdapter.getProfileProxy:1181 android.media.AudioService.getBluetoothHeadset:2439 
12-18 22:37:16.689 W/ContextImpl( 2322): Calling a method in the system process without a qualified user: android.app.ContextImpl.bindService:1653 android.bluetooth.BluetoothA2dp.doBind:165 android.bluetooth.BluetoothA2dp.<init>:158 android.bluetooth.BluetoothAdapter.getProfileProxy:1184 android.media.AudioService$AudioServiceBroadcastReceiver.onReceive:4395 
12-18 22:37:16.690 E/installd( 1576): value = false 
12-18 22:37:16.807 W/NativeCrashListener( 2322): Couldn't find ProcessRecord for pid 3549
12-18 22:37:16.830 W/NativeCrashListener( 2322): Couldn't find ProcessRecord for pid 3541
12-18 22:37:16.992 E/installd( 1576): value = false 
12-18 22:37:17.011 V/WiredAccessoryManager( 2322): init()
12-18 22:37:17.012 V/WiredAccessoryManager( 2322): newName=hdmi newState=16 headsetState=16 prev headsetState=0
12-18 22:37:17.022 V/WiredAccessoryManager( 2322): device hdmi connected
12-18 22:37:17.109 I/BootReceiver( 2322): Copying audit failures to DropBox
12-18 22:37:17.109 I/BootReceiver( 2322): Checking for fsck errors
12-18 22:37:17.119 I/BootReceiver( 2322): Copying /data/tombstones/tombstone_00 to DropBox (SYSTEM_TOMBSTONE)
12-18 22:37:17.134 I/BootReceiver( 2322): Copying /data/tombstones/tombstone_01 to DropBox (SYSTEM_TOMBSTONE)
12-18 22:37:17.154 I/ActivityManager( 2322): Delay finish: com.android.providers.downloads/.DownloadReceiver
12-18 22:37:17.159 W/ActivityManager( 2322): Unable to start service Intent { cmp=com.android.hiBTAutopair/.BluetoothService } U=0: not found
12-18 22:37:17.164 I/ActivityManager( 2322): Resuming delayed broadcast
12-18 22:37:17.307 W/ContextImpl( 2770): Calling a method in the system process without a qualified user: android.app.ContextImpl.startService:1589 android.content.ContextWrapper.startService:494 com.iflytek.xiri.system.ControlService$6.run:369 java.util.concurrent.Executors$RunnableAdapter.call:422 java.util.concurrent.FutureTask.runAndReset:279 
12-18 22:37:17.397 E/ActivityThread( 3423): Failed to find provider info for com.android.contacts
12-18 22:37:17.476 I/ActivityManager( 2322): Start proc net.sunniwell.inputmethod.swpinyin2 for service net.sunniwell.inputmethod.swpinyin2/.SWIME: pid=3608 uid=1000 gids={41000, 1028, 1015, 3002, 3001, 3003, 1007, 2001, 1023}
12-18 22:37:17.477 V/InputMethodManagerService( 2322): Adding window token: android.os.Binder@41c52300
12-18 22:37:17.526 E/installd( 1576): value = false 
12-18 22:37:17.851 E/installd( 1576): value = false 
12-18 22:37:17.872 W/ContextImpl( 3156): Calling a method in the system process without a qualified user: android.app.ContextImpl.startService:1589 android.content.ContextWrapper.startService:494 android.content.ContextWrapper.startService:494 com.ysten.upgrade.BootReceiver.onReceive:15 android.app.ActivityThread.handleReceiver:2426 
12-18 22:37:17.880 D/MountService( 2322): [ getUserLabelByPath ]retStr = null
12-18 22:37:17.918 W/BackupManagerService( 2322): dataChanged but no participant pkg='com.android.providers.settings' uid=10002
12-18 22:37:18.004 W/ContextImpl( 2822): Calling a method in the system process without a qualified user: android.app.ContextImpl.startService:1589 android.content.ContextWrapper.startService:494 android.content.ContextWrapper.startService:494 com.ysten.autolog.receiver.MediaMountReceiver.onReceive:31 android.app.ActivityThread.handleReceiver:2426 
12-18 22:37:18.017 W/ContextImpl( 3264): Calling a method in the system process without a qualified user: android.app.ContextImpl.startService:1589 android.content.ContextWrapper.startService:494 android.content.ContextWrapper.startService:494 net.sunniwell.service.swupgrade.usb.UpgradeReceiver.onReceive:71 android.app.ActivityThread.handleReceiver:2426 
12-18 22:37:18.018 E/AndroidRuntime( 3257): FATAL EXCEPTION: main
12-18 22:37:18.018 E/AndroidRuntime( 3257): Process: com.ysten.autolog:remote, PID: 3257
12-18 22:37:18.018 E/AndroidRuntime( 3257): java.lang.RuntimeException: Unable to start service com.ysten.autolog.service.RemoteViewService@41af0a88 with Intent { cmp=com.ysten.autolog/.service.RemoteViewService (has extras) }: java.lang.IllegalArgumentException: View=android.widget.LinearLayout{41af33e8 V.E..... ......I. 0,0-260,264} not attached to window manager
12-18 22:37:18.018 E/AndroidRuntime( 3257): 	at android.app.ActivityThread.handleServiceArgs(ActivityThread.java:2726)
12-18 22:37:18.018 E/AndroidRuntime( 3257): 	at android.app.ActivityThread.access$2100(ActivityThread.java:136)
12-18 22:37:18.018 E/AndroidRuntime( 3257): 	at android.app.ActivityThread$H.handleMessage(ActivityThread.java:1294)
12-18 22:37:18.018 E/AndroidRuntime( 3257): 	at android.os.Handler.dispatchMessage(Handler.java:102)
12-18 22:37:18.018 E/AndroidRuntime( 3257): 	at android.os.Looper.loop(Looper.java:136)
12-18 22:37:18.018 E/AndroidRuntime( 3257): 	at android.app.ActivityThread.main(ActivityThread.java:5068)
12-18 22:37:18.018 E/AndroidRuntime( 3257): 	at java.lang.reflect.Method.invokeNative(Native Method)
12-18 22:37:18.018 E/AndroidRuntime( 3257): 	at java.lang.reflect.Method.invoke(Method.java:515)
12-18 22:37:18.018 E/AndroidRuntime( 3257): 	at com.android.internal.os.ZygoteInit$MethodAndArgsCaller.run(ZygoteInit.java:1122)
12-18 22:37:18.018 E/AndroidRuntime( 3257): 	at com.android.internal.os.ZygoteInit.main(ZygoteInit.java:890)
12-18 22:37:18.018 E/AndroidRuntime( 3257): 	at dalvik.system.NativeStart.main(Native Method)
12-18 22:37:18.018 E/AndroidRuntime( 3257): Caused by: java.lang.IllegalArgumentException: View=android.widget.LinearLayout{41af33e8 V.E..... ......I. 0,0-260,264} not attached to window manager
12-18 22:37:18.018 E/AndroidRuntime( 3257): 	at android.view.WindowManagerGlobal.findViewLocked(WindowManagerGlobal.java:376)
12-18 22:37:18.018 E/AndroidRuntime( 3257): 	at android.view.WindowManagerGlobal.removeView(WindowManagerGlobal.java:305)
12-18 22:37:18.018 E/AndroidRuntime( 3257): 	at android.view.WindowManagerImpl.removeView(WindowManagerImpl.java:79)
12-18 22:37:18.018 E/AndroidRuntime( 3257): 	at com.ysten.autolog.service.RemoteViewService.hideRemoteView(RemoteViewService.java:232)
12-18 22:37:18.018 E/AndroidRuntime( 3257): 	at com.ysten.autolog.service.RemoteViewService.refreshView(RemoteViewService.java:286)
12-18 22:37:18.018 E/AndroidRuntime( 3257): 	at com.ysten.autolog.service.RemoteViewService.onStartCommand(RemoteViewService.java:259)
12-18 22:37:18.018 E/AndroidRuntime( 3257): 	at android.app.ActivityThread.handleServiceArgs(ActivityThread.java:2709)
12-18 22:37:18.018 E/AndroidRuntime( 3257): 	... 10 more
12-18 22:37:18.072 I/ActivityManager( 2322): Process com.ysten.autolog:remote (pid 3257) has died.
12-18 22:37:18.072 D/ActivityManager( 2322): cleanUpApplicationRecordLocked -- 3257
12-18 22:37:18.072 D/ActivityManager( 2322): cleanUpApplicationRecordLocked -- restart =false
12-18 22:37:18.083 W/BackupManagerService( 2322): dataChanged but no participant pkg='com.android.providers.settings' uid=10002
12-18 22:37:18.139 W/ContextImpl( 2742): Calling a method in the system process without a qualified user: android.app.ContextImpl.startService:1589 android.content.ContextWrapper.startService:494 android.content.ContextWrapper.startService:494 com.ysten.dm.BootReceiver.onReceive:12 android.app.ActivityThread.handleReceiver:2426 
12-18 22:37:18.185 I/ActivityManager( 2322): Start proc com.iflytek.bt.auto for broadcast com.iflytek.bt.auto/.BootStartReceiver: pid=3646 uid=10011 gids={50011, 3002, 3001}
12-18 22:37:18.238 E/installd( 1576): value = false 
12-18 22:37:18.368 W/BackupManagerService( 2322): dataChanged but no participant pkg='com.android.providers.settings' uid=10002
12-18 22:37:18.624 E/installd( 1576): value = false 
12-18 22:37:18.642 W/ActivityManager( 2322): Unable to start service Intent { act=com.thirdparty.dataaccess.IErrorReporter pkg=com.thirdparty.dataaccess } U=0: not found
12-18 22:37:18.661 W/ContextImpl( 2770): Calling a method in the system process without a qualified user: android.app.ContextImpl.startService:1589 android.content.ContextWrapper.startService:494 com.iflytek.xiri.system.ControlService$6.run:369 java.util.concurrent.Executors$RunnableAdapter.call:422 java.util.concurrent.FutureTask.runAndReset:279 
12-18 22:37:18.677 I/ActivityManager( 2322): Delay finish: com.iflytek.bt.auto/.BootStartReceiver
12-18 22:37:18.682 D/MountService( 2322): [ getUserLabelByPath ]retStr = null
12-18 22:37:18.687 D/MountService( 2322): [ getUserLabelByPath ]retStr = null
12-18 22:37:18.688 D/MountService( 2322): [ getUserLabelByPath ]retStr = null
12-18 22:37:18.688 D/MountService( 2322): [ getUserLabelByPath ]retStr = null
12-18 22:37:18.689 D/MountService( 2322): [ getUserLabelByPath ]retStr = null
12-18 22:37:18.692 I/ActivityManager( 2322): Start proc com.hooray.sdk.service for service cn.gd.snm.snmcm/com.hooray.sdk.service.HooSDKService: pid=3669 uid=10030 gids={50030, 3003, 1028, 1015}
12-18 22:37:18.698 D/MountService( 2322): [ getUserLabelByPath ]retStr = null
12-18 22:37:18.706 D/MountService( 2322): [ getUserLabelByPath ]retStr = null
12-18 22:37:18.706 D/MountService( 2322): [ getUserLabelByPath ]retStr = null
12-18 22:37:18.708 D/MountService( 2322): [ getUserLabelByPath ]retStr = null
12-18 22:37:19.002 E/PackageParser( 3669): Package com.hooray.push has no certificates at entry AndroidManifest.xml; ignoring!
12-18 22:37:19.214 W/ContextImpl( 2770): Calling a method in the system process without a qualified user: android.app.ContextImpl.startService:1589 android.content.ContextWrapper.startService:494 com.iflytek.xiri.system.ControlService$6.run:369 java.util.concurrent.Executors$RunnableAdapter.call:422 java.util.concurrent.FutureTask.runAndReset:279 
12-18 22:37:20.214 W/ContextImpl( 2770): Calling a method in the system process without a qualified user: android.app.ContextImpl.startService:1589 android.content.ContextWrapper.startService:494 com.iflytek.xiri.system.ControlService$6.run:369 java.util.concurrent.Executors$RunnableAdapter.call:422 java.util.concurrent.FutureTask.runAndReset:279 
12-18 22:37:21.213 W/ContextImpl( 2770): Calling a method in the system process without a qualified user: android.app.ContextImpl.startService:1589 android.content.ContextWrapper.startService:494 com.iflytek.xiri.system.ControlService$6.run:369 java.util.concurrent.Executors$RunnableAdapter.call:422 java.util.concurrent.FutureTask.runAndReset:279 
--------- beginning of /dev/log/main
12-18 22:37:21.359 D/dalvikvm( 3005): VFY: replacing opcode 0x6f at 0x0004
12-18 22:37:21.361 I/dalvikvm( 3005): Could not find method android.widget.TextView.getAutoSizeTextAvailableSizes, referenced from method android.support.v7.widget.AppCompatTextView.getAutoSizeTextAvailableSizes
12-18 22:37:21.361 W/dalvikvm( 3005): VFY: unable to resolve virtual method 22182: Landroid/widget/TextView;.getAutoSizeTextAvailableSizes ()[I
12-18 22:37:21.361 D/dalvikvm( 3005): VFY: replacing opcode 0x6f at 0x0004
12-18 22:37:21.361 I/dalvikvm( 3005): Could not find method android.widget.TextView.getAutoSizeTextType, referenced from method android.support.v7.widget.AppCompatTextView.getAutoSizeTextType
12-18 22:37:21.361 W/dalvikvm( 3005): VFY: unable to resolve virtual method 22183: Landroid/widget/TextView;.getAutoSizeTextType ()I
12-18 22:37:21.361 D/dalvikvm( 3005): VFY: replacing opcode 0x6f at 0x0005
12-18 22:37:21.362 I/dalvikvm( 3005): Could not find method android.widget.TextView.setAutoSizeTextTypeUniformWithConfiguration, referenced from method android.support.v7.widget.AppCompatTextView.setAutoSizeTextTypeUniformWithConfiguration
12-18 22:37:21.362 W/dalvikvm( 3005): VFY: unable to resolve virtual method 22256: Landroid/widget/TextView;.setAutoSizeTextTypeUniformWithConfiguration (IIII)V
12-18 22:37:21.362 D/dalvikvm( 3005): VFY: replacing opcode 0x6f at 0x0004
12-18 22:37:21.362 I/dalvikvm( 3005): Could not find method android.widget.TextView.setAutoSizeTextTypeUniformWithPresetSizes, referenced from method android.support.v7.widget.AppCompatTextView.setAutoSizeTextTypeUniformWithPresetSizes
12-18 22:37:21.362 W/dalvikvm( 3005): VFY: unable to resolve virtual method 22257: Landroid/widget/TextView;.setAutoSizeTextTypeUniformWithPresetSizes ([II)V
12-18 22:37:21.362 D/dalvikvm( 3005): VFY: replacing opcode 0x6f at 0x0004
12-18 22:37:21.362 I/dalvikvm( 3005): Could not find method android.widget.TextView.setAutoSizeTextTypeWithDefaults, referenced from method android.support.v7.widget.AppCompatTextView.setAutoSizeTextTypeWithDefaults
12-18 22:37:21.362 W/dalvikvm( 3005): VFY: unable to resolve virtual method 22258: Landroid/widget/TextView;.setAutoSizeTextTypeWithDefaults (I)V
12-18 22:37:21.362 D/dalvikvm( 3005): VFY: replacing opcode 0x6f at 0x0004
12-18 22:37:21.364 I/dalvikvm( 3005): Could not find method android.content.res.Resources.getDrawable, referenced from method android.support.v7.widget.ResourcesWrapper.getDrawable
12-18 22:37:21.364 W/dalvikvm( 3005): VFY: unable to resolve virtual method 1081: Landroid/content/res/Resources;.getDrawable (ILandroid/content/res/Resources$Theme;)Landroid/graphics/drawable/Drawable;
12-18 22:37:21.364 D/dalvikvm( 3005): VFY: replacing opcode 0x6e at 0x0002
12-18 22:37:21.364 I/dalvikvm( 3005): Could not find method android.content.res.Resources.getDrawableForDensity, referenced from method android.support.v7.widget.ResourcesWrapper.getDrawableForDensity
12-18 22:37:21.364 W/dalvikvm( 3005): VFY: unable to resolve virtual method 1083: Landroid/content/res/Resources;.getDrawableForDensity (IILandroid/content/res/Resources$Theme;)Landroid/graphics/drawable/Drawable;
12-18 22:37:21.364 D/dalvikvm( 3005): VFY: replacing opcode 0x6e at 0x0002
12-18 22:37:21.370 I/dalvikvm( 3005): Could not find method android.content.res.TypedArray.getChangingConfigurations, referenced from method android.support.v7.widget.TintTypedArray.getChangingConfigurations
12-18 22:37:21.370 W/dalvikvm( 3005): VFY: unable to resolve virtual method 1118: Landroid/content/res/TypedArray;.getChangingConfigurations ()I
12-18 22:37:21.370 D/dalvikvm( 3005): VFY: replacing opcode 0x6e at 0x0002
12-18 22:37:21.371 I/dalvikvm( 3005): Could not find method android.content.res.TypedArray.getType, referenced from method android.support.v7.widget.TintTypedArray.getType
12-18 22:37:21.371 W/dalvikvm( 3005): VFY: unable to resolve virtual method 1140: Landroid/content/res/TypedArray;.getType (I)I
12-18 22:37:21.371 D/dalvikvm( 3005): VFY: replacing opcode 0x6e at 0x0008
12-18 22:37:21.372 I/System.out( 3669): D Tag:HotFixHandel msg:-----upgradeUrl==http://183.235.11.107:9090/
12-18 22:37:21.372 I/System.out( 3669): D Tag:HotFixHandel msg:-----upgradeUrl==http://183.235.11.107:9090/
12-18 22:37:21.373 I/System.out( 3669): D Tag:HotFixHandel msg:checkUpdates - arguments= {cid=ydtest5, version=2.52}
12-18 22:37:21.374 I/dalvikvm( 3005): Could not find method android.widget.TextView.getAutoSizeStepGranularity, referenced from method android.support.v7.widget.AppCompatTextHelper.loadFromAttributes
12-18 22:37:21.374 W/dalvikvm( 3005): VFY: unable to resolve virtual method 22181: Landroid/widget/TextView;.getAutoSizeStepGranularity ()I
12-18 22:37:21.374 D/dalvikvm( 3005): VFY: replacing opcode 0x6e at 0x0166
12-18 22:37:21.377 I/dalvikvm( 3005): Could not find method android.text.StaticLayout$Builder.obtain, referenced from method android.support.v7.widget.AppCompatTextViewAutoSizeHelper.createStaticLayoutForMeasuring
12-18 22:37:21.377 W/dalvikvm( 3005): VFY: unable to resolve static method 19378: Landroid/text/StaticLayout$Builder;.obtain (Ljava/lang/CharSequence;IILandroid/text/TextPaint;I)Landroid/text/StaticLayout$Builder;
12-18 22:37:21.377 D/dalvikvm( 3005): VFY: replacing opcode 0x71 at 0x0013
12-18 22:37:21.381 I/dalvikvm( 3005): Could not find method android.content.Context.getColorStateList, referenced from method android.support.v7.content.res.AppCompatResources.getColorStateList
12-18 22:37:21.381 W/dalvikvm( 3005): VFY: unable to resolve virtual method 830: Landroid/content/Context;.getColorStateList (I)Landroid/content/res/ColorStateList;
12-18 22:37:21.381 D/dalvikvm( 3005): VFY: replacing opcode 0x6e at 0x0006
12-18 22:37:21.382 I/System.out( 3669): D Tag:LogHandel msg:====onReceive==>com.hooray.action.loghandel.auth_success
12-18 22:37:21.385 D/pcapcmcc4( 3051): send_tcp_data_to_server_new: 2
12-18 22:37:21.385 D/pcapcmcc4( 3051): --- Send session --- Addr(1, 100.96.241.176 ~ 183.235.11.107) 
12-18 22:37:21.385 D/pcapcmcc4( 3051):  	 HTTPDATA:100.96.241.176#54832#183.235.11.107#9090#52989#52989#52989#53006#52989#53006#53006#583#2#0#1200#1266#1#0#183.235.11.107:9090#/oauth/oauth2/authToken#200#3#0#0#2#33216#31744#30272#0#0#0#
12-18 22:37:21.385 D/pcapcmcc4( 3051): 
12-18 22:37:21.385 D/pcapcmcc4( 3051): reset pkg_num!
12-18 22:37:21.389 I/System.out( 3669): D Tag:LogHandel msg:msgLogServer:http://183.235.11.103:9000/
12-18 22:37:21.389 I/System.out( 3669): D Tag:LogHandel msg:pageLogServer:http://183.235.11.107:9090/
12-18 22:37:21.389 I/System.out( 3669): D Tag:LogHandel msg:SDKlogserver:http://183.235.11.126:9090/SDKlogserver
12-18 22:37:21.389 I/System.out( 3669): D Tag:LogHandel msg:-------swatchEpgScene--2------
12-18 22:37:21.389 I/System.out( 3669): D Tag:LogHandel msg:-------swatchEpgScene--3------
12-18 22:37:21.389 I/System.out( 3669): D Tag:HooReport msg:action = com.hooray.data.epglog
12-18 22:37:21.390 I/System.out( 3669): D Tag:HooReport msg:PageViewEpg = 
12-18 22:37:21.390 I/System.out( 3669): V1.1|20201218223721|2.52|ydtest5|ydtest5|24400|null|null|null|null
12-18 22:37:21.391 I/System.out( 3669): D Tag:HooReport msg:sendLog
12-18 22:37:21.391 I/System.out( 3669): D Tag:HooReport msg:sendLog
12-18 22:37:21.391 I/System.out( 3669): D Tag:LogHandel msg:-------checkSendLog--------
12-18 22:37:21.391 I/System.out( 3669): D Tag:CardHandle msg:onRceive=========
12-18 22:37:21.391 I/System.out( 3669): D Tag:PushHandle msg:===onReceive==com.push.pushhandle.auth_success
12-18 22:37:21.391 I/System.out( 3669): D Tag:PushHandle msg:start
12-18 22:37:21.392 I/System.out( 3669): D Tag:HRPush msg:initPush = cn.gd.snm.snmcm.OTTApplication@41af7b60
12-18 22:37:21.392 I/System.out( 3669): D Tag:PushHandle msg:bean.authData.allocServer:null
12-18 22:37:21.392 I/System.out( 3669): D Tag:PushHandle msg:bean.authData.serverHost:MTgzLjIzNS4xMS4xMjA6MTMwMDAsMTgzLjIzNS4xMS4xMjE6MTMwMDAsMTgzLjIzNS4xMS4xMjI6MTMwMDAsMTgzLjIzNS4xMS4xMjM6MTMwMDAsMTgzLjIzNS4xMS4xMjQ6MTMwMDAsMTgzLjIzNS4xMS4xMjU6MTMwMDAsMTgzLjIzNS4xMS44NjoxMzAwMCwxODMuMjM1LjExLjg3OjEzMDAwLDE4My4yMzUuMTEuODg6MTMwMDAsMTgzLjIzNS4xMS44OToxMzAwMCwxODMuMjM1LjExLjkwOjEzMDAwLDE4My4yMzUuMTEuOTE6MTMwMDAsMTgzLjIzNS4xMS45MjoxMzAwMCwxODMuMjM1LjExLjkzOjEzMDAw
12-18 22:37:21.394 I/System.out( 3669): D Tag:HooReport msg:====requrl==http://183.235.11.107:9090/report/bind/page_view_epg?log=V1.1%7C20201218223721%7C2.52%7Cydtest5%7Cydtest5%7C24400%7Cnull%7Cnull%7Cnull%7Cnull
12-18 22:37:21.400 I/System.out( 3669): D Tag:PushHandle msg:bean.authData.serverHost:183.235.11.120:13000,183.235.11.121:13000,183.235.11.122:13000,183.235.11.123:13000,183.235.11.124:13000,183.235.11.125:13000,183.235.11.86:13000,183.235.11.87:13000,183.235.11.88:13000,183.235.11.89:13000,183.235.11.90:13000,183.235.11.91:13000,183.235.11.92:13000,183.235.11.93:13000
12-18 22:37:21.400 I/System.out( 3669): D Tag:PushHandle msg:serverHosts length:14
12-18 22:37:21.400 I/System.out( 3669): D Tag:PushHandle msg:serverHosts:[183.235.11.120:13000, 183.235.11.121:13000, 183.235.11.122:13000, 183.235.11.123:13000, 183.235.11.124:13000, 183.235.11.125:13000, 183.235.11.86:13000, 183.235.11.87:13000, 183.235.11.88:13000, 183.235.11.89:13000, 183.235.11.90:13000, 183.235.11.91:13000, 183.235.11.92:13000, 183.235.11.93:13000]
12-18 22:37:21.401 I/System.out( 3669): D Tag:PushHandle msg:Random:2
12-18 22:37:21.401 I/System.out( 3669): D Tag:PushHandle msg:tcpAddressIndex:2
12-18 22:37:21.401 I/System.out( 3669): D Tag:PushHandle msg:serverAddress:183.235.11.122:13000
12-18 22:37:21.401 I/System.out( 3669): D Tag:PushHandle msg:allocServer:null
12-18 22:37:21.401 I/System.out( 3669): D Tag:PushHandle msg:deviceId:ydtest5
12-18 22:37:21.401 I/System.out( 3669): D Tag:PushHandle msg:cid:ydtest5
12-18 22:37:21.401 I/System.out( 3669): D Tag:PushHandle msg:tcpServerHost:183.235.11.122
12-18 22:37:21.401 I/System.out( 3669): D Tag:PushHandle msg:tcpServerPost:13000
12-18 22:37:21.402 D/pcapcmcc4( 3051): add_tcp_node_to_list_new:48156 
12-18 22:37:21.402 D/pcapcmcc4( 3051): reset pkg_num!
12-18 22:37:21.410 D/pcapcmcc4( 3051): add_tcp_node_to_list_new:53588 
12-18 22:37:21.410 D/pcapcmcc4( 3051): reset pkg_num!
12-18 22:37:21.410 I/System.out( 3669): D Tag:HRPush msg:client == 1 
12-18 22:37:21.410 I/System.out( 3669): D Tag:HRPush msg:client == 2
12-18 22:37:21.410 I/System.out( 3669): D Tag:HRPush msg:client == 3
12-18 22:37:21.434 D/dalvikvm( 3669): GC_CONCURRENT freed 952K, 22% free 3583K/4580K, paused 2ms+2ms, total 28ms
12-18 22:37:21.434 D/dalvikvm( 3669): WAIT_FOR_CONCURRENT_GC blocked 19ms
12-18 22:37:21.436 D/dalvikvm( 3669): WAIT_FOR_CONCURRENT_GC blocked 23ms
12-18 22:37:21.436 E/AdvertisementManager( 3005): handleHttpAdvertisementResult adlist is null or empty
12-18 22:37:21.448 I/ActivityManager( 2322): Start proc com.android.defcontainer for service com.android.defcontainer/.DefaultContainerService: pid=3737 uid=10004 gids={50004, 1028, 1015, 1023, 2001, 1035}
12-18 22:37:21.452 I/System.out( 3669): W Tag:HRPush msg:warn:do start client ...
12-18 22:37:21.452 I/System.out( 3669): D Tag:HRPush msg:client == 4
12-18 22:37:21.452 I/System.out( 3669): D Tag:HRPush msg:client  == 5 
12-18 22:37:21.453 I/System.out( 3669): D Tag:InteractionHandle msg:actionLoginServer-http://183.235.11.103:9000/
12-18 22:37:21.453 I/System.out( 3669): D Tag:InteractionHandle msg:actionLoginServer-{virtual=1, operatorCode=24400, cid=ydtest5, STBType=, deviceId=ydtest5}
12-18 22:37:21.453 I/System.out( 3669): W Tag:HRPush msg:warn:try connect server [183.235.11.122:13000]
12-18 22:37:21.456 E/Environment( 3737): canonicalPath = /mnt/sdcard
12-18 22:37:21.459 I/System.out( 3669): D Tag:HotFixHandel msg:---1--UpgradeBean==com.hooray.hotfix.model.UpgradeBean@419f89d8
12-18 22:37:21.459 I/System.out( 3669): D Tag:HotFixHandel msg:-2----UpgradeBean==com.hooray.hotfix.model.UpgradeBean$Data@41bf64f8
12-18 22:37:21.459 I/System.out( 3669): D Tag:HotFixHandel msg:-3----UpgradeBean==null
12-18 22:37:21.459 I/System.out( 3669): D Tag:HotFixHandel msg:-3----UpgradeBean==0
12-18 22:37:21.460 I/PackageManager( 2322): Running dexopt on: com.android.defcontainer
12-18 22:37:21.460 D/pcapcmcc4( 3051): add_tcp_node_to_list_new:51306 
12-18 22:37:21.460 D/pcapcmcc4( 3051): reset pkg_num!
12-18 22:37:21.460 E/installd( 1576): value = false 
12-18 22:37:21.461 I/System.out( 3669): D Tag:HooReport msg:HttpURLConnection requrl=http://183.235.11.107:9090/report/bind/page_view_epg?log=V1.1%7C20201218223721%7C2.52%7Cydtest5%7Cydtest5%7C24400%7Cnull%7Cnull%7Cnull%7Cnullcode==200
12-18 22:37:21.478 I/System.out( 3669): D Tag:InteractionHandle msg:actionLoginServer====success==1=
12-18 22:37:21.478 I/System.out( 3669): D Tag:InteractionHandle msg:actionLoginServer====success=2=={"body":{"userId":12356444,"cid":"ydtest5","operatorCode":"24400","deviceId":"ydtest5","groupCode":null,"virtual":null,"status":null,"protocolStatus":null,"liveMessageFlag":null,"alineFlag":null,"toRealuserTime":null,"registerDate":null,"lastLoginTime":1608302241476,"updateTime":null,"remark":null,"extend":null,"ownerType":null},"header":{"rc":"0","rm":"成功"}}
12-18 22:37:21.478 I/System.out( 3669): D Tag:InteractionHandle msg:actionLoginServer====success==3=
12-18 22:37:21.483 D/dalvikvm( 3751): Unable to stat classpath element '/system/framework/telephony-common.jar'
12-18 22:37:21.484 D/dalvikvm( 3751): Unable to stat classpath element '/system/framework/mms-common.jar'
12-18 22:37:21.493 D/AMTIPTV ( 2811): AmtDataService > getString>MAC:58:b4:2d:d8:b2:6c, extData : 
12-18 22:37:21.493 D/AMTData ( 2783): AmtIDataService_AMTDATA > getString>MAC:58:b4:2d:d8:b2:6c, extData : 
12-18 22:37:21.500 D/dalvikvm( 3751): DexOpt: load 4ms, verify+opt 7ms, 201844 bytes
12-18 22:37:21.509 E/installd( 1576): value = false 
12-18 22:37:21.529 E/installd( 1576): value = false 
12-18 22:37:21.530 E/Environment( 2322): canonicalPath = /mnt/sdcard
12-18 22:37:21.530 E/installd( 1576): value = false 
12-18 22:37:21.535 E/installd( 1576): value = false 
12-18 22:37:21.536 E/installd( 1576): value = false 
12-18 22:37:21.540 D/dalvikvm( 3669): GC_CONCURRENT freed 534K, 13% free 4067K/4652K, paused 2ms+2ms, total 27ms
12-18 22:37:21.540 D/dalvikvm( 3669): WAIT_FOR_CONCURRENT_GC blocked 14ms
12-18 22:37:21.540 E/Environment( 2322): canonicalPath = /mnt/sdcard
12-18 22:37:21.540 I/LauncherActivity( 3005): PrintLog:	BootAdvertisementAsyncTask finish
12-18 22:37:21.545 I/dalvikvm( 3005): Could not find method android.provider.Settings.canDrawOverlays, referenced from method cn.gd.snm.startupimage.d.f
12-18 22:37:21.545 W/dalvikvm( 3005): VFY: unable to resolve static method 2326: Landroid/provider/Settings;.canDrawOverlays (Landroid/content/Context;)Z
12-18 22:37:21.545 D/dalvikvm( 3005): VFY: replacing opcode 0x71 at 0x000d
12-18 22:37:21.545 I/dalvikvm( 3005): Could not find method android.provider.Settings.canDrawOverlays, referenced from method cn.gd.snm.startupimage.d.b
12-18 22:37:21.545 W/dalvikvm( 3005): VFY: unable to resolve static method 2326: Landroid/provider/Settings;.canDrawOverlays (Landroid/content/Context;)Z
12-18 22:37:21.545 D/dalvikvm( 3005): VFY: replacing opcode 0x71 at 0x0011
12-18 22:37:21.546 I/LauncherActivity( 3005): PrintLog:	AuthenticationAsyncTask finish
12-18 22:37:21.546 I/LauncherActivity( 3005): startup==> jumpToHomeActivity!	#Intent;action=android.intent.action.MAIN;component=cn.gd.snm.snmcm/.LauncherActivity;end
12-18 22:37:21.546 I/LauncherActivity( 3005): LauncherActivity#jumpToHomeActivity- 	false
12-18 22:37:21.546 I/OttService( 3005): OttService#setCurrentUserMode	cn.gd.snm.snmcm.OTTApplication@41af4ec8
12-18 22:37:21.550 D/pcapcmcc4( 3051): add_tcp_node_to_list_new:44108 
12-18 22:37:21.550 D/pcapcmcc4( 3051): reset pkg_num!
12-18 22:37:21.550 E/installd( 1576): value = false 
12-18 22:37:21.550 E/installd( 1576): value = false 
12-18 22:37:21.552 E/Environment( 2322): canonicalPath = /mnt/sdcard
12-18 22:37:21.555 E/installd( 1576): value = false 
12-18 22:37:21.555 E/installd( 1576): value = false 
12-18 22:37:21.556 E/Environment( 2322): canonicalPath = /mnt/sdcard
12-18 22:37:21.556 I/System.out( 3669): W Tag:HRPush msg:warn:connect server ok [183.235.11.122:13000]
12-18 22:37:21.559 I/System.out( 3669): W Tag:HRPush msg:warn:connection connected !!!
12-18 22:37:21.559 E/installd( 1576): value = false 
12-18 22:37:21.559 E/installd( 1576): value = false 
12-18 22:37:21.572 I/System.out( 3669): D Tag:HRPush msg:ClientListener onConnected 
12-18 22:37:21.572 I/System.out( 3669): W Tag:HRPush msg:warn:<<< do handshake, message=HandshakeMessage{sessionId=1, deviceId='ydtest5', osName='android', osVersion='4.4.2', clientVersion='2.52', iv=[5, 96, 46, -40, 42, 75, -29, -35, -35, -128, -1, 43, 101, -100, -57, 15], clientKey=[119, 92, -42, -7, 59, 54, 69, 68, -81, 5, 98, -78, 82, -33, -115, -10], minHeartbeat=240000, maxHeartbeat=240000, timestamp=0}
12-18 22:37:21.574 I/System.out( 3669): D Tag:HRPush msg:debug:write packet end, packet=2, costTime=2
12-18 22:37:21.581 E/bt_h5   ( 3525): h5_timeout_handler
12-18 22:37:21.581 E/bt_h5   ( 3525): Wait H5 Sync Resp timeout, 13 times
12-18 22:37:21.582 E/Environment( 2322): canonicalPath = /mnt/sdcard
12-18 22:37:21.582 I/AMTUPGRADE( 2699): StrategyPoweroffProtection >>> 
12-18 22:37:21.582 D/AMTUPGRADE( 2699): getFileDetailByName > key : DOWNLOADING, result : null
12-18 22:37:21.582 I/AMTUPGRADE( 2699): temp is null
12-18 22:37:21.582 I/AMTUPGRADE( 2699): isResumeDownload : false, supportBootUpgrade : true
12-18 22:37:21.582 I/AMTUPGRADE( 2699): The upgrade url from system prop is invalid... do nothing...
12-18 22:37:21.585 D/dalvikvm( 2322): GC_CONCURRENT freed 974K, 55% free 5130K/11344K, paused 2ms+3ms, total 52ms
12-18 22:37:21.587 E/installd( 1576): value = false 
12-18 22:37:21.587 E/installd( 1576): value = false 
12-18 22:37:21.588 I/System.out( 3669): D Tag:HRPush msg:debug:receive one ack response, sessionId=1, costTime=17, request=Packet{cmd=2, cc=0, flags=1, sessionId=1, lrc=0, body=128}, response=Packet{cmd=2, cc=0, flags=1, sessionId=1, lrc=0, body=80}
12-18 22:37:21.588 E/Environment( 2322): canonicalPath = /mnt/sdcard
12-18 22:37:21.590 I/System.out( 3669): W Tag:HRPush msg:warn:>>> handshake ok message=HandshakeOkMessage{serverKey=[74, 23, -61, -123, -108, -106, -126, 73, 4, -23, 52, -115, 34, -22, -25, -93], heartbeat=300000, sessionId='99c67bc2b3737e3aee07e5c1c42ab6b1', expireTime=1608388641587}
12-18 22:37:21.590 I/System.out( 3669): D Tag:HRPush msg:ClientListener onHandshakeOk delay300000
12-18 22:37:21.590 E/installd( 1576): value = false 
12-18 22:37:21.590 E/installd( 1576): value = false 
12-18 22:37:21.591 E/Environment( 2322): canonicalPath = /mnt/sdcard
12-18 22:37:21.592 I/System.out( 3669): W Tag:HRPush msg:warn:<<< do bind user, userId=ydtest5
12-18 22:37:21.593 I/System.out( 3669): D Tag:HRPush msg:debug:write packet end, packet=5, costTime=1
12-18 22:37:21.594 E/installd( 1576): value = false 
12-18 22:37:21.594 E/installd( 1576): value = false 
12-18 22:37:21.596 E/Environment( 2322): canonicalPath = /mnt/sdcard
12-18 22:37:21.601 I/System.out( 3669): D Tag:HRPush msg:debug:receive one ack response, sessionId=2, costTime=9, request=Packet{cmd=5, cc=0, flags=1, sessionId=2, lrc=0, body=16}, response=Packet{cmd=11, cc=0, flags=0, sessionId=2, lrc=0, body=16}
12-18 22:37:21.601 I/System.out( 3669): D Tag:HRPush msg:ClientListener onBind ydtest5
12-18 22:37:21.601 I/System.out( 3669): W Tag:HRPush msg:warn:>>> receive ok message=OkMessage{cmd=5, code=0, data='bind success'}
12-18 22:37:21.601 E/installd( 1576): value = false 
12-18 22:37:21.601 E/installd( 1576): value = false 
12-18 22:37:21.602 E/Environment( 2322): canonicalPath = /mnt/sdcard
12-18 22:37:21.604 E/installd( 1576): value = false 
12-18 22:37:21.604 E/installd( 1576): value = false 
12-18 22:37:21.605 E/Environment( 2322): canonicalPath = /mnt/sdcard
12-18 22:37:21.607 E/installd( 1576): value = false 
12-18 22:37:21.607 E/installd( 1576): value = false 
12-18 22:37:21.608 E/Environment( 2322): canonicalPath = /mnt/sdcard
12-18 22:37:21.610 E/installd( 1576): value = false 
12-18 22:37:21.610 E/installd( 1576): value = false 
12-18 22:37:21.611 E/Environment( 2322): canonicalPath = /mnt/sdcard
12-18 22:37:21.616 E/installd( 1576): value = false 
12-18 22:37:21.616 E/installd( 1576): value = false 
12-18 22:37:21.617 E/Environment( 2322): canonicalPath = /mnt/sdcard
12-18 22:37:21.619 E/installd( 1576): value = false 
12-18 22:37:21.619 E/installd( 1576): value = false 
12-18 22:37:21.620 E/Environment( 2322): canonicalPath = /mnt/sdcard
12-18 22:37:21.622 E/installd( 1576): value = false 
12-18 22:37:21.622 E/installd( 1576): value = false 
12-18 22:37:21.623 E/Environment( 2322): canonicalPath = /mnt/sdcard
12-18 22:37:21.625 E/installd( 1576): value = false 
12-18 22:37:21.625 E/installd( 1576): value = false 
12-18 22:37:21.626 E/Environment( 2322): canonicalPath = /mnt/sdcard
12-18 22:37:21.628 E/installd( 1576): value = false 
12-18 22:37:21.628 E/installd( 1576): value = false 
12-18 22:37:21.629 E/Environment( 2322): canonicalPath = /mnt/sdcard
12-18 22:37:21.630 E/installd( 1576): value = false 
12-18 22:37:21.631 E/Environment( 2322): canonicalPath = /mnt/sdcard
12-18 22:37:21.631 E/installd( 1576): value = false 
12-18 22:37:21.633 E/installd( 1576): value = false 
12-18 22:37:21.633 E/installd( 1576): value = false 
12-18 22:37:21.634 E/Environment( 2322): canonicalPath = /mnt/sdcard
12-18 22:37:21.636 E/installd( 1576): value = false 
12-18 22:37:21.636 E/installd( 1576): value = false 
12-18 22:37:21.637 E/Environment( 2322): canonicalPath = /mnt/sdcard
12-18 22:37:21.639 I/xwj     ( 2322): START_ACTIVITY_TRANSACTION:cn.gd.snm.snmcm
12-18 22:37:21.639 D/ActivityManager_sgc( 2322): use this startActivity method
12-18 22:37:21.639 D/ActivityManager( 2322): callingPackage is cn.gd.snm.snmcm
12-18 22:37:21.639 I/ActivityManager( 2322): START u0 {cmp=cn.gd.snm.snmcm/.home.HomeActivity (has extras)} from pid 3005
12-18 22:37:21.640 E/installd( 1576): value = false 
12-18 22:37:21.640 E/installd( 1576): value = false 
12-18 22:37:21.641 E/Environment( 2322): canonicalPath = /mnt/sdcard
12-18 22:37:21.643 I/xwj     ( 2322): result:0
12-18 22:37:21.648 E/installd( 1576): value = false 
12-18 22:37:21.648 E/installd( 1576): value = false 
12-18 22:37:21.649 E/Environment( 2322): canonicalPath = /mnt/sdcard
12-18 22:37:21.651 E/installd( 1576): value = false 
12-18 22:37:21.651 E/installd( 1576): value = false 
12-18 22:37:21.652 E/Environment( 2322): canonicalPath = /mnt/sdcard
12-18 22:37:21.654 E/installd( 1576): value = false 
12-18 22:37:21.654 E/installd( 1576): value = false 
12-18 22:37:21.655 E/Environment( 2322): canonicalPath = /mnt/sdcard
12-18 22:37:21.656 E/Window  ( 3005): ==leo remove HardwareAccelerated for cn.gd.snm.snmcm/cn.gd.snm.snmcm.home.HomeActivity
12-18 22:37:21.657 D/AndroidAutoSize( 3005): cn.gd.snm.snmcm.home.HomeActivity used the global configuration.
12-18 22:37:21.657 D/AndroidAutoSize( 3005): The cn.gd.snm.snmcm.home.HomeActivity has been adapted! 
12-18 22:37:21.657 D/AndroidAutoSize( 3005): HomeActivity Info: isBaseOnWidth = true, designWidthInDp = 1280.000000, designWidthInSubunits = 1280.000000, targetDensity = 1.500000, targetScaledDensity = 1.500000, targetDensityDpi = 240, targetXdpi = 1.500000, targetScreenWidthDp = 1280, targetScreenHeightDp = 720
12-18 22:37:21.657 E/installd( 1576): value = false 
12-18 22:37:21.657 E/installd( 1576): value = false 
12-18 22:37:21.658 E/Environment( 2322): canonicalPath = /mnt/sdcard
12-18 22:37:21.660 E/installd( 1576): value = false 
12-18 22:37:21.660 E/installd( 1576): value = false 
12-18 22:37:21.661 E/Environment( 2322): canonicalPath = /mnt/sdcard
12-18 22:37:21.663 E/installd( 1576): value = false 
12-18 22:37:21.663 E/installd( 1576): value = false 
12-18 22:37:21.664 E/Environment( 2322): canonicalPath = /mnt/sdcard
12-18 22:37:21.666 E/installd( 1576): value = false 
12-18 22:37:21.666 E/installd( 1576): value = false 
12-18 22:37:21.667 E/Environment( 2322): canonicalPath = /mnt/sdcard
12-18 22:37:21.669 E/Environment( 2322): canonicalPath = /mnt/sdcard
12-18 22:37:21.669 E/installd( 1576): value = false 
12-18 22:37:21.669 E/installd( 1576): value = false 
12-18 22:37:21.671 E/installd( 1576): value = false 
12-18 22:37:21.672 E/Environment( 2322): canonicalPath = /mnt/sdcard
12-18 22:37:21.672 E/installd( 1576): value = false 
12-18 22:37:21.673 I/dalvikvm( 3005): Could not find method android.widget.FrameLayout.<init>, referenced from method cn.gd.snm.page.index.HomePageBackgroundView.<init>
12-18 22:37:21.673 W/dalvikvm( 3005): VFY: unable to resolve direct method 21181: Landroid/widget/FrameLayout;.<init> (Landroid/content/Context;Landroid/util/AttributeSet;II)V
12-18 22:37:21.673 D/dalvikvm( 3005): VFY: replacing opcode 0x70 at 0x0000
12-18 22:37:21.676 E/installd( 1576): value = false 
12-18 22:37:21.677 E/installd( 1576): value = false 
12-18 22:37:21.678 E/Environment( 2322): canonicalPath = /mnt/sdcard
12-18 22:37:21.681 E/installd( 1576): value = false 
12-18 22:37:21.681 E/installd( 1576): value = false 
12-18 22:37:21.682 E/Environment( 2322): canonicalPath = /mnt/sdcard
12-18 22:37:21.684 E/installd( 1576): value = false 
12-18 22:37:21.685 I/        ( 1585): transcode 39 flags 16
12-18 22:37:21.685 E/Environment( 2322): canonicalPath = /mnt/sdcard
12-18 22:37:21.685 I/        ( 1585): transcode 39 flags 16
12-18 22:37:21.685 E/installd( 1576): value = false 
12-18 22:37:21.686 I/SurfaceView( 3005): surface type is: 3
12-18 22:37:21.687 I/NativeVideoView_1117929304( 3005): NativeVideoView#stop
12-18 22:37:21.687 E/installd( 1576): value = false 
12-18 22:37:21.687 E/installd( 1576): value = false 
12-18 22:37:21.688 E/Environment( 2322): canonicalPath = /mnt/sdcard
12-18 22:37:21.689 I/AmtVideoView_1115848056( 3005): AmtVideoView#init
12-18 22:37:21.689 I/        ( 1585): transcode 39 flags 16
12-18 22:37:21.690 I/        ( 1585): transcode 39 flags 16
12-18 22:37:21.690 E/installd( 1576): value = false 
12-18 22:37:21.690 E/installd( 1576): value = false 
12-18 22:37:21.691 E/Environment( 2322): canonicalPath = /mnt/sdcard
12-18 22:37:21.693 E/installd( 1576): value = false 
12-18 22:37:21.693 E/installd( 1576): value = false 
12-18 22:37:21.694 E/Environment( 2322): canonicalPath = /mnt/sdcard
12-18 22:37:21.696 E/installd( 1576): value = false 
12-18 22:37:21.696 E/installd( 1576): value = false 
12-18 22:37:21.697 E/Environment( 2322): canonicalPath = /mnt/sdcard
12-18 22:37:21.699 E/installd( 1576): value = false 
12-18 22:37:21.699 E/installd( 1576): value = false 
12-18 22:37:21.700 E/Environment( 2322): canonicalPath = /mnt/sdcard
12-18 22:37:21.702 E/installd( 1576): value = false 
12-18 22:37:21.702 E/installd( 1576): value = false 
12-18 22:37:21.703 E/Environment( 2322): canonicalPath = /mnt/sdcard
12-18 22:37:21.705 E/Environment( 2322): canonicalPath = /mnt/sdcard
12-18 22:37:21.705 E/installd( 1576): value = false 
12-18 22:37:21.705 E/installd( 1576): value = false 
12-18 22:37:21.708 E/Environment( 2322): canonicalPath = /mnt/sdcard
12-18 22:37:21.708 E/installd( 1576): value = false 
12-18 22:37:21.708 E/installd( 1576): value = false 
12-18 22:37:21.710 E/installd( 1576): value = false 
12-18 22:37:21.711 E/Environment( 2322): canonicalPath = /mnt/sdcard
12-18 22:37:21.711 E/installd( 1576): value = false 
12-18 22:37:21.713 E/installd( 1576): value = false 
12-18 22:37:21.713 E/installd( 1576): value = false 
12-18 22:37:21.714 E/Environment( 2322): canonicalPath = /mnt/sdcard
12-18 22:37:21.715 E/installd( 1576): value = false 
12-18 22:37:21.716 E/Environment( 2322): canonicalPath = /mnt/sdcard
12-18 22:37:21.716 E/installd( 1576): value = false 
12-18 22:37:21.718 E/installd( 1576): value = false 
12-18 22:37:21.718 E/installd( 1576): value = false 
12-18 22:37:21.719 E/Environment( 2322): canonicalPath = /mnt/sdcard
12-18 22:37:21.721 E/Environment( 2322): canonicalPath = /mnt/sdcard
12-18 22:37:21.721 E/installd( 1576): value = false 
12-18 22:37:21.721 E/installd( 1576): value = false 
12-18 22:37:21.723 E/installd( 1576): value = false 
12-18 22:37:21.723 E/installd( 1576): value = false 
12-18 22:37:21.724 E/Environment( 2322): canonicalPath = /mnt/sdcard
12-18 22:37:21.726 E/installd( 1576): value = false 
12-18 22:37:21.726 E/installd( 1576): value = false 
12-18 22:37:21.727 E/Environment( 2322): canonicalPath = /mnt/sdcard
12-18 22:37:21.729 E/Environment( 2322): canonicalPath = /mnt/sdcard
12-18 22:37:21.729 E/installd( 1576): value = false 
12-18 22:37:21.729 E/installd( 1576): value = false 
12-18 22:37:21.731 E/installd( 1576): value = false 
12-18 22:37:21.732 E/Environment( 2322): canonicalPath = /mnt/sdcard
12-18 22:37:21.732 E/installd( 1576): value = false 
12-18 22:37:21.734 E/installd( 1576): value = false 
12-18 22:37:21.735 E/Environment( 2322): canonicalPath = /mnt/sdcard
12-18 22:37:21.735 E/installd( 1576): value = false 
12-18 22:37:21.738 E/installd( 1576): value = false 
12-18 22:37:21.738 E/installd( 1576): value = false 
12-18 22:37:21.739 E/Environment( 2322): canonicalPath = /mnt/sdcard
12-18 22:37:21.740 E/installd( 1576): value = false 
12-18 22:37:21.741 E/Environment( 2322): canonicalPath = /mnt/sdcard
12-18 22:37:21.741 E/installd( 1576): value = false 
12-18 22:37:21.743 E/installd( 1576): value = false 
12-18 22:37:21.743 E/installd( 1576): value = false 
12-18 22:37:21.744 E/Environment( 2322): canonicalPath = /mnt/sdcard
12-18 22:37:21.745 E/installd( 1576): value = false 
12-18 22:37:21.746 E/installd( 1576): value = false 
12-18 22:37:21.747 E/Environment( 2322): canonicalPath = /mnt/sdcard
12-18 22:37:21.749 E/Environment( 2322): canonicalPath = /mnt/sdcard
12-18 22:37:21.749 E/installd( 1576): value = false 
12-18 22:37:21.749 E/installd( 1576): value = false 
12-18 22:37:21.750 D/dalvikvm( 3005): GC_FOR_ALLOC freed 2931K, 25% free 15139K/20088K, paused 57ms, total 57ms
12-18 22:37:21.753 I/dalvikvm-heap( 3005): Grow heap (frag case) to 16.276MB for 1520080-byte allocation
12-18 22:37:21.753 E/installd( 1576): value = false 
12-18 22:37:21.753 E/installd( 1576): value = false 
12-18 22:37:21.754 E/Environment( 2322): canonicalPath = /mnt/sdcard
12-18 22:37:21.758 E/installd( 1576): value = false 
12-18 22:37:21.758 E/installd( 1576): value = false 
12-18 22:37:21.759 D/skia    ( 3005): ---- fAsset->read(1024) returned 0
12-18 22:37:21.759 E/Environment( 2322): canonicalPath = /mnt/sdcard
12-18 22:37:21.760 D/skia    ( 3005): ---- fAsset->read(1024) returned 0
12-18 22:37:21.761 E/installd( 1576): value = false 
