12-18 20:22:27.417 W/System.err( 2793): 	at java.util.concurrent.ScheduledThreadPoolExecutor$ScheduledFutureTask.access$201(ScheduledThreadPoolExecutor.java:152)
12-18 20:22:27.417 W/System.err( 2793): 	at java.util.concurrent.ScheduledThreadPoolExecutor$ScheduledFutureTask.run(ScheduledThreadPoolExecutor.java:265)
12-18 20:22:27.417 W/System.err( 2793): 	at java.util.concurrent.ThreadPoolExecutor.runWorker(ThreadPoolExecutor.java:1112)
12-18 20:22:27.417 W/System.err( 2793): 	at java.util.concurrent.ThreadPoolExecutor$Worker.run(ThreadPoolExecutor.java:587)
12-18 20:22:27.417 W/System.err( 2793): 	at java.lang.Thread.run(Thread.java:841)
12-18 20:22:27.417 I/System.out( 2793): RxCache: ProcessorProvidersBehaviour-getData-record:null
12-18 20:22:27.417 I/System.out( 2793): RxCache: ProcessorProvidersBehaviour-getData-use loader first
12-18 20:22:27.418 I/System.out( 2793): RxCache: ProcessorProvidersBehaviour-getData-cacheRule: 0x100010
12-18 20:22:27.418 I/System.out( 2793): RxCache: RetrieveRecord-retrieveRecord:index-section , http://183.235.11.39:8082/epg/api/page/biz_54242559.json , 
12-18 20:22:27.418 I/System.out( 2793): RxCache: RetrieveRecord-retrieveRecord:record from memory is null
12-18 20:22:27.418 D/pcapcmcc4( 3088): request_str_len = 527, 17079
12-18 20:22:27.418 I/System.out( 2793): RxCache: RetrieveRecord-retrieveRecord:get record from persistence failure
12-18 20:22:27.418 W/System.err( 2793): java.lang.NullPointerException
12-18 20:22:27.419 W/System.err( 2793): 	at io.rx_cache2.internal.cache.RetrieveRecord.retrieveRecord(SourceFile:8)
12-18 20:22:27.419 W/System.err( 2793): 	at io.rx_cache2.internal.cache.TwoLayersCache.retrieve(SourceFile:1)
12-18 20:22:27.419 W/System.err( 2793): 	at io.rx_cache2.internal.ProcessorProvidersBehaviour.getData(SourceFile:2)
12-18 20:22:27.419 W/System.err( 2793): 	at io.rx_cache2.internal.ProcessorProvidersBehaviour$3.call(SourceFile:3)
12-18 20:22:27.419 D/pcapcmcc4( 3088): send_tcp_data_to_server_new: 2
12-18 20:22:27.419 W/System.err( 2793): 	at io.rx_cache2.internal.ProcessorProvidersBehaviour$3.call(SourceFile:1)
12-18 20:22:27.419 W/System.err( 2793): 	at io.reactivex.internal.operators.observable.ObservableDefer.subscribeActual(SourceFile:1)
12-18 20:22:27.419 W/System.err( 2793): 	at io.reactivex.Observable.subscribe(SourceFile:14)
12-18 20:22:27.419 W/System.err( 2793): 	at io.reactivex.internal.operators.observable.ObservableDoOnEach.subscribeActual(SourceFile:1)
12-18 20:22:27.419 W/System.err( 2793): 	at io.reactivex.Observable.subscribe(SourceFile:14)
12-18 20:22:27.419 D/pcapcmcc4( 3088): --- Send session --- Addr(1, 100.97.24.113 ~ 183.235.11.39) 
12-18 20:22:27.419 D/pcapcmcc4( 3088):  	 HTTPDATA:100.97.24.113#60656#183.235.11.39#8082#24660#24660#24660#24709#24660#24706#24709#922#6#0#10079#10871#12#0#183.235.11.39:8082#/epg/api/page/biz_85542953.json#200#18#0#0#2#4170240#4170240#4170240#0#0#0#
12-18 20:22:27.419 D/pcapcmcc4( 3088): 
12-18 20:22:27.419 W/System.err( 2793): 	at io.reactivex.internal.operators.observable.ObservableFlatMap$MergeObserver.subscribeInner(SourceFile:11)
12-18 20:22:27.419 D/pcapcmcc4( 3088): reset pkg_num!
12-18 20:22:27.419 W/System.err( 2793): 	at io.reactivex.internal.operators.observable.ObservableFlatMap$MergeObserver.onNext(SourceFile:10)
12-18 20:22:27.419 W/System.err( 2793): 	at io.reactivex.internal.operators.observable.ObservableFromIterable$FromIterableDisposable.run(SourceFile:3)
12-18 20:22:27.419 W/System.err( 2793): 	at io.reactivex.internal.operators.observable.ObservableFromIterable.subscribeActual(SourceFile:7)
12-18 20:22:27.419 W/System.err( 2793): 	at io.reactivex.Observable.subscribe(SourceFile:14)
12-18 20:22:27.419 W/System.err( 2793): 	at io.reactivex.internal.operators.observable.ObservableFlatMap.subscribeActual(SourceFile:2)
12-18 20:22:27.419 W/System.err( 2793): 	at io.reactivex.Observable.subscribe(SourceFile:14)
12-18 20:22:27.420 W/System.err( 2793): 	at io.reactivex.internal.operators.observable.ObservableSubscribeOn$SubscribeTask.run(SourceFile:1)
12-18 20:22:27.420 W/System.err( 2793): 	at io.reactivex.Scheduler$DisposeTask.run(SourceFile:2)
12-18 20:22:27.420 W/System.err( 2793): 	at io.reactivex.internal.schedulers.ScheduledRunnable.run(SourceFile:2)
12-18 20:22:27.420 W/System.err( 2793): 	at io.reactivex.internal.schedulers.ScheduledRunnable.call(SourceFile:1)
12-18 20:22:27.420 W/System.err( 2793): 	at java.util.concurrent.FutureTask.run(FutureTask.java:237)
12-18 20:22:27.420 W/System.err( 2793): 	at java.util.concurrent.ScheduledThreadPoolExecutor$ScheduledFutureTask.access$201(ScheduledThreadPoolExecutor.java:152)
12-18 20:22:27.420 W/System.err( 2793): 	at java.util.concurrent.ScheduledThreadPoolExecutor$ScheduledFutureTask.run(ScheduledThreadPoolExecutor.java:265)
12-18 20:22:27.420 W/System.err( 2793): 	at java.util.concurrent.ThreadPoolExecutor.runWorker(ThreadPoolExecutor.java:1112)
12-18 20:22:27.420 W/System.err( 2793): 	at java.util.concurrent.ThreadPoolExecutor$Worker.run(ThreadPoolExecutor.java:587)
12-18 20:22:27.420 W/System.err( 2793): 	at java.lang.Thread.run(Thread.java:841)
12-18 20:22:27.420 I/System.out( 2793): RxCache: ProcessorProvidersBehaviour-getData-record:null
12-18 20:22:27.420 I/System.out( 2793): RxCache: ProcessorProvidersBehaviour-getData-use loader first
12-18 20:22:27.421 D/pcapcmcc4( 3088): send_tcp_data_to_server_new: 2
12-18 20:22:27.422 D/pcapcmcc4( 3088): --- Send session --- Addr(1, 100.97.24.113 ~ 183.235.11.39) 
12-18 20:22:27.422 D/pcapcmcc4( 3088):  	 HTTPDATA:100.97.24.113#42483#183.235.11.39#8082#24692#24692#24692#24705#24692#24703#24705#1516#15#0#13400#14390#15#0#183.235.11.39:8082#/epg/api/page/biz_90983740.json#200#30#0#0#2#4170240#4015786#3336192#0#0#0#
12-18 20:22:27.422 D/pcapcmcc4( 3088): 
12-18 20:22:27.422 D/pcapcmcc4( 3088): reset pkg_num!
12-18 20:22:27.423 I/CircleCornerLayout( 2793): draw
12-18 20:22:27.423 I/CircleCornerLayout( 2793): draw
12-18 20:22:27.423 I/CircleCornerLayout( 2793): draw
12-18 20:22:27.427 D/pcapcmcc4( 3088): show_http_response_content = 41477
12-18 20:22:27.427 D/pcapcmcc4( 3088): send_tcp_data_to_server_new: 2
12-18 20:22:27.427 D/pcapcmcc4( 3088): --- Send session --- Addr(1, 100.97.24.113 ~ 183.235.11.39) 
12-18 20:22:27.427 D/pcapcmcc4( 3088):  	 HTTPDATA:100.97.24.113#52676#183.235.11.39#8082#24696#24696#24696#24708#24696#24707#24708#1318#12#0#11378#12170#12#0#183.235.11.39:8082#/epg/api/page/biz_19093396.json#200#24#0#0#2#4170240#3977173#3336192#0#0#0#
12-18 20:22:27.427 D/pcapcmcc4( 3088): 
12-18 20:22:27.427 D/pcapcmcc4( 3088): reset pkg_num!
12-18 20:22:27.429 D/pcapcmcc4( 3088): send_tcp_data_to_server_new: 2
12-18 20:22:27.429 D/pcapcmcc4( 3088): --- Send session --- Addr(1, 100.97.24.113 ~ 183.235.11.39) 
12-18 20:22:27.429 D/pcapcmcc4( 3088):  	 HTTPDATA:100.97.24.113#34561#183.235.11.39#8082#24699#24699#24699#24749#24699#24709#24749#790#4#0#4755#5151#6#0#183.235.11.39:8082#/epg/api/page/biz_16004002.json#200#10#0#0#2#4077568#3799552#3336192#0#0#0#
12-18 20:22:27.429 D/pcapcmcc4( 3088): 
12-18 20:22:27.429 D/pcapcmcc4( 3088): reset pkg_num!
12-18 20:22:27.431 D/pcapcmcc4( 3088): show_http_response_content = 60656
12-18 20:22:27.434 D/pcapcmcc4( 3088): show_http_response_content = 42483
12-18 20:22:27.434 D/pcapcmcc4( 3088): request_str_len = 527, 10324
12-18 20:22:27.436 I/System.out( 2793): RxCache: ProcessorProvidersBehaviour-getDataFromLoader
12-18 20:22:27.436 I/System.out( 2793): RxCache: ProcessorProvidersBehaviour-getDataFromLoader clear cache before save data
12-18 20:22:27.436 I/System.out( 2793): RxCache: ProcessorProvidersBehaviour-getDataFromLoader save data
12-18 20:22:27.438 D/pcapcmcc4( 3088): show_http_response_content = 52676
12-18 20:22:27.440 D/pcapcmcc4( 3088): show_http_response_content = 34561
12-18 20:22:27.444 D/pcapcmcc4( 3088): request_str_len = 527, 9638
12-18 20:22:27.444 I/System.out( 2793): RxCache: Disk-save- key:index-section$d$d$d$http://183.235.11.39:8082/epg/api/page/biz_92048955.json$g$g$g$
12-18 20:22:27.451 E/SurfaceFlinger( 1571): do not swapBuffers layers=14
12-18 20:22:27.452 D/pcapcmcc4( 3088): request_str_len = 527, 10181
12-18 20:22:27.457 I/System.out( 2793): RxCache: ProcessorProvidersBehaviour-getDataFromLoader
12-18 20:22:27.457 I/System.out( 2793): RxCache: ProcessorProvidersBehaviour-getDataFromLoader clear cache before save data
12-18 20:22:27.457 I/System.out( 2793): RxCache: ProcessorProvidersBehaviour-getDataFromLoader save data
12-18 20:22:27.460 D/pcapcmcc4( 3088): request_str_len = 527, 13401
12-18 20:22:27.461 I/System.out( 2793): RxCache: Disk-save- key:index-section$d$d$d$http://183.235.11.39:8082/epg/api/page/biz_00294483.json$g$g$g$
12-18 20:22:27.469 D/pcapcmcc4( 3088): request_str_len = 527, 10080
12-18 20:22:27.473 I/System.out( 2793): RxCache: ProcessorProvidersBehaviour-getDataFromLoader
12-18 20:22:27.473 I/System.out( 2793): RxCache: ProcessorProvidersBehaviour-getDataFromLoader clear cache before save data
12-18 20:22:27.473 I/System.out( 2793): RxCache: ProcessorProvidersBehaviour-getDataFromLoader save data
12-18 20:22:27.477 I/System.out( 2793): RxCache: Disk-save- key:index-section$d$d$d$http://183.235.11.39:8082/epg/api/page/biz_98903263.json$g$g$g$
12-18 20:22:27.477 D/pcapcmcc4( 3088): request_str_len = 527, 19029
12-18 20:22:27.489 I/System.out( 2793): RxCache: ProcessorProvidersBehaviour-getDataFromLoader
12-18 20:22:27.490 I/System.out( 2793): RxCache: ProcessorProvidersBehaviour-getDataFromLoader clear cache before save data
12-18 20:22:27.490 I/System.out( 2793): RxCache: ProcessorProvidersBehaviour-getDataFromLoader save data
12-18 20:22:27.491 D/pcapcmcc4( 3088): request_str_len = 527, 11379
12-18 20:22:27.493 I/System.out( 2793): RxCache: Disk-save- key:index-section$d$d$d$http://183.235.11.39:8082/epg/api/page/biz_07692647.json$g$g$g$
12-18 20:22:27.501 D/pcapcmcc4( 3088): request_str_len = 527, 4756
12-18 20:22:27.505 I/System.out( 2793): RxCache: ProcessorProvidersBehaviour-getDataFromLoader
12-18 20:22:27.505 D/pcapcmcc4( 3088): request_str_len = 527, 8576
12-18 20:22:27.505 I/System.out( 2793): RxCache: ProcessorProvidersBehaviour-getDataFromLoader clear cache before save data
12-18 20:22:27.505 I/System.out( 2793): RxCache: ProcessorProvidersBehaviour-getDataFromLoader save data
12-18 20:22:27.508 I/System.out( 2793): RxCache: Disk-save- key:index-section$d$d$d$http://183.235.11.39:8082/epg/api/page/biz_54755480.json$g$g$g$
12-18 20:22:27.512 D/pcapcmcc4( 3088): request_str_len = 527, 7187
12-18 20:22:27.518 D/pcapcmcc4( 3088): request_str_len = 527, 9727
12-18 20:22:27.521 I/System.out( 2793): RxCache: ProcessorProvidersBehaviour-getDataFromLoader
12-18 20:22:27.521 I/System.out( 2793): RxCache: ProcessorProvidersBehaviour-getDataFromLoader clear cache before save data
12-18 20:22:27.521 I/System.out( 2793): RxCache: ProcessorProvidersBehaviour-getDataFromLoader save data
12-18 20:22:27.524 D/pcapcmcc4( 3088): request_str_len = 527, 9644
12-18 20:22:27.525 I/System.out( 2793): RxCache: Disk-save- key:index-section$d$d$d$http://183.235.11.39:8082/epg/api/page/biz_07166271.json$g$g$g$
12-18 20:22:27.531 D/pcapcmcc4( 3088): request_str_len = 527, 4918
12-18 20:22:27.534 I/System.out( 2793): RxCache: ProcessorProvidersBehaviour-getDataFromLoader
12-18 20:22:27.534 I/System.out( 2793): RxCache: ProcessorProvidersBehaviour-getDataFromLoader clear cache before save data
12-18 20:22:27.535 I/System.out( 2793): RxCache: ProcessorProvidersBehaviour-getDataFromLoader save data
12-18 20:22:27.535 D/pcapcmcc4( 3088): request_str_len = 527, 9936
12-18 20:22:27.543 I/System.out( 2793): RxCache: Disk-save- key:index-section$d$d$d$http://183.235.11.39:8082/epg/api/page/biz_49451473.json$g$g$g$
12-18 20:22:27.591 D/pcapcmcc4( 3088): show_http_response_content = 48375
12-18 20:22:27.591 D/pcapcmcc4( 3088): send_tcp_data_to_server_new: 1
12-18 20:22:27.592 D/pcapcmcc4( 3088): --- Send session --- Addr(1, 100.97.24.113 ~ 183.235.11.39) 
12-18 20:22:27.592 D/pcapcmcc4( 3088):  	 HTTPDATA:100.97.24.113#41477#183.235.11.39#8082#24741#24741#24741#24916#24741#24751#24916#856#5#0#7186#7648#7#0#183.235.11.39:8082#/epg/api/page/biz_43922236.json#200#12#0#0#1#4170240#4170240#4170240#0#0#0#
12-18 20:22:27.592 D/pcapcmcc4( 3088): 
12-18 20:22:27.593 D/pcapcmcc4( 3088): request_str_len = 527, 9764
12-18 20:22:27.617 D/dalvikvm( 2793): GC_CONCURRENT freed 6883K, 8% free 85423K/92352K, paused 4ms+8ms, total 82ms
12-18 20:22:27.617 D/dalvikvm( 2793): WAIT_FOR_CONCURRENT_GC blocked 72ms
12-18 20:22:27.617 D/dalvikvm( 2793): WAIT_FOR_CONCURRENT_GC blocked 27ms
12-18 20:22:27.638 I/System.out( 2793): RxCache: ProcessorProvidersBehaviour-getDataFromLoader
12-18 20:22:27.638 I/System.out( 2793): RxCache: ProcessorProvidersBehaviour-getDataFromLoader clear cache before save data
12-18 20:22:27.638 I/System.out( 2793): RxCache: ProcessorProvidersBehaviour-getDataFromLoader save data
12-18 20:22:27.642 I/System.out( 2793): RxCache: Disk-save- key:index-section$d$d$d$http://183.235.11.39:8082/epg/api/page/biz_97867548.json$g$g$g$
12-18 20:22:27.652 I/System.out( 2793): RxCache: ProcessorProvidersBehaviour-getDataFromLoader
12-18 20:22:27.652 I/System.out( 2793): RxCache: ProcessorProvidersBehaviour-getDataFromLoader clear cache before save data
12-18 20:22:27.652 I/System.out( 2793): RxCache: ProcessorProvidersBehaviour-getDataFromLoader save data
12-18 20:22:27.656 I/System.out( 2793): RxCache: Disk-save- key:index-section$d$d$d$http://183.235.11.39:8082/epg/api/page/biz_40859884.json$g$g$g$
12-18 20:22:27.668 I/System.out( 2793): RxCache: ProcessorProvidersBehaviour-getDataFromLoader
12-18 20:22:27.668 I/System.out( 2793): RxCache: ProcessorProvidersBehaviour-getDataFromLoader clear cache before save data
12-18 20:22:27.668 I/System.out( 2793): RxCache: ProcessorProvidersBehaviour-getDataFromLoader save data
12-18 20:22:27.672 I/System.out( 2793): RxCache: Disk-save- key:index-section$d$d$d$http://183.235.11.39:8082/epg/api/page/biz_80453913.json$g$g$g$
12-18 20:22:27.684 I/System.out( 2793): RxCache: ProcessorProvidersBehaviour-getDataFromLoader
12-18 20:22:27.684 I/System.out( 2793): RxCache: ProcessorProvidersBehaviour-getDataFromLoader clear cache before save data
12-18 20:22:27.684 I/System.out( 2793): RxCache: ProcessorProvidersBehaviour-getDataFromLoader save data
12-18 20:22:27.688 I/System.out( 2793): RxCache: Disk-save- key:index-section$d$d$d$http://183.235.11.39:8082/epg/api/page/biz_13410425.json$g$g$g$
12-18 20:22:27.696 I/System.out( 2793): RxCache: ProcessorProvidersBehaviour-getDataFromLoader
12-18 20:22:27.696 I/System.out( 2793): RxCache: ProcessorProvidersBehaviour-getDataFromLoader clear cache before save data
12-18 20:22:27.697 I/System.out( 2793): RxCache: ProcessorProvidersBehaviour-getDataFromLoader save data
12-18 20:22:27.700 I/System.out( 2793): RxCache: Disk-save- key:index-section$d$d$d$http://183.235.11.39:8082/epg/api/page/biz_85348655.json$g$g$g$
12-18 20:22:27.713 I/System.out( 2793): RxCache: ProcessorProvidersBehaviour-getDataFromLoader
12-18 20:22:27.713 I/System.out( 2793): RxCache: ProcessorProvidersBehaviour-getDataFromLoader clear cache before save data
12-18 20:22:27.714 I/System.out( 2793): RxCache: ProcessorProvidersBehaviour-getDataFromLoader save data
12-18 20:22:27.718 I/System.out( 2793): RxCache: Disk-save- key:index-section$d$d$d$http://183.235.11.39:8082/epg/api/page/biz_43077607.json$g$g$g$
12-18 20:22:27.729 I/System.out( 2793): RxCache: ProcessorProvidersBehaviour-getDataFromLoader
12-18 20:22:27.729 I/System.out( 2793): RxCache: ProcessorProvidersBehaviour-getDataFromLoader clear cache before save data
12-18 20:22:27.730 I/System.out( 2793): RxCache: ProcessorProvidersBehaviour-getDataFromLoader save data
12-18 20:22:27.733 I/System.out( 2793): RxCache: Disk-save- key:index-section$d$d$d$http://183.235.11.39:8082/epg/api/page/biz_01629921.json$g$g$g$
12-18 20:22:27.751 I/System.out( 2793): RxCache: ProcessorProvidersBehaviour-getDataFromLoader
12-18 20:22:27.751 I/System.out( 2793): RxCache: ProcessorProvidersBehaviour-getDataFromLoader clear cache before save data
12-18 20:22:27.751 I/System.out( 2793): RxCache: ProcessorProvidersBehaviour-getDataFromLoader save data
12-18 20:22:27.755 I/System.out( 2793): RxCache: Disk-save- key:index-section$d$d$d$http://183.235.11.39:8082/epg/api/page/biz_59803295.json$g$g$g$
12-18 20:22:27.769 I/System.out( 2793): RxCache: ProcessorProvidersBehaviour-getDataFromLoader
12-18 20:22:27.769 I/System.out( 2793): RxCache: ProcessorProvidersBehaviour-getDataFromLoader clear cache before save data
12-18 20:22:27.769 I/System.out( 2793): RxCache: ProcessorProvidersBehaviour-getDataFromLoader save data
12-18 20:22:27.773 I/System.out( 2793): RxCache: Disk-save- key:index-section$d$d$d$http://183.235.11.39:8082/epg/api/page/biz_42858963.json$g$g$g$
12-18 20:22:27.785 I/System.out( 2793): RxCache: ProcessorProvidersBehaviour-getDataFromLoader
12-18 20:22:27.786 I/System.out( 2793): RxCache: ProcessorProvidersBehaviour-getDataFromLoader clear cache before save data
12-18 20:22:27.786 I/System.out( 2793): RxCache: ProcessorProvidersBehaviour-getDataFromLoader save data
12-18 20:22:27.790 I/System.out( 2793): RxCache: Disk-save- key:index-section$d$d$d$http://183.235.11.39:8082/epg/api/page/biz_51156630.json$g$g$g$
12-18 20:22:27.807 I/System.out( 2793): RxCache: ProcessorProvidersBehaviour-getDataFromLoader
12-18 20:22:27.807 I/System.out( 2793): RxCache: ProcessorProvidersBehaviour-getDataFromLoader clear cache before save data
12-18 20:22:27.807 I/System.out( 2793): RxCache: ProcessorProvidersBehaviour-getDataFromLoader save data
12-18 20:22:27.811 I/System.out( 2793): RxCache: Disk-save- key:index-section$d$d$d$http://183.235.11.39:8082/epg/api/page/biz_10645359.json$g$g$g$
12-18 20:22:27.824 I/System.out( 2793): RxCache: ProcessorProvidersBehaviour-getDataFromLoader
12-18 20:22:27.824 I/System.out( 2793): RxCache: ProcessorProvidersBehaviour-getDataFromLoader clear cache before save data
12-18 20:22:27.824 I/System.out( 2793): RxCache: ProcessorProvidersBehaviour-getDataFromLoader save data
12-18 20:22:27.828 I/System.out( 2793): RxCache: Disk-save- key:index-section$d$d$d$http://183.235.11.39:8082/epg/api/page/biz_46356234.json$g$g$g$
12-18 20:22:27.844 I/System.out( 2793): RxCache: ProcessorProvidersBehaviour-getDataFromLoader
12-18 20:22:27.844 I/System.out( 2793): RxCache: ProcessorProvidersBehaviour-getDataFromLoader clear cache before save data
12-18 20:22:27.844 I/System.out( 2793): RxCache: ProcessorProvidersBehaviour-getDataFromLoader save data
12-18 20:22:27.848 I/System.out( 2793): RxCache: Disk-save- key:index-section$d$d$d$http://183.235.11.39:8082/epg/api/page/biz_16004002.json$g$g$g$
12-18 20:22:27.856 I/System.out( 2793): RxCache: ProcessorProvidersBehaviour-getDataFromLoader
12-18 20:22:27.856 I/System.out( 2793): RxCache: ProcessorProvidersBehaviour-getDataFromLoader clear cache before save data
12-18 20:22:27.856 I/System.out( 2793): RxCache: ProcessorProvidersBehaviour-getDataFromLoader save data
12-18 20:22:27.860 I/System.out( 2793): RxCache: Disk-save- key:index-section$d$d$d$http://183.235.11.39:8082/epg/api/page/biz_85542953.json$g$g$g$
12-18 20:22:27.878 I/System.out( 2793): RxCache: ProcessorProvidersBehaviour-getDataFromLoader
12-18 20:22:27.878 I/System.out( 2793): RxCache: ProcessorProvidersBehaviour-getDataFromLoader clear cache before save data
12-18 20:22:27.878 I/System.out( 2793): RxCache: ProcessorProvidersBehaviour-getDataFromLoader save data
12-18 20:22:27.882 I/System.out( 2793): RxCache: Disk-save- key:index-section$d$d$d$http://183.235.11.39:8082/epg/api/page/biz_90983740.json$g$g$g$
12-18 20:22:27.895 I/System.out( 2793): RxCache: ProcessorProvidersBehaviour-getDataFromLoader
12-18 20:22:27.895 I/System.out( 2793): RxCache: ProcessorProvidersBehaviour-getDataFromLoader clear cache before save data
12-18 20:22:27.895 I/System.out( 2793): RxCache: ProcessorProvidersBehaviour-getDataFromLoader save data
12-18 20:22:27.899 I/System.out( 2793): RxCache: Disk-save- key:index-section$d$d$d$http://183.235.11.39:8082/epg/api/page/biz_74934293.json$g$g$g$
12-18 20:22:27.917 I/Choreographer( 2793): Skipped 30 frames!  The application may be doing too much work on its main thread.
12-18 20:22:27.999 D/dalvikvm( 2793): GC_FOR_ALLOC freed 7525K, 9% free 85474K/93048K, paused 73ms, total 73ms
12-18 20:22:28.000 I/dalvikvm-heap( 2793): Grow heap (frag case) to 84.282MB for 806368-byte allocation
12-18 20:22:28.057 D/dalvikvm( 2793): GC_FOR_ALLOC freed 83K, 9% free 86177K/93836K, paused 57ms, total 57ms
12-18 20:22:28.060 E/RecyclerView( 2793): No adapter attached; skipping layout
12-18 20:22:28.062 I/SectionViewImpl( 2793): no config standardViewAreaCode
12-18 20:22:28.066 I/dalvikvm( 2793): Could not find method android.widget.HorizontalScrollView.<init>, referenced from method cn.gd.snm.view.OttHorizontalScrollView.<init>
12-18 20:22:28.067 W/dalvikvm( 2793): VFY: unable to resolve direct method 21346: Landroid/widget/HorizontalScrollView;.<init> (Landroid/content/Context;Landroid/util/AttributeSet;II)V
12-18 20:22:28.067 D/dalvikvm( 2793): VFY: replacing opcode 0x70 at 0x0000
12-18 20:22:28.087 I/InfinitePageController_Page:5( 2793): InfinitePageController#ChildDrawingOrderCallback- pageIndex: 	5	childCount:	3	i:	0	focusedIndex:	-1	result:	2
12-18 20:22:28.089 I/InfinitePageController_Page:5( 2793): InfinitePageController#ChildDrawingOrderCallback- pageIndex: 	5	childCount:	3	i:	1	focusedIndex:	-1	result:	1
12-18 20:22:28.092 I/InfinitePageController_Page:5( 2793): InfinitePageController#ChildDrawingOrderCallback- pageIndex: 	5	childCount:	3	i:	2	focusedIndex:	-1	result:	0
12-18 20:22:28.101 I/CircleCornerLayout( 2793): draw
12-18 20:22:28.111 I/CircleCornerLayout( 2793): draw
12-18 20:22:28.112 I/CircleCornerLayout( 2793): draw
12-18 20:22:28.116 D/pcapcmcc4( 3088): Many Syn Packet: 100.97.24.113#34996#120.240.95.35#80#3#
12-18 20:22:28.116 D/pcapcmcc4( 3088): Many Syn Packet: 100.97.24.113#49844#58.67.161.139#80#3#
12-18 20:22:28.122 I/CircleCornerLayout( 2793): draw
12-18 20:22:28.122 I/CircleCornerLayout( 2793): draw
12-18 20:22:28.122 I/CircleCornerLayout( 2793): draw
12-18 20:22:28.126 I/System.out( 2793): RxCache: ProcessorProvidersBehaviour-getDataFromLoader
12-18 20:22:28.126 I/System.out( 2793): RxCache: ProcessorProvidersBehaviour-getDataFromLoader clear cache before save data
12-18 20:22:28.127 I/System.out( 2793): RxCache: ProcessorProvidersBehaviour-getDataFromLoader save data
12-18 20:22:28.131 I/System.out( 2793): RxCache: Disk-save- key:index-section$d$d$d$http://183.235.11.39:8082/epg/api/page/biz_19093396.json$g$g$g$
12-18 20:22:28.135 I/ActivityManager( 2112): Waited long enough for: ServiceRecord{41c476d8 u0 com.ysten.systemupdate/.service.CheckUpdateService}
12-18 20:22:28.135 I/ActivityManager( 2112): Resuming delayed broadcast
12-18 20:22:28.153 I/System.out( 2793): RxCache: ProcessorProvidersBehaviour-getDataFromLoader
12-18 20:22:28.153 I/System.out( 2793): RxCache: ProcessorProvidersBehaviour-getDataFromLoader clear cache before save data
12-18 20:22:28.153 I/System.out( 2793): RxCache: ProcessorProvidersBehaviour-getDataFromLoader save data
12-18 20:22:28.157 I/AmtTR069( 2699): Receive broadcast!!!
12-18 20:22:28.158 I/AmtTR069( 2699): action  = android.intent.action.BOOT_COMPLETED
12-18 20:22:28.158 I/AmtTR069( 2699): receive broadcast will do nothing!
12-18 20:22:28.158 I/AmtTR069( 2699): receive end!
12-18 20:22:28.158 I/System.out( 2793): RxCache: Disk-save- key:index-section$d$d$d$http://183.235.11.39:8082/epg/api/page/biz_06757280.json$g$g$g$
12-18 20:22:28.171 I/System.out( 2793): RxCache: ProcessorProvidersBehaviour-getDataFromLoader
12-18 20:22:28.171 I/System.out( 2793): RxCache: ProcessorProvidersBehaviour-getDataFromLoader clear cache before save data
12-18 20:22:28.171 I/System.out( 2793): RxCache: ProcessorProvidersBehaviour-getDataFromLoader save data
12-18 20:22:28.176 I/System.out( 2793): RxCache: Disk-save- key:index-section$d$d$d$http://183.235.11.39:8082/epg/api/page/biz_98168624.json$g$g$g$
12-18 20:22:28.186 D/dalvikvm( 2112): GC_CONCURRENT freed 842K, 16% free 4857K/5744K, paused 3ms+4ms, total 50ms
12-18 20:22:28.186 D/dalvikvm( 2112): WAIT_FOR_CONCURRENT_GC blocked 26ms
12-18 20:22:28.192 I/System.out( 2793): RxCache: ProcessorProvidersBehaviour-getDataFromLoader
12-18 20:22:28.192 I/System.out( 2793): RxCache: ProcessorProvidersBehaviour-getDataFromLoader clear cache before save data
12-18 20:22:28.192 I/System.out( 2793): RxCache: ProcessorProvidersBehaviour-getDataFromLoader save data
12-18 20:22:28.197 I/System.out( 2793): RxCache: Disk-save- key:index-section$d$d$d$http://183.235.11.39:8082/epg/api/page/biz_43922236.json$g$g$g$
12-18 20:22:28.198 D/BluetoothManagerService( 2112): Auto-enabling Bluetooth.
12-18 20:22:28.198 D/BluetoothManagerService( 2112): Message: 1
12-18 20:22:28.198 D/BluetoothManagerService( 2112): MESSAGE_ENABLE: mBluetooth = null
12-18 20:22:28.211 I/ActivityManager( 2112): Start proc com.android.bluetooth for service com.android.bluetooth/.btservice.AdapterService: pid=3335 uid=1002 gids={41002, 3003, 3002, 3001, 1028, 1015, 3005, 1016, 3008}
12-18 20:22:28.213 I/System.out( 2793): RxCache: ProcessorProvidersBehaviour-getDataFromLoader
12-18 20:22:28.213 I/System.out( 2793): RxCache: ProcessorProvidersBehaviour-getDataFromLoader clear cache before save data
12-18 20:22:28.213 I/System.out( 2793): RxCache: ProcessorProvidersBehaviour-getDataFromLoader save data
12-18 20:22:28.217 E/Environment( 3335): canonicalPath = /mnt/sdcard
12-18 20:22:28.219 I/System.out( 2793): RxCache: Disk-save- key:index-section$d$d$d$http://183.235.11.39:8082/epg/api/page/biz_54242559.json$g$g$g$
12-18 20:22:28.232 I/System.out( 2793): RxCache: ProcessorProvidersBehaviour-getDataFromLoader
12-18 20:22:28.232 I/System.out( 2793): RxCache: ProcessorProvidersBehaviour-getDataFromLoader clear cache before save data
12-18 20:22:28.233 I/System.out( 2793): RxCache: ProcessorProvidersBehaviour-getDataFromLoader save data
12-18 20:22:28.238 I/System.out( 2793): RxCache: Disk-save- key:index-section$d$d$d$http://183.235.11.39:8082/epg/api/page/biz_37542933.json$g$g$g$
12-18 20:22:28.245 D/BluetoothManagerService( 2112): Message: 20
12-18 20:22:28.245 D/BluetoothManagerService( 2112): Added callback: android.bluetooth.BluetoothAdapter$1@41cea8d0:true
12-18 20:22:28.245 D/BluetoothManagerService( 2112): Message: 30
12-18 20:22:28.245 W/Searchables( 2112): No global search activity found
12-18 20:22:28.247 W/ContextImpl( 2112): Calling a method in the system process without a qualified user: android.app.ContextImpl.bindService:1653 android.bluetooth.BluetoothHeadset.doBind:283 android.bluetooth.BluetoothHeadset.<init>:276 android.bluetooth.BluetoothAdapter.getProfileProxy:1181 android.media.AudioService.getBluetoothHeadset:2439 
12-18 20:22:28.250 W/ContextImpl( 2112): Calling a method in the system process without a qualified user: android.app.ContextImpl.bindService:1653 android.bluetooth.BluetoothA2dp.doBind:165 android.bluetooth.BluetoothA2dp.<init>:158 android.bluetooth.BluetoothAdapter.getProfileProxy:1184 android.media.AudioService$AudioServiceBroadcastReceiver.onReceive:4395 
12-18 20:22:28.251 D/BluetoothManagerService( 2112): Message: 30
12-18 20:22:28.253 E/SoundPool( 2112): error loading /system/media/audio/ui/KeypressStandard.ogg
12-18 20:22:28.253 W/AudioService( 2112): Soundpool could not load file: /system/media/audio/ui/KeypressStandard.ogg
12-18 20:22:28.253 E/SoundPool( 2112): error loading /system/media/audio/ui/KeypressSpacebar.ogg
12-18 20:22:28.253 W/AudioService( 2112): Soundpool could not load file: /system/media/audio/ui/KeypressSpacebar.ogg
12-18 20:22:28.253 E/SoundPool( 2112): error loading /system/media/audio/ui/KeypressDelete.ogg
12-18 20:22:28.253 W/AudioService( 2112): Soundpool could not load file: /system/media/audio/ui/KeypressDelete.ogg
12-18 20:22:28.254 E/SoundPool( 2112): error loading /system/media/audio/ui/KeypressReturn.ogg
12-18 20:22:28.254 W/AudioService( 2112): Soundpool could not load file: /system/media/audio/ui/KeypressReturn.ogg
12-18 20:22:28.254 E/SoundPool( 2112): error loading /system/media/audio/ui/KeypressInvalid.ogg
12-18 20:22:28.254 W/AudioService( 2112): Soundpool could not load file: /system/media/audio/ui/KeypressInvalid.ogg
12-18 20:22:28.256 V/MediaPlayer( 2112): decode(198, 0, 7810)
12-18 20:22:28.256 V/MediaPlayerService( 1574): decode(20, 0, 7810)
12-18 20:22:28.256 V/WiredAccessoryManager( 2112): init()
12-18 20:22:28.257 V/MediaPlayerService( 1574): player type = 3
12-18 20:22:28.257 V/MediaPlayerFactory( 1574):  create StagefrightPlayer
12-18 20:22:28.258 V/WiredAccessoryManager( 2112): newName=hdmi newState=16 headsetState=16 prev headsetState=0
12-18 20:22:28.259 I/System.out( 2793): RxCache: ProcessorProvidersBehaviour-getDataFromLoader
12-18 20:22:28.259 I/System.out( 2793): RxCache: ProcessorProvidersBehaviour-getDataFromLoader clear cache before save data
12-18 20:22:28.259 I/System.out( 2793): RxCache: ProcessorProvidersBehaviour-getDataFromLoader save data
12-18 20:22:28.260 D/HIOMX_CORE( 1574): OMX_Init :: enter!
12-18 20:22:28.260 D/HIOMX_CORE( 1574): OMX_Init :: exit!
12-18 20:22:28.260 E/RTKBT   ( 3335): jniRegisterNativeMethods
12-18 20:22:28.260 V/AudioCache( 1574): notify(0xb74a0568, 8, 0, 0)
12-18 20:22:28.260 V/AudioCache( 1574): ignored
12-18 20:22:28.261 E/DRMExtractor( 1574): SniffDRM, dataSource->DrmInitialization() get decryptHandle error.
12-18 20:22:28.265 I/System.out( 2793): RxCache: Disk-save- key:index-section$d$d$d$http://183.235.11.39:8082/epg/api/page/biz_92312647.json$g$g$g$
12-18 20:22:28.265 E/WVMExtractor( 1574): Failed to open libwvm.so
12-18 20:22:28.268 V/WiredAccessoryManager( 2112): device hdmi connected
12-18 20:22:28.270 D/AdapterServiceConfig( 3335): Adding RtkbtService
12-18 20:22:28.270 D/AdapterServiceConfig( 3335): Adding HeadsetService
12-18 20:22:28.270 D/AdapterServiceConfig( 3335): Adding A2dpService
12-18 20:22:28.270 D/AdapterServiceConfig( 3335): Adding HidService
12-18 20:22:28.270 D/AdapterServiceConfig( 3335): Adding HealthService
12-18 20:22:28.270 D/AdapterServiceConfig( 3335): Adding PanService
12-18 20:22:28.270 D/AdapterServiceConfig( 3335): Adding GattService
12-18 20:22:28.270 D/AdapterServiceConfig( 3335): Adding BluetoothMapService
12-18 20:22:28.272 V/MediaPlayerService( 1574): prepare
12-18 20:22:28.272 E/cutils-trace( 1574): Error opening trace file: No such file or directory (2)
12-18 20:22:28.272 V/MediaPlayerService( 1574): wait for prepare
12-18 20:22:28.272 E/HAL     ( 3335): BT_get_sdio_device_id,fp is null
12-18 20:22:28.272 E/HAL     ( 3335): BT_get_sdio_device_id,fp is null
12-18 20:22:28.273 E/HAL     ( 3335): line = SDIO_CLASS=07
12-18 20:22:28.273 E/HAL     ( 3335): line = SDIO_ID=024C:B822
12-18 20:22:28.273 E/HAL     ( 3335): bt_get_sdio_device_id,ret:0
12-18 20:22:28.273 E/HAL     ( 3335): ====device_id = 0
12-18 20:22:28.273 E/HAL     ( 3335): ==>.rtk.so
12-18 20:22:28.278 V/AudioCache( 1574): notify(0xb74a0568, 5, 0, 0)
12-18 20:22:28.278 V/AudioCache( 1574): ignored
12-18 20:22:28.278 V/AudioCache( 1574): notify(0xb74a0568, 1, 0, 0)
12-18 20:22:28.278 V/AudioCache( 1574): prepared
12-18 20:22:28.278 V/AudioCache( 1574): wait - success
12-18 20:22:28.278 V/MediaPlayerService( 1574): start
12-18 20:22:28.281 I/System.out( 2793): RxCache: ProcessorProvidersBehaviour-getDataFromLoader
12-18 20:22:28.281 I/System.out( 2793): RxCache: ProcessorProvidersBehaviour-getDataFromLoader clear cache before save data
12-18 20:22:28.281 V/AudioCache( 1574): open(48000, 2, 0x0, 1, 4)
12-18 20:22:28.281 I/System.out( 2793): RxCache: ProcessorProvidersBehaviour-getDataFromLoader save data
12-18 20:22:28.281 V/AudioCache( 1574): notify(0xb74a0568, 6, 0, 0)
12-18 20:22:28.281 V/AudioCache( 1574): ignored
12-18 20:22:28.281 V/MediaPlayerService( 1574): wait for playback complete
12-18 20:22:28.282 V/AudioCache( 1574): write(0xb74adb20, 4096)
12-18 20:22:28.282 V/AudioCache( 1574): memcpy(0xb4ab3000, 0xb74adb20, 4096)
12-18 20:22:28.282 D/BluetoothAdapterService( 3335): REFCOUNT: CREATED. INSTANCE_COUNT1
12-18 20:22:28.284 V/AudioCache( 1574): write(0xb74adb20, 4096)
12-18 20:22:28.284 V/AudioCache( 1574): memcpy(0xb4ab4000, 0xb74adb20, 4096)
12-18 20:22:28.285 V/AudioCache( 1574): write(0xb74adb20, 4096)
12-18 20:22:28.285 V/AudioCache( 1574): memcpy(0xb4ab5000, 0xb74adb20, 4096)
12-18 20:22:28.285 D/BluetoothManagerService( 2112): Message: 20
12-18 20:22:28.285 D/BluetoothManagerService( 2112): Added callback: android.bluetooth.IBluetoothManagerCallback$Stub$Proxy@41ccae68:true
12-18 20:22:28.285 D/BluetoothAdapterState( 3335): make
12-18 20:22:28.285 V/AudioCache( 1574): write(0xb74adb20, 4096)
12-18 20:22:28.285 V/AudioCache( 1574): memcpy(0xb4ab6000, 0xb74adb20, 4096)
12-18 20:22:28.285 V/AudioCache( 1574): write(0xb74adb20, 4096)
12-18 20:22:28.286 V/AudioCache( 1574): memcpy(0xb4ab7000, 0xb74adb20, 4096)
12-18 20:22:28.286 V/AudioCache( 1574): write(0xb74adb20, 4096)
12-18 20:22:28.286 V/AudioCache( 1574): memcpy(0xb4ab8000, 0xb74adb20, 4096)
12-18 20:22:28.287 V/AudioCache( 1574): write(0xb74adb20, 4096)
12-18 20:22:28.287 V/AudioCache( 1574): memcpy(0xb4ab9000, 0xb74adb20, 4096)
12-18 20:22:28.287 I/System.out( 2793): RxCache: Disk-save- key:index-section$d$d$d$http://183.235.11.39:8082/epg/api/page/biz_21804453.json$g$g$g$
12-18 20:22:28.287 V/AudioCache( 1574): write(0xb74adb20, 4096)
12-18 20:22:28.287 V/AudioCache( 1574): memcpy(0xb4aba000, 0xb74adb20, 4096)
12-18 20:22:28.287 V/AudioCache( 1574): write(0xb74adb20, 4096)
12-18 20:22:28.287 I/bluedroid( 3335): init
12-18 20:22:28.287 D/bluedroid( 3335): init rtkbt automatically
12-18 20:22:28.287 V/AudioCache( 1574): memcpy(0xb4abb000, 0xb74adb20, 4096)
12-18 20:22:28.288 V/AudioCache( 1574): write(0xb74adb20, 4096)
12-18 20:22:28.288 V/AudioCache( 1574): memcpy(0xb4abc000, 0xb74adb20, 4096)
12-18 20:22:28.288 I/BluetoothAdapterState( 3335): Entering OffState
12-18 20:22:28.288 V/AudioCache( 1574): write(0xb74adb20, 4096)
12-18 20:22:28.288 V/AudioCache( 1574): memcpy(0xb4abd000, 0xb74adb20, 4096)
12-18 20:22:28.288 V/AudioCache( 1574): write(0xb74adb20, 4096)
12-18 20:22:28.288 V/AudioCache( 1574): memcpy(0xb4abe000, 0xb74adb20, 4096)
12-18 20:22:28.289 V/AudioCache( 1574): write(0xb74adb20, 2816)
12-18 20:22:28.289 V/AudioCache( 1574): memcpy(0xb4abf000, 0xb74adb20, 2816)
12-18 20:22:28.289 I/RTKBT_API( 3335): rtkbt_loadconfig(/system/etc/bluetooth/rtkbt_plugin_heartbeat.conf) load!
12-18 20:22:28.289 W/RTKBT_API( 3335): rtkbt_loadconfig(/system/etc/bluetooth/rtkbt_plugin_heartbeat.conf) open fail!
12-18 20:22:28.290 I/RTKBT_HEARTBEAT( 3335): begin to heartbeat init 
12-18 20:22:28.291 D/bte_conf( 3335): Attempt to load rtkbt conf from /etc/bluetooth/rtkbt.conf
12-18 20:22:28.292 I/bte_conf( 3335): bt_hci_device_node   = /dev/ttyAMA1 
12-18 20:22:28.292 I/bte_conf( 3335): Attempt to load stack conf from /etc/bluetooth/bt_stack_rtk.conf
12-18 20:22:28.293 D/bte_conf( 3335): set rtkbt_btsnoopsaver property to 0, ret = 0
12-18 20:22:28.293 D/bte_conf( 3335): set rtkbt_logfilter property to 1, ret = 0
12-18 20:22:28.294 I/bluedroid( 3335): get_profile_interface socket
12-18 20:22:28.294 I/GKI_LINUX( 3335): gki_task_entry: gki_task_entry task_id=1 [BTIF] starting
12-18 20:22:28.294 I/BluetoothAdapterProperties( 3335): adapterPropertyChangedCallback with type:2 len:6
12-18 20:22:28.295 D/BluetoothAdapterProperties( 3335): Address is:04:BA:36:E5:A2:E2
12-18 20:22:28.295 I/BluetoothAdapterProperties( 3335): adapterPropertyChangedCallback with type:1 len:17
12-18 20:22:28.297 D/XiriService( 2962): http_request_string failed: Couldn't connect to server
12-18 20:22:28.303 V/AudioCache( 1574): notify(0xb74a0568, 2, 0, 0)
12-18 20:22:28.303 V/AudioCache( 1574): playback complete
12-18 20:22:28.303 V/AudioCache( 1574): notify(0xb74a0568, 7, 0, 0)
12-18 20:22:28.303 V/AudioCache( 1574): ignored
12-18 20:22:28.303 V/AudioCache( 1574): wait - success
12-18 20:22:28.304 V/MediaPlayerService( 1574): return size 51968, sampleRate=48000, channelCount = 2, format = 1
12-18 20:22:28.304 V/AudioCache( 1574): notify(0xb74a0568, 8, 0, 0)
12-18 20:22:28.304 V/AudioCache( 1574): ignored
12-18 20:22:28.304 V/OMXNodeInstance( 1574): calling destroyComponentInstance
12-18 20:22:28.305 V/OMXNodeInstance( 1574): destroyComponentInstance returned err 0
12-18 20:22:28.305 V/OMXNodeInstance( 1574): OMXNodeInstance going away.
12-18 20:22:28.306 D/BluetoothAdapterProperties( 3335): Name is: Realtek Bluetooth
12-18 20:22:28.315 D/BluetoothManagerService( 2112): BluetoothServiceConnection: com.android.bluetooth.btservice.AdapterService
12-18 20:22:28.315 D/BluetoothManagerService( 2112): Bluetooth Adapter name changed to Realtek Bluetooth
12-18 20:22:28.315 D/AudioService( 2112): handleDeviceConnection DEVICE_STATE_AVAILABLE
12-18 20:22:28.315 D/BluetoothManagerService( 2112): Stored Bluetooth name: Realtek Bluetooth
12-18 20:22:28.315 E/AudioPolicyManagerBase( 1574): setDeviceConnectionState() device: 400, state 1, address 
12-18 20:22:28.316 W/AudioPolicyManagerBase( 1574): checkOutputsForDevice(): No output available for device 0400
12-18 20:22:28.316 D/AudioService( 2112): onSetWiredDeviceConnectionState() device=1024, state = 1, isUsb= false
12-18 20:22:28.316 D/BluetoothManagerService( 2112): Message: 40
12-18 20:22:28.318 D/BluetoothManagerService( 2112): MESSAGE_BLUETOOTH_SERVICE_CONNECTED: 1
12-18 20:22:28.319 I/RecoverySystem( 2112): No recovery log file
12-18 20:22:28.319 I/bluedroid( 3335): config_hci_snoop_log
12-18 20:22:28.320 D/BluetoothManagerService( 2112): Calling onBluetoothServiceUp callbacks
12-18 20:22:28.320 D/BluetoothManagerService( 2112): Broadcasting onBluetoothServiceUp() to 4 receivers.
12-18 20:22:28.327 D/BluetoothAdapterState( 3335): CURRENT_STATE=OFF, MESSAGE = USER_TURN_ON
12-18 20:22:28.328 I/SectionViewImpl( 2793): no config standardViewAreaCode
12-18 20:22:28.328 I/BootReceiver( 2112): Copying audit failures to DropBox
12-18 20:22:28.328 I/BootReceiver( 2112): Checking for fsck errors
12-18 20:22:28.331 W/ActivityManager( 2112): Unable to start service Intent { cmp=com.android.hiBTAutopair/.BluetoothService } U=0: not found
12-18 20:22:28.332 D/BluetoothAdapterProperties( 3335): Setting state to 11
12-18 20:22:28.332 I/BluetoothAdapterState( 3335): Bluetooth adapter state changed: 10-> 11
12-18 20:22:28.332 D/BluetoothAdapterService( 3335): Broadcasting updateAdapterState() to 1 receivers.
12-18 20:22:28.332 D/BluetoothManagerService( 2112): Message: 60
12-18 20:22:28.332 D/BluetoothManagerService( 2112): MESSAGE_BLUETOOTH_STATE_CHANGE: prevState = 10, newState=11
12-18 20:22:28.332 D/BluetoothManagerService( 2112): Bluetooth State Change Intent: 10 -> 11
12-18 20:22:28.335 D/BluetoothBondStateMachine( 3335): make
12-18 20:22:28.335 D/HiRMService( 2576): mNetReceiver onReceive --android.bluetooth.adapter.action.STATE_CHANGED
12-18 20:22:28.335 D/HiRMService( 2576): ACTION_STATE_CHANGED : mBluetoothMode.getEnableFlag() = false ; state = 11
12-18 20:22:28.335 I/ActivityManager( 2112): Delay finish: com.android.providers.media/.MediaScannerReceiver
12-18 20:22:28.337 I/BluetoothBondStateMachine( 3335): StableState(): Entering Off State
12-18 20:22:28.343 I/BootReceiver( 2112): Copying /data/tombstones/tombstone_00 to DropBox (SYSTEM_TOMBSTONE)
12-18 20:22:28.344 D/StorageManager( 2921): xxx getPath/mnt/sdcard
12-18 20:22:28.344 D/StorageManager( 2921): xxx getPath/mnt/sda/sda1
12-18 20:22:28.352 I/SectionViewImpl( 2793): no config standardViewAreaCode
12-18 20:22:28.360 I/SectionViewImpl( 2793): no config standardViewAreaCode
12-18 20:22:28.365 D/dalvikvm( 2112): GC_CONCURRENT freed 1032K, 19% free 4900K/5988K, paused 2ms+4ms, total 43ms
12-18 20:22:28.365 D/dalvikvm( 2112): WAIT_FOR_CONCURRENT_GC blocked 21ms
12-18 20:22:28.365 D/dalvikvm( 2112): WAIT_FOR_CONCURRENT_GC blocked 22ms
12-18 20:22:28.365 D/dalvikvm( 2112): WAIT_FOR_CONCURRENT_GC blocked 20ms
12-18 20:22:28.374 D/RtkbtService( 3335): initBinder()
12-18 20:22:28.375 D/RtkbtService( 3335): Received start request. Starting profile...
12-18 20:22:28.376 D/RtkbtService( 3335): start RTKBT Service
12-18 20:22:28.376 I/RTKBT   ( 3335): InitNative
12-18 20:22:28.376 I/bluedroid( 3335): get_profile_interface rtkbt
12-18 20:22:28.376 D/RTKBT_API( 3335): init rtkbt already initialized
12-18 20:22:28.376 E/RTKBT   ( 3335): Bluetooth rtkbt successfully
12-18 20:22:28.378 D/RtkbtService( 3335): setRtkbtService(): set to: com.android.bluetooth.rtkbt.RtkbtService@41b151e8
12-18 20:22:28.378 D/BluetoothAdapterService( 3335): Profile still not running:com.android.bluetooth.map.BluetoothMapService
12-18 20:22:28.379 I/InfinitePageController_Page:4( 2793): InfinitePageController#ChildDrawingOrderCallback- pageIndex: 	4	childCount:	2	i:	0	focusedIndex:	-1	result:	1
12-18 20:22:28.380 I/InfinitePageController_Page:4( 2793): InfinitePageController#ChildDrawingOrderCallback- pageIndex: 	4	childCount:	2	i:	1	focusedIndex:	-1	result:	0
12-18 20:22:28.380 I/InfinitePageController_Page:5( 2793): InfinitePageController#ChildDrawingOrderCallback- pageIndex: 	5	childCount:	3	i:	0	focusedIndex:	-1	result:	2
12-18 20:22:28.380 I/BootReceiver( 2112): Copying /data/tombstones/tombstone_01 to DropBox (SYSTEM_TOMBSTONE)
12-18 20:22:28.383 I/InfinitePageController_Page:5( 2793): InfinitePageController#ChildDrawingOrderCallback- pageIndex: 	5	childCount:	3	i:	1	focusedIndex:	-1	result:	1
12-18 20:22:28.383 D/BluetoothHeadset( 2112): Proxy object connected
12-18 20:22:28.384 D/HeadsetService( 3335): Received start request. Starting profile...
12-18 20:22:28.385 I/BluetoothHeadsetServiceJni( 3335): classInitNative: succeeds
12-18 20:22:28.385 D/HeadsetStateMachine( 3335): make
12-18 20:22:28.389 I/InfinitePageController_Page:5( 2793): InfinitePageController#ChildDrawingOrderCallback- pageIndex: 	5	childCount:	3	i:	2	focusedIndex:	-1	result:	0
12-18 20:22:28.390 E/HeadsetStateMachine( 3335): Could not bind to Bluetooth Headset Phone Service
12-18 20:22:28.390 I/bluedroid( 3335): get_profile_interface handsfree
12-18 20:22:28.397 I/CircleCornerLayout( 2793): draw
12-18 20:22:28.405 I/InfinitePageController_Page:6( 2793): InfinitePageController#ChildDrawingOrderCallback- pageIndex: 	6	childCount:	2	i:	0	focusedIndex:	-1	result:	1
12-18 20:22:28.406 I/InfinitePageController_Page:6( 2793): InfinitePageController#ChildDrawingOrderCallback- pageIndex: 	6	childCount:	2	i:	1	focusedIndex:	-1	result:	0
12-18 20:22:28.408 I/CircleCornerLayout( 2793): draw
12-18 20:22:28.409 I/CircleCornerLayout( 2793): draw
12-18 20:22:28.410 D/BluetoothA2dp( 2112): Proxy object connected
12-18 20:22:28.412 D/A2dpService( 3335): Received start request. Starting profile...
12-18 20:22:28.412 I/BluetoothA2dpServiceJni( 3335): classInitNative: succeeds
12-18 20:22:28.412 D/A2dpStateMachine( 3335): make
12-18 20:22:28.413 I/bluedroid( 3335): get_profile_interface a2dp
12-18 20:22:28.413 I/GKI_LINUX( 3335): gki_task_entry: gki_task_entry task_id=2 [A2DP-MEDIA] starting
12-18 20:22:28.416 I/BluetoothAvrcpServiceJni( 3335): classInitNative: succeeds
12-18 20:22:28.416 V/Avrcp   ( 3335): make
12-18 20:22:28.416 I/bluedroid( 3335): get_profile_interface avrcp
12-18 20:22:28.417 D/A2dpStateMachine( 3335): Enter Disconnected: -2
12-18 20:22:28.422 I/CircleCornerLayout( 2793): draw
12-18 20:22:28.422 I/CircleCornerLayout( 2793): draw
12-18 20:22:28.422 I/CircleCornerLayout( 2793): draw
12-18 20:22:28.427 I/BluetoothHidServiceJni( 3335): classInitNative: succeeds
12-18 20:22:28.428 D/HidService( 3335): Received start request. Starting profile...
12-18 20:22:28.429 I/bluedroid( 3335): get_profile_interface hidhost
12-18 20:22:28.429 D/BluetoothAdapterService( 3335): Profile still not running:com.android.bluetooth.map.BluetoothMapService
12-18 20:22:28.429 I/BluetoothHealthServiceJni( 3335): classInitNative: succeeds
12-18 20:22:28.431 D/HealthService( 3335): Received start request. Starting profile...
12-18 20:22:28.432 I/bluedroid( 3335): get_profile_interface health
12-18 20:22:28.432 I/BluetoothPanServiceJni( 3335): classInitNative(L105): succeeds
12-18 20:22:28.434 D/PanService( 3335): Received start request. Starting profile...
12-18 20:22:28.434 D/BluetoothPanServiceJni( 3335): initializeNative(L110): pan
12-18 20:22:28.434 I/bluedroid( 3335): get_profile_interface pan
12-18 20:22:28.436 I/SingleImageView( 2793): costTime##createCornerTextView##start
12-18 20:22:28.438 D/BluetoothAdapterService( 3335): Profile still not running:com.android.bluetooth.map.BluetoothMapService
12-18 20:22:28.439 D/BluetoothAdapterService( 3335): Profile still not running:com.android.bluetooth.map.BluetoothMapService
12-18 20:22:28.439 I/SingleImageView( 2793): costTime##createCornerTextView##end
12-18 20:22:28.439 I/SingleImageView( 2793): SingleImageView#showFullData##end
12-18 20:22:28.440 I/BtGatt.JNI( 3335): classInitNative(L685): classInitNative: Success!
12-18 20:22:28.441 D/pcapcmcc4( 3088): send_tcp_data_to_server_new: 2
12-18 20:22:28.441 D/pcapcmcc4( 3088): --- Send session --- Addr(1, 100.97.24.113 ~ 183.235.11.40) 
12-18 20:22:28.441 D/pcapcmcc4( 3088):  	 HTTPDATA:100.97.24.113#42871#183.235.11.40#8081#24310#24310#24310#24317#24310#24316#24317#1005#11#0#14029#14689#10#0#183.235.11.40:8081#/pics/apk_site/biz_26027652/positions/BizPosition_8975/element_102141/images/element_102141_img_20201119181057.pngg#200#21#0#0#2#153728#139269#124800#0#0#0#
12-18 20:22:28.441 D/pcapcmcc4( 3088): 
12-18 20:22:28.441 D/pcapcmcc4( 3088): reset pkg_num!
12-18 20:22:28.445 D/BtGatt.DebugUtils( 3335): handleDebugAction() action=null
12-18 20:22:28.445 I/BluetoothAdapterState( 3335): Entering PendingCommandState State: isTurningOn()=true, isTurningOff()=false
12-18 20:22:28.446 D/BtGatt.GattService( 3335): Received start request. Starting profile...
12-18 20:22:28.447 D/BtGatt.GattService( 3335): start()
12-18 20:22:28.447 I/bluedroid( 3335): get_profile_interface gatt
12-18 20:22:28.449 D/BluetoothAdapterService( 3335): Profile still not running:com.android.bluetooth.map.BluetoothMapService
12-18 20:22:28.449 D/BluetoothAdapterService( 3335): Profile still not running:com.android.bluetooth.map.BluetoothMapService
12-18 20:22:28.458 D/BluetoothMapService( 3335): Received start request. Starting profile...
12-18 20:22:28.458 D/BluetoothMapService( 3335): start()
12-18 20:22:28.459 D/BluetoothAdapterService( 3335): Profile still not running:com.android.bluetooth.map.BluetoothMapService
12-18 20:22:28.460 D/BluetoothAdapterState( 3335): CURRENT_STATE=PENDING, MESSAGE = STARTED, isTurningOn=true, isTurningOff=false
12-18 20:22:28.460 I/bluedroid( 3335): enable
12-18 20:22:28.461 D/bt_hci_bdroid( 3335): get rtkbt_logfilter property , ret = 1
12-18 20:22:28.462 D/bt_hci_bdroid( 3335): temp is 1
12-18 20:22:28.462 D/bt_hci_bdroid( 3335): rtkbt_logfilter after property_get is 1
12-18 20:22:28.462 D/bt_hci_bdroid( 3335): get rtkbt_btsnoopsaver property , ret = 1
12-18 20:22:28.462 D/bt_hci_bdroid( 3335): temp is 0
12-18 20:22:28.462 D/bt_hci_bdroid( 3335): rtkbt_btsnoopsaver after property_get is 0
12-18 20:22:28.462 I/bt_hci_bdroid( 3335): init
12-18 20:22:28.463 I/bt_vendor_uart( 3335): RTKBT_RELEASE_NAME: 20200109_TV_ANDROID_4.4(Beta)
12-18 20:22:28.463 I/bt_vendor_uart( 3335): init
12-18 20:22:28.463 E/bt_vendor_uart( 3335): bt_wake_up_host_mode_set(1)
12-18 20:22:28.464 E/bt_upio ( 3335): bt_wake_up_host_mode_set
12-18 20:22:28.464 E/bt_upio ( 3335): bt_wake_up_host_mode_set path:/proc/bluetooth/sleep/lpm
12-18 20:22:28.464 E/bt_upio ( 3335): bt_wake_up_host_mode_set fd:-1 = open(path, O_RDWR): open(/proc/bluetooth/sleep/lpm) failed: No such file or directory (2)
12-18 20:22:28.464 I/bt_hci_bdroid( 3335): use H5
12-18 20:22:28.464 D/bt_upio ( 3335): is_emulator_context : 0
12-18 20:22:28.464 D/bt_upio ( 3335): is_rfkill_disabled ? [0]
12-18 20:22:28.465 D/bt_upio ( 3335): is_rfkill_disabled ? [0]
12-18 20:22:28.465 I/AOService( 1580): hdmi_observer  change@/devices/platform/hi-rfkill.0/rfkill/rfkill0
12-18 20:22:28.467 I/bt_hci_bdroid( 3335): bt_hc_worker_thread started
12-18 20:22:28.480 D/MountService( 2112): [ getUserLabelByPath ]retStr = null
12-18 20:22:28.481 D/MountService( 2112): [ getUserLabelByPath ]retStr = null
12-18 20:22:28.481 D/MountService( 2112): [ getUserLabelByPath ]retStr = null
12-18 20:22:28.482 D/MountService( 2112): [ getUserLabelByPath ]retStr = null
12-18 20:22:28.483 D/MountService( 2112): [ getUserLabelByPath ]retStr = null
12-18 20:22:28.484 D/MountService( 2112): [ getUserLabelByPath ]retStr = null
12-18 20:22:28.484 D/MountService( 2112): [ getUserLabelByPath ]retStr = null
12-18 20:22:28.485 D/MountService( 2112): [ getUserLabelByPath ]retStr = null
12-18 20:22:28.486 D/MountService( 2112): [ getUserLabelByPath ]retStr = null
12-18 20:22:28.487 D/MountService( 2112): [ getUserLabelByPath ]retStr = null
12-18 20:22:28.488 D/MountService( 2112): [ getUserLabelByPath ]retStr = null
12-18 20:22:28.489 D/MountService( 2112): [ getUserLabelByPath ]retStr = null
12-18 20:22:28.489 D/MountService( 2112): [ getUserLabelByPath ]retStr = null
12-18 20:22:28.490 D/MountService( 2112): [ getUserLabelByPath ]retStr = null
12-18 20:22:28.497 V/MediaScanner( 2921): doScanFile: /system/media/audio
12-18 20:22:28.497 V/MediaScanner( 2921): doScanFile: /system/media/audio/alarms
12-18 20:22:28.497 V/MediaScanner( 2921): doScanFile: /system/media/audio/alarms/Alarm_Classic.ogg
12-18 20:22:28.502 D/pcapcmcc4( 3088): send_tcp_data_to_server_new: 2
12-18 20:22:28.502 D/pcapcmcc4( 3088): --- Send session --- Addr(1, 100.97.24.113 ~ 183.235.11.40) 
