12-18 20:22:29.254 D/pcapcmcc4( 3088): send_tcp_data_to_server_new: 2
12-18 20:22:29.254 D/pcapcmcc4( 3088): --- Send session --- Addr(1, 100.97.24.113 ~ 183.235.11.40) 
12-18 20:22:29.254 D/pcapcmcc4( 3088):  	 HTTPDATA:100.97.24.113#41316#183.235.11.40#8081#26387#26387#26387#26404#26387#26400#26404#2902#40#1#55633#58207#39#1#183.235.11.40:8081#/pics/micro-picture/category_item/2020-12-18/0f39a474-f5ed-4011-a224-1f49bbe13a18.jpgmages/element_115275_img_20200904145008.png#200#79#0#0#2#495488#462787#411520#0#0#0#
12-18 20:22:29.254 D/pcapcmcc4( 3088): 
12-18 20:22:29.254 D/pcapcmcc4( 3088): reset pkg_num!
12-18 20:22:29.255 I/SingleImageView( 2793): costTime##createCornerTextView##start
12-18 20:22:29.259 I/SingleImageView( 2793): costTime##createCornerTextView##end
12-18 20:22:29.259 I/SingleImageView( 2793): SingleImageView#showFullData##end
12-18 20:22:29.259 I/dalvikvm( 2712): Could not find method android.os.BatteryManager.getIntProperty, referenced from method com.cmdc.ota.util.DeviceUtil.getBattery
12-18 20:22:29.259 W/dalvikvm( 2712): VFY: unable to resolve virtual method 129: Landroid/os/BatteryManager;.getIntProperty (I)I
12-18 20:22:29.259 D/dalvikvm( 2712): VFY: replacing opcode 0x6e at 0x000f
12-18 20:22:29.261 I/SingleImageView( 2793): costTime##createCornerTextView##start
12-18 20:22:29.264 I/SingleImageView( 2793): costTime##createCornerTextView##end
12-18 20:22:29.264 I/SingleImageView( 2793): SingleImageView#showFullData##end
12-18 20:22:29.265 E/dalvikvm( 2712): Could not find class 'android.app.usage.NetworkStatsManager', referenced from method com.cmdc.ota.util.DeviceUtil.getNetWorkFlow
12-18 20:22:29.265 W/dalvikvm( 2712): VFY: unable to resolve check-cast 19 (Landroid/app/usage/NetworkStatsManager;) in Lcom/cmdc/ota/util/DeviceUtil;
12-18 20:22:29.265 D/dalvikvm( 2712): VFY: replacing opcode 0x1f at 0x0018
12-18 20:22:29.266 I/SingleImageView( 2793): costTime##createCornerTextView##start
12-18 20:22:29.269 I/SingleImageView( 2793): costTime##createCornerTextView##end
12-18 20:22:29.269 I/SingleImageView( 2793): SingleImageView#showFullData##end
12-18 20:22:29.272 I/SingleImageView( 2793): costTime##createCornerTextView##start
12-18 20:22:29.275 I/dalvikvm( 2712): Could not find method android.telephony.SubscriptionManager.from, referenced from method com.cmdc.ota.util.SystemUtil.getIccid
12-18 20:22:29.275 I/SingleImageView( 2793): costTime##createCornerTextView##end
12-18 20:22:29.276 I/SingleImageView( 2793): SingleImageView#showFullData##end
12-18 20:22:29.276 W/dalvikvm( 2712): VFY: unable to resolve static method 1127: Landroid/telephony/SubscriptionManager;.from (Landroid/content/Context;)Landroid/telephony/SubscriptionManager;
12-18 20:22:29.276 D/dalvikvm( 2712): VFY: replacing opcode 0x71 at 0x0006
12-18 20:22:29.276 D/pcapcmcc4( 3088): send_tcp_data_to_server_new: 2
12-18 20:22:29.276 D/pcapcmcc4( 3088): --- Send session --- Addr(1, 100.97.24.113 ~ 183.235.11.40) 
12-18 20:22:29.276 D/pcapcmcc4( 3088):  	 HTTPDATA:100.97.24.113#42871#183.235.11.40#8081#26390#26390#26390#26400#26390#26396#26400#1660#21#0#50749#53125#36#2#183.235.11.40:8081#/pics/micro-picture/category_item/2020-12-18/f729d81b-2685-49b9-bf91-2c82272c9216.jpgmages/element_115279_img_20200904145043.png#200#57#0#0#2#522880#504115#489280#0#0#0#
12-18 20:22:29.276 D/pcapcmcc4( 3088): 
12-18 20:22:29.276 I/dalvikvm( 2712): Could not find method android.telephony.TelephonyManager.getImei, referenced from method com.cmdc.ota.util.SystemUtil.getImei
12-18 20:22:29.276 D/pcapcmcc4( 3088): reset pkg_num!
12-18 20:22:29.276 W/dalvikvm( 2712): VFY: unable to resolve virtual method 1132: Landroid/telephony/TelephonyManager;.getImei ()Ljava/lang/String;
12-18 20:22:29.276 D/dalvikvm( 2712): VFY: replacing opcode 0x6e at 0x000e
12-18 20:22:29.277 I/dalvikvm( 2712): Could not find method android.telephony.TelephonyManager.getImei, referenced from method com.cmdc.ota.util.SystemUtil.getImei
12-18 20:22:29.277 W/dalvikvm( 2712): VFY: unable to resolve virtual method 1133: Landroid/telephony/TelephonyManager;.getImei (I)Ljava/lang/String;
12-18 20:22:29.277 D/dalvikvm( 2712): VFY: replacing opcode 0x6e at 0x000e
12-18 20:22:29.277 I/dalvikvm( 2712): Could not find method android.telephony.TelephonyManager.getDeviceId, referenced from method com.cmdc.ota.util.SystemUtil.getImei
12-18 20:22:29.277 W/dalvikvm( 2712): VFY: unable to resolve virtual method 1131: Landroid/telephony/TelephonyManager;.getDeviceId (I)Ljava/lang/String;
12-18 20:22:29.277 D/dalvikvm( 2712): VFY: replacing opcode 0x6e at 0x0019
12-18 20:22:29.277 I/SingleImageView( 2793): costTime##createCornerTextView##start
12-18 20:22:29.278 I/dalvikvm( 2712): Could not find method android.telephony.TelephonyManager.getMeid, referenced from method com.cmdc.ota.util.SystemUtil.getMeid
12-18 20:22:29.278 W/dalvikvm( 2712): VFY: unable to resolve virtual method 1135: Landroid/telephony/TelephonyManager;.getMeid ()Ljava/lang/String;
12-18 20:22:29.278 D/dalvikvm( 2712): VFY: replacing opcode 0x6e at 0x000e
12-18 20:22:29.279 D/dalvikvm( 2563): GC_EXPLICIT freed 505K, 15% free 3302K/3860K, paused 2ms+27ms, total 76ms
12-18 20:22:29.279 I/dalvikvm( 2712): Could not find method android.telephony.SubscriptionManager.from, referenced from method com.cmdc.ota.util.SystemUtil.getSubId
12-18 20:22:29.279 W/dalvikvm( 2712): VFY: unable to resolve static method 1127: Landroid/telephony/SubscriptionManager;.from (Landroid/content/Context;)Landroid/telephony/SubscriptionManager;
12-18 20:22:29.280 D/dalvikvm( 2712): VFY: replacing opcode 0x71 at 0x0006
12-18 20:22:29.281 I/SingleImageView( 2793): costTime##createCornerTextView##end
12-18 20:22:29.281 I/SingleImageView( 2793): SingleImageView#showFullData##end
12-18 20:22:29.282 D/EventBus( 2712): No subscribers registered for event class com.cmdc.ota.bean.BootMessage
12-18 20:22:29.282 I/SingleImageView( 2793): costTime##createCornerTextView##start
12-18 20:22:29.283 D/EventBus( 2712): No subscribers registered for event class org.greenrobot.eventbus.NoSubscriberEvent
12-18 20:22:29.286 I/SingleImageView( 2793): costTime##createCornerTextView##end
12-18 20:22:29.286 I/SingleImageView( 2793): SingleImageView#showFullData##end
12-18 20:22:29.288 I/SingleImageView( 2793): costTime##createCornerTextView##start
12-18 20:22:29.292 I/SingleImageView( 2793): costTime##createCornerTextView##end
12-18 20:22:29.292 I/SingleImageView( 2793): SingleImageView#showFullData##end
12-18 20:22:29.294 I/SingleImageView( 2793): costTime##createCornerTextView##start
12-18 20:22:29.297 I/SingleImageView( 2793): costTime##createCornerTextView##end
12-18 20:22:29.297 I/SingleImageView( 2793): SingleImageView#showFullData##end
12-18 20:22:29.299 I/SingleImageView( 2793): costTime##createCornerTextView##start
12-18 20:22:29.371 D/dalvikvm( 2793): GC_FOR_ALLOC freed 87K, 7% free 92361K/98548K, paused 71ms, total 72ms
12-18 20:22:29.377 I/SingleImageView( 2793): costTime##createCornerTextView##end
12-18 20:22:29.377 I/SingleImageView( 2793): SingleImageView#showFullData##end
12-18 20:22:29.379 I/SingleImageView( 2793): costTime##createCornerTextView##start
12-18 20:22:29.416 E/bt_h5   ( 3335): h5_timeout_handler
12-18 20:22:29.417 E/bt_h5   ( 3335): Wait H5 Sync Resp timeout, 0 times
12-18 20:22:29.442 D/dalvikvm( 2793): GC_FOR_ALLOC freed 5K, 6% free 94004K/99972K, paused 61ms, total 61ms
12-18 20:22:29.446 I/SingleImageView( 2793): costTime##createCornerTextView##end
12-18 20:22:29.446 I/SingleImageView( 2793): SingleImageView#showFullData##end
12-18 20:22:29.448 I/SingleImageView( 2793): costTime##createCornerTextView##start
12-18 20:22:29.451 I/SingleImageView( 2793): costTime##createCornerTextView##end
12-18 20:22:29.451 I/SingleImageView( 2793): SingleImageView#showFullData##end
12-18 20:22:29.452 I/SingleImageView( 2793): costTime##createCornerTextView##start
12-18 20:22:29.453 D/pcapcmcc4( 3088): send_tcp_data_to_server_new: 2
12-18 20:22:29.453 D/pcapcmcc4( 3088): --- Send session --- Addr(1, 100.97.24.113 ~ 183.235.11.40) 
12-18 20:22:29.453 D/pcapcmcc4( 3088):  	 HTTPDATA:100.97.24.113#55406#183.235.11.40#8081#26572#26572#26572#26607#26572#26585#26607#6400#92#1#162170#169562#112#2#183.235.11.40:8081#/pics/apk_site/biz_58411101/biz_44159017/positions/BizPosition_8807/element_162638/images/element_162638_img_20201218162742.jpgg#200#204#0#1#2#508096#437074#330432#0#0#0#
12-18 20:22:29.453 D/pcapcmcc4( 3088): 
12-18 20:22:29.454 D/pcapcmcc4( 3088): reset pkg_num!
12-18 20:22:29.454 D/pcapcmcc4( 3088): send_tcp_data_to_server_new: 2
12-18 20:22:29.454 D/pcapcmcc4( 3088): --- Send session --- Addr(1, 100.97.24.113 ~ 183.235.11.40) 
12-18 20:22:29.454 D/pcapcmcc4( 3088):  	 HTTPDATA:100.97.24.113#41316#183.235.11.40#8081#26578#26578#26578#26616#26578#26594#26616#1536#20#0#33391#34975#24#0#183.235.11.40:8081#/pics/position/202008/21/2020082114304324993122.png74-f5ed-4011-a224-1f49bbe13a18.jpg#200#44#0#0#2#518656#509779#495488#0#0#0#
12-18 20:22:29.454 D/pcapcmcc4( 3088): 
12-18 20:22:29.454 D/pcapcmcc4( 3088): reset pkg_num!
12-18 20:22:29.454 D/pcapcmcc4( 3088): send_tcp_data_to_server_new: 2
12-18 20:22:29.454 D/pcapcmcc4( 3088): --- Send session --- Addr(1, 100.97.24.113 ~ 183.235.11.40) 
12-18 20:22:29.454 D/pcapcmcc4( 3088):  	 HTTPDATA:100.97.24.113#42871#183.235.11.40#8081#26599#26599#26599#26618#26599#26609#26618#1812#24#1#33077#34661#24#1#183.235.11.40:8081#/pics/position/202008/21/2020082114314457237813.png1b-2685-49b9-bf91-2c82272c9216.jpg#200#48#0#0#2#522880#514282#502784#0#0#0#
12-18 20:22:29.454 D/pcapcmcc4( 3088): 
12-18 20:22:29.454 D/pcapcmcc4( 3088): reset pkg_num!
12-18 20:22:29.456 I/SingleImageView( 2793): costTime##createCornerTextView##end
12-18 20:22:29.456 I/SingleImageView( 2793): SingleImageView#showFullData##end
12-18 20:22:29.457 I/SingleImageView( 2793): costTime##createCornerTextView##start
12-18 20:22:29.460 I/SingleImageView( 2793): costTime##createCornerTextView##end
12-18 20:22:29.460 I/SingleImageView( 2793): SingleImageView#showFullData##end
12-18 20:22:29.461 I/SingleImageView( 2793): costTime##createCornerTextView##start
12-18 20:22:29.465 I/SingleImageView( 2793): costTime##createCornerTextView##end
12-18 20:22:29.465 I/SingleImageView( 2793): SingleImageView#showFullData##end
12-18 20:22:29.468 I/SingleImageView( 2793): costTime##createCornerTextView##start
12-18 20:22:29.471 I/SingleImageView( 2793): costTime##createCornerTextView##end
12-18 20:22:29.471 I/SingleImageView( 2793): SingleImageView#showFullData##end
12-18 20:22:29.472 I/SingleImageView( 2793): costTime##createCornerTextView##start
12-18 20:22:29.475 D/pcapcmcc4( 3088): send_tcp_data_to_server_new: 2
12-18 20:22:29.475 I/SingleImageView( 2793): costTime##createCornerTextView##end
12-18 20:22:29.475 I/SingleImageView( 2793): SingleImageView#showFullData##end
12-18 20:22:29.475 D/pcapcmcc4( 3088): --- Send session --- Addr(1, 100.97.24.113 ~ 183.235.11.40) 
12-18 20:22:29.475 D/pcapcmcc4( 3088):  	 HTTPDATA:100.97.24.113#40221#183.235.11.40#8081#26573#26573#26573#26698#26573#26580#26698#6610#95#0#342509#359268#238#4#183.235.11.40:8081#/pics/apk_site/biz_58411101/biz_44159017/positions/BizPosition_8805/element_161508/images/element_161508_img_20201218163019.jpg#200#333#0#0#2#633024#626617#562880#0#1#0#
12-18 20:22:29.475 D/pcapcmcc4( 3088): 
12-18 20:22:29.475 D/pcapcmcc4( 3088): reset pkg_num!
12-18 20:22:29.475 I/Choreographer( 2793): Skipped 33 frames!  The application may be doing too much work on its main thread.
12-18 20:22:29.492 D/pcapcmcc4( 3088): send_tcp_data_to_server_new: 2
12-18 20:22:29.493 D/pcapcmcc4( 3088): --- Send session --- Addr(1, 100.97.24.113 ~ 183.235.11.40) 
12-18 20:22:29.493 D/pcapcmcc4( 3088):  	 HTTPDATA:100.97.24.113#42871#183.235.11.40#8081#26777#26777#26777#26786#26777#26783#26786#414#3#0#34890#36540#25#0#183.235.11.40:8081#/pics/position/202008/21/2020082114312286630054.png#200#28#0#0#2#522880#522880#522880#0#0#0#
12-18 20:22:29.493 D/pcapcmcc4( 3088): 
12-18 20:22:29.493 D/pcapcmcc4( 3088): reset pkg_num!
12-18 20:22:29.495 D/pcapcmcc4( 3088): send_tcp_data_to_server_new: 2
12-18 20:22:29.495 D/pcapcmcc4( 3088): --- Send session --- Addr(1, 100.97.24.113 ~ 183.235.11.40) 
12-18 20:22:29.495 D/pcapcmcc4( 3088):  	 HTTPDATA:100.97.24.113#55406#183.235.11.40#8081#26776#26776#26776#26789#26776#26786#26789#1890#25#0#33543#35127#24#2#183.235.11.40:8081#/pics/position/202008/21/2020082114311431200800.pngBizPosition_8807/element_162638/images/element_162638_img_20201218162742.jpg#200#49#0#0#2#576576#544596#509952#0#0#0#
12-18 20:22:29.495 D/pcapcmcc4( 3088): 
12-18 20:22:29.495 D/pcapcmcc4( 3088): reset pkg_num!
12-18 20:22:29.508 D/pcapcmcc4( 3088): send_tcp_data_to_server_new: 2
12-18 20:22:29.508 I/InfinitePageController_Page:4( 2793): InfinitePageController#ChildDrawingOrderCallback- pageIndex: 	4	childCount:	2	i:	0	focusedIndex:	-1	result:	1
12-18 20:22:29.508 D/pcapcmcc4( 3088): --- Send session --- Addr(1, 100.97.24.113 ~ 183.235.11.40) 
12-18 20:22:29.508 D/pcapcmcc4( 3088):  	 HTTPDATA:100.97.24.113#41316#183.235.11.40#8081#26777#26777#26777#26798#26777#26789#26798#557#4#0#28616#29936#20#0#183.235.11.40:8081#/pics/apk_site/biz_58411101/biz_12415691/positions/BizPosition_19629/element_143869/images/element_143869_img_20201026142331.png#200#24#0#0#2#522880#521488#518656#0#0#0#
12-18 20:22:29.508 D/pcapcmcc4( 3088): 
12-18 20:22:29.508 D/pcapcmcc4( 3088): reset pkg_num!
12-18 20:22:29.508 I/CircleCornerLayout( 2793): draw
12-18 20:22:29.509 I/CircleCornerLayout( 2793): draw
12-18 20:22:29.509 I/CircleCornerLayout( 2793): draw
12-18 20:22:29.510 I/CircleCornerLayout( 2793): draw
12-18 20:22:29.527 D/pcapcmcc4( 3088): send_tcp_data_to_server_new: 0
12-18 20:22:29.527 D/pcapcmcc4( 3088): --- Send session --- Addr(1, 100.97.24.113 ~ 183.235.11.103) 
12-18 20:22:29.527 D/pcapcmcc4( 3088):  	 HTTPDATA:100.97.24.113#47946#183.235.11.103#9000#21828#21837#21838#26850#21838#21849#26850#514#4#0#542#815#4#0#183.235.11.103:9000#/interactsys-aaa-local/auth/loginNG.do?&virtual=1&operatorCode=24400&cid=ydtest5&STBType=&deviceId=ydtest5#200#8#0#0#0#30336#29504#29184#0#0#0#
12-18 20:22:29.527 D/pcapcmcc4( 3088): 
12-18 20:22:29.574 D/dalvikvm( 2793): GC_FOR_ALLOC freed 91K, 6% free 96144K/102032K, paused 64ms, total 64ms
12-18 20:22:29.575 I/CircleCornerLayout( 2793): draw
12-18 20:22:29.576 I/CircleCornerLayout( 2793): draw
12-18 20:22:29.576 I/CircleCornerLayout( 2793): draw
12-18 20:22:29.576 I/CircleCornerLayout( 2793): draw
12-18 20:22:29.576 I/InfinitePageController_Page:4( 2793): InfinitePageController#ChildDrawingOrderCallback- pageIndex: 	4	childCount:	2	i:	1	focusedIndex:	-1	result:	0
12-18 20:22:29.576 I/CircleCornerLayout( 2793): draw
12-18 20:22:29.576 I/CircleCornerLayout( 2793): draw
12-18 20:22:29.577 I/CircleCornerLayout( 2793): draw
12-18 20:22:29.577 D/pcapcmcc4( 3088): send_tcp_data_to_server_new: 2
12-18 20:22:29.577 I/InfinitePageController_Page:5( 2793): InfinitePageController#ChildDrawingOrderCallback- pageIndex: 	5	childCount:	3	i:	0	focusedIndex:	-1	result:	2
12-18 20:22:29.577 D/pcapcmcc4( 3088): --- Send session --- Addr(1, 100.97.24.113 ~ 183.235.11.40) 
12-18 20:22:29.577 D/pcapcmcc4( 3088):  	 HTTPDATA:100.97.24.113#40221#183.235.11.40#8081#26799#26799#26799#26810#26799#26806#26810#1272#16#0#30875#32327#22#0#183.235.11.40:8081#/pics/position/202008/18/2020081815554928949044.pngBizPosition_8805/element_161508/images/element_161508_img_20201218163019.jpg#200#38#0#0#2#633024#628415#621248#0#0#0#
12-18 20:22:29.577 D/pcapcmcc4( 3088): 
12-18 20:22:29.577 D/pcapcmcc4( 3088): reset pkg_num!
12-18 20:22:29.577 I/CircleCornerLayout( 2793): draw
12-18 20:22:29.579 I/CircleCornerLayout( 2793): draw
12-18 20:22:29.581 I/CircleCornerLayout( 2793): draw
12-18 20:22:29.582 I/CircleCornerLayout( 2793): draw
12-18 20:22:29.583 I/CircleCornerLayout( 2793): draw
12-18 20:22:29.585 I/CircleCornerLayout( 2793): draw
12-18 20:22:29.587 I/InfinitePageController_Page:5( 2793): InfinitePageController#ChildDrawingOrderCallback- pageIndex: 	5	childCount:	3	i:	1	focusedIndex:	-1	result:	1
12-18 20:22:29.587 I/CircleCornerLayout( 2793): draw
12-18 20:22:29.590 D/pcapcmcc4( 3088): send_tcp_data_to_server_new: 2
12-18 20:22:29.590 D/pcapcmcc4( 3088): --- Send session --- Addr(1, 100.97.24.113 ~ 183.235.11.40) 
12-18 20:22:29.590 D/pcapcmcc4( 3088):  	 HTTPDATA:100.97.24.113#42871#183.235.11.40#8081#26815#26815#26815#26826#26815#26821#26826#480#4#0#33281#34799#23#0#183.235.11.40:8081#/pics/position/202008/21/2020082114305807126771.png#200#27#0#0#2#522880#522512#521408#0#0#0#
12-18 20:22:29.590 D/pcapcmcc4( 3088): 
12-18 20:22:29.590 D/pcapcmcc4( 3088): reset pkg_num!
12-18 20:22:29.592 I/CircleCornerLayout( 2793): draw
12-18 20:22:29.596 I/CircleCornerLayout( 2793): draw
12-18 20:22:29.601 I/CircleCornerLayout( 2793): draw
12-18 20:22:29.602 D/pcapcmcc4( 3088): send_tcp_data_to_server_new: 2
12-18 20:22:29.602 D/pcapcmcc4( 3088): --- Send session --- Addr(1, 100.97.24.113 ~ 183.235.11.40) 
12-18 20:22:29.602 D/pcapcmcc4( 3088):  	 HTTPDATA:100.97.24.113#55406#183.235.11.40#8081#26818#26818#26818#26830#26818#26827#26830#1008#12#0#31727#33179#22#0#183.235.11.40:8081#/pics/position/202008/21/2020082117403549513044.png#200#34#0#0#2#640256#608416#576576#0#0#0#
12-18 20:22:29.602 D/pcapcmcc4( 3088): 
12-18 20:22:29.602 D/pcapcmcc4( 3088): reset pkg_num!
12-18 20:22:29.605 I/InfinitePageController_Page:5( 2793): InfinitePageController#ChildDrawingOrderCallback- pageIndex: 	5	childCount:	3	i:	2	focusedIndex:	-1	result:	0
12-18 20:22:29.605 I/CircleCornerLayout( 2793): draw
12-18 20:22:29.609 D/pcapcmcc4( 3088): send_tcp_data_to_server_new: 2
12-18 20:22:29.609 D/pcapcmcc4( 3088): --- Send session --- Addr(1, 100.97.24.113 ~ 183.235.11.40) 
12-18 20:22:29.609 D/pcapcmcc4( 3088):  	 HTTPDATA:100.97.24.113#41316#183.235.11.40#8081#26832#26832#26832#26905#26832#26841#26905#557#4#0#147447#154245#103#0#183.235.11.40:8081#/pics/apk_site/biz_58411101/biz_64323006/positions/BizPosition_13601/element_161276/images/element_161276_img_20201217164731.png#200#107#0#0#2#522880#494432#465920#0#0#0#
12-18 20:22:29.609 D/pcapcmcc4( 3088): 
12-18 20:22:29.609 D/pcapcmcc4( 3088): reset pkg_num!
12-18 20:22:29.612 D/pcapcmcc4( 3088): send_tcp_data_to_server_new: 2
12-18 20:22:29.612 D/pcapcmcc4( 3088): --- Send session --- Addr(1, 100.97.24.113 ~ 183.235.11.40) 
12-18 20:22:29.612 D/pcapcmcc4( 3088):  	 HTTPDATA:100.97.24.113#40221#183.235.11.40#8081#26901#26901#26901#26915#26901#26908#26915#414#3#0#4521#4785#4#0#183.235.11.40:8081#/pics/showFlag/202003/30/2020033016490380559627.png#200#7#0#0#2#633024#633024#633024#0#0#0#
12-18 20:22:29.612 D/pcapcmcc4( 3088): 
12-18 20:22:29.612 D/pcapcmcc4( 3088): reset pkg_num!
12-18 20:22:29.614 I/CircleCornerLayout( 2793): draw
12-18 20:22:29.630 I/InfinitePageController_Page:6( 2793): InfinitePageController#ChildDrawingOrderCallback- pageIndex: 	6	childCount:	2	i:	0	focusedIndex:	-1	result:	1
12-18 20:22:29.630 I/CircleCornerLayout( 2793): draw
12-18 20:22:29.631 I/CircleCornerLayout( 2793): draw
12-18 20:22:29.632 I/CircleCornerLayout( 2793): draw
12-18 20:22:29.632 I/CircleCornerLayout( 2793): draw
12-18 20:22:29.632 I/CircleCornerLayout( 2793): draw
12-18 20:22:29.633 I/CircleCornerLayout( 2793): draw
12-18 20:22:29.633 I/CircleCornerLayout( 2793): draw
12-18 20:22:29.634 I/CircleCornerLayout( 2793): draw
12-18 20:22:29.634 I/CircleCornerLayout( 2793): draw
12-18 20:22:29.635 I/CircleCornerLayout( 2793): draw
12-18 20:22:29.635 I/CircleCornerLayout( 2793): draw
12-18 20:22:29.636 I/CircleCornerLayout( 2793): draw
12-18 20:22:29.636 I/InfinitePageController_Page:6( 2793): InfinitePageController#ChildDrawingOrderCallback- pageIndex: 	6	childCount:	2	i:	1	focusedIndex:	-1	result:	0
12-18 20:22:29.636 I/CircleCornerLayout( 2793): draw
12-18 20:22:29.637 I/CircleCornerLayout( 2793): draw
12-18 20:22:29.637 I/CircleCornerLayout( 2793): draw
12-18 20:22:29.637 I/CircleCornerLayout( 2793): draw
12-18 20:22:29.637 I/CircleCornerLayout( 2793): draw
12-18 20:22:29.638 I/CircleCornerLayout( 2793): draw
12-18 20:22:29.640 D/pcapcmcc4( 3088): send_tcp_data_to_server_new: 2
12-18 20:22:29.640 D/pcapcmcc4( 3088): --- Send session --- Addr(1, 100.97.24.113 ~ 183.235.11.40) 
12-18 20:22:29.640 D/pcapcmcc4( 3088):  	 HTTPDATA:100.97.24.113#42871#183.235.11.40#8081#26915#26915#26915#26935#26915#26921#26935#1691#21#0#143830#150430#100#1#183.235.11.40:8081#/pics/apk_site/biz_58411101/biz_64323006/positions/BizPosition_13595/element_162360/images/element_162360_img_20201218170600.png#200#121#0#0#2#522880#492166#478208#0#0#0#
12-18 20:22:29.640 D/pcapcmcc4( 3088): 
12-18 20:22:29.640 D/pcapcmcc4( 3088): reset pkg_num!
12-18 20:22:29.668 E/bt_h5   ( 3335): h5_timeout_handler
12-18 20:22:29.668 E/bt_h5   ( 3335): Wait H5 Conf Resp timeout, 0 times
12-18 20:22:29.671 E/bt_h5   ( 3335): rtk no alloc in init result
12-18 20:22:29.671 I/bt_hwcfg( 3335): hw_cfg_cb.state = 1
12-18 20:22:29.676 I/bt_hwcfg( 3335): hw_cfg_cb.state = 2
12-18 20:22:29.676 I/bt_hwcfg( 3335): lmp_subversion = 0x8822 hw_cfg_cb.hci_version = 0x7 hw_cfg_cb.hci_revision = 0xb
12-18 20:22:29.680 I/bt_hwcfg( 3335): hw_cfg_cb.state = 3
12-18 20:22:29.680 I/bt_hwcfg( 3335): hw_config_cback chip_id of the IC:3
12-18 20:22:29.680 I/bt_hwcfg( 3335): check_match_state return 1(cfg->lmp_subversion:0x8822 cfg->hci_vesion:0x7 cfg->hci_revision:0xb cfg->chip_type:0x1f mask:00000000)
12-18 20:22:29.680 I/bt_hwcfg( 3335): get_patch_entry(lmp_subversion:0x8822 hci_vesion:0x7 cfg->hci_revision:0xb chip_type:0x1f)
12-18 20:22:29.680 I/bt_hwcfg( 3335): get_patch_entry return(patch_name:rtl8822bs_fw config_name:rtl8822bs_config mac_offset:0x44)
12-18 20:22:29.680 I/bt_hwcfg( 3335): BT config file: /system/etc/firmware/rtl8822bs_config
12-18 20:22:29.681 I/bt_hwcfg( 3335): config baud rate to :0x04928002, hwflowcontrol:0x5f, 0x81
12-18 20:22:29.681 I/bt_hwcfg( 3335): config offset(0x1be),length(0x2)
12-18 20:22:29.681 I/bt_hwcfg( 3335): config offset(0x1bb),length(0x1)
12-18 20:22:29.681 I/bt_hwcfg( 3335): config offset(0x1c0),length(0x4)
12-18 20:22:29.681 I/bt_hwcfg( 3335): config offset(0x1c4),length(0x1)
12-18 20:22:29.681 I/bt_hwcfg( 3335): config offset(0x1000),length(0xd)
12-18 20:22:29.681 I/bt_hwcfg( 3335): config offset(0x1040),length(0xb)
12-18 20:22:29.681 I/bt_hwcfg( 3335): Get config baud rate from config file:0x4928002
12-18 20:22:29.681 I/bt_hwcfg( 3335): ORG Config len=0000004b:
12-18 20:22:29.681 I/bt_hwcfg( 3335): 00000000: 55 ab 23 87 45 00 0c 00 10 02 80 92 04 50 c5 ea
12-18 20:22:29.681 I/bt_hwcfg( 3335): 00000010: 19 e1 1b fd af 5f 01 a4 0b be 01 02 1a 19 bb 01
12-18 20:22:29.681 I/bt_hwcfg( 3335): 00000020: 01 3c c0 01 04 10 00 60 01 c4 01 01 03 00 10 0d
12-18 20:22:29.681 I/bt_hwcfg( 3335): 00000030: 00 ff 05 5d 00 03 00 01 ff ff ff ff ff 40 10 0b
12-18 20:22:29.681 I/bt_hwcfg( 3335): 00000040: 28 08 30 30 00 ff ff ff ff ff ff 00 00 00 00 00
12-18 20:22:29.681 I/bt_hwcfg( 3335): Couldn't open extra config /data/misc/bluetooth/rtk_btconfig.txt, err:No such file or directory
12-18 20:22:29.681 I/bt_hwcfg( 3335): rtk_update_altsettings: 1 AltSettings
12-18 20:22:29.681 I/bt_hwcfg( 3335): NEW Config len=0000004b:
12-18 20:22:29.681 I/bt_hwcfg( 3335): 00000000: 55 ab 23 87 45 00 0c 00 10 02 80 92 04 50 c5 ea
12-18 20:22:29.681 I/bt_hwcfg( 3335): 00000010: 19 e1 1b fd af 5f 01 a4 0b be 01 02 1a 19 bb 01
12-18 20:22:29.681 I/bt_hwcfg( 3335): 00000020: 01 3c c0 01 04 10 00 60 01 c4 01 01 03 00 10 0d
12-18 20:22:29.681 I/bt_hwcfg( 3335): 00000030: 00 ff 05 5d 00 03 00 01 ff ff ff ff ff 40 10 0b
12-18 20:22:29.681 I/bt_hwcfg( 3335): 00000040: 28 08 30 30 00 ff ff ff ff ff ff 00 00 00 00 00
12-18 20:22:29.681 I/bt_hwcfg( 3335): BT fw file: /system/etc/firmware/rtl8822bs_fw
12-18 20:22:29.682 I/bt_hwcfg( 3335): Load FW OK
12-18 20:22:29.682 I/bt_hwcfg( 3335): bt_hw_parse_project_id: opcode 0, len 1, data 8
12-18 20:22:29.682 I/bt_hwcfg( 3335): rtk_get_patch_entry: fw_ver 0xaa89f793, patch_num 3
12-18 20:22:29.682 I/bt_hwcfg( 3335): rtk_get_patch_entry: chip_id 3, patch_len 0x5f94, patch_offset 0x5100
12-18 20:22:29.682 I/bt_hwcfg( 3335): total_len = 0x5fdf
12-18 20:22:29.682 I/bt_hwcfg( 3335): BTCOEX:20181116-6c6c svn_version:21525 lmp_subversion:0x8822 hci_version:0x7 hci_revision:0xb chip_type:31 Cut:3 libbt-vendor_uart version:4.2.1
12-18 20:22:29.682 I/bt_hwcfg( 3335): Fw: exists, config file: exists
12-18 20:22:29.682 I/bt_hwcfg( 3335): Check total_len(0x00005fdf) max_patch_size(0x00006000)
12-18 20:22:29.682 I/bt_hwcfg( 3335): patch fragment count 98, tail len 99
12-18 20:22:29.682 I/bt_hwcfg( 3335): bt vendor lib: set CONTROLLER UART baud 0x4928002
12-18 20:22:29.708 I/CircleCornerLayout( 2793): draw
12-18 20:22:29.709 D/dalvikvm( 2793): GC_FOR_ALLOC freed 96K, 6% free 98518K/104364K, paused 69ms, total 70ms
12-18 20:22:29.712 I/CircleCornerLayout( 2793): draw
12-18 20:22:29.719 D/pcapcmcc4( 3088): send_tcp_data_to_server_new: 2
12-18 20:22:29.720 D/pcapcmcc4( 3088): --- Send session --- Addr(1, 100.97.24.113 ~ 183.235.11.40) 
12-18 20:22:29.720 D/pcapcmcc4( 3088):  	 HTTPDATA:100.97.24.113#55406#183.235.11.40#8081#26925#26925#26925#26951#26925#26935#26951#2417#32#0#127685#133559#89#1#183.235.11.40:8081#/pics/apk_site/biz_58411101/biz_64323006/positions/BizPosition_13603/element_161764/images/element_161764_img_20201214150733.png#200#121#0#0#2#689280#648142#617152#0#0#0#
12-18 20:22:29.720 D/pcapcmcc4( 3088): 
12-18 20:22:29.720 D/pcapcmcc4( 3088): reset pkg_num!
12-18 20:22:29.722 D/pcapcmcc4( 3088): send_tcp_data_to_server_new: 2
12-18 20:22:29.722 D/pcapcmcc4( 3088): --- Send session --- Addr(1, 100.97.24.113 ~ 183.235.11.40) 
12-18 20:22:29.722 D/pcapcmcc4( 3088):  	 HTTPDATA:100.97.24.113#41316#183.235.11.40#8081#26932#26932#26932#26947#26932#26946#26947#414#3#0#4582#4846#4#0#183.235.11.40:8081#/pics/showFlag/202003/30/2020033017251678672725.pngBizPosition_13601/element_161276/images/element_161276_img_20201217164731.png#200#7#0#0#2#531584#527701#522880#0#0#0#
12-18 20:22:29.722 D/pcapcmcc4( 3088): 
12-18 20:22:29.722 D/pcapcmcc4( 3088): reset pkg_num!
12-18 20:22:29.727 I/CircleCornerLayout( 2793): draw
12-18 20:22:29.727 I/CircleCornerLayout( 2793): draw
12-18 20:22:29.728 I/CircleCornerLayout( 2793): draw
12-18 20:22:29.730 D/pcapcmcc4( 3088): send_tcp_data_to_server_new: 2
12-18 20:22:29.731 D/pcapcmcc4( 3088): --- Send session --- Addr(1, 100.97.24.113 ~ 183.235.11.40) 
12-18 20:22:29.731 D/pcapcmcc4( 3088):  	 HTTPDATA:100.97.24.113#40221#183.235.11.40#8081#26934#26934#26934#26959#26934#26943#26959#2153#28#0#96133#100555#67#1#183.235.11.40:8081#/pics/apk_site/biz_58411101/biz_64323006/positions/BizPosition_13597/element_161166/images/element_161166_img_20201218105237.png#200#95#0#0#2#633024#629568#599744#0#0#0#
12-18 20:22:29.731 D/pcapcmcc4( 3088): 
12-18 20:22:29.731 D/pcapcmcc4( 3088): reset pkg_num!
12-18 20:22:29.757 D/pcapcmcc4( 3088): send_tcp_data_to_server_new: 2
12-18 20:22:29.757 D/pcapcmcc4( 3088): --- Send session --- Addr(1, 100.97.24.113 ~ 183.235.11.40) 
12-18 20:22:29.757 D/pcapcmcc4( 3088):  	 HTTPDATA:100.97.24.113#42871#183.235.11.40#8081#26963#26963#26963#27037#26963#26969#27037#2627#35#0#156938#164132#109#1#183.235.11.40:8081#/pics/apk_site/biz_58411101/biz_64323006/positions/BizPosition_13605/element_161770/images/element_161770_img_20201214150935.png#200#144#0#1#2#592576#571311#509632#0#0#0#
12-18 20:22:29.757 D/pcapcmcc4( 3088): 
12-18 20:22:29.757 D/pcapcmcc4( 3088): reset pkg_num!
12-18 20:22:29.837 D/dalvikvm( 2793): GC_FOR_ALLOC freed 219K, 6% free 100561K/106528K, paused 71ms, total 71ms
12-18 20:22:29.844 D/pcapcmcc4( 3088): send_tcp_data_to_server_new: 2
12-18 20:22:29.845 D/pcapcmcc4( 3088): --- Send session --- Addr(1, 100.97.24.113 ~ 183.235.11.40) 
12-18 20:22:29.845 D/pcapcmcc4( 3088):  	 HTTPDATA:100.97.24.113#55406#183.235.11.40#8081#27043#27043#27043#27075#27043#27052#27075#4403#61#2#137196#143466#95#4#183.235.11.40:8081#/pics/apk_site/biz_58411101/biz_64323006/positions/BizPosition_13599/element_162442/images/element_162442_img_20201218104443.png#200#156#0#2#2#689280#642049#597568#0#0#0#
12-18 20:22:29.845 D/pcapcmcc4( 3088): 
12-18 20:22:29.845 D/pcapcmcc4( 3088): reset pkg_num!
12-18 20:22:29.851 D/pcapcmcc4( 3088): send_tcp_data_to_server_new: 2
12-18 20:22:29.851 D/pcapcmcc4( 3088): --- Send session --- Addr(1, 100.97.24.113 ~ 183.235.11.40) 
12-18 20:22:29.851 D/pcapcmcc4( 3088):  	 HTTPDATA:100.97.24.113#41316#183.235.11.40#8081#27044#27044#27044#27067#27044#27061#27067#2362#31#0#73218#76650#52#2#183.235.11.40:8081#/pics/apk_site/biz_58411101/biz_02511913/positions/BizPosition_9079/element_157382/images/element_157382_img_20201116151542.png#200#83#0#0#2#601088#579848#531584#0#0#0#
12-18 20:22:29.851 D/pcapcmcc4( 3088): 
12-18 20:22:29.851 D/pcapcmcc4( 3088): reset pkg_num!
12-18 20:22:29.860 D/pcapcmcc4( 3088): send_tcp_data_to_server_new: 2
12-18 20:22:29.860 D/pcapcmcc4( 3088): --- Send session --- Addr(1, 100.97.24.113 ~ 183.235.11.40) 
12-18 20:22:29.860 D/pcapcmcc4( 3088):  	 HTTPDATA:100.97.24.113#40221#183.235.11.40#8081#27053#27053#27053#27085#27053#27068#27085#820#8#0#72382#75748#51#0#183.235.11.40:8081#/pics/apk_site/biz_58411101/biz_02511913/positions/BizPosition_9081/element_162292/images/element_162292_img_20201217164633.pngg#200#59#0#0#2#633024#632600#629632#0#0#0#
12-18 20:22:29.860 D/pcapcmcc4( 3088): 
12-18 20:22:29.860 D/pcapcmcc4( 3088): reset pkg_num!
12-18 20:22:29.862 I/InfinitePageController_Page:4( 2793): InfinitePageController#ChildDrawingOrderCallback- pageIndex: 	4	childCount:	2	i:	0	focusedIndex:	-1	result:	1
12-18 20:22:29.862 I/CircleCornerLayout( 2793): draw
12-18 20:22:29.863 I/CircleCornerLayout( 2793): draw
12-18 20:22:29.863 I/CircleCornerLayout( 2793): draw
12-18 20:22:29.863 I/CircleCornerLayout( 2793): draw
12-18 20:22:29.863 I/CircleCornerLayout( 2793): draw
12-18 20:22:29.864 I/CircleCornerLayout( 2793): draw
12-18 20:22:29.865 I/CircleCornerLayout( 2793): draw
12-18 20:22:29.865 I/CircleCornerLayout( 2793): draw
12-18 20:22:29.866 I/InfinitePageController_Page:4( 2793): InfinitePageController#ChildDrawingOrderCallback- pageIndex: 	4	childCount:	2	i:	1	focusedIndex:	-1	result:	0
12-18 20:22:29.866 I/CircleCornerLayout( 2793): draw
12-18 20:22:29.866 I/CircleCornerLayout( 2793): draw
12-18 20:22:29.866 D/pcapcmcc4( 3088): send_tcp_data_to_server_new: 2
12-18 20:22:29.867 D/pcapcmcc4( 3088): --- Send session --- Addr(1, 100.97.24.113 ~ 183.235.11.40) 
12-18 20:22:29.867 D/pcapcmcc4( 3088):  	 HTTPDATA:100.97.24.113#42871#183.235.11.40#8081#27080#27080#27080#27117#27080#27086#27117#756#8#0#83732#88822#59#1#183.235.11.40:8081#/pics/position/202007/22/2020072214312844509871.pngBizPosition_13605/element_161770/images/element_161770_img_20201214150935.png#200#67#0#0#2#612224#598856#563584#0#1#0#
12-18 20:22:29.867 D/pcapcmcc4( 3088): 
12-18 20:22:29.867 D/pcapcmcc4( 3088): reset pkg_num!
12-18 20:22:29.867 I/CircleCornerLayout( 2793): draw
12-18 20:22:29.867 I/InfinitePageController_Page:5( 2793): InfinitePageController#ChildDrawingOrderCallback- pageIndex: 	5	childCount:	3	i:	0	focusedIndex:	-1	result:	2
12-18 20:22:29.867 I/CircleCornerLayout( 2793): draw
12-18 20:22:29.869 I/CircleCornerLayout( 2793): draw
12-18 20:22:29.871 I/CircleCornerLayout( 2793): draw
12-18 20:22:29.873 I/CircleCornerLayout( 2793): draw
12-18 20:22:29.875 I/CircleCornerLayout( 2793): draw
12-18 20:22:29.877 I/CircleCornerLayout( 2793): draw
12-18 20:22:29.880 I/InfinitePageController_Page:5( 2793): InfinitePageController#ChildDrawingOrderCallback- pageIndex: 	5	childCount:	3	i:	1	focusedIndex:	-1	result:	1
12-18 20:22:29.880 I/CircleCornerLayout( 2793): draw
12-18 20:22:29.882 D/pcapcmcc4( 3088): send_tcp_data_to_server_new: 2
12-18 20:22:29.882 D/pcapcmcc4( 3088): --- Send session --- Addr(1, 100.97.24.113 ~ 183.235.11.40) 
12-18 20:22:29.882 D/pcapcmcc4( 3088):  	 HTTPDATA:100.97.24.113#55406#183.235.11.40#8081#27167#27167#27167#27187#27167#27176#27187#876#10#0#71356#74656#50#0#183.235.11.40:8081#/pics/position/202007/22/2020072214282807666254.pngBizPosition_13599/element_162442/images/element_162442_img_20201218104443.png#200#60#0#0#2#689280#684998#669888#0#0#0#
12-18 20:22:29.882 D/pcapcmcc4( 3088): 
12-18 20:22:29.882 D/pcapcmcc4( 3088): reset pkg_num!
12-18 20:22:29.885 I/CircleCornerLayout( 2793): draw
12-18 20:22:29.888 D/dalvikvm( 2563): GC_CONCURRENT freed 815K, 21% free 3402K/4272K, paused 2ms+2ms, total 42ms
12-18 20:22:29.889 D/dalvikvm( 2563): WAIT_FOR_CONCURRENT_GC blocked 7ms
12-18 20:22:29.889 I/CircleCornerLayout( 2793): draw
12-18 20:22:29.895 I/CircleCornerLayout( 2793): draw
12-18 20:22:29.899 D/pcapcmcc4( 3088): send_tcp_data_to_server_new: 2
12-18 20:22:29.899 D/pcapcmcc4( 3088): --- Send session --- Addr(1, 100.97.24.113 ~ 183.235.11.40) 
12-18 20:22:29.899 D/pcapcmcc4( 3088):  	 HTTPDATA:100.97.24.113#41316#183.235.11.40#8081#27174#27174#27174#27187#27174#27183#27187#1888#24#0#48186#50430#34#1#183.235.11.40:8081#/pics/apk_site/biz_58411101/biz_02511913/positions/BizPosition_9097/element_141497/images/element_141497_img_20201116152148.png#200#58#0#0#2#620736#609493#592448#0#0#0#
12-18 20:22:29.899 D/pcapcmcc4( 3088): 
12-18 20:22:29.899 D/pcapcmcc4( 3088): reset pkg_num!
12-18 20:22:29.900 I/InfinitePageController_Page:5( 2793): InfinitePageController#ChildDrawingOrderCallback- pageIndex: 	5	childCount:	3	i:	2	focusedIndex:	-1	result:	0
12-18 20:22:29.900 I/CircleCornerLayout( 2793): draw
12-18 20:22:29.905 D/pcapcmcc4( 3088): send_tcp_data_to_server_new: 2
12-18 20:22:29.906 D/pcapcmcc4( 3088): --- Send session --- Addr(1, 100.97.24.113 ~ 183.235.11.40) 
12-18 20:22:29.906 D/pcapcmcc4( 3088):  	 HTTPDATA:100.97.24.113#40221#183.235.11.40#8081#27183#27183#27183#27202#27183#27190#27202#546#5#0#53718#56226#38#0#183.235.11.40:8081#/pics/position/202007/22/2020072214310708253767.pngBizPosition_9081/element_162292/images/element_162292_img_20201217164633.png#200#43#0#0#2#633024#633024#633024#0#0#0#
12-18 20:22:29.906 D/pcapcmcc4( 3088): 
12-18 20:22:29.906 D/pcapcmcc4( 3088): reset pkg_num!
12-18 20:22:29.909 I/CircleCornerLayout( 2793): draw
12-18 20:22:29.917 D/pcapcmcc4( 3088): send_tcp_data_to_server_new: 2
12-18 20:22:29.917 D/pcapcmcc4( 3088): --- Send session --- Addr(1, 100.97.24.113 ~ 183.235.11.40) 
12-18 20:22:29.917 D/pcapcmcc4( 3088):  	 HTTPDATA:100.97.24.113#42871#183.235.11.40#8081#27190#27190#27190#27214#27190#27196#27214#2548#34#1#71096#74396#50#1#183.235.11.40:8081#/pics/apk_site/biz_58411101/biz_02511913/positions/BizPosition_9085/element_160722/images/element_160722_img_20201208102614.png#200#84#0#0#2#615872#601906#585408#0#0#0#
12-18 20:22:29.917 D/pcapcmcc4( 3088): 
12-18 20:22:29.917 D/pcapcmcc4( 3088): reset pkg_num!
12-18 20:22:29.923 I/InfinitePageController_Page:6( 2793): InfinitePageController#ChildDrawingOrderCallback- pageIndex: 	6	childCount:	2	i:	0	focusedIndex:	-1	result:	1
12-18 20:22:29.923 I/CircleCornerLayout( 2793): draw
12-18 20:22:29.923 I/CircleCornerLayout( 2793): draw
12-18 20:22:29.923 I/CircleCornerLayout( 2793): draw
12-18 20:22:29.923 I/CircleCornerLayout( 2793): draw
12-18 20:22:29.923 D/pcapcmcc4( 3088): send_tcp_data_to_server_new: 2
12-18 20:22:29.924 D/pcapcmcc4( 3088): --- Send session --- Addr(1, 100.97.24.113 ~ 183.235.11.40) 
12-18 20:22:29.924 D/pcapcmcc4( 3088):  	 HTTPDATA:100.97.24.113#55406#183.235.11.40#8081#27205#27205#27205#27222#27205#27214#27222#1714#21#1#72668#76034#51#1#183.235.11.40:8081#/pics/apk_site/biz_58411101/biz_02511913/positions/BizPosition_9093/element_141451/images/element_141451_img_20201116152001.png#200#72#0#1#2#689280#654963#641088#0#0#0#
12-18 20:22:29.924 D/pcapcmcc4( 3088): 
12-18 20:22:29.924 D/pcapcmcc4( 3088): reset pkg_num!
12-18 20:22:29.924 I/CircleCornerLayout( 2793): draw
12-18 20:22:29.924 I/CircleCornerLayout( 2793): draw
12-18 20:22:29.924 I/CircleCornerLayout( 2793): draw
12-18 20:22:29.924 I/CircleCornerLayout( 2793): draw
12-18 20:22:29.924 I/CircleCornerLayout( 2793): draw
12-18 20:22:29.925 I/CircleCornerLayout( 2793): draw
12-18 20:22:29.925 I/CircleCornerLayout( 2793): draw
12-18 20:22:29.925 I/CircleCornerLayout( 2793): draw
12-18 20:22:29.925 I/InfinitePageController_Page:6( 2793): InfinitePageController#ChildDrawingOrderCallback- pageIndex: 	6	childCount:	2	i:	1	focusedIndex:	-1	result:	0
12-18 20:22:29.925 I/CircleCornerLayout( 2793): draw
12-18 20:22:29.925 I/CircleCornerLayout( 2793): draw
12-18 20:22:29.926 I/CircleCornerLayout( 2793): draw
12-18 20:22:29.926 I/CircleCornerLayout( 2793): draw
12-18 20:22:29.926 I/CircleCornerLayout( 2793): draw
12-18 20:22:29.926 I/CircleCornerLayout( 2793): draw
12-18 20:22:29.927 I/CircleCornerLayout( 2793): draw
12-18 20:22:29.928 I/CircleCornerLayout( 2793): draw
12-18 20:22:29.936 E/bt_h5   ( 3335): h5_timeout_handler
12-18 20:22:29.936 I/bt_hwcfg( 3335): hw_cfg_cb.state = 6
12-18 20:22:29.936 I/bt_hwcfg( 3335): bt vendor lib: set HOST UART baud 1500000
12-18 20:22:29.936 I/bt_userial_vendor( 3335): userial_vendor_set_baud++
12-18 20:22:29.936 I/bt_userial_vendor( 3335): userial_vendor_set_baud--
12-18 20:22:29.936 I/bt_hwcfg( 3335): Change HW flowcontrol setting
12-18 20:22:29.936 I/bt_userial_vendor( 3335): Set HW FlowControl On
12-18 20:22:29.936 I/bt_userial_vendor( 3335): userial_vendor_set_hw_fctrl set hw flowcontrol on
12-18 20:22:29.998 D/dalvikvm( 2793): GC_FOR_ALLOC freed 138K, 6% free 102635K/108576K, paused 63ms, total 63ms
12-18 20:22:30.007 I/CircleCornerLayout( 2793): draw
12-18 20:22:30.007 I/CircleCornerLayout( 2793): draw
12-18 20:22:30.007 I/CircleCornerLayout( 2793): draw
12-18 20:22:30.037 I/bt_hwcfg( 3335): bt vendor lib: HW_CFG_DL_FW_PATCH status:0, opcode:0xfc17
12-18 20:22:30.039 I/bt_hwcfg( 3335): hw_cfg_cb.state = 9
12-18 20:22:30.039 I/bt_hwcfg( 3335): bt vendor lib: HW_CFG_DL_FW_PATCH status:0, opcode:0xfc20
12-18 20:22:30.039 I/bt_hwcfg( 3335): bt vendor lib: HW_CFG_DL_FW_PATCH status:0, iIndexRx:0
12-18 20:22:30.042 I/bt_hwcfg( 3335): hw_cfg_cb.state = 9
12-18 20:22:30.042 I/bt_hwcfg( 3335): bt vendor lib: HW_CFG_DL_FW_PATCH status:0, opcode:0xfc20
12-18 20:22:30.042 I/bt_hwcfg( 3335): bt vendor lib: HW_CFG_DL_FW_PATCH status:0, iIndexRx:1
12-18 20:22:30.043 I/InfinitePageController_Page:4( 2793): InfinitePageController#ChildDrawingOrderCallback- pageIndex: 	4	childCount:	2	i:	0	focusedIndex:	-1	result:	1
12-18 20:22:30.043 I/CircleCornerLayout( 2793): draw
12-18 20:22:30.043 I/CircleCornerLayout( 2793): draw
12-18 20:22:30.044 I/CircleCornerLayout( 2793): draw
12-18 20:22:30.044 I/CircleCornerLayout( 2793): draw
12-18 20:22:30.044 I/CircleCornerLayout( 2793): draw
12-18 20:22:30.044 I/CircleCornerLayout( 2793): draw
12-18 20:22:30.044 I/CircleCornerLayout( 2793): draw
12-18 20:22:30.044 I/CircleCornerLayout( 2793): draw
12-18 20:22:30.044 I/InfinitePageController_Page:4( 2793): InfinitePageController#ChildDrawingOrderCallback- pageIndex: 	4	childCount:	2	i:	1	focusedIndex:	-1	result:	0
12-18 20:22:30.045 I/CircleCornerLayout( 2793): draw
12-18 20:22:30.045 I/CircleCornerLayout( 2793): draw
12-18 20:22:30.045 I/bt_hwcfg( 3335): hw_cfg_cb.state = 9
12-18 20:22:30.045 I/bt_hwcfg( 3335): bt vendor lib: HW_CFG_DL_FW_PATCH status:0, opcode:0xfc20
12-18 20:22:30.045 I/bt_hwcfg( 3335): bt vendor lib: HW_CFG_DL_FW_PATCH status:0, iIndexRx:2
12-18 20:22:30.045 I/CircleCornerLayout( 2793): draw
12-18 20:22:30.046 I/InfinitePageController_Page:5( 2793): InfinitePageController#ChildDrawingOrderCallback- pageIndex: 	5	childCount:	3	i:	0	focusedIndex:	-1	result:	2
12-18 20:22:30.046 I/CircleCornerLayout( 2793): draw
12-18 20:22:30.047 I/CircleCornerLayout( 2793): draw
12-18 20:22:30.048 I/bt_hwcfg( 3335): hw_cfg_cb.state = 9
12-18 20:22:30.048 I/bt_hwcfg( 3335): bt vendor lib: HW_CFG_DL_FW_PATCH status:0, opcode:0xfc20
12-18 20:22:30.048 I/bt_hwcfg( 3335): bt vendor lib: HW_CFG_DL_FW_PATCH status:0, iIndexRx:3
12-18 20:22:30.049 I/CircleCornerLayout( 2793): draw
12-18 20:22:30.050 I/bt_hwcfg( 3335): hw_cfg_cb.state = 9
12-18 20:22:30.050 I/bt_hwcfg( 3335): bt vendor lib: HW_CFG_DL_FW_PATCH status:0, opcode:0xfc20
12-18 20:22:30.050 I/bt_hwcfg( 3335): bt vendor lib: HW_CFG_DL_FW_PATCH status:0, iIndexRx:4
12-18 20:22:30.051 I/CircleCornerLayout( 2793): draw
12-18 20:22:30.053 I/CircleCornerLayout( 2793): draw
12-18 20:22:30.053 I/bt_hwcfg( 3335): hw_cfg_cb.state = 9
12-18 20:22:30.053 I/bt_hwcfg( 3335): bt vendor lib: HW_CFG_DL_FW_PATCH status:0, opcode:0xfc20
12-18 20:22:30.053 I/bt_hwcfg( 3335): bt vendor lib: HW_CFG_DL_FW_PATCH status:0, iIndexRx:5
12-18 20:22:30.054 I/CircleCornerLayout( 2793): draw
12-18 20:22:30.056 I/bt_hwcfg( 3335): hw_cfg_cb.state = 9
12-18 20:22:30.056 I/bt_hwcfg( 3335): bt vendor lib: HW_CFG_DL_FW_PATCH status:0, opcode:0xfc20
12-18 20:22:30.056 I/bt_hwcfg( 3335): bt vendor lib: HW_CFG_DL_FW_PATCH status:0, iIndexRx:6
12-18 20:22:30.056 I/InfinitePageController_Page:5( 2793): InfinitePageController#ChildDrawingOrderCallback- pageIndex: 	5	childCount:	3	i:	1	focusedIndex:	-1	result:	1
12-18 20:22:30.056 I/CircleCornerLayout( 2793): draw
12-18 20:22:30.058 I/bt_hwcfg( 3335): hw_cfg_cb.state = 9
12-18 20:22:30.058 I/bt_hwcfg( 3335): bt vendor lib: HW_CFG_DL_FW_PATCH status:0, opcode:0xfc20
12-18 20:22:30.058 I/bt_hwcfg( 3335): bt vendor lib: HW_CFG_DL_FW_PATCH status:0, iIndexRx:7
12-18 20:22:30.061 I/CircleCornerLayout( 2793): draw
12-18 20:22:30.061 I/bt_hwcfg( 3335): hw_cfg_cb.state = 9
12-18 20:22:30.061 I/bt_hwcfg( 3335): bt vendor lib: HW_CFG_DL_FW_PATCH status:0, opcode:0xfc20
12-18 20:22:30.061 I/bt_hwcfg( 3335): bt vendor lib: HW_CFG_DL_FW_PATCH status:0, iIndexRx:8
12-18 20:22:30.064 I/bt_hwcfg( 3335): hw_cfg_cb.state = 9
12-18 20:22:30.064 I/bt_hwcfg( 3335): bt vendor lib: HW_CFG_DL_FW_PATCH status:0, opcode:0xfc20
12-18 20:22:30.064 I/bt_hwcfg( 3335): bt vendor lib: HW_CFG_DL_FW_PATCH status:0, iIndexRx:9
12-18 20:22:30.065 I/CircleCornerLayout( 2793): draw
12-18 20:22:30.066 I/bt_hwcfg( 3335): hw_cfg_cb.state = 9
12-18 20:22:30.066 I/bt_hwcfg( 3335): bt vendor lib: HW_CFG_DL_FW_PATCH status:0, opcode:0xfc20
12-18 20:22:30.066 I/bt_hwcfg( 3335): bt vendor lib: HW_CFG_DL_FW_PATCH status:0, iIndexRx:10
12-18 20:22:30.069 I/bt_hwcfg( 3335): hw_cfg_cb.state = 9
12-18 20:22:30.069 I/bt_hwcfg( 3335): bt vendor lib: HW_CFG_DL_FW_PATCH status:0, opcode:0xfc20
12-18 20:22:30.069 I/bt_hwcfg( 3335): bt vendor lib: HW_CFG_DL_FW_PATCH status:0, iIndexRx:11
12-18 20:22:30.071 I/CircleCornerLayout( 2793): draw
12-18 20:22:30.071 I/bt_hwcfg( 3335): hw_cfg_cb.state = 9
12-18 20:22:30.071 I/bt_hwcfg( 3335): bt vendor lib: HW_CFG_DL_FW_PATCH status:0, opcode:0xfc20
12-18 20:22:30.071 I/bt_hwcfg( 3335): bt vendor lib: HW_CFG_DL_FW_PATCH status:0, iIndexRx:12
12-18 20:22:30.074 I/bt_hwcfg( 3335): hw_cfg_cb.state = 9
12-18 20:22:30.074 I/bt_hwcfg( 3335): bt vendor lib: HW_CFG_DL_FW_PATCH status:0, opcode:0xfc20
12-18 20:22:30.074 I/bt_hwcfg( 3335): bt vendor lib: HW_CFG_DL_FW_PATCH status:0, iIndexRx:13
12-18 20:22:30.076 I/InfinitePageController_Page:5( 2793): InfinitePageController#ChildDrawingOrderCallback- pageIndex: 	5	childCount:	3	i:	2	focusedIndex:	-1	result:	0
12-18 20:22:30.076 I/CircleCornerLayout( 2793): draw
12-18 20:22:30.076 I/bt_hwcfg( 3335): hw_cfg_cb.state = 9
12-18 20:22:30.076 I/bt_hwcfg( 3335): bt vendor lib: HW_CFG_DL_FW_PATCH status:0, opcode:0xfc20
12-18 20:22:30.076 I/bt_hwcfg( 3335): bt vendor lib: HW_CFG_DL_FW_PATCH status:0, iIndexRx:14
12-18 20:22:30.079 I/bt_hwcfg( 3335): hw_cfg_cb.state = 9
12-18 20:22:30.079 I/bt_hwcfg( 3335): bt vendor lib: HW_CFG_DL_FW_PATCH status:0, opcode:0xfc20
12-18 20:22:30.079 I/bt_hwcfg( 3335): bt vendor lib: HW_CFG_DL_FW_PATCH status:0, iIndexRx:15
12-18 20:22:30.081 I/bt_hwcfg( 3335): hw_cfg_cb.state = 9
12-18 20:22:30.081 I/bt_hwcfg( 3335): bt vendor lib: HW_CFG_DL_FW_PATCH status:0, opcode:0xfc20
12-18 20:22:30.081 I/bt_hwcfg( 3335): bt vendor lib: HW_CFG_DL_FW_PATCH status:0, iIndexRx:16
12-18 20:22:30.084 I/bt_hwcfg( 3335): hw_cfg_cb.state = 9
12-18 20:22:30.084 I/bt_hwcfg( 3335): bt vendor lib: HW_CFG_DL_FW_PATCH status:0, opcode:0xfc20
12-18 20:22:30.084 I/bt_hwcfg( 3335): bt vendor lib: HW_CFG_DL_FW_PATCH status:0, iIndexRx:17
12-18 20:22:30.085 I/CircleCornerLayout( 2793): draw
12-18 20:22:30.087 I/bt_hwcfg( 3335): hw_cfg_cb.state = 9
12-18 20:22:30.087 I/bt_hwcfg( 3335): bt vendor lib: HW_CFG_DL_FW_PATCH status:0, opcode:0xfc20
12-18 20:22:30.087 I/bt_hwcfg( 3335): bt vendor lib: HW_CFG_DL_FW_PATCH status:0, iIndexRx:18
12-18 20:22:30.089 I/bt_hwcfg( 3335): hw_cfg_cb.state = 9
12-18 20:22:30.089 I/bt_hwcfg( 3335): bt vendor lib: HW_CFG_DL_FW_PATCH status:0, opcode:0xfc20
12-18 20:22:30.089 I/bt_hwcfg( 3335): bt vendor lib: HW_CFG_DL_FW_PATCH status:0, iIndexRx:19
12-18 20:22:30.092 I/bt_hwcfg( 3335): hw_cfg_cb.state = 9
12-18 20:22:30.092 I/bt_hwcfg( 3335): bt vendor lib: HW_CFG_DL_FW_PATCH status:0, opcode:0xfc20
12-18 20:22:30.092 I/bt_hwcfg( 3335): bt vendor lib: HW_CFG_DL_FW_PATCH status:0, iIndexRx:20
12-18 20:22:30.094 I/bt_hwcfg( 3335): hw_cfg_cb.state = 9
12-18 20:22:30.094 I/bt_hwcfg( 3335): bt vendor lib: HW_CFG_DL_FW_PATCH status:0, opcode:0xfc20
12-18 20:22:30.094 I/bt_hwcfg( 3335): bt vendor lib: HW_CFG_DL_FW_PATCH status:0, iIndexRx:21
12-18 20:22:30.097 I/bt_hwcfg( 3335): hw_cfg_cb.state = 9
12-18 20:22:30.097 I/bt_hwcfg( 3335): bt vendor lib: HW_CFG_DL_FW_PATCH status:0, opcode:0xfc20
12-18 20:22:30.097 I/bt_hwcfg( 3335): bt vendor lib: HW_CFG_DL_FW_PATCH status:0, iIndexRx:22
12-18 20:22:30.098 I/InfinitePageController_Page:6( 2793): InfinitePageController#ChildDrawingOrderCallback- pageIndex: 	6	childCount:	2	i:	0	focusedIndex:	-1	result:	1
12-18 20:22:30.099 I/CircleCornerLayout( 2793): draw
12-18 20:22:30.099 I/CircleCornerLayout( 2793): draw
12-18 20:22:30.099 I/CircleCornerLayout( 2793): draw
12-18 20:22:30.099 I/bt_hwcfg( 3335): hw_cfg_cb.state = 9
12-18 20:22:30.099 I/bt_hwcfg( 3335): bt vendor lib: HW_CFG_DL_FW_PATCH status:0, opcode:0xfc20
12-18 20:22:30.099 I/bt_hwcfg( 3335): bt vendor lib: HW_CFG_DL_FW_PATCH status:0, iIndexRx:23
12-18 20:22:30.099 I/CircleCornerLayout( 2793): draw
12-18 20:22:30.099 I/CircleCornerLayout( 2793): draw
12-18 20:22:30.100 I/CircleCornerLayout( 2793): draw
12-18 20:22:30.100 I/CircleCornerLayout( 2793): draw
12-18 20:22:30.100 I/CircleCornerLayout( 2793): draw
12-18 20:22:30.100 I/CircleCornerLayout( 2793): draw
12-18 20:22:30.100 I/CircleCornerLayout( 2793): draw
12-18 20:22:30.100 I/CircleCornerLayout( 2793): draw
12-18 20:22:30.100 I/CircleCornerLayout( 2793): draw
12-18 20:22:30.101 I/InfinitePageController_Page:6( 2793): InfinitePageController#ChildDrawingOrderCallback- pageIndex: 	6	childCount:	2	i:	1	focusedIndex:	-1	result:	0
12-18 20:22:30.101 I/CircleCornerLayout( 2793): draw
12-18 20:22:30.101 I/CircleCornerLayout( 2793): draw
12-18 20:22:30.101 I/CircleCornerLayout( 2793): draw
12-18 20:22:30.101 I/CircleCornerLayout( 2793): draw
12-18 20:22:30.101 I/CircleCornerLayout( 2793): draw
12-18 20:22:30.102 I/CircleCornerLayout( 2793): draw
12-18 20:22:30.102 I/bt_hwcfg( 3335): hw_cfg_cb.state = 9
12-18 20:22:30.102 I/bt_hwcfg( 3335): bt vendor lib: HW_CFG_DL_FW_PATCH status:0, opcode:0xfc20
12-18 20:22:30.102 I/bt_hwcfg( 3335): bt vendor lib: HW_CFG_DL_FW_PATCH status:0, iIndexRx:24
12-18 20:22:30.103 I/CircleCornerLayout( 2793): draw
12-18 20:22:30.104 I/CircleCornerLayout( 2793): draw
12-18 20:22:30.104 I/bt_hwcfg( 3335): hw_cfg_cb.state = 9
12-18 20:22:30.104 I/bt_hwcfg( 3335): bt vendor lib: HW_CFG_DL_FW_PATCH status:0, opcode:0xfc20
12-18 20:22:30.104 I/bt_hwcfg( 3335): bt vendor lib: HW_CFG_DL_FW_PATCH status:0, iIndexRx:25
12-18 20:22:30.107 I/bt_hwcfg( 3335): hw_cfg_cb.state = 9
12-18 20:22:30.107 I/bt_hwcfg( 3335): bt vendor lib: HW_CFG_DL_FW_PATCH status:0, opcode:0xfc20
12-18 20:22:30.107 I/bt_hwcfg( 3335): bt vendor lib: HW_CFG_DL_FW_PATCH status:0, iIndexRx:26
12-18 20:22:30.109 I/bt_hwcfg( 3335): hw_cfg_cb.state = 9
12-18 20:22:30.109 I/bt_hwcfg( 3335): bt vendor lib: HW_CFG_DL_FW_PATCH status:0, opcode:0xfc20
12-18 20:22:30.109 I/bt_hwcfg( 3335): bt vendor lib: HW_CFG_DL_FW_PATCH status:0, iIndexRx:27
12-18 20:22:30.112 I/bt_hwcfg( 3335): hw_cfg_cb.state = 9
12-18 20:22:30.112 I/bt_hwcfg( 3335): bt vendor lib: HW_CFG_DL_FW_PATCH status:0, opcode:0xfc20
12-18 20:22:30.112 I/bt_hwcfg( 3335): bt vendor lib: HW_CFG_DL_FW_PATCH status:0, iIndexRx:28
12-18 20:22:30.114 I/bt_hwcfg( 3335): hw_cfg_cb.state = 9
12-18 20:22:30.114 I/bt_hwcfg( 3335): bt vendor lib: HW_CFG_DL_FW_PATCH status:0, opcode:0xfc20
12-18 20:22:30.114 I/bt_hwcfg( 3335): bt vendor lib: HW_CFG_DL_FW_PATCH status:0, iIndexRx:29
12-18 20:22:30.115 I/CircleCornerLayout( 2793): draw
12-18 20:22:30.115 I/CircleCornerLayout( 2793): draw
12-18 20:22:30.115 I/CircleCornerLayout( 2793): draw
12-18 20:22:30.119 I/bt_hwcfg( 3335): hw_cfg_cb.state = 9
12-18 20:22:30.119 I/bt_hwcfg( 3335): bt vendor lib: HW_CFG_DL_FW_PATCH status:0, opcode:0xfc20
12-18 20:22:30.119 I/bt_hwcfg( 3335): bt vendor lib: HW_CFG_DL_FW_PATCH status:0, iIndexRx:30
12-18 20:22:30.121 I/bt_hwcfg( 3335): hw_cfg_cb.state = 9
12-18 20:22:30.121 I/bt_hwcfg( 3335): bt vendor lib: HW_CFG_DL_FW_PATCH status:0, opcode:0xfc20
12-18 20:22:30.121 I/bt_hwcfg( 3335): bt vendor lib: HW_CFG_DL_FW_PATCH status:0, iIndexRx:31
12-18 20:22:30.124 I/bt_hwcfg( 3335): hw_cfg_cb.state = 9
12-18 20:22:30.124 I/bt_hwcfg( 3335): bt vendor lib: HW_CFG_DL_FW_PATCH status:0, opcode:0xfc20
12-18 20:22:30.124 I/bt_hwcfg( 3335): bt vendor lib: HW_CFG_DL_FW_PATCH status:0, iIndexRx:32
12-18 20:22:30.126 I/bt_hwcfg( 3335): hw_cfg_cb.state = 9
12-18 20:22:30.126 I/bt_hwcfg( 3335): bt vendor lib: HW_CFG_DL_FW_PATCH status:0, opcode:0xfc20
12-18 20:22:30.126 I/bt_hwcfg( 3335): bt vendor lib: HW_CFG_DL_FW_PATCH status:0, iIndexRx:33
12-18 20:22:30.129 I/bt_hwcfg( 3335): hw_cfg_cb.state = 9
12-18 20:22:30.129 I/bt_hwcfg( 3335): bt vendor lib: HW_CFG_DL_FW_PATCH status:0, opcode:0xfc20
12-18 20:22:30.129 I/bt_hwcfg( 3335): bt vendor lib: HW_CFG_DL_FW_PATCH status:0, iIndexRx:34
