01-01 08:00:04.422 I/SystemServer( 2112): CommonTimeManagementService
01-01 08:00:04.422 I/SystemServer( 2112): CertBlacklister
01-01 08:00:04.423 I/SystemServer( 2112): Dreams Service
01-01 08:00:04.423 I/SystemServer( 2112): Assets Atlas Service
01-01 08:00:04.423 I/SystemServer( 2112): IdleMaintenanceService
01-01 08:00:04.424 I/SystemServer( 2112): Print Service
01-01 08:00:04.425 I/SystemServer( 2112): Media Router Service
01-01 08:00:04.426 I/SystemServer( 2112): DevInfo Manager Service
01-01 08:00:04.466 W/ActivityManager( 2112): Unable to start service Intent { cmp=com.android.keyguard/.KeyguardService } U=0: not found
01-01 08:00:04.468 E/HiSysManagerService( 1582): checkPermission is true.
01-01 08:00:04.485 I/ActivityManager( 2112): Sending system update to ComponentInfo{com.ysten.bootreceiver/com.ysten.bootreceiver.YstBroadcastReceiver} for user 0
01-01 08:00:04.492 I/ActivityManager( 2112): Start proc com.ysten.bootreceiver for broadcast com.ysten.bootreceiver/.YstBroadcastReceiver: pid=2375 uid=1000 gids={41000, 1028, 1015, 3002, 3001, 3003, 1007, 2001, 1023}
01-01 08:00:04.498 W/InputMethodManagerService( 2112): Focus gain on non-focused client android.view.inputmethod.InputMethodManager$1@41c42980 (uid=1000 pid=2112)
01-01 08:00:04.499 V/BackupManagerService( 2112): Connected to transport ComponentInfo{android/com.android.internal.backup.LocalTransportService}
01-01 08:00:04.499 V/BackupManagerService( 2112): Registering transport android/com.android.internal.backup.LocalTransportService::android/com.android.internal.backup.LocalTransport = com.android.internal.backup.LocalTransport@41bc47e0
01-01 08:00:04.502 I/ActivityManager( 2112): Launching preboot mode app: ProcessRecord{41bc87f0 2375:com.ysten.bootreceiver/1000}
01-01 08:00:04.563 I/ActivityManager( 2112): Writing new set of last done pre-boot receivers...
01-01 08:00:04.568 I/ActivityManager( 2112): Removing system update proc: ProcessRecord{41bc87f0 2375:com.ysten.bootreceiver/1000}
01-01 08:00:04.568 I/ActivityManager( 2112): Killing 2375:com.ysten.bootreceiver/1000 (adj 9): system update done
01-01 08:00:04.569 D/ActivityManager( 2112): cleanUpApplicationRecordLocked -- 2375
01-01 08:00:04.569 I/ActivityManager( 2112): System now ready
01-01 08:00:04.571 I/SystemServer( 2112): Making services ready
01-01 08:00:04.583 I/ActivityManager( 2112): Start proc com.android.systemui for service com.android.systemui/.SystemUIService: pid=2397 uid=10008 gids={50008, 1028, 1015, 1035, 3002, 3001}
01-01 08:00:04.583 D/NetworkManagementService( 2112): enabling bandwidth control
01-01 08:00:04.584 W/MountService( 2112): output =null
01-01 08:00:04.584 D/MountService( 2112): /storage/emulated/0 is default volume
01-01 08:00:04.584 D/MountService( 2112): volume state changed for /storage/emulated/0 (unmounted -> mounted)
01-01 08:00:04.585 D/MountService( 2112): sendStorageIntent Intent { act=android.intent.action.MEDIA_MOUNTED dat=file:///storage/emulated/0 (has extras) } to UserHandle{-1}
01-01 08:00:04.586 W/MountService( 2112): output =null
01-01 08:00:04.586 W/MountService( 2112): output =null
01-01 08:00:04.586 W/MountService( 2112): output =null
01-01 08:00:04.586 D/MountService( 2112): /storage/emulated/0 is default volume
01-01 08:00:04.586 W/MountService( 2112): output =null
01-01 08:00:04.586 D/MountService( 2112): use the mConnectorSpec[4]
01-01 08:00:04.587 D/Vold    ( 1568): [-vold_debug-1456] :--> vold : mountVolume v->getMountpoint() = /mnt/sda/sda1
01-01 08:00:04.587 D/Vold    ( 1568): [-vold_debug-352] :Volume sda1 state changing 1 (Idle-Unmounted) -> 3 (Checking)
01-01 08:00:04.587 D/Vold    ( 1568): [-vold_debug-681] :this type=3
01-01 08:00:04.587 D/Vold    ( 1568): [-vold_debug-778] :getMountpoint=(/mnt/sda/sda1),ubiName=((null))
01-01 08:00:04.587 D/Vold    ( 1568): [-vold_debug-101] :Filesystem doMount NTFS enter... (/dev/block/vold/8:1) (/mnt/sda/sda1)
01-01 08:00:04.587 D/Vold    ( 1568): [-vold_debug-123] :check ntfs before mount
01-01 08:00:04.589 D/MountService( 2112): volume state changed for /mnt/sda/sda1 (unmounted -> checking)
01-01 08:00:04.589 E/VoldConnector( 2112): Error handling '605 Volume sda1 /mnt/sda/sda1 state changed from 1 (Idle-Unmounted) to 3 (Checking)': java.lang.NullPointerException
01-01 08:00:04.650 I/Vold    ( 1568): Filesystem quick check completed OK
01-01 08:00:04.656 I/StatusBarManagerService( 2112): registerStatusBar bar=com.android.internal.statusbar.IStatusBar$Stub$Proxy@41b32418
01-01 08:00:04.735 D/Vold    ( 1568): [-vold_debug-339] :msg=Volume sda1 /mnt/sda/sda1 state changed from 3 (Checking) to 4 (Mounted) UUID=6E54EF1454EEDE39 DevType=USB2.0 2049 D
01-01 08:00:04.737 W/MountService( 2112): output =null
01-01 08:00:04.737 D/MountService( 2112): volume state changed for /mnt/sdcard (unmounted -> mounted)
01-01 08:00:04.738 D/MountService( 2112): onEvent : exInfo.mUUID=[6E54EF1454EEDE39] exInfo.mDevType=[USB2.0] exInfo.mDevNode=[2049]exInfo.mDiskLabel = [D]
01-01 08:00:04.738 W/MountService( 2112): output =null
01-01 08:00:04.739 D/MountService( 2112): volume state changed for /mnt/sda/sda1 (checking -> mounted)
01-01 08:00:04.740 W/MountService( 2112): output =null
01-01 08:00:04.741 D/MountService( 2112): sendStorageIntent Intent { act=android.intent.action.MEDIA_MOUNTED dat=file:///mnt/sda/sda1 (has extras) } to UserHandle{-1}
01-01 08:00:04.910 I/ActivityManager( 2112): Config changes=200 {1.0 ?mcc?mnc zh_CN ldltr sw720dp w1280dp h720dp 240dpi xlrg long land television -touch -keyb/v/h dpad/v s.4}
01-01 08:00:04.912 W/RecognitionManagerService( 2112): no available voice recognition services found for user 0
01-01 08:00:04.917 W/InputMethodManagerService( 2112): Ignoring setImeWindowStatus of uid 1000 token: null
01-01 08:00:04.927 I/ActivityManager( 2112): Start proc net.sunniwell.inputmethod.swpinyin2 for service net.sunniwell.inputmethod.swpinyin2/.SWIME: pid=2462 uid=1000 gids={41000, 1028, 1015, 3002, 3001, 3003, 1007, 2001, 1023}
01-01 08:00:04.927 V/InputMethodManagerService( 2112): Adding window token: android.os.Binder@41c64ae8
01-01 08:00:04.953 E/LocationManagerService( 2112): no geocoder provider found
01-01 08:00:04.960 W/ContextImpl( 2112): Calling a method in the system process without a qualified user: android.app.ContextImpl.sendBroadcast:1232 com.android.server.usb.UsbSettingsManager.deviceAttached:621 com.android.server.usb.UsbHostManager.usbDeviceAdded:156 com.android.server.usb.UsbHostManager.monitorUsbHostBus:-2 com.android.server.usb.UsbHostManager.access$000:38 
01-01 08:00:05.000 I/ActivityManager( 2112): Start proc com.hisilicon.dlna.dms for added application com.hisilicon.dlna.dms: pid=2479 uid=1000 gids={41000, 1028, 1015, 3002, 3001, 3003, 1007, 2001, 1023}
01-01 08:00:05.017 I/ActivityManager( 2112): Start proc com.hisilicon.dlna.dmr for added application com.hisilicon.dlna.dmr: pid=2492 uid=1000 gids={41000, 1028, 1015, 3002, 3001, 3003, 1007, 2001, 1023}
01-01 08:00:05.028 I/ActivityManager( 2112): Start proc com.komect.skill.client for added application com.komect.skill.client: pid=2505 uid=10027 gids={50027, 1028, 1015, 3003}
01-01 08:00:05.037 I/ActivityManager( 2112): Start proc com.amlogic.SubTitleService for added application com.amlogic.SubTitleService: pid=2518 uid=1000 gids={41000, 1028, 1015, 3002, 3001, 3003, 1007, 2001, 1023}
01-01 08:00:05.045 I/ActivityManager( 2112): Start proc com.amt.amtupgrade for added application com.amt.amtupgrade: pid=2532 uid=1000 gids={41000, 1028, 1015, 3002, 3001, 3003, 1007, 2001, 1023}
01-01 08:00:05.053 I/ActivityManager( 2112): Start proc com.ysten.prebootreceiver for added application com.ysten.prebootreceiver: pid=2546 uid=1000 gids={41000, 1028, 1015, 3002, 3001, 3003, 1007, 2001, 1023}
01-01 08:00:05.118 I/ActivityManager( 2112): Start proc com.cmcc.mid.softdetector for added application com.cmcc.mid.softdetector: pid=2563 uid=10021 gids={50021, 1028, 1015, 3003}
01-01 08:00:05.130 I/ActivityManager( 2112): Start proc com.hisilicon.android.hiRMService for added application com.hisilicon.android.hiRMService: pid=2576 uid=1000 gids={41000, 1028, 1015, 3002, 3001, 3003, 1007, 2001, 1023}
01-01 08:00:05.142 I/ActivityManager( 2112): Start proc com.ysten.dm for added application com.ysten.dm: pid=2591 uid=1000 gids={41000, 1028, 1015, 3002, 3001, 3003, 1007, 2001, 1023}
01-01 08:00:05.153 I/ActivityManager( 2112): Start proc com.android.sj for added application com.android.sj: pid=2604 uid=1000 gids={41000, 1028, 1015, 3002, 3001, 3003, 1007, 2001, 1023}
01-01 08:00:05.165 I/ActivityManager( 2112): Start proc com.iflytek.xiri2.system for added application com.iflytek.xiri2.system: pid=2619 uid=1000 gids={41000, 1028, 1015, 3002, 3001, 3003, 1007, 2001, 1023}
01-01 08:00:05.177 I/ActivityManager( 2112): Start proc com.thirdparty.dataaccess for added application com.thirdparty.dataaccess: pid=2632 uid=1000 gids={41000, 1028, 1015, 3002, 3001, 3003, 1007, 2001, 1023}
01-01 08:00:05.189 I/ActivityManager( 2112): Start proc com.android.yssj for added application com.android.yssj: pid=2645 uid=1000 gids={41000, 1028, 1015, 3002, 3001, 3003, 1007, 2001, 1023}
01-01 08:00:05.207 I/ActivityManager( 2112): Start proc com.hisilicon.android.inputmethod.remote for added application com.hisilicon.android.inputmethod.remote: pid=2660 uid=10015 gids={50015}
01-01 08:00:05.219 I/ActivityManager( 2112): Start proc com.android.smart.terminal.iptv for added application com.android.smart.terminal.iptv: pid=2673 uid=1000 gids={41000, 1028, 1015, 3002, 3001, 3003, 1007, 2001, 1023}
01-01 08:00:05.230 I/ActivityManager( 2112): Start proc com.ysten.autolog for added application com.ysten.autolog: pid=2686 uid=1000 gids={41000, 1028, 1015, 3002, 3001, 3003, 1007, 2001, 1023}
01-01 08:00:05.242 I/ActivityManager( 2112): Start proc com.androidmov.tr069 for added application com.androidmov.tr069: pid=2699 uid=10025 gids={50025, 3003}
01-01 08:00:05.294 I/ActivityManager( 2112): Start proc com.cmdc.fota for added application com.cmdc.fota: pid=2712 uid=1000 gids={41000, 1028, 1015, 3002, 3001, 3003, 1007, 2001, 1023}
01-01 08:00:05.294 I/ActivityManager( 2112): resumeHomeActivity(): mIsHomeActivityStarted=false
01-01 08:00:05.294 I/ActivityManager( 2112): resumeHomeActivity(): mProbeThread.getState()=NEW
01-01 08:00:05.295 I/ActivityManager( 2112): persist.sys.fastplay.fullyplay is false
01-01 08:00:05.295 I/ActivityManager( 2112): service.lunch.wait.bootvideo is true
01-01 08:00:05.295 I/ActivityManager( 2112): >>>>>>>penghui>>>>send msg
01-01 08:00:05.295 I/ActivityManager( 2112): >>>>>>>penghui>>>>time0
01-01 08:00:05.295 I/ActivityManager( 2112): >>>>>>>penghui>>>>msg:000
01-01 08:00:05.308 I/ActivityManager( 2112): Start proc com.ysten.systemupdate for broadcast com.ysten.systemupdate/.receiver.StartCheckReceiver: pid=2726 uid=1000 gids={41000, 1028, 1015, 3002, 3001, 3003, 1007, 2001, 1023}
01-01 08:00:05.389 V/CameraObserver( 2112): Intent.ACTION_CAMERA_PLUG: state: 0:name:video0
01-01 08:00:05.389 W/ActivityManager( 2112): Unable to start service Intent { cmp=com.android.printspooler/.PrintSpoolerService } U=0: not found
01-01 08:00:05.390 W/BroadcastQueue( 2112): Permission Denial: broadcasting Intent { act=android.net.conn.CONNECTIVITY_CHANGE_IMMEDIATE flg=0x44000010 (has extras) } from null (pid=-1, uid=-1) requires android.permission.CONNECTIVITY_INTERNAL due to registered receiver BroadcastFilter{41b56950 u0 ReceiverList{41b7e2d0 2112 system/1000/u0 local:41b7e120}}
01-01 08:00:05.390 W/BroadcastQueue( 2112): Permission Denial: broadcasting Intent { act=android.net.conn.CONNECTIVITY_CHANGE_IMMEDIATE flg=0x44000010 (has extras) } from null (pid=-1, uid=-1) requires android.permission.CONNECTIVITY_INTERNAL due to registered receiver BroadcastFilter{41bf91d0 u0 ReceiverList{41b23d58 2112 system/1000/u0 local:41b23b60}}
01-01 08:00:05.391 W/ContextImpl( 2112): Calling a method in the system process without a qualified user: android.app.ContextImpl.sendBroadcast:1232 com.android.server.CameraObserver.sendIntent:116 com.android.server.CameraObserver.access$000:37 com.android.server.CameraObserver$1.handleMessage:122 android.os.Handler.dispatchMessage:102 
01-01 08:00:05.402 I/ActivityManager( 2112): Start proc com.ysten.bootreceiver for broadcast com.ysten.bootreceiver/.NetworkInfoReceiver: pid=2743 uid=1000 gids={41000, 1028, 1015, 3002, 3001, 3003, 1007, 2001, 1023}
01-01 08:00:05.419 W/ContextImpl( 2619): Calling a method in the system process without a qualified user: android.app.ContextImpl.startService:1589 android.content.ContextWrapper.startService:494 com.iflytek.xirihelpersupervisor.DaemonApplication.startDaemonService:60 com.iflytek.xirihelpersupervisor.DaemonApplication.onCreate:31 android.app.Instrumentation.callApplicationOnCreate:1008 
01-01 08:00:05.446 W/ContextImpl( 2632): Calling a method in the system process without a qualified user: android.app.ContextImpl.bindService:1653 android.content.ContextWrapper.bindService:517 com.amt.utils.AmtDataAidl.<init>:33 com.amt.utils.AmtDataAidl.getInstance:24 com.amt.activity.IptvApp.onCreate:40 
01-01 08:00:05.474 I/ActivityManager( 2112): >>>>>>>penghui>>>dddd>>>>msg:105
01-01 08:00:05.477 I/ActivityManager( 2112): START u0 {act=android.intent.action.MAIN flg=0x10000000 cmp=com.android.smart.terminal.iptv/com.amt.app.IPTVActivity} from pid 0
01-01 08:00:05.536 W/ContextImpl( 2532): Calling a method in the system process without a qualified user: android.app.ContextImpl.bindService:1653 android.content.ContextWrapper.bindService:517 com.amt.amtdatasdk.ServiceCfgService.<init>:50 com.amt.amtdatasdk.ServiceCfgService.init:36 com.amt.amtdatasdk.ImplDataIServiceCfg.<init>:16 
01-01 08:00:05.543 W/ContextImpl( 2532): Calling a method in the system process without a qualified user: android.app.ContextImpl.startService:1589 android.content.ContextWrapper.startService:494 com.amt.amtupgrade.UpgradeAPP.startMsgService:84 com.amt.amtupgrade.UpgradeAPP.onCreate:67 android.app.Instrumentation.callApplicationOnCreate:1008 
01-01 08:00:05.560 W/ContextImpl( 2673): Calling a method in the system process without a qualified user: android.app.ContextImpl.bindService:1653 android.content.ContextWrapper.bindService:517 com.amt.amtdata.dataI.SettingsAIDL.bindAIDL:48 com.amt.amtdata.dataI.SettingsAIDL.<init>:31 com.amt.amtdata.dataI.SettingsAIDL.<init>:21 
01-01 08:00:05.574 I/ActivityManager( 2112): Start proc com.android.smart.terminal.iptv.aidl:remote for service com.android.smart.terminal.iptv.aidl/.ServiceSettings: pid=2764 uid=1000 gids={41000, 1028, 1015, 3002, 3001, 3003, 1007, 2001, 1023}
01-01 08:00:05.575 W/ContextImpl( 2673): Calling a method in the system process without a qualified user: android.app.ContextImpl.bindService:1653 android.content.ContextWrapper.bindService:517 com.amt.amtdata.dataI.SettingsAIDL.bindAIDL:48 com.amt.amtdata.dataI.SettingsAIDL.getInstance:36 com.amt.app.IptvApp.onCreate:70 
01-01 08:00:05.577 W/ContextImpl( 2673): Calling a method in the system process without a qualified user: android.app.ContextImpl.bindService:1653 android.content.ContextWrapper.bindService:517 com.amt.amtdata.dataI.SettingsAIDL.bindAIDL:48 com.amt.app.IptvApp.onCreate:70 android.app.Instrumentation.callApplicationOnCreate:1008 
01-01 08:00:05.585 W/ContextImpl( 2673): Calling a method in the system process without a qualified user: android.app.ContextImpl.bindService:1653 android.content.ContextWrapper.bindService:517 com.amt.tr069.ITr069Service.<init>:27 com.amt.tr069.TR069Manager.<init>:51 com.amt.tr069.TR069Manager.init:62 
01-01 08:00:05.596 I/ActivityManager( 2112): Start proc com.ysten.testtool for broadcast com.ysten.testtool/.StartCheckReceiver: pid=2772 uid=1000 gids={41000, 1028, 1015, 3002, 3001, 3003, 1007, 2001, 1023}
01-01 08:00:05.616 W/ContextImpl( 2673): Calling a method in the system process without a qualified user: android.app.ContextImpl.bindService:1653 android.content.ContextWrapper.bindService:517 com.amt.utils.SmartAidl.<init>:34 com.amt.utils.SmartAidl.getInstance:26 com.amt.app.IptvApp.onCreate:77 
01-01 08:00:05.647 I/ActivityManager( 2112): Start proc cn.gd.snm.snmcm for service cn.gd.snm.snmcm/cn.gd.snm.ivr.service.VoiceZhuoYingService: pid=2793 uid=10030 gids={50030, 3003, 1028, 1015}
01-01 08:00:05.711 I/ActivityManager( 2112): Start proc com.ysten.start for broadcast com.ysten.start/.Main: pid=2808 uid=1000 gids={41000, 1028, 1015, 3002, 3001, 3003, 1007, 2001, 1023}
01-01 08:00:05.780 E/ActivityThread( 2397): Failed to find provider info for com.android.contacts
01-01 08:00:05.905 I/ActivityManager( 2112): Start proc com.ysten.upgrade for broadcast com.ysten.upgrade/.BootReceiver: pid=2837 uid=1000 gids={41000, 1028, 1015, 3002, 3001, 3003, 1007, 2001, 1023}
01-01 08:00:05.984 W/ContextImpl( 2837): Calling a method in the system process without a qualified user: android.app.ContextImpl.startService:1589 android.content.ContextWrapper.startService:494 android.content.ContextWrapper.startService:494 com.ysten.upgrade.BootReceiver.onReceive:15 android.app.ActivityThread.handleReceiver:2426 
01-01 08:00:06.008 D/MountService( 2112): [ getUserLabelByPath ]retStr = null
01-01 08:00:06.013 I/ActivityManager( 2112): Start proc com.softwinner.dragonbox for broadcast com.softwinner.dragonbox/.StorageReceiver: pid=2855 uid=1000 gids={41000, 1028, 1015, 3002, 3001, 3003, 1007, 2001, 1023}
01-01 08:00:06.101 W/ContextImpl( 2686): Calling a method in the system process without a qualified user: android.app.ContextImpl.startService:1589 android.content.ContextWrapper.startService:494 android.content.ContextWrapper.startService:494 com.ysten.autolog.receiver.MediaMountReceiver.onReceive:31 android.app.ActivityThread.handleReceiver:2426 
01-01 08:00:06.130 I/ActivityManager( 2112): Start proc com.ysten.autolog:remote for service com.ysten.autolog/.service.RemoteViewService: pid=2871 uid=1000 gids={41000, 1028, 1015, 3002, 3001, 3003, 1007, 2001, 1023}
01-01 08:00:06.144 I/ActivityManager( 2112): Start proc net.sunniwell.service.swupgrade.usb for broadcast net.sunniwell.service.swupgrade.usb/.UpgradeReceiver: pid=2880 uid=1000 gids={41000, 1028, 1015, 3002, 3001, 3003, 1007, 2001, 1023}
01-01 08:00:06.325 W/ContextImpl( 2880): Calling a method in the system process without a qualified user: android.app.ContextImpl.startService:1589 android.content.ContextWrapper.startService:494 android.content.ContextWrapper.startService:494 net.sunniwell.service.swupgrade.usb.UpgradeReceiver.onReceive:71 android.app.ActivityThread.handleReceiver:2426 
01-01 08:00:06.333 W/ContextImpl( 2880): Calling a method in the system process without a qualified user: android.app.ContextImpl.bindService:1653 android.content.ContextWrapper.bindService:517 net.sunniwell.service.swupgrade.usb.DiagnoseUsbTV.bindInstallService:158 net.sunniwell.service.swupgrade.usb.DiagnoseUsbTV.onCreate:73 android.app.ActivityThread.handleCreateService:2579 
01-01 08:00:06.342 I/ActivityManager( 2112): Start proc com.android.externalstorage for broadcast com.android.externalstorage/.MountReceiver: pid=2906 uid=10000 gids={50000, 1028, 1015, 1023}
01-01 08:00:06.347 W/ActivityManager( 2112): Unable to start service Intent { act=net.dlb.shcmcc.installservice } U=0: not found
01-01 08:00:06.422 I/ActivityManager( 2112): Start proc android.process.media for broadcast com.android.providers.media/.MediaScannerReceiver: pid=2921 uid=10003 gids={50003, 1028, 1015, 1023, 1024, 2001, 3003, 3007}
01-01 08:00:06.587 I/ActivityManager( 2112): Start proc tv.icntv.vendor for broadcast tv.icntv.vendor/com.android.smart.terminal.settings.more.USBReceiver: pid=2940 uid=1000 gids={41000, 1028, 1015, 3002, 3001, 3003, 1007, 2001, 1023}
01-01 08:00:06.647 W/ContextImpl( 2940): Calling a method in the system process without a qualified user: android.app.ContextImpl.bindService:1653 android.content.ContextWrapper.bindService:517 com.android.smart.terminal.iptv.aidl.SettingsAIDL.bindAIDL:43 com.android.smart.terminal.settings.App.onCreate:42 android.app.Instrumentation.callApplicationOnCreate:1008 
01-01 08:00:06.853 W/ContextImpl( 2940): Calling a method in the system process without a qualified user: android.app.ContextImpl.bindService:1653 android.content.ContextWrapper.bindService:517 com.android.smart.terminal.iptv.aidl.IPTVServiceConnection.bindService:77 com.android.smart.terminal.iptv.aidl.IPTVServiceConnection$1.run:178 java.util.concurrent.Executors$RunnableAdapter.call:422 
01-01 08:00:07.044 W/ContextImpl( 2837): Calling a method in the system process without a qualified user: android.app.ContextImpl.startService:1589 android.content.ContextWrapper.startService:494 android.content.ContextWrapper.startService:494 com.ysten.upgrade.BootReceiver.onReceive:15 android.app.ActivityThread.handleReceiver:2426 
01-01 08:00:07.049 D/MountService( 2112): [ getUserLabelByPath ]retStr = null
01-01 08:00:07.065 W/ContextImpl( 2686): Calling a method in the system process without a qualified user: android.app.ContextImpl.startService:1589 android.content.ContextWrapper.startService:494 android.content.ContextWrapper.startService:494 com.ysten.autolog.receiver.MediaMountReceiver.onReceive:31 android.app.ActivityThread.handleReceiver:2426 
01-01 08:00:07.077 E/AndroidRuntime( 2871): FATAL EXCEPTION: main
01-01 08:00:07.077 E/AndroidRuntime( 2871): Process: com.ysten.autolog:remote, PID: 2871
01-01 08:00:07.077 E/AndroidRuntime( 2871): java.lang.RuntimeException: Unable to start service com.ysten.autolog.service.RemoteViewService@41afa9d0 with Intent { cmp=com.ysten.autolog/.service.RemoteViewService (has extras) }: java.lang.IllegalArgumentException: View=android.widget.LinearLayout{41afd330 V.E..... ......I. 0,0-260,264} not attached to window manager
01-01 08:00:07.077 E/AndroidRuntime( 2871): 	at android.app.ActivityThread.handleServiceArgs(ActivityThread.java:2726)
01-01 08:00:07.077 E/AndroidRuntime( 2871): 	at android.app.ActivityThread.access$2100(ActivityThread.java:136)
01-01 08:00:07.077 E/AndroidRuntime( 2871): 	at android.app.ActivityThread$H.handleMessage(ActivityThread.java:1294)
01-01 08:00:07.077 E/AndroidRuntime( 2871): 	at android.os.Handler.dispatchMessage(Handler.java:102)
01-01 08:00:07.077 E/AndroidRuntime( 2871): 	at android.os.Looper.loop(Looper.java:136)
01-01 08:00:07.077 E/AndroidRuntime( 2871): 	at android.app.ActivityThread.main(ActivityThread.java:5068)
01-01 08:00:07.077 E/AndroidRuntime( 2871): 	at java.lang.reflect.Method.invokeNative(Native Method)
01-01 08:00:07.077 E/AndroidRuntime( 2871): 	at java.lang.reflect.Method.invoke(Method.java:515)
01-01 08:00:07.077 E/AndroidRuntime( 2871): 	at com.android.internal.os.ZygoteInit$MethodAndArgsCaller.run(ZygoteInit.java:1122)
01-01 08:00:07.077 E/AndroidRuntime( 2871): 	at com.android.internal.os.ZygoteInit.main(ZygoteInit.java:890)
01-01 08:00:07.077 E/AndroidRuntime( 2871): 	at dalvik.system.NativeStart.main(Native Method)
01-01 08:00:07.077 E/AndroidRuntime( 2871): Caused by: java.lang.IllegalArgumentException: View=android.widget.LinearLayout{41afd330 V.E..... ......I. 0,0-260,264} not attached to window manager
01-01 08:00:07.077 E/AndroidRuntime( 2871): 	at android.view.WindowManagerGlobal.findViewLocked(WindowManagerGlobal.java:376)
01-01 08:00:07.077 E/AndroidRuntime( 2871): 	at android.view.WindowManagerGlobal.removeView(WindowManagerGlobal.java:305)
01-01 08:00:07.077 E/AndroidRuntime( 2871): 	at android.view.WindowManagerImpl.removeView(WindowManagerImpl.java:79)
01-01 08:00:07.077 E/AndroidRuntime( 2871): 	at com.ysten.autolog.service.RemoteViewService.hideRemoteView(RemoteViewService.java:232)
01-01 08:00:07.077 E/AndroidRuntime( 2871): 	at com.ysten.autolog.service.RemoteViewService.refreshView(RemoteViewService.java:286)
01-01 08:00:07.077 E/AndroidRuntime( 2871): 	at com.ysten.autolog.service.RemoteViewService.onStartCommand(RemoteViewService.java:259)
01-01 08:00:07.077 E/AndroidRuntime( 2871): 	at android.app.ActivityThread.handleServiceArgs(ActivityThread.java:2709)
01-01 08:00:07.077 E/AndroidRuntime( 2871): 	... 10 more
01-01 08:00:07.078 W/ContextImpl( 2880): Calling a method in the system process without a qualified user: android.app.ContextImpl.startService:1589 android.content.ContextWrapper.startService:494 android.content.ContextWrapper.startService:494 net.sunniwell.service.swupgrade.usb.UpgradeReceiver.onReceive:71 android.app.ActivityThread.handleReceiver:2426 
01-01 08:00:07.091 E/ActivityManager( 2112): RECEIVE_BOOT_COMPLETE
01-01 08:00:07.117 I/ActivityManager( 2112): Process com.ysten.autolog:remote (pid 2871) has died.
01-01 08:00:07.117 D/ActivityManager( 2112): cleanUpApplicationRecordLocked -- 2871
01-01 08:00:07.169 W/ContextImpl( 2576): Calling a method in the system process without a qualified user: android.app.ContextImpl.startService:1589 android.content.ContextWrapper.startService:494 android.content.ContextWrapper.startService:494 com.hisilicon.android.hiRMService.HiRMBroadcastReceiver.onReceive:22 android.app.ActivityThread.handleReceiver:2426 
01-01 08:00:07.178 W/ContextImpl( 2576): Calling a method in the system process without a qualified user: android.app.ContextImpl.startService:1589 android.content.ContextWrapper.startService:494 android.content.ContextWrapper.startService:494 com.hisilicon.android.hiRMService.HiRMBroadcastReceiver.onReceive:27 android.app.ActivityThread.handleReceiver:2426 
01-01 08:00:07.229 W/ContextImpl( 2726): Calling a method in the system process without a qualified user: android.app.ContextImpl.startService:1589 android.content.ContextWrapper.startService:494 android.content.ContextWrapper.startService:494 com.ysten.systemupdate.receiver.StartCheckReceiver.onReceive:24 android.app.ActivityThread.handleReceiver:2426 
01-01 08:00:07.266 V/        ( 2576): set lotID=4311859020E9E32452B190D6AC0F3D25
01-01 08:00:07.267 E/HiSysManagerService( 1582): checkPermission is true.
01-01 08:00:07.267 E/HiSysManagerService( 1582): checkPermission is true.
01-01 08:00:07.267 E/HiSysManagerService( 1582): checkPermission is true.
01-01 08:00:07.271 W/ActivityThread( 2576): ClassLoader.loadClass: The class loader returned by Thread.getContextClassLoader() may fail for processes that host multiple applications. You should explicitly specify a context class loader. For example: Thread.setContextClassLoader(getClass().getClassLoader());
01-01 08:00:07.277 W/ContextImpl( 2645): Calling a method in the system process without a qualified user: android.app.ContextImpl.startService:1589 android.content.ContextWrapper.startService:494 android.content.ContextWrapper.startService:494 com.android.sj.BootReceiver.onReceive:20 android.app.ActivityThread.handleReceiver:2426 
01-01 08:00:07.353 W/ContextImpl( 2604): Calling a method in the system process without a qualified user: android.app.ContextImpl.startService:1589 android.content.ContextWrapper.startService:494 android.content.ContextWrapper.startService:494 com.android.sj.BootReceiver.onReceive:27 android.app.ActivityThread.handleReceiver:2426 
01-01 08:00:07.399 I/ActivityManager( 2112): Start proc com.vixtel.stb.agent for broadcast com.vixtel.stb.agent/.receiver.BootCompletedReceiver: pid=3018 uid=10024 gids={50024, 3003, 1028, 1015, 1007}
12-18 20:22:13.329 I/PowerManagerService( 2112): Boot animation finished.
12-18 20:22:13.482 W/NativeCrashListener( 2112): Couldn't find ProcessRecord for pid 3044
12-18 20:22:13.609 W/NativeCrashListener( 2112): Couldn't find ProcessRecord for pid 3040
12-18 20:22:13.877 W/ContextImpl( 2673): Calling a method in the system process without a qualified user: android.app.ContextImpl.bindService:1653 android.content.ContextWrapper.bindService:517 com.amt.auth.AuthManager.startAuthService:93 com.amt.auth.AuthManager.setAuthView:73 com.amt.app.IPTVActivity.initView:198 
12-18 20:22:13.884 W/ContextImpl( 2673): Calling a method in the system process without a qualified user: android.app.ContextImpl.startService:1589 android.content.ContextWrapper.startService:494 com.amt.auth.AuthManager.startAuthService:94 com.amt.auth.AuthManager.setAuthView:73 com.amt.app.IPTVActivity.initView:198 
12-18 20:22:13.907 W/ContextImpl( 2673): Calling a method in the system process without a qualified user: android.app.ContextImpl.sendBroadcast:1232 android.content.ContextWrapper.sendBroadcast:365 android.app.ActivityThread.performResumeActivity:2796 android.app.ActivityThread.handleResumeActivity:2834 android.app.ActivityThread.handleLaunchActivity:2257 
12-18 20:22:13.935 I/ActivityManager( 2112): Start proc com.iflytek.xiri for broadcast com.iflytek.xiri/com.iflytek.xiriiptv.base.receiver.BootBroadcastReceiver: pid=3071 uid=10028 gids={50028, 3003, 1028, 1015, 3001, 3002}
12-18 20:22:13.981 I/ActivityManager( 2112): Delay finish: com.vixtel.stb.agent/com.vixtel.mobileiq.intelligenttest.app.receiver.BootCompletedReceiver
12-18 20:22:19.464 W/ActivityThread( 2673): ClassLoader.loadClass: The class loader returned by Thread.getContextClassLoader() may fail for processes that host multiple applications. You should explicitly specify a context class loader. For example: Thread.setContextClassLoader(getClass().getClassLoader());
12-18 20:22:19.623 W/ContextImpl( 2673): Calling a method in the system process without a qualified user: android.app.ContextImpl.stopService:1595 android.content.ContextWrapper.stopService:499 com.amt.auth.AuthManager.stopService:124 com.amt.auth.AuthenticationService$ServicAuthInterior.onAuthSuceed:160 com.amt.auth.AuthManager.onAuthSuceed:140 
12-18 20:22:19.625 W/ContextImpl( 2673): Calling a method in the system process without a qualified user: android.app.ContextImpl.sendBroadcast:1232 android.content.ContextWrapper.sendBroadcast:365 com.amt.auth.AuthExternalState$1.onSuccess:39 com.amt.auth.AuthManager$2.run:148 com.amt.utils.mainthread.MainThreadSwitcher.runOnMainThreadAsync:34 
12-18 20:22:19.628 W/ContextImpl( 2673): Calling a method in the system process without a qualified user: android.app.ContextImpl.startService:1589 android.content.ContextWrapper.startService:494 com.amt.utils.IptvResidentService.startSerivce:75 com.amt.auth.AuthExternalState$1.onSuccess:42 com.amt.auth.AuthManager$2.run:148 
12-18 20:22:19.679 I/ActivityManager( 2112): START u0 {act=android.intent.action.MAIN cmp=cn.gd.snm.snmcm/.LauncherActivity} from pid 2673
12-18 20:22:19.682 I/UsageStats( 2112): No package stats for pkg:com.android.smart.terminal.iptv
12-18 20:22:19.697 W/ContextImpl( 2673): Calling a method in the system process without a qualified user: android.app.ContextImpl.sendBroadcast:1232 android.content.ContextWrapper.sendBroadcast:365 android.app.ActivityThread.performPauseActivity:3076 android.app.ActivityThread.performPauseActivity:3034 android.app.ActivityThread.handlePauseActivity:3012 
12-18 20:22:20.489 I/ActivityManager( 2112): Start proc com.android.defcontainer for service com.android.defcontainer/.DefaultContainerService: pid=3208 uid=10001 gids={50001, 1028, 1015, 1023, 2001, 1035}
12-18 20:22:20.500 E/installd( 1575): value = false 
12-18 20:22:20.548 E/installd( 1575): value = false 
12-18 20:22:20.568 E/installd( 1575): value = false 
12-18 20:22:20.568 E/installd( 1575): value = false 
12-18 20:22:20.575 E/installd( 1575): value = false 
12-18 20:22:20.575 E/installd( 1575): value = false 
12-18 20:22:20.579 E/installd( 1575): value = false 
12-18 20:22:20.579 E/installd( 1575): value = false 
12-18 20:22:20.582 E/installd( 1575): value = false 
12-18 20:22:20.583 E/installd( 1575): value = false 
12-18 20:22:20.587 E/installd( 1575): value = false 
12-18 20:22:20.588 E/installd( 1575): value = false 
12-18 20:22:20.591 E/installd( 1575): value = false 
12-18 20:22:20.592 E/installd( 1575): value = false 
12-18 20:22:20.595 E/installd( 1575): value = false 
12-18 20:22:20.596 E/installd( 1575): value = false 
12-18 20:22:20.598 E/installd( 1575): value = false 
12-18 20:22:20.599 E/installd( 1575): value = false 
12-18 20:22:20.602 E/installd( 1575): value = false 
12-18 20:22:20.602 E/installd( 1575): value = false 
12-18 20:22:20.606 E/installd( 1575): value = false 
12-18 20:22:20.606 E/installd( 1575): value = false 
12-18 20:22:20.609 E/installd( 1575): value = false 
12-18 20:22:20.609 E/installd( 1575): value = false 
12-18 20:22:20.612 E/installd( 1575): value = false 
12-18 20:22:20.613 E/installd( 1575): value = false 
12-18 20:22:20.616 E/installd( 1575): value = false 
12-18 20:22:20.616 E/installd( 1575): value = false 
12-18 20:22:20.618 E/installd( 1575): value = false 
12-18 20:22:20.618 E/installd( 1575): value = false 
12-18 20:22:20.622 E/installd( 1575): value = false 
12-18 20:22:20.622 E/installd( 1575): value = false 
12-18 20:22:20.628 E/installd( 1575): value = false 
12-18 20:22:20.628 E/installd( 1575): value = false 
12-18 20:22:20.631 E/installd( 1575): value = false 
12-18 20:22:20.631 E/installd( 1575): value = false 
12-18 20:22:20.634 E/installd( 1575): value = false 
12-18 20:22:20.635 E/installd( 1575): value = false 
12-18 20:22:20.638 E/installd( 1575): value = false 
12-18 20:22:20.638 E/installd( 1575): value = false 
12-18 20:22:20.641 E/installd( 1575): value = false 
12-18 20:22:20.641 E/installd( 1575): value = false 
12-18 20:22:20.645 E/installd( 1575): value = false 
12-18 20:22:20.645 E/installd( 1575): value = false 
12-18 20:22:20.648 E/installd( 1575): value = false 
12-18 20:22:20.648 E/installd( 1575): value = false 
12-18 20:22:20.651 E/installd( 1575): value = false 
12-18 20:22:20.651 E/installd( 1575): value = false 
12-18 20:22:20.653 E/installd( 1575): value = false 
12-18 20:22:20.653 E/installd( 1575): value = false 
12-18 20:22:20.656 E/installd( 1575): value = false 
12-18 20:22:20.656 E/installd( 1575): value = false 
12-18 20:22:20.659 E/installd( 1575): value = false 
12-18 20:22:20.659 E/installd( 1575): value = false 
12-18 20:22:20.661 E/installd( 1575): value = false 
12-18 20:22:20.661 E/installd( 1575): value = false 
12-18 20:22:20.664 E/installd( 1575): value = false 
12-18 20:22:20.664 E/installd( 1575): value = false 
12-18 20:22:20.666 E/installd( 1575): value = false 
12-18 20:22:20.666 E/installd( 1575): value = false 
12-18 20:22:20.668 E/installd( 1575): value = false 
12-18 20:22:20.669 E/installd( 1575): value = false 
12-18 20:22:20.672 E/installd( 1575): value = false 
12-18 20:22:20.672 E/installd( 1575): value = false 
12-18 20:22:20.675 E/installd( 1575): value = false 
12-18 20:22:20.675 E/installd( 1575): value = false 
12-18 20:22:20.678 E/installd( 1575): value = false 
12-18 20:22:20.678 E/installd( 1575): value = false 
12-18 20:22:20.680 E/installd( 1575): value = false 
12-18 20:22:20.680 E/installd( 1575): value = false 
12-18 20:22:20.683 E/installd( 1575): value = false 
12-18 20:22:20.683 E/installd( 1575): value = false 
12-18 20:22:20.685 E/installd( 1575): value = false 
12-18 20:22:20.686 E/installd( 1575): value = false 
12-18 20:22:20.688 E/installd( 1575): value = false 
12-18 20:22:20.688 E/installd( 1575): value = false 
12-18 20:22:20.691 E/installd( 1575): value = false 
12-18 20:22:20.691 E/installd( 1575): value = false 
12-18 20:22:20.693 E/installd( 1575): value = false 
12-18 20:22:20.693 E/installd( 1575): value = false 
12-18 20:22:20.696 E/installd( 1575): value = false 
12-18 20:22:20.696 E/installd( 1575): value = false 
12-18 20:22:20.699 E/installd( 1575): value = false 
12-18 20:22:20.699 E/installd( 1575): value = false 
12-18 20:22:20.702 E/installd( 1575): value = false 
12-18 20:22:20.702 E/installd( 1575): value = false 
12-18 20:22:20.704 E/installd( 1575): value = false 
12-18 20:22:20.704 E/installd( 1575): value = false 
12-18 20:22:20.707 E/installd( 1575): value = false 
12-18 20:22:20.707 E/installd( 1575): value = false 
12-18 20:22:20.709 E/installd( 1575): value = false 
12-18 20:22:20.709 E/installd( 1575): value = false 
12-18 20:22:20.711 E/installd( 1575): value = false 
12-18 20:22:20.711 E/installd( 1575): value = false 
12-18 20:22:20.713 E/installd( 1575): value = false 
12-18 20:22:20.714 E/installd( 1575): value = false 
12-18 20:22:20.716 E/installd( 1575): value = false 
12-18 20:22:20.716 E/installd( 1575): value = false 
12-18 20:22:20.720 E/installd( 1575): value = false 
12-18 20:22:20.721 E/installd( 1575): value = false 
12-18 20:22:20.723 E/installd( 1575): value = false 
12-18 20:22:20.723 E/installd( 1575): value = false 
12-18 20:22:20.725 E/installd( 1575): value = false 
12-18 20:22:20.726 E/installd( 1575): value = false 
12-18 20:22:20.729 E/installd( 1575): value = false 
12-18 20:22:20.729 E/installd( 1575): value = false 
12-18 20:22:20.731 E/installd( 1575): value = false 
12-18 20:22:20.731 E/installd( 1575): value = false 
12-18 20:22:20.733 E/installd( 1575): value = false 
12-18 20:22:20.733 E/installd( 1575): value = false 
12-18 20:22:20.735 E/installd( 1575): value = false 
12-18 20:22:20.736 E/installd( 1575): value = false 
12-18 20:22:20.738 E/installd( 1575): value = false 
12-18 20:22:20.738 E/installd( 1575): value = false 
12-18 20:22:20.740 E/installd( 1575): value = false 
12-18 20:22:20.741 E/installd( 1575): value = false 
12-18 20:22:20.743 E/installd( 1575): value = false 
12-18 20:22:20.743 E/installd( 1575): value = false 
12-18 20:22:20.745 E/installd( 1575): value = false 
12-18 20:22:20.745 E/installd( 1575): value = false 
12-18 20:22:20.750 E/installd( 1575): value = false 
12-18 20:22:20.751 E/installd( 1575): value = false 
12-18 20:22:20.754 E/installd( 1575): value = false 
12-18 20:22:20.754 E/installd( 1575): value = false 
12-18 20:22:20.757 E/installd( 1575): value = false 
12-18 20:22:20.757 E/installd( 1575): value = false 
12-18 20:22:20.760 E/installd( 1575): value = false 
12-18 20:22:20.761 E/installd( 1575): value = false 
12-18 20:22:20.764 E/installd( 1575): value = false 
12-18 20:22:20.765 E/installd( 1575): value = false 
12-18 20:22:20.767 E/installd( 1575): value = false 
12-18 20:22:20.767 E/installd( 1575): value = false 
12-18 20:22:20.773 E/installd( 1575): value = false 
12-18 20:22:20.773 E/installd( 1575): value = false 
12-18 20:22:20.785 E/installd( 1575): value = false 
12-18 20:22:20.785 E/installd( 1575): value = false 
12-18 20:22:20.788 E/installd( 1575): value = false 
12-18 20:22:20.788 E/installd( 1575): value = false 
12-18 20:22:20.790 E/installd( 1575): value = false 
12-18 20:22:20.791 E/installd( 1575): value = false 
12-18 20:22:20.793 E/installd( 1575): value = false 
12-18 20:22:20.794 E/installd( 1575): value = false 
12-18 20:22:20.796 E/installd( 1575): value = false 
12-18 20:22:20.796 E/installd( 1575): value = false 
12-18 20:22:20.799 E/installd( 1575): value = false 
12-18 20:22:20.800 E/installd( 1575): value = false 
12-18 20:22:20.802 E/installd( 1575): value = false 
12-18 20:22:20.803 E/installd( 1575): value = false 
12-18 20:22:20.805 E/installd( 1575): value = false 
12-18 20:22:20.806 E/installd( 1575): value = false 
12-18 20:22:20.808 E/installd( 1575): value = false 
12-18 20:22:20.809 E/installd( 1575): value = false 
12-18 20:22:20.812 E/installd( 1575): value = false 
12-18 20:22:20.812 E/installd( 1575): value = false 
12-18 20:22:20.815 E/installd( 1575): value = false 
12-18 20:22:20.815 E/installd( 1575): value = false 
12-18 20:22:20.819 E/installd( 1575): value = false 
12-18 20:22:20.819 E/installd( 1575): value = false 
12-18 20:22:20.822 E/installd( 1575): value = false 
12-18 20:22:20.822 E/installd( 1575): value = false 
12-18 20:22:20.825 E/installd( 1575): value = false 
12-18 20:22:20.825 E/installd( 1575): value = false 
12-18 20:22:20.828 E/installd( 1575): value = false 
12-18 20:22:20.828 E/installd( 1575): value = false 
12-18 20:22:20.831 E/installd( 1575): value = false 
12-18 20:22:20.831 E/installd( 1575): value = false 
12-18 20:22:20.889 W/ActivityManager( 2112): Unable to start service Intent { act=com.thirdparty.dataaccess.IErrorReporter pkg=com.thirdparty.dataaccess } U=0: not found
12-18 20:22:20.925 I/ActivityManager( 2112): Start proc com.hooray.sdk.service for service cn.gd.snm.snmcm/com.hooray.sdk.service.HooSDKService: pid=3235 uid=10030 gids={50030, 3003, 1028, 1015}
12-18 20:22:21.226 E/PackageParser( 3235): Package com.hooray.push has no certificates at entry AndroidManifest.xml; ignoring!
12-18 20:22:21.273 E/RemotePrintSpooler( 2112): Error removing obsolete print jobs .
12-18 20:22:21.273 E/RemotePrintSpooler( 2112): java.util.concurrent.TimeoutException: Cannot get spooler!
12-18 20:22:21.273 E/RemotePrintSpooler( 2112): 	at com.android.server.print.RemotePrintSpooler.bindLocked(RemotePrintSpooler.java:376)
12-18 20:22:21.273 E/RemotePrintSpooler( 2112): 	at com.android.server.print.RemotePrintSpooler.getRemoteInstanceLazy(RemotePrintSpooler.java:352)
12-18 20:22:21.273 E/RemotePrintSpooler( 2112): 	at com.android.server.print.RemotePrintSpooler.removeObsoletePrintJobs(RemotePrintSpooler.java:287)
12-18 20:22:21.273 E/RemotePrintSpooler( 2112): 	at com.android.server.print.UserState.removeObsoletePrintJobs(UserState.java:163)
12-18 20:22:21.273 E/RemotePrintSpooler( 2112): 	at com.android.server.print.PrintManagerService$1.run(PrintManagerService.java:94)
12-18 20:22:21.273 E/RemotePrintSpooler( 2112): 	at android.os.Handler.handleCallback(Handler.java:733)
12-18 20:22:21.273 E/RemotePrintSpooler( 2112): 	at android.os.Handler.dispatchMessage(Handler.java:95)
12-18 20:22:21.273 E/RemotePrintSpooler( 2112): 	at android.os.Looper.loop(Looper.java:136)
12-18 20:22:21.273 E/RemotePrintSpooler( 2112): 	at android.os.HandlerThread.run(HandlerThread.java:61)
--------- beginning of /dev/log/main
12-18 20:22:22.779 I/System.out( 2793): RxCache: ProcessorProvidersBehaviour-getDataFromLoader clear cache before save data
12-18 20:22:22.779 I/System.out( 2793): RxCache: ProcessorProvidersBehaviour-getDataFromLoader save data
12-18 20:22:22.781 I/System.out( 2793): RxCache: Disk-save- key:index-section$d$d$d$http://183.235.11.39:8082/epg/api/page/biz_77494799.json$g$g$g$
12-18 20:22:22.789 I/System.out( 2793): RxCache: ProcessorProvidersBehaviour-getDataFromLoader
12-18 20:22:22.789 I/System.out( 2793): RxCache: ProcessorProvidersBehaviour-getDataFromLoader clear cache before save data
12-18 20:22:22.789 I/System.out( 2793): RxCache: ProcessorProvidersBehaviour-getDataFromLoader save data
12-18 20:22:22.790 I/System.out( 2793): RxCache: Disk-save- key:index-page$d$d$d$http://183.235.11.39:8082/epg/api/page/biz_14184686.json$g$g$g$
12-18 20:22:22.800 I/System.out( 2793): RxCache: ProcessorProvidersBehaviour-getData-cacheRule: 0x100010
12-18 20:22:22.800 I/System.out( 2793): RxCache: RetrieveRecord-retrieveRecord:index-section , http://183.235.11.39:8082/epg/api/page/biz_67587606.json , 
12-18 20:22:22.800 I/System.out( 2793): RxCache: RetrieveRecord-retrieveRecord:record from memory is null
12-18 20:22:22.801 I/System.out( 2793): RxCache: RetrieveRecord-retrieveRecord:get record from persistence failure
12-18 20:22:22.801 W/System.err( 2793): java.lang.NullPointerException
12-18 20:22:22.801 W/System.err( 2793): 	at io.rx_cache2.internal.cache.RetrieveRecord.retrieveRecord(SourceFile:8)
12-18 20:22:22.801 W/System.err( 2793): 	at io.rx_cache2.internal.cache.TwoLayersCache.retrieve(SourceFile:1)
12-18 20:22:22.801 W/System.err( 2793): 	at io.rx_cache2.internal.ProcessorProvidersBehaviour.getData(SourceFile:2)
12-18 20:22:22.801 W/System.err( 2793): 	at io.rx_cache2.internal.ProcessorProvidersBehaviour$3.call(SourceFile:3)
12-18 20:22:22.801 W/System.err( 2793): 	at io.rx_cache2.internal.ProcessorProvidersBehaviour$3.call(SourceFile:1)
12-18 20:22:22.801 W/System.err( 2793): 	at io.reactivex.internal.operators.observable.ObservableDefer.subscribeActual(SourceFile:1)
12-18 20:22:22.802 W/System.err( 2793): 	at io.reactivex.Observable.subscribe(SourceFile:14)
12-18 20:22:22.802 W/System.err( 2793): 	at io.reactivex.internal.operators.observable.ObservableDoOnEach.subscribeActual(SourceFile:1)
12-18 20:22:22.802 W/System.err( 2793): 	at io.reactivex.Observable.subscribe(SourceFile:14)
12-18 20:22:22.802 W/System.err( 2793): 	at io.reactivex.internal.operators.observable.ObservableFlatMap$MergeObserver.subscribeInner(SourceFile:11)
12-18 20:22:22.802 W/System.err( 2793): 	at io.reactivex.internal.operators.observable.ObservableFlatMap$MergeObserver.onNext(SourceFile:10)
12-18 20:22:22.802 W/System.err( 2793): 	at io.reactivex.internal.operators.observable.ObservableFromIterable$FromIterableDisposable.run(SourceFile:3)
12-18 20:22:22.802 W/System.err( 2793): 	at io.reactivex.internal.operators.observable.ObservableFromIterable.subscribeActual(SourceFile:7)
12-18 20:22:22.802 W/System.err( 2793): 	at io.reactivex.Observable.subscribe(SourceFile:14)
12-18 20:22:22.802 W/System.err( 2793): 	at io.reactivex.internal.operators.observable.ObservableFlatMap.subscribeActual(SourceFile:2)
12-18 20:22:22.802 W/System.err( 2793): 	at io.reactivex.Observable.subscribe(SourceFile:14)
12-18 20:22:22.802 W/System.err( 2793): 	at io.reactivex.internal.operators.observable.ObservableFlatMap$MergeObserver.subscribeInner(SourceFile:11)
12-18 20:22:22.802 W/System.err( 2793): 	at io.reactivex.internal.operators.observable.ObservableFlatMap$MergeObserver.onNext(SourceFile:10)
12-18 20:22:22.802 W/System.err( 2793): 	at io.reactivex.internal.operators.observable.ObservableFlatMap$MergeObserver.tryEmit(SourceFile:2)
12-18 20:22:22.802 W/System.err( 2793): 	at io.reactivex.internal.operators.observable.ObservableFlatMap$InnerObserver.onNext(SourceFile:2)
12-18 20:22:22.802 W/System.err( 2793): 	at io.reactivex.internal.operators.observable.ObservableFlatMap$MergeObserver.tryEmitScalar(SourceFile:3)
12-18 20:22:22.802 W/System.err( 2793): 	at io.reactivex.internal.operators.observable.ObservableFlatMap$MergeObserver.subscribeInner(SourceFile:2)
12-18 20:22:22.802 W/System.err( 2793): 	at io.reactivex.internal.operators.observable.ObservableFlatMap$MergeObserver.onNext(SourceFile:10)
12-18 20:22:22.802 W/System.err( 2793): 	at io.reactivex.internal.operators.observable.ObservableMap$MapObserver.onNext(SourceFile:5)
12-18 20:22:22.802 W/System.err( 2793): 	at io.reactivex.internal.operators.observable.ObservableOnErrorReturn$OnErrorReturnObserver.onNext(SourceFile:1)
12-18 20:22:22.802 W/System.err( 2793): 	at io.reactivex.internal.operators.observable.ObservableMap$MapObserver.onNext(SourceFile:5)
12-18 20:22:22.802 W/System.err( 2793): 	at io.reactivex.internal.operators.observable.ObservableObserveOn$ObserveOnObserver.drainNormal(SourceFile:8)
12-18 20:22:22.802 W/System.err( 2793): 	at io.reactivex.internal.operators.observable.ObservableObserveOn$ObserveOnObserver.run(SourceFile:3)
12-18 20:22:22.802 W/System.err( 2793): 	at io.reactivex.android.schedulers.HandlerScheduler$ScheduledRunnable.run(SourceFile:1)
12-18 20:22:22.802 W/System.err( 2793): 	at android.os.Handler.handleCallback(Handler.java:733)
12-18 20:22:22.802 W/System.err( 2793): 	at android.os.Handler.dispatchMessage(Handler.java:95)
12-18 20:22:22.802 W/System.err( 2793): 	at android.os.Looper.loop(Looper.java:136)
12-18 20:22:22.802 W/System.err( 2793): 	at android.app.ActivityThread.main(ActivityThread.java:5068)
12-18 20:22:22.802 W/System.err( 2793): 	at java.lang.reflect.Method.invokeNative(Native Method)
12-18 20:22:22.802 W/System.err( 2793): 	at java.lang.reflect.Method.invoke(Method.java:515)
12-18 20:22:22.802 W/System.err( 2793): 	at com.android.internal.os.ZygoteInit$MethodAndArgsCaller.run(ZygoteInit.java:1122)
12-18 20:22:22.802 W/System.err( 2793): 	at com.android.internal.os.ZygoteInit.main(ZygoteInit.java:890)
12-18 20:22:22.803 W/System.err( 2793): 	at dalvik.system.NativeStart.main(Native Method)
12-18 20:22:22.803 I/System.out( 2793): RxCache: ProcessorProvidersBehaviour-getData-record:null
12-18 20:22:22.803 I/System.out( 2793): RxCache: ProcessorProvidersBehaviour-getData-use loader first
12-18 20:22:22.803 I/System.out( 2793): RxCache: ProcessorProvidersBehaviour-getData-cacheRule: 0x100010
12-18 20:22:22.803 I/System.out( 2793): RxCache: RetrieveRecord-retrieveRecord:index-section , http://183.235.11.39:8082/epg/api/page/biz_40574399.json , 
12-18 20:22:22.803 I/System.out( 2793): RxCache: RetrieveRecord-retrieveRecord:record from memory is null
12-18 20:22:22.804 I/System.out( 2793): RxCache: RetrieveRecord-retrieveRecord:get record from persistence failure
12-18 20:22:22.804 W/System.err( 2793): java.lang.NullPointerException
12-18 20:22:22.804 W/System.err( 2793): 	at io.rx_cache2.internal.cache.RetrieveRecord.retrieveRecord(SourceFile:8)
12-18 20:22:22.804 W/System.err( 2793): 	at io.rx_cache2.internal.cache.TwoLayersCache.retrieve(SourceFile:1)
12-18 20:22:22.804 W/System.err( 2793): 	at io.rx_cache2.internal.ProcessorProvidersBehaviour.getData(SourceFile:2)
12-18 20:22:22.804 W/System.err( 2793): 	at io.rx_cache2.internal.ProcessorProvidersBehaviour$3.call(SourceFile:3)
12-18 20:22:22.805 W/System.err( 2793): 	at io.rx_cache2.internal.ProcessorProvidersBehaviour$3.call(SourceFile:1)
12-18 20:22:22.805 W/System.err( 2793): 	at io.reactivex.internal.operators.observable.ObservableDefer.subscribeActual(SourceFile:1)
12-18 20:22:22.805 W/System.err( 2793): 	at io.reactivex.Observable.subscribe(SourceFile:14)
12-18 20:22:22.805 W/System.err( 2793): 	at io.reactivex.internal.operators.observable.ObservableDoOnEach.subscribeActual(SourceFile:1)
12-18 20:22:22.805 W/System.err( 2793): 	at io.reactivex.Observable.subscribe(SourceFile:14)
12-18 20:22:22.805 W/System.err( 2793): 	at io.reactivex.internal.operators.observable.ObservableFlatMap$MergeObserver.subscribeInner(SourceFile:11)
12-18 20:22:22.805 W/System.err( 2793): 	at io.reactivex.internal.operators.observable.ObservableFlatMap$MergeObserver.onNext(SourceFile:10)
12-18 20:22:22.805 W/System.err( 2793): 	at io.reactivex.internal.operators.observable.ObservableFromIterable$FromIterableDisposable.run(SourceFile:3)
