12-18 20:22:26.732 D/HiDhcpPlus( 2824): 01
12-18 20:22:26.732 D/HiDhcpPlus( 2824): cb
12-18 20:22:26.732 D/HiDhcpPlus( 2824): 2a
12-18 20:22:26.732 D/HiDhcpPlus( 2824): 85
12-18 20:22:26.732 D/HiDhcpPlus( 2824): 01
12-18 20:22:26.732 D/HiDhcpPlus( 2824): f9
12-18 20:22:26.732 D/HiDhcpPlus( 2824): d5
12-18 20:22:26.732 D/HiDhcpPlus( 2824): 8a
12-18 20:22:26.732 D/HiDhcpPlus( 2824): 43
12-18 20:22:26.732 D/HiDhcpPlus( 2824): 2a
12-18 20:22:26.732 D/HiDhcpPlus( 2824): 9c
12-18 20:22:26.732 D/HiDhcpPlus( 2824): 13
12-18 20:22:26.732 D/HiDhcpPlus( 2824): 08
12-18 20:22:26.732 D/HiDhcpPlus( 2824): 95
12-18 20:22:26.732 D/HiDhcpPlus( 2824): 45
12-18 20:22:26.732 D/HiDhcpPlus( 2824): 07
12-18 20:22:26.732 D/HiDhcpPlus( 2824): f7
12-18 20:22:26.732 D/HiDhcpPlus( 2824): 58
12-18 20:22:26.732 D/HiDhcpPlus( 2824): e0
12-18 20:22:26.732 D/HiDhcpPlus( 2824): Message length = 57!!
12-18 20:22:26.732 D/HiDhcpPlus( 2824): 01
12-18 20:22:26.732 D/HiDhcpPlus( 2824): 5b
12-18 20:22:26.732 D/HiDhcpPlus( 2824): 71
12-18 20:22:26.732 D/HiDhcpPlus( 2824): af
12-18 20:22:26.732 D/HiDhcpPlus( 2824): 42
12-18 20:22:26.732 D/HiDhcpPlus( 2824): a9
12-18 20:22:26.732 D/HiDhcpPlus( 2824): 6f
12-18 20:22:26.732 D/HiDhcpPlus( 2824): 36
12-18 20:22:26.732 D/HiDhcpPlus( 2824): 5c
12-18 20:22:26.732 D/HiDhcpPlus( 2824): 00
12-18 20:22:26.732 D/HiDhcpPlus( 2824): 00
12-18 20:22:26.732 D/HiDhcpPlus( 2824): 00
12-18 20:22:26.732 D/HiDhcpPlus( 2824): 00
12-18 20:22:26.732 D/HiDhcpPlus( 2824): 02
12-18 20:22:26.732 D/HiDhcpPlus( 2824): 9f
12-18 20:22:26.732 D/HiDhcpPlus( 2824): dc
12-18 20:22:26.732 D/HiDhcpPlus( 2824): 5f
12-18 20:22:26.732 D/HiDhcpPlus( 2824): c8
12-18 20:22:26.732 D/HiDhcpPlus( 2824): cb
12-18 20:22:26.732 D/HiDhcpPlus( 2824): bd
12-18 20:22:26.732 D/HiDhcpPlus( 2824): f2
12-18 20:22:26.732 D/HiDhcpPlus( 2824): fb
12-18 20:22:26.732 D/HiDhcpPlus( 2824): 79
12-18 20:22:26.732 D/HiDhcpPlus( 2824): 27
12-18 20:22:26.732 D/HiDhcpPlus( 2824): 8b
12-18 20:22:26.732 D/HiDhcpPlus( 2824): 28
12-18 20:22:26.732 D/HiDhcpPlus( 2824): a9
12-18 20:22:26.732 D/HiDhcpPlus( 2824): fd
12-18 20:22:26.732 D/HiDhcpPlus( 2824): 94
12-18 20:22:26.732 D/HiDhcpPlus( 2824): 1b
12-18 20:22:26.732 D/HiDhcpPlus( 2824): fb
12-18 20:22:26.732 D/HiDhcpPlus( 2824): 8f
12-18 20:22:26.732 D/HiDhcpPlus( 2824): f9
12-18 20:22:26.732 D/HiDhcpPlus( 2824): 21
12-18 20:22:26.732 D/HiDhcpPlus( 2824): 98
12-18 20:22:26.732 D/HiDhcpPlus( 2824): fa
12-18 20:22:26.732 D/HiDhcpPlus( 2824): 3e
12-18 20:22:26.732 D/HiDhcpPlus( 2824): cc
12-18 20:22:26.732 D/HiDhcpPlus( 2824): 01
12-18 20:22:26.732 D/HiDhcpPlus( 2824): cb
12-18 20:22:26.732 D/HiDhcpPlus( 2824): 2a
12-18 20:22:26.732 D/HiDhcpPlus( 2824): 85
12-18 20:22:26.732 D/HiDhcpPlus( 2824): 01
12-18 20:22:26.732 D/HiDhcpPlus( 2824): f9
12-18 20:22:26.732 D/HiDhcpPlus( 2824): d5
12-18 20:22:26.732 D/HiDhcpPlus( 2824): 8a
12-18 20:22:26.732 D/HiDhcpPlus( 2824): 43
12-18 20:22:26.732 D/HiDhcpPlus( 2824): 2a
12-18 20:22:26.732 D/HiDhcpPlus( 2824): 9c
12-18 20:22:26.732 D/HiDhcpPlus( 2824): 13
12-18 20:22:26.732 D/HiDhcpPlus( 2824): 08
12-18 20:22:26.732 D/HiDhcpPlus( 2824): 95
12-18 20:22:26.732 D/HiDhcpPlus( 2824): 45
12-18 20:22:26.732 D/HiDhcpPlus( 2824): 07
12-18 20:22:26.732 D/HiDhcpPlus( 2824): f7
12-18 20:22:26.732 D/HiDhcpPlus( 2824): 58
12-18 20:22:26.732 D/HiDhcpPlus( 2824): e0
12-18 20:22:26.732 D/HiDhcpPlus( 2824): Encrypt SUCCESS!!
12-18 20:22:26.732 E/DHCLIENT( 2824): XMT: Solicit on eth0, interval 15660ms.
12-18 20:22:26.755 D/dalvikvm( 2793): GC_FOR_ALLOC freed 101K, 6% free 75993K/80152K, paused 50ms, total 50ms
12-18 20:22:26.767 I/CircleCornerLayout( 2793): draw
12-18 20:22:26.768 I/dalvikvm-heap( 2793): Grow heap (frag case) to 82.164MB for 8294416-byte allocation
12-18 20:22:26.784 D/pcapcmcc4( 3088): Many Syn Packet: 100.97.24.113#37111#120.198.245.13#7547#3#
12-18 20:22:26.816 D/dalvikvm( 2793): GC_FOR_ALLOC freed <1K, 5% free 84092K/88256K, paused 48ms, total 48ms
12-18 20:22:26.820 I/CircleCornerLayout( 2793): draw
12-18 20:22:26.820 I/CircleCornerLayout( 2793): draw
12-18 20:22:26.828 I/        ( 1584): transcode 39 flags 16
12-18 20:22:26.836 D/AndroidAutoSize( 2793): cn.gd.snm.upgrade.ApkUpdateActivity used the global configuration.
12-18 20:22:26.836 D/AndroidAutoSize( 2793): The cn.gd.snm.upgrade.ApkUpdateActivity has been adapted! 
12-18 20:22:26.836 D/AndroidAutoSize( 2793): ApkUpdateActivity Info: isBaseOnWidth = true, designWidthInDp = 1280.000000, designWidthInSubunits = 1280.000000, targetDensity = 1.500000, targetScaledDensity = 1.500000, targetDensityDpi = 240, targetXdpi = 1.500000, targetScreenWidthDp = 1280, targetScreenHeightDp = 720
12-18 20:22:26.850 I/ApkUpdateActivity_TAG( 2793): isForceUpdateTrue 强制升级
12-18 20:22:26.885 D/dalvikvm( 2793): GC_CONCURRENT freed 67K, 5% free 84116K/88256K, paused 3ms+8ms, total 68ms
12-18 20:22:26.962 I/        ( 1584): transcode 39 flags 16
12-18 20:22:26.964 E/ViewRootImpl( 2793): 20170727 enable acc for view = cn.gd.snm.snmcm/cn.gd.snm.upgrade.ApkUpdateActivity
12-18 20:22:26.967 D/AndroidAutoSize( 2793): cn.gd.snm.upgrade.ApkUpdateActivity used the global configuration.
12-18 20:22:26.967 V/IPTVS   ( 2673): [getIp 56]	local ip:100.97.24.113 
12-18 20:22:26.967 I/AMTIPTV ( 2673): isValidIpAddress-->100.97.24.113
12-18 20:22:26.967 D/AndroidAutoSize( 2793): The cn.gd.snm.upgrade.ApkUpdateActivity has been adapted! 
12-18 20:22:26.967 D/AndroidAutoSize( 2793): ApkUpdateActivity Info: isBaseOnWidth = true, designWidthInDp = 1280.000000, designWidthInSubunits = 1280.000000, targetDensity = 1.500000, targetScaledDensity = 1.500000, targetDensityDpi = 240, targetXdpi = 1.500000, targetScreenWidthDp = 1280, targetScreenHeightDp = 720
12-18 20:22:26.968 I/AMTIPTV ( 2673): isValidIpAddress-->100.97.24.113
12-18 20:22:26.969 D/AMTIPTV ( 2673): NetConnectManager > getIp > 100.97.24.113, ifname : eth0
12-18 20:22:26.969 D/AMTIPTV ( 2673): AmtDataService > getString>IP:100.97.24.113, extData : 
12-18 20:22:26.969 D/AMTData ( 2632): AmtIDataService_AMTDATA > getString>IP:100.97.24.113, extData : 
12-18 20:22:26.971 I/        ( 1584): transcode 39 flags 16
12-18 20:22:26.972 E/ViewRootImpl( 2793): 20170727 enable acc for view = cn.gd.snm.snmcm/cn.gd.snm.upgrade.ApkUpdateActivity
12-18 20:22:26.974 I/yzs007  ( 2112): onResume is called ....
12-18 20:22:26.987 D/pcapcmcc4( 3088): send_tcp_data_to_server_new: 2
12-18 20:22:26.987 D/pcapcmcc4( 3088): --- Send session --- Addr(1, 100.97.24.113 ~ 183.235.11.40) 
12-18 20:22:26.987 D/pcapcmcc4( 3088):  	 HTTPDATA:100.97.24.113#42871#183.235.11.40#8081#23916#23922#23922#23950#23929#23936#23950#2700#36#0#46991#49309#35#2#183.235.11.40:8081#/pics/apk_site/biz_57777408/positions/BizPosition_28090/element_157110/images/element_157110_img_20201112174637.png#200#71#0#1#2#124800#74353#29184#0#0#0#
12-18 20:22:26.987 D/pcapcmcc4( 3088): 
12-18 20:22:26.987 D/pcapcmcc4( 3088): reset pkg_num!
12-18 20:22:26.988 I/        ( 1584): transcode 39 flags 16
12-18 20:22:26.994 E/LogPrintUtils( 2793): {"action_type":"browsing","mediacode":"null","pageName":"null","page_id":"null","refer_mediacode":"null","refer_page_id":"biz_24283288","refer_page_name":"推荐","refer_pos_id":"null","refer_type":"10","seriesflag":"null"}
12-18 20:22:27.006 D/pcapcmcc4( 3088): add_tcp_node_to_list_new:58770 
12-18 20:22:27.006 D/pcapcmcc4( 3088): reset pkg_num!
12-18 20:22:27.012 D/OpenGLRenderer( 2793): Enabling debug mode 0
12-18 20:22:27.016 I/        ( 1584): transcode 39 flags 16
12-18 20:22:27.019 D/pcapcmcc4( 3088): return table data len:0
12-18 20:22:27.034 I/CircleCornerLayout( 2793): draw
12-18 20:22:27.034 I/CircleCornerLayout( 2793): draw
12-18 20:22:27.047 I/CircleCornerLayout( 2793): draw
12-18 20:22:27.047 I/CircleCornerLayout( 2793): draw
12-18 20:22:27.047 I/CircleCornerLayout( 2793): draw
12-18 20:22:27.057 I/SingleImageView( 2793): costTime##createCornerTextView##start
12-18 20:22:27.061 I/SingleImageView( 2793): costTime##createCornerTextView##end
12-18 20:22:27.061 I/SingleImageView( 2793): SingleImageView#showFullData##end
12-18 20:22:27.061 D/pcapcmcc4( 3088): send_tcp_data_to_server_new: 2
12-18 20:22:27.062 D/pcapcmcc4( 3088): --- Send session --- Addr(1, 100.97.24.113 ~ 183.235.11.40) 
12-18 20:22:27.062 D/pcapcmcc4( 3088):  	 HTTPDATA:100.97.24.113#40221#183.235.11.40#8081#24006#24006#24006#24015#24006#24014#24015#841#9#0#10882#11410#8#0#183.235.11.40:8081#/pics/apk_site/biz_58411101/biz_24283288/images/biz_24283288_bg_20201009091331.pngent_157112_img_20201112174722.png#200#17#0#0#2#239744#228181#216576#0#0#0#
12-18 20:22:27.062 D/pcapcmcc4( 3088): 
12-18 20:22:27.062 D/pcapcmcc4( 3088): reset pkg_num!
12-18 20:22:27.062 I/SingleImageView( 2793): costTime##createCornerTextView##start
12-18 20:22:27.065 I/SingleImageView( 2793): costTime##createCornerTextView##end
12-18 20:22:27.065 I/SingleImageView( 2793): SingleImageView#showFullData##end
12-18 20:22:27.066 D/pcapcmcc4( 3088): send_tcp_data_to_server_new: 2
12-18 20:22:27.066 D/pcapcmcc4( 3088): --- Send session --- Addr(1, 100.97.24.113 ~ 183.235.11.40) 
12-18 20:22:27.066 D/pcapcmcc4( 3088):  	 HTTPDATA:100.97.24.113#41316#183.235.11.40#8081#23920#23929#23929#24021#23989#24000#24021#2442#31#1#38169#41605#30#1#183.235.11.40:8081#/pics/apk_site/biz_57777408/positions/BizPosition_28094/element_157114/images/element_157114_img_20201117123529.png#200#61#0#1#2#107392#65843#29184#0#1#0#
12-18 20:22:27.066 D/pcapcmcc4( 3088): 
12-18 20:22:27.066 D/pcapcmcc4( 3088): reset pkg_num!
12-18 20:22:27.113 I/CircleCornerLayout( 2793): draw
12-18 20:22:27.113 I/CircleCornerLayout( 2793): draw
12-18 20:22:27.115 I/ActivityManager( 2112): Displayed cn.gd.snm.snmcm/cn.gd.snm.upgrade.ApkUpdateActivity: +516ms
12-18 20:22:27.115 V/zjj     ( 2112): windowsVisible(): cn.gd.snm.snmcm
12-18 20:22:27.125 I/CircleCornerLayout( 2793): draw
12-18 20:22:27.125 I/CircleCornerLayout( 2793): draw
12-18 20:22:27.125 I/CircleCornerLayout( 2793): draw
12-18 20:22:27.156 I/CircleCornerLayout( 2793): draw
12-18 20:22:27.157 I/CircleCornerLayout( 2793): draw
12-18 20:22:27.167 I/CircleCornerLayout( 2793): draw
12-18 20:22:27.167 I/CircleCornerLayout( 2793): draw
12-18 20:22:27.168 I/CircleCornerLayout( 2793): draw
12-18 20:22:27.186 I/CircleCornerLayout( 2793): draw
12-18 20:22:27.187 I/CircleCornerLayout( 2793): draw
12-18 20:22:27.192 D/LoginManager( 2505): --- 以机顶盒模式登陆 ---
12-18 20:22:27.200 D/OkHttp  ( 2505): --> POST http://183.234.215.9:28080/skill-device-access-proxy/app/inform/bootstrap
12-18 20:22:27.200 D/OkHttp  ( 2505): Content-Type: application/json; charset=UTF-8
12-18 20:22:27.200 D/OkHttp  ( 2505): Content-Length: 111
12-18 20:22:27.201 D/OkHttp  ( 2505): {"deviceId":"0050030000010040190358B42DD8B26C","mac":"58b42dd8b26c","stbId":"0050030000010040190358B42DD8B26C"}
12-18 20:22:27.201 D/OkHttp  ( 2505): --> END POST (111-byte body)
12-18 20:22:27.203 I/CircleCornerLayout( 2793): draw
12-18 20:22:27.203 I/CircleCornerLayout( 2793): draw
12-18 20:22:27.203 I/CircleCornerLayout( 2793): draw
12-18 20:22:27.204 D/pcapcmcc4( 3088): add_tcp_node_to_list_new:59591 
12-18 20:22:27.204 D/pcapcmcc4( 3088): reset pkg_num!
12-18 20:22:27.213 I/System.out( 2793): RxCache: ProcessorProvidersBehaviour-getData-cacheRule: 0x100010
12-18 20:22:27.213 I/System.out( 2793): RxCache: RetrieveRecord-retrieveRecord:index-section , http://183.235.11.39:8082/epg/api/page/biz_37131709.json , 
12-18 20:22:27.214 I/System.out( 2793): RxCache: RetrieveRecord-retrieveRecord:record from memory is null
12-18 20:22:27.214 I/System.out( 2793): RxCache: RetrieveRecord-retrieveRecord:get record from persistence failure
12-18 20:22:27.214 W/System.err( 2793): java.lang.NullPointerException
12-18 20:22:27.215 W/System.err( 2793): 	at io.rx_cache2.internal.cache.RetrieveRecord.retrieveRecord(SourceFile:8)
12-18 20:22:27.215 W/System.err( 2793): 	at io.rx_cache2.internal.cache.TwoLayersCache.retrieve(SourceFile:1)
12-18 20:22:27.215 W/System.err( 2793): 	at io.rx_cache2.internal.ProcessorProvidersBehaviour.getData(SourceFile:2)
12-18 20:22:27.215 W/System.err( 2793): 	at io.rx_cache2.internal.ProcessorProvidersBehaviour$3.call(SourceFile:3)
12-18 20:22:27.215 W/System.err( 2793): 	at io.rx_cache2.internal.ProcessorProvidersBehaviour$3.call(SourceFile:1)
12-18 20:22:27.215 W/System.err( 2793): 	at io.reactivex.internal.operators.observable.ObservableDefer.subscribeActual(SourceFile:1)
12-18 20:22:27.215 W/System.err( 2793): 	at io.reactivex.Observable.subscribe(SourceFile:14)
12-18 20:22:27.215 W/System.err( 2793): 	at io.reactivex.internal.operators.observable.ObservableDoOnEach.subscribeActual(SourceFile:1)
12-18 20:22:27.215 W/System.err( 2793): 	at io.reactivex.Observable.subscribe(SourceFile:14)
12-18 20:22:27.215 W/System.err( 2793): 	at io.reactivex.internal.operators.observable.ObservableFlatMap$MergeObserver.subscribeInner(SourceFile:11)
12-18 20:22:27.215 W/System.err( 2793): 	at io.reactivex.internal.operators.observable.ObservableFlatMap$MergeObserver.onNext(SourceFile:10)
12-18 20:22:27.215 W/System.err( 2793): 	at io.reactivex.internal.operators.observable.ObservableFromIterable$FromIterableDisposable.run(SourceFile:3)
12-18 20:22:27.215 W/System.err( 2793): 	at io.reactivex.internal.operators.observable.ObservableFromIterable.subscribeActual(SourceFile:7)
12-18 20:22:27.215 W/System.err( 2793): 	at io.reactivex.Observable.subscribe(SourceFile:14)
12-18 20:22:27.215 W/System.err( 2793): 	at io.reactivex.internal.operators.observable.ObservableFlatMap.subscribeActual(SourceFile:2)
12-18 20:22:27.215 W/System.err( 2793): 	at io.reactivex.Observable.subscribe(SourceFile:14)
12-18 20:22:27.216 W/System.err( 2793): 	at io.reactivex.internal.operators.observable.ObservableSubscribeOn$SubscribeTask.run(SourceFile:1)
12-18 20:22:27.216 W/System.err( 2793): 	at io.reactivex.Scheduler$DisposeTask.run(SourceFile:2)
12-18 20:22:27.216 W/System.err( 2793): 	at io.reactivex.internal.schedulers.ScheduledRunnable.run(SourceFile:2)
12-18 20:22:27.216 W/System.err( 2793): 	at io.reactivex.internal.schedulers.ScheduledRunnable.call(SourceFile:1)
12-18 20:22:27.216 W/System.err( 2793): 	at java.util.concurrent.FutureTask.run(FutureTask.java:237)
12-18 20:22:27.216 W/System.err( 2793): 	at java.util.concurrent.ScheduledThreadPoolExecutor$ScheduledFutureTask.access$201(ScheduledThreadPoolExecutor.java:152)
12-18 20:22:27.216 W/System.err( 2793): 	at java.util.concurrent.ScheduledThreadPoolExecutor$ScheduledFutureTask.run(ScheduledThreadPoolExecutor.java:265)
12-18 20:22:27.217 W/System.err( 2793): 	at java.util.concurrent.ThreadPoolExecutor.runWorker(ThreadPoolExecutor.java:1112)
12-18 20:22:27.217 W/System.err( 2793): 	at java.util.concurrent.ThreadPoolExecutor$Worker.run(ThreadPoolExecutor.java:587)
12-18 20:22:27.217 W/System.err( 2793): 	at java.lang.Thread.run(Thread.java:841)
12-18 20:22:27.217 I/System.out( 2793): RxCache: ProcessorProvidersBehaviour-getData-record:null
12-18 20:22:27.217 I/System.out( 2793): RxCache: ProcessorProvidersBehaviour-getData-use loader first
12-18 20:22:27.221 I/System.out( 2793): RxCache: ProcessorProvidersBehaviour-getData-cacheRule: 0x100010
12-18 20:22:27.222 I/System.out( 2793): RxCache: RetrieveRecord-retrieveRecord:index-section , http://183.235.11.39:8082/epg/api/page/biz_00294483.json , 
12-18 20:22:27.222 I/System.out( 2793): RxCache: RetrieveRecord-retrieveRecord:record from memory is null
12-18 20:22:27.224 I/System.out( 2793): RxCache: RetrieveRecord-retrieveRecord:get record from persistence failure
12-18 20:22:27.224 W/System.err( 2793): java.lang.NullPointerException
12-18 20:22:27.226 W/System.err( 2793): 	at io.rx_cache2.internal.cache.RetrieveRecord.retrieveRecord(SourceFile:8)
12-18 20:22:27.226 W/System.err( 2793): 	at io.rx_cache2.internal.cache.TwoLayersCache.retrieve(SourceFile:1)
12-18 20:22:27.226 W/System.err( 2793): 	at io.rx_cache2.internal.ProcessorProvidersBehaviour.getData(SourceFile:2)
12-18 20:22:27.226 W/System.err( 2793): 	at io.rx_cache2.internal.ProcessorProvidersBehaviour$3.call(SourceFile:3)
12-18 20:22:27.226 W/System.err( 2793): 	at io.rx_cache2.internal.ProcessorProvidersBehaviour$3.call(SourceFile:1)
12-18 20:22:27.226 W/System.err( 2793): 	at io.reactivex.internal.operators.observable.ObservableDefer.subscribeActual(SourceFile:1)
12-18 20:22:27.227 W/System.err( 2793): 	at io.reactivex.Observable.subscribe(SourceFile:14)
12-18 20:22:27.227 W/System.err( 2793): 	at io.reactivex.internal.operators.observable.ObservableDoOnEach.subscribeActual(SourceFile:1)
12-18 20:22:27.227 W/System.err( 2793): 	at io.reactivex.Observable.subscribe(SourceFile:14)
12-18 20:22:27.227 W/System.err( 2793): 	at io.reactivex.internal.operators.observable.ObservableFlatMap$MergeObserver.subscribeInner(SourceFile:11)
12-18 20:22:27.227 W/System.err( 2793): 	at io.reactivex.internal.operators.observable.ObservableFlatMap$MergeObserver.onNext(SourceFile:10)
12-18 20:22:27.227 W/System.err( 2793): 	at io.reactivex.internal.operators.observable.ObservableFromIterable$FromIterableDisposable.run(SourceFile:3)
12-18 20:22:27.227 W/System.err( 2793): 	at io.reactivex.internal.operators.observable.ObservableFromIterable.subscribeActual(SourceFile:7)
12-18 20:22:27.227 W/System.err( 2793): 	at io.reactivex.Observable.subscribe(SourceFile:14)
12-18 20:22:27.227 W/System.err( 2793): 	at io.reactivex.internal.operators.observable.ObservableFlatMap.subscribeActual(SourceFile:2)
12-18 20:22:27.227 W/System.err( 2793): 	at io.reactivex.Observable.subscribe(SourceFile:14)
12-18 20:22:27.227 W/System.err( 2793): 	at io.reactivex.internal.operators.observable.ObservableSubscribeOn$SubscribeTask.run(SourceFile:1)
12-18 20:22:27.227 W/System.err( 2793): 	at io.reactivex.Scheduler$DisposeTask.run(SourceFile:2)
12-18 20:22:27.227 W/System.err( 2793): 	at io.reactivex.internal.schedulers.ScheduledRunnable.run(SourceFile:2)
12-18 20:22:27.228 W/System.err( 2793): 	at io.reactivex.internal.schedulers.ScheduledRunnable.call(SourceFile:1)
12-18 20:22:27.228 W/System.err( 2793): 	at java.util.concurrent.FutureTask.run(FutureTask.java:237)
12-18 20:22:27.228 W/System.err( 2793): 	at java.util.concurrent.ScheduledThreadPoolExecutor$ScheduledFutureTask.access$201(ScheduledThreadPoolExecutor.java:152)
12-18 20:22:27.228 W/System.err( 2793): 	at java.util.concurrent.ScheduledThreadPoolExecutor$ScheduledFutureTask.run(ScheduledThreadPoolExecutor.java:265)
12-18 20:22:27.228 W/System.err( 2793): 	at java.util.concurrent.ThreadPoolExecutor.runWorker(ThreadPoolExecutor.java:1112)
12-18 20:22:27.228 W/System.err( 2793): 	at java.util.concurrent.ThreadPoolExecutor$Worker.run(ThreadPoolExecutor.java:587)
12-18 20:22:27.228 W/System.err( 2793): 	at java.lang.Thread.run(Thread.java:841)
12-18 20:22:27.228 I/System.out( 2793): RxCache: ProcessorProvidersBehaviour-getData-record:null
12-18 20:22:27.228 I/System.out( 2793): RxCache: ProcessorProvidersBehaviour-getData-use loader first
12-18 20:22:27.229 D/pcapcmcc4( 3088): send_tcp_data_to_server_new: 2
12-18 20:22:27.229 D/pcapcmcc4( 3088): --- Send session --- Addr(1, 100.97.24.113 ~ 183.235.11.39) 
12-18 20:22:27.229 D/pcapcmcc4( 3088):  	 HTTPDATA:100.97.24.113#48375#183.235.11.39#8082#23589#23589#23589#23637#23589#23597#23637#790#4#0#6460#6856#6#0#183.235.11.39:8082#/epg/api/page/biz_26027652.json#200#10#0#0#2#4170240#4170240#4170240#0#0#0#
12-18 20:22:27.229 D/pcapcmcc4( 3088): 
12-18 20:22:27.229 D/pcapcmcc4( 3088): reset pkg_num!
12-18 20:22:27.230 I/System.out( 2793): RxCache: ProcessorProvidersBehaviour-getData-cacheRule: 0x100010
12-18 20:22:27.230 I/System.out( 2793): RxCache: RetrieveRecord-retrieveRecord:index-section , http://183.235.11.39:8082/epg/api/page/biz_07166271.json , 
12-18 20:22:27.230 I/System.out( 2793): RxCache: RetrieveRecord-retrieveRecord:record from memory is null
12-18 20:22:27.231 I/System.out( 2793): RxCache: RetrieveRecord-retrieveRecord:get record from persistence failure
12-18 20:22:27.231 W/System.err( 2793): java.lang.NullPointerException
12-18 20:22:27.232 W/System.err( 2793): 	at io.rx_cache2.internal.cache.RetrieveRecord.retrieveRecord(SourceFile:8)
12-18 20:22:27.232 W/System.err( 2793): 	at io.rx_cache2.internal.cache.TwoLayersCache.retrieve(SourceFile:1)
12-18 20:22:27.232 W/System.err( 2793): 	at io.rx_cache2.internal.ProcessorProvidersBehaviour.getData(SourceFile:2)
12-18 20:22:27.232 W/System.err( 2793): 	at io.rx_cache2.internal.ProcessorProvidersBehaviour$3.call(SourceFile:3)
12-18 20:22:27.232 W/System.err( 2793): 	at io.rx_cache2.internal.ProcessorProvidersBehaviour$3.call(SourceFile:1)
12-18 20:22:27.232 W/System.err( 2793): 	at io.reactivex.internal.operators.observable.ObservableDefer.subscribeActual(SourceFile:1)
12-18 20:22:27.232 W/System.err( 2793): 	at io.reactivex.Observable.subscribe(SourceFile:14)
12-18 20:22:27.232 W/System.err( 2793): 	at io.reactivex.internal.operators.observable.ObservableDoOnEach.subscribeActual(SourceFile:1)
12-18 20:22:27.232 W/System.err( 2793): 	at io.reactivex.Observable.subscribe(SourceFile:14)
12-18 20:22:27.232 W/System.err( 2793): 	at io.reactivex.internal.operators.observable.ObservableFlatMap$MergeObserver.subscribeInner(SourceFile:11)
12-18 20:22:27.232 W/System.err( 2793): 	at io.reactivex.internal.operators.observable.ObservableFlatMap$MergeObserver.onNext(SourceFile:10)
12-18 20:22:27.232 W/System.err( 2793): 	at io.reactivex.internal.operators.observable.ObservableFromIterable$FromIterableDisposable.run(SourceFile:3)
12-18 20:22:27.232 W/System.err( 2793): 	at io.reactivex.internal.operators.observable.ObservableFromIterable.subscribeActual(SourceFile:7)
12-18 20:22:27.233 W/System.err( 2793): 	at io.reactivex.Observable.subscribe(SourceFile:14)
12-18 20:22:27.233 W/System.err( 2793): 	at io.reactivex.internal.operators.observable.ObservableFlatMap.subscribeActual(SourceFile:2)
12-18 20:22:27.233 W/System.err( 2793): 	at io.reactivex.Observable.subscribe(SourceFile:14)
12-18 20:22:27.233 W/System.err( 2793): 	at io.reactivex.internal.operators.observable.ObservableSubscribeOn$SubscribeTask.run(SourceFile:1)
12-18 20:22:27.233 W/System.err( 2793): 	at io.reactivex.Scheduler$DisposeTask.run(SourceFile:2)
12-18 20:22:27.233 W/System.err( 2793): 	at io.reactivex.internal.schedulers.ScheduledRunnable.run(SourceFile:2)
12-18 20:22:27.233 W/System.err( 2793): 	at io.reactivex.internal.schedulers.ScheduledRunnable.call(SourceFile:1)
12-18 20:22:27.233 W/System.err( 2793): 	at java.util.concurrent.FutureTask.run(FutureTask.java:237)
12-18 20:22:27.233 W/System.err( 2793): 	at java.util.concurrent.ScheduledThreadPoolExecutor$ScheduledFutureTask.access$201(ScheduledThreadPoolExecutor.java:152)
12-18 20:22:27.233 W/System.err( 2793): 	at java.util.concurrent.ScheduledThreadPoolExecutor$ScheduledFutureTask.run(ScheduledThreadPoolExecutor.java:265)
12-18 20:22:27.233 W/System.err( 2793): 	at java.util.concurrent.ThreadPoolExecutor.runWorker(ThreadPoolExecutor.java:1112)
12-18 20:22:27.233 W/System.err( 2793): 	at java.util.concurrent.ThreadPoolExecutor$Worker.run(ThreadPoolExecutor.java:587)
12-18 20:22:27.233 W/System.err( 2793): 	at java.lang.Thread.run(Thread.java:841)
12-18 20:22:27.233 I/System.out( 2793): RxCache: ProcessorProvidersBehaviour-getData-record:null
12-18 20:22:27.233 I/System.out( 2793): RxCache: ProcessorProvidersBehaviour-getData-use loader first
12-18 20:22:27.234 D/pcapcmcc4( 3088): send_tcp_data_to_server_new: 2
12-18 20:22:27.234 D/pcapcmcc4( 3088): --- Send session --- Addr(1, 100.97.24.113 ~ 183.235.11.39) 
12-18 20:22:27.234 D/pcapcmcc4( 3088):  	 HTTPDATA:100.97.24.113#41477#183.235.11.39#8082#20173#20173#20173#20223#20173#20183#20223#856#5#0#8226#8754#8#0#183.235.11.39:8082#/epg/api/page/biz_43924395.json#200#13#0#0#2#4170240#4170240#4170240#0#0#0#
12-18 20:22:27.234 D/pcapcmcc4( 3088): 
12-18 20:22:27.234 D/pcapcmcc4( 3088): reset pkg_num!
12-18 20:22:27.234 I/System.out( 2793): RxCache: ProcessorProvidersBehaviour-getData-cacheRule: 0x100010
12-18 20:22:27.234 I/System.out( 2793): RxCache: RetrieveRecord-retrieveRecord:index-section , http://183.235.11.39:8082/epg/api/page/biz_97867548.json , 
12-18 20:22:27.234 I/System.out( 2793): RxCache: RetrieveRecord-retrieveRecord:record from memory is null
12-18 20:22:27.235 D/OkHttp  ( 2505): <-- 200 http://183.234.215.9:28080/skill-device-access-proxy/app/inform/bootstrap (34ms)
12-18 20:22:27.235 D/OkHttp  ( 2505): Server: openresty/1.15.8.2
12-18 20:22:27.235 D/OkHttp  ( 2505): Date: Fri, 18 Dec 2020 12:22:27 GMT
12-18 20:22:27.235 D/OkHttp  ( 2505): Content-Type: application/json;charset=UTF-8
12-18 20:22:27.235 D/OkHttp  ( 2505): Transfer-Encoding: chunked
12-18 20:22:27.235 D/OkHttp  ( 2505): Connection: close
12-18 20:22:27.235 I/System.out( 2793): RxCache: RetrieveRecord-retrieveRecord:get record from persistence failure
12-18 20:22:27.235 W/System.err( 2793): java.lang.NullPointerException
12-18 20:22:27.236 W/System.err( 2793): 	at io.rx_cache2.internal.cache.RetrieveRecord.retrieveRecord(SourceFile:8)
12-18 20:22:27.236 D/pcapcmcc4( 3088): send_tcp_data_to_server_new: 0
12-18 20:22:27.236 W/System.err( 2793): 	at io.rx_cache2.internal.cache.TwoLayersCache.retrieve(SourceFile:1)
12-18 20:22:27.236 D/pcapcmcc4( 3088): --- Send session --- Addr(1, 100.97.24.113 ~ 183.234.215.9) 
12-18 20:22:27.236 D/pcapcmcc4( 3088):  	 HTTPDATA:100.97.24.113#59591#183.234.215.9#28080#24528#24541#24541#24559#24544#24559#24559#580#4#0#244#485#4#0#183.234.215.9:28080#/skill-device-access-proxy/app/inform/bootstrap#200#8#0#0#0#30272#29488#29184#0#0#0#
12-18 20:22:27.236 D/pcapcmcc4( 3088): 
12-18 20:22:27.236 W/System.err( 2793): 	at io.rx_cache2.internal.ProcessorProvidersBehaviour.getData(SourceFile:2)
12-18 20:22:27.236 D/pcapcmcc4( 3088): show_http_response_content = 48375
12-18 20:22:27.236 W/System.err( 2793): 	at io.rx_cache2.internal.ProcessorProvidersBehaviour$3.call(SourceFile:3)
12-18 20:22:27.236 D/OkHttp  ( 2505): {"respCode":1005,"respCont":"connection limit","data":null}
12-18 20:22:27.236 W/System.err( 2793): 	at io.rx_cache2.internal.ProcessorProvidersBehaviour$3.call(SourceFile:1)
12-18 20:22:27.236 D/OkHttp  ( 2505): <-- END HTTP (59-byte body)
12-18 20:22:27.237 W/System.err( 2793): 	at io.reactivex.internal.operators.observable.ObservableDefer.subscribeActual(SourceFile:1)
12-18 20:22:27.237 W/System.err( 2793): 	at io.reactivex.Observable.subscribe(SourceFile:14)
12-18 20:22:27.237 W/System.err( 2793): 	at io.reactivex.internal.operators.observable.ObservableDoOnEach.subscribeActual(SourceFile:1)
12-18 20:22:27.237 W/System.err( 2793): 	at io.reactivex.Observable.subscribe(SourceFile:14)
12-18 20:22:27.237 D/pcapcmcc4( 3088): request_str_len = 527, 8559
12-18 20:22:27.237 W/System.err( 2793): 	at io.reactivex.internal.operators.observable.ObservableFlatMap$MergeObserver.subscribeInner(SourceFile:11)
12-18 20:22:27.237 W/System.err( 2793): 	at io.reactivex.internal.operators.observable.ObservableFlatMap$MergeObserver.onNext(SourceFile:10)
12-18 20:22:27.237 W/System.err( 2793): 	at io.reactivex.internal.operators.observable.ObservableFromIterable$FromIterableDisposable.run(SourceFile:3)
12-18 20:22:27.237 W/System.err( 2793): 	at io.reactivex.internal.operators.observable.ObservableFromIterable.subscribeActual(SourceFile:7)
12-18 20:22:27.237 W/System.err( 2793): 	at io.reactivex.Observable.subscribe(SourceFile:14)
12-18 20:22:27.237 W/System.err( 2793): 	at io.reactivex.internal.operators.observable.ObservableFlatMap.subscribeActual(SourceFile:2)
12-18 20:22:27.237 W/System.err( 2793): 	at io.reactivex.Observable.subscribe(SourceFile:14)
12-18 20:22:27.237 W/System.err( 2793): 	at io.reactivex.internal.operators.observable.ObservableSubscribeOn$SubscribeTask.run(SourceFile:1)
12-18 20:22:27.237 W/System.err( 2793): 	at io.reactivex.Scheduler$DisposeTask.run(SourceFile:2)
12-18 20:22:27.237 W/System.err( 2793): 	at io.reactivex.internal.schedulers.ScheduledRunnable.run(SourceFile:2)
12-18 20:22:27.238 W/System.err( 2793): 	at io.reactivex.internal.schedulers.ScheduledRunnable.call(SourceFile:1)
12-18 20:22:27.238 E/LoginManager( 2505): 登陆失败，TvBoxLoginResponse is null
12-18 20:22:27.238 W/System.err( 2793): 	at java.util.concurrent.FutureTask.run(FutureTask.java:237)
12-18 20:22:27.238 W/System.err( 2793): 	at java.util.concurrent.ScheduledThreadPoolExecutor$ScheduledFutureTask.access$201(ScheduledThreadPoolExecutor.java:152)
12-18 20:22:27.238 W/System.err( 2793): 	at java.util.concurrent.ScheduledThreadPoolExecutor$ScheduledFutureTask.run(ScheduledThreadPoolExecutor.java:265)
12-18 20:22:27.238 W/System.err( 2793): 	at java.util.concurrent.ThreadPoolExecutor.runWorker(ThreadPoolExecutor.java:1112)
12-18 20:22:27.238 W/System.err( 2793): 	at java.util.concurrent.ThreadPoolExecutor$Worker.run(ThreadPoolExecutor.java:587)
12-18 20:22:27.238 W/System.err( 2793): 	at java.lang.Thread.run(Thread.java:841)
12-18 20:22:27.238 I/System.out( 2793): RxCache: ProcessorProvidersBehaviour-getData-record:null
12-18 20:22:27.238 I/System.out( 2793): RxCache: ProcessorProvidersBehaviour-getData-use loader first
12-18 20:22:27.239 I/System.out( 2793): RxCache: ProcessorProvidersBehaviour-getData-cacheRule: 0x100010
12-18 20:22:27.239 I/System.out( 2793): RxCache: RetrieveRecord-retrieveRecord:index-section , http://183.235.11.39:8082/epg/api/page/biz_92048955.json , 
12-18 20:22:27.239 I/System.out( 2793): RxCache: RetrieveRecord-retrieveRecord:record from memory is null
12-18 20:22:27.240 I/System.out( 2793): RxCache: RetrieveRecord-retrieveRecord:get record from persistence failure
12-18 20:22:27.240 W/System.err( 2793): java.lang.NullPointerException
12-18 20:22:27.241 W/System.err( 2793): 	at io.rx_cache2.internal.cache.RetrieveRecord.retrieveRecord(SourceFile:8)
12-18 20:22:27.241 W/System.err( 2793): 	at io.rx_cache2.internal.cache.TwoLayersCache.retrieve(SourceFile:1)
12-18 20:22:27.241 W/System.err( 2793): 	at io.rx_cache2.internal.ProcessorProvidersBehaviour.getData(SourceFile:2)
12-18 20:22:27.241 W/System.err( 2793): 	at io.rx_cache2.internal.ProcessorProvidersBehaviour$3.call(SourceFile:3)
12-18 20:22:27.241 W/System.err( 2793): 	at io.rx_cache2.internal.ProcessorProvidersBehaviour$3.call(SourceFile:1)
12-18 20:22:27.241 I/CircleCornerLayout( 2793): draw
12-18 20:22:27.241 W/System.err( 2793): 	at io.reactivex.internal.operators.observable.ObservableDefer.subscribeActual(SourceFile:1)
12-18 20:22:27.241 W/System.err( 2793): 	at io.reactivex.Observable.subscribe(SourceFile:14)
12-18 20:22:27.241 W/System.err( 2793): 	at io.reactivex.internal.operators.observable.ObservableDoOnEach.subscribeActual(SourceFile:1)
12-18 20:22:27.241 W/System.err( 2793): 	at io.reactivex.Observable.subscribe(SourceFile:14)
12-18 20:22:27.241 W/System.err( 2793): 	at io.reactivex.internal.operators.observable.ObservableFlatMap$MergeObserver.subscribeInner(SourceFile:11)
12-18 20:22:27.241 W/System.err( 2793): 	at io.reactivex.internal.operators.observable.ObservableFlatMap$MergeObserver.onNext(SourceFile:10)
12-18 20:22:27.241 W/System.err( 2793): 	at io.reactivex.internal.operators.observable.ObservableFromIterable$FromIterableDisposable.run(SourceFile:3)
12-18 20:22:27.242 W/System.err( 2793): 	at io.reactivex.internal.operators.observable.ObservableFromIterable.subscribeActual(SourceFile:7)
12-18 20:22:27.242 W/System.err( 2793): 	at io.reactivex.Observable.subscribe(SourceFile:14)
12-18 20:22:27.242 W/System.err( 2793): 	at io.reactivex.internal.operators.observable.ObservableFlatMap.subscribeActual(SourceFile:2)
12-18 20:22:27.242 W/System.err( 2793): 	at io.reactivex.Observable.subscribe(SourceFile:14)
12-18 20:22:27.242 W/System.err( 2793): 	at io.reactivex.internal.operators.observable.ObservableSubscribeOn$SubscribeTask.run(SourceFile:1)
12-18 20:22:27.242 W/System.err( 2793): 	at io.reactivex.Scheduler$DisposeTask.run(SourceFile:2)
12-18 20:22:27.242 I/CircleCornerLayout( 2793): draw
12-18 20:22:27.242 W/System.err( 2793): 	at io.reactivex.internal.schedulers.ScheduledRunnable.run(SourceFile:2)
12-18 20:22:27.242 W/System.err( 2793): 	at io.reactivex.internal.schedulers.ScheduledRunnable.call(SourceFile:1)
12-18 20:22:27.242 W/System.err( 2793): 	at java.util.concurrent.FutureTask.run(FutureTask.java:237)
12-18 20:22:27.242 W/System.err( 2793): 	at java.util.concurrent.ScheduledThreadPoolExecutor$ScheduledFutureTask.access$201(ScheduledThreadPoolExecutor.java:152)
12-18 20:22:27.242 W/System.err( 2793): 	at java.util.concurrent.ScheduledThreadPoolExecutor$ScheduledFutureTask.run(ScheduledThreadPoolExecutor.java:265)
12-18 20:22:27.242 W/System.err( 2793): 	at java.util.concurrent.ThreadPoolExecutor.runWorker(ThreadPoolExecutor.java:1112)
12-18 20:22:27.242 W/System.err( 2793): 	at java.util.concurrent.ThreadPoolExecutor$Worker.run(ThreadPoolExecutor.java:587)
12-18 20:22:27.242 W/System.err( 2793): 	at java.lang.Thread.run(Thread.java:841)
12-18 20:22:27.242 I/System.out( 2793): RxCache: ProcessorProvidersBehaviour-getData-record:null
12-18 20:22:27.242 I/System.out( 2793): RxCache: ProcessorProvidersBehaviour-getData-use loader first
12-18 20:22:27.244 I/System.out( 2793): RxCache: ProcessorProvidersBehaviour-getData-cacheRule: 0x100010
12-18 20:22:27.244 I/System.out( 2793): RxCache: RetrieveRecord-retrieveRecord:index-section , http://183.235.11.39:8082/epg/api/page/biz_49451473.json , 
12-18 20:22:27.244 I/System.out( 2793): RxCache: RetrieveRecord-retrieveRecord:record from memory is null
12-18 20:22:27.245 I/System.out( 2793): RxCache: RetrieveRecord-retrieveRecord:get record from persistence failure
12-18 20:22:27.245 W/System.err( 2793): java.lang.NullPointerException
12-18 20:22:27.245 D/pcapcmcc4( 3088): show_http_response_content = 41477
12-18 20:22:27.245 D/pcapcmcc4( 3088): request_str_len = 527, 10217
12-18 20:22:27.245 W/System.err( 2793): 	at io.rx_cache2.internal.cache.RetrieveRecord.retrieveRecord(SourceFile:8)
12-18 20:22:27.245 W/System.err( 2793): 	at io.rx_cache2.internal.cache.TwoLayersCache.retrieve(SourceFile:1)
12-18 20:22:27.245 W/System.err( 2793): 	at io.rx_cache2.internal.ProcessorProvidersBehaviour.getData(SourceFile:2)
12-18 20:22:27.245 W/System.err( 2793): 	at io.rx_cache2.internal.ProcessorProvidersBehaviour$3.call(SourceFile:3)
12-18 20:22:27.245 W/System.err( 2793): 	at io.rx_cache2.internal.ProcessorProvidersBehaviour$3.call(SourceFile:1)
12-18 20:22:27.245 W/System.err( 2793): 	at io.reactivex.internal.operators.observable.ObservableDefer.subscribeActual(SourceFile:1)
12-18 20:22:27.246 W/System.err( 2793): 	at io.reactivex.Observable.subscribe(SourceFile:14)
12-18 20:22:27.246 W/System.err( 2793): 	at io.reactivex.internal.operators.observable.ObservableDoOnEach.subscribeActual(SourceFile:1)
12-18 20:22:27.246 W/System.err( 2793): 	at io.reactivex.Observable.subscribe(SourceFile:14)
12-18 20:22:27.246 W/System.err( 2793): 	at io.reactivex.internal.operators.observable.ObservableFlatMap$MergeObserver.subscribeInner(SourceFile:11)
12-18 20:22:27.246 W/System.err( 2793): 	at io.reactivex.internal.operators.observable.ObservableFlatMap$MergeObserver.onNext(SourceFile:10)
12-18 20:22:27.246 W/System.err( 2793): 	at io.reactivex.internal.operators.observable.ObservableFromIterable$FromIterableDisposable.run(SourceFile:3)
12-18 20:22:27.246 W/System.err( 2793): 	at io.reactivex.internal.operators.observable.ObservableFromIterable.subscribeActual(SourceFile:7)
12-18 20:22:27.246 W/System.err( 2793): 	at io.reactivex.Observable.subscribe(SourceFile:14)
12-18 20:22:27.246 W/System.err( 2793): 	at io.reactivex.internal.operators.observable.ObservableFlatMap.subscribeActual(SourceFile:2)
12-18 20:22:27.246 W/System.err( 2793): 	at io.reactivex.Observable.subscribe(SourceFile:14)
12-18 20:22:27.246 W/System.err( 2793): 	at io.reactivex.internal.operators.observable.ObservableSubscribeOn$SubscribeTask.run(SourceFile:1)
12-18 20:22:27.246 W/System.err( 2793): 	at io.reactivex.Scheduler$DisposeTask.run(SourceFile:2)
12-18 20:22:27.246 W/System.err( 2793): 	at io.reactivex.internal.schedulers.ScheduledRunnable.run(SourceFile:2)
12-18 20:22:27.246 W/System.err( 2793): 	at io.reactivex.internal.schedulers.ScheduledRunnable.call(SourceFile:1)
12-18 20:22:27.246 W/System.err( 2793): 	at java.util.concurrent.FutureTask.run(FutureTask.java:237)
12-18 20:22:27.246 W/System.err( 2793): 	at java.util.concurrent.ScheduledThreadPoolExecutor$ScheduledFutureTask.access$201(ScheduledThreadPoolExecutor.java:152)
12-18 20:22:27.246 W/System.err( 2793): 	at java.util.concurrent.ScheduledThreadPoolExecutor$ScheduledFutureTask.run(ScheduledThreadPoolExecutor.java:265)
12-18 20:22:27.246 W/System.err( 2793): 	at java.util.concurrent.ThreadPoolExecutor.runWorker(ThreadPoolExecutor.java:1112)
12-18 20:22:27.246 W/System.err( 2793): 	at java.util.concurrent.ThreadPoolExecutor$Worker.run(ThreadPoolExecutor.java:587)
12-18 20:22:27.246 W/System.err( 2793): 	at java.lang.Thread.run(Thread.java:841)
12-18 20:22:27.246 I/System.out( 2793): RxCache: ProcessorProvidersBehaviour-getData-record:null
12-18 20:22:27.246 I/System.out( 2793): RxCache: ProcessorProvidersBehaviour-getData-use loader first
12-18 20:22:27.247 I/System.out( 2793): RxCache: ProcessorProvidersBehaviour-getData-cacheRule: 0x100010
12-18 20:22:27.247 I/System.out( 2793): RxCache: RetrieveRecord-retrieveRecord:index-section , http://183.235.11.39:8082/epg/api/page/biz_54755480.json , 
12-18 20:22:27.247 I/System.out( 2793): RxCache: RetrieveRecord-retrieveRecord:record from memory is null
12-18 20:22:27.248 I/System.out( 2793): RxCache: RetrieveRecord-retrieveRecord:get record from persistence failure
12-18 20:22:27.248 W/System.err( 2793): java.lang.NullPointerException
12-18 20:22:27.248 W/System.err( 2793): 	at io.rx_cache2.internal.cache.RetrieveRecord.retrieveRecord(SourceFile:8)
12-18 20:22:27.248 W/System.err( 2793): 	at io.rx_cache2.internal.cache.TwoLayersCache.retrieve(SourceFile:1)
12-18 20:22:27.248 W/System.err( 2793): 	at io.rx_cache2.internal.ProcessorProvidersBehaviour.getData(SourceFile:2)
12-18 20:22:27.249 W/System.err( 2793): 	at io.rx_cache2.internal.ProcessorProvidersBehaviour$3.call(SourceFile:3)
12-18 20:22:27.249 W/System.err( 2793): 	at io.rx_cache2.internal.ProcessorProvidersBehaviour$3.call(SourceFile:1)
12-18 20:22:27.249 W/System.err( 2793): 	at io.reactivex.internal.operators.observable.ObservableDefer.subscribeActual(SourceFile:1)
12-18 20:22:27.249 W/System.err( 2793): 	at io.reactivex.Observable.subscribe(SourceFile:14)
12-18 20:22:27.249 W/System.err( 2793): 	at io.reactivex.internal.operators.observable.ObservableDoOnEach.subscribeActual(SourceFile:1)
12-18 20:22:27.249 W/System.err( 2793): 	at io.reactivex.Observable.subscribe(SourceFile:14)
12-18 20:22:27.249 W/System.err( 2793): 	at io.reactivex.internal.operators.observable.ObservableFlatMap$MergeObserver.subscribeInner(SourceFile:11)
12-18 20:22:27.249 W/System.err( 2793): 	at io.reactivex.internal.operators.observable.ObservableFlatMap$MergeObserver.onNext(SourceFile:10)
12-18 20:22:27.249 W/System.err( 2793): 	at io.reactivex.internal.operators.observable.ObservableFromIterable$FromIterableDisposable.run(SourceFile:3)
12-18 20:22:27.249 W/System.err( 2793): 	at io.reactivex.internal.operators.observable.ObservableFromIterable.subscribeActual(SourceFile:7)
12-18 20:22:27.249 W/System.err( 2793): 	at io.reactivex.Observable.subscribe(SourceFile:14)
12-18 20:22:27.249 D/pcapcmcc4( 3088): send_tcp_data_to_server_new: 2
12-18 20:22:27.249 W/System.err( 2793): 	at io.reactivex.internal.operators.observable.ObservableFlatMap.subscribeActual(SourceFile:2)
12-18 20:22:27.249 W/System.err( 2793): 	at io.reactivex.Observable.subscribe(SourceFile:14)
12-18 20:22:27.249 W/System.err( 2793): 	at io.reactivex.internal.operators.observable.ObservableSubscribeOn$SubscribeTask.run(SourceFile:1)
12-18 20:22:27.249 W/System.err( 2793): 	at io.reactivex.Scheduler$DisposeTask.run(SourceFile:2)
12-18 20:22:27.249 W/System.err( 2793): 	at io.reactivex.internal.schedulers.ScheduledRunnable.run(SourceFile:2)
12-18 20:22:27.249 D/pcapcmcc4( 3088): --- Send session --- Addr(1, 100.97.24.113 ~ 183.235.11.39) 
12-18 20:22:27.249 D/pcapcmcc4( 3088):  	 HTTPDATA:100.97.24.113#48375#183.235.11.39#8082#24552#24552#24552#24561#24552#24560#24561#1252#11#0#8558#9284#11#0#183.235.11.39:8082#/epg/api/page/biz_37131709.json#200#22#0#0#2#4170240#4170240#4170240#0#0#0#
12-18 20:22:27.249 D/pcapcmcc4( 3088): 
12-18 20:22:27.249 W/System.err( 2793): 	at io.reactivex.internal.schedulers.ScheduledRunnable.call(SourceFile:1)
12-18 20:22:27.249 D/pcapcmcc4( 3088): reset pkg_num!
12-18 20:22:27.249 W/System.err( 2793): 	at java.util.concurrent.FutureTask.run(FutureTask.java:237)
12-18 20:22:27.249 W/System.err( 2793): 	at java.util.concurrent.ScheduledThreadPoolExecutor$ScheduledFutureTask.access$201(ScheduledThreadPoolExecutor.java:152)
12-18 20:22:27.249 W/System.err( 2793): 	at java.util.concurrent.ScheduledThreadPoolExecutor$ScheduledFutureTask.run(ScheduledThreadPoolExecutor.java:265)
12-18 20:22:27.249 W/System.err( 2793): 	at java.util.concurrent.ThreadPoolExecutor.runWorker(ThreadPoolExecutor.java:1112)
12-18 20:22:27.249 W/System.err( 2793): 	at java.util.concurrent.ThreadPoolExecutor$Worker.run(ThreadPoolExecutor.java:587)
12-18 20:22:27.249 W/System.err( 2793): 	at java.lang.Thread.run(Thread.java:841)
12-18 20:22:27.250 I/System.out( 2793): RxCache: ProcessorProvidersBehaviour-getData-record:null
12-18 20:22:27.250 I/System.out( 2793): RxCache: ProcessorProvidersBehaviour-getData-use loader first
12-18 20:22:27.250 I/System.out( 2793): RxCache: ProcessorProvidersBehaviour-getData-cacheRule: 0x100010
12-18 20:22:27.250 I/System.out( 2793): RxCache: RetrieveRecord-retrieveRecord:index-section , http://183.235.11.39:8082/epg/api/page/biz_98903263.json , 
12-18 20:22:27.250 I/System.out( 2793): RxCache: RetrieveRecord-retrieveRecord:record from memory is null
12-18 20:22:27.251 I/System.out( 2793): RxCache: RetrieveRecord-retrieveRecord:get record from persistence failure
12-18 20:22:27.251 W/System.err( 2793): java.lang.NullPointerException
12-18 20:22:27.251 W/System.err( 2793): 	at io.rx_cache2.internal.cache.RetrieveRecord.retrieveRecord(SourceFile:8)
12-18 20:22:27.251 W/System.err( 2793): 	at io.rx_cache2.internal.cache.TwoLayersCache.retrieve(SourceFile:1)
12-18 20:22:27.251 W/System.err( 2793): 	at io.rx_cache2.internal.ProcessorProvidersBehaviour.getData(SourceFile:2)
12-18 20:22:27.251 W/System.err( 2793): 	at io.rx_cache2.internal.ProcessorProvidersBehaviour$3.call(SourceFile:3)
12-18 20:22:27.252 W/System.err( 2793): 	at io.rx_cache2.internal.ProcessorProvidersBehaviour$3.call(SourceFile:1)
12-18 20:22:27.252 W/System.err( 2793): 	at io.reactivex.internal.operators.observable.ObservableDefer.subscribeActual(SourceFile:1)
12-18 20:22:27.252 W/System.err( 2793): 	at io.reactivex.Observable.subscribe(SourceFile:14)
12-18 20:22:27.252 W/System.err( 2793): 	at io.reactivex.internal.operators.observable.ObservableDoOnEach.subscribeActual(SourceFile:1)
12-18 20:22:27.252 W/System.err( 2793): 	at io.reactivex.Observable.subscribe(SourceFile:14)
12-18 20:22:27.252 W/System.err( 2793): 	at io.reactivex.internal.operators.observable.ObservableFlatMap$MergeObserver.subscribeInner(SourceFile:11)
12-18 20:22:27.252 W/System.err( 2793): 	at io.reactivex.internal.operators.observable.ObservableFlatMap$MergeObserver.onNext(SourceFile:10)
12-18 20:22:27.252 W/System.err( 2793): 	at io.reactivex.internal.operators.observable.ObservableFromIterable$FromIterableDisposable.run(SourceFile:3)
12-18 20:22:27.252 W/System.err( 2793): 	at io.reactivex.internal.operators.observable.ObservableFromIterable.subscribeActual(SourceFile:7)
12-18 20:22:27.252 W/System.err( 2793): 	at io.reactivex.Observable.subscribe(SourceFile:14)
12-18 20:22:27.252 W/System.err( 2793): 	at io.reactivex.internal.operators.observable.ObservableFlatMap.subscribeActual(SourceFile:2)
12-18 20:22:27.252 W/System.err( 2793): 	at io.reactivex.Observable.subscribe(SourceFile:14)
12-18 20:22:27.252 W/System.err( 2793): 	at io.reactivex.internal.operators.observable.ObservableSubscribeOn$SubscribeTask.run(SourceFile:1)
12-18 20:22:27.252 W/System.err( 2793): 	at io.reactivex.Scheduler$DisposeTask.run(SourceFile:2)
12-18 20:22:27.252 W/System.err( 2793): 	at io.reactivex.internal.schedulers.ScheduledRunnable.run(SourceFile:2)
12-18 20:22:27.252 W/System.err( 2793): 	at io.reactivex.internal.schedulers.ScheduledRunnable.call(SourceFile:1)
12-18 20:22:27.252 W/System.err( 2793): 	at java.util.concurrent.FutureTask.run(FutureTask.java:237)
12-18 20:22:27.252 W/System.err( 2793): 	at java.util.concurrent.ScheduledThreadPoolExecutor$ScheduledFutureTask.access$201(ScheduledThreadPoolExecutor.java:152)
12-18 20:22:27.252 W/System.err( 2793): 	at java.util.concurrent.ScheduledThreadPoolExecutor$ScheduledFutureTask.run(ScheduledThreadPoolExecutor.java:265)
12-18 20:22:27.252 W/System.err( 2793): 	at java.util.concurrent.ThreadPoolExecutor.runWorker(ThreadPoolExecutor.java:1112)
12-18 20:22:27.253 W/System.err( 2793): 	at java.util.concurrent.ThreadPoolExecutor$Worker.run(ThreadPoolExecutor.java:587)
12-18 20:22:27.253 W/System.err( 2793): 	at java.lang.Thread.run(Thread.java:841)
12-18 20:22:27.253 I/System.out( 2793): RxCache: ProcessorProvidersBehaviour-getData-record:null
12-18 20:22:27.253 I/System.out( 2793): RxCache: ProcessorProvidersBehaviour-getData-use loader first
12-18 20:22:27.253 I/System.out( 2793): RxCache: ProcessorProvidersBehaviour-getData-cacheRule: 0x100010
12-18 20:22:27.253 I/System.out( 2793): RxCache: RetrieveRecord-retrieveRecord:index-section , http://183.235.11.39:8082/epg/api/page/biz_40859884.json , 
12-18 20:22:27.253 I/System.out( 2793): RxCache: RetrieveRecord-retrieveRecord:record from memory is null
12-18 20:22:27.254 I/System.out( 2793): RxCache: RetrieveRecord-retrieveRecord:get record from persistence failure
12-18 20:22:27.254 W/System.err( 2793): java.lang.NullPointerException
12-18 20:22:27.254 W/System.err( 2793): 	at io.rx_cache2.internal.cache.RetrieveRecord.retrieveRecord(SourceFile:8)
12-18 20:22:27.255 W/System.err( 2793): 	at io.rx_cache2.internal.cache.TwoLayersCache.retrieve(SourceFile:1)
12-18 20:22:27.255 W/System.err( 2793): 	at io.rx_cache2.internal.ProcessorProvidersBehaviour.getData(SourceFile:2)
12-18 20:22:27.255 W/System.err( 2793): 	at io.rx_cache2.internal.ProcessorProvidersBehaviour$3.call(SourceFile:3)
12-18 20:22:27.255 W/System.err( 2793): 	at io.rx_cache2.internal.ProcessorProvidersBehaviour$3.call(SourceFile:1)
12-18 20:22:27.255 W/System.err( 2793): 	at io.reactivex.internal.operators.observable.ObservableDefer.subscribeActual(SourceFile:1)
12-18 20:22:27.255 W/System.err( 2793): 	at io.reactivex.Observable.subscribe(SourceFile:14)
12-18 20:22:27.255 W/System.err( 2793): 	at io.reactivex.internal.operators.observable.ObservableDoOnEach.subscribeActual(SourceFile:1)
12-18 20:22:27.255 W/System.err( 2793): 	at io.reactivex.Observable.subscribe(SourceFile:14)
12-18 20:22:27.255 W/System.err( 2793): 	at io.reactivex.internal.operators.observable.ObservableFlatMap$MergeObserver.subscribeInner(SourceFile:11)
12-18 20:22:27.255 W/System.err( 2793): 	at io.reactivex.internal.operators.observable.ObservableFlatMap$MergeObserver.onNext(SourceFile:10)
12-18 20:22:27.255 W/System.err( 2793): 	at io.reactivex.internal.operators.observable.ObservableFromIterable$FromIterableDisposable.run(SourceFile:3)
12-18 20:22:27.255 W/System.err( 2793): 	at io.reactivex.internal.operators.observable.ObservableFromIterable.subscribeActual(SourceFile:7)
12-18 20:22:27.255 W/System.err( 2793): 	at io.reactivex.Observable.subscribe(SourceFile:14)
12-18 20:22:27.255 W/System.err( 2793): 	at io.reactivex.internal.operators.observable.ObservableFlatMap.subscribeActual(SourceFile:2)
12-18 20:22:27.255 W/System.err( 2793): 	at io.reactivex.Observable.subscribe(SourceFile:14)
12-18 20:22:27.255 W/System.err( 2793): 	at io.reactivex.internal.operators.observable.ObservableSubscribeOn$SubscribeTask.run(SourceFile:1)
12-18 20:22:27.255 W/System.err( 2793): 	at io.reactivex.Scheduler$DisposeTask.run(SourceFile:2)
12-18 20:22:27.255 W/System.err( 2793): 	at io.reactivex.internal.schedulers.ScheduledRunnable.run(SourceFile:2)
12-18 20:22:27.255 W/System.err( 2793): 	at io.reactivex.internal.schedulers.ScheduledRunnable.call(SourceFile:1)
12-18 20:22:27.255 W/System.err( 2793): 	at java.util.concurrent.FutureTask.run(FutureTask.java:237)
12-18 20:22:27.255 W/System.err( 2793): 	at java.util.concurrent.ScheduledThreadPoolExecutor$ScheduledFutureTask.access$201(ScheduledThreadPoolExecutor.java:152)
12-18 20:22:27.255 W/System.err( 2793): 	at java.util.concurrent.ScheduledThreadPoolExecutor$ScheduledFutureTask.run(ScheduledThreadPoolExecutor.java:265)
12-18 20:22:27.255 W/System.err( 2793): 	at java.util.concurrent.ThreadPoolExecutor.runWorker(ThreadPoolExecutor.java:1112)
12-18 20:22:27.255 W/System.err( 2793): 	at java.util.concurrent.ThreadPoolExecutor$Worker.run(ThreadPoolExecutor.java:587)
12-18 20:22:27.256 W/System.err( 2793): 	at java.lang.Thread.run(Thread.java:841)
12-18 20:22:27.256 I/System.out( 2793): RxCache: ProcessorProvidersBehaviour-getData-record:null
12-18 20:22:27.256 I/System.out( 2793): RxCache: ProcessorProvidersBehaviour-getData-use loader first
12-18 20:22:27.256 I/System.out( 2793): RxCache: ProcessorProvidersBehaviour-getData-cacheRule: 0x100010
12-18 20:22:27.256 I/System.out( 2793): RxCache: RetrieveRecord-retrieveRecord:index-section , http://183.235.11.39:8082/epg/api/page/biz_07692647.json , 
12-18 20:22:27.256 I/System.out( 2793): RxCache: RetrieveRecord-retrieveRecord:record from memory is null
12-18 20:22:27.257 I/System.out( 2793): RxCache: RetrieveRecord-retrieveRecord:get record from persistence failure
12-18 20:22:27.257 W/System.err( 2793): java.lang.NullPointerException
12-18 20:22:27.257 W/System.err( 2793): 	at io.rx_cache2.internal.cache.RetrieveRecord.retrieveRecord(SourceFile:8)
