01-01 08:00:16.547 I/SystemServer( 2321): Bluetooth Manager Service
01-01 08:00:16.549 I/SystemServer( 2321): Input Method Service
01-01 08:00:16.559 W/InputMethodManagerService( 2321): Default IME is uninstalled. Choose new default IME.
01-01 08:00:16.560 I/InputMethodUtils( 2321): Adding: com.hisilicon.android.inputmethod.remote/.RemoteIME
01-01 08:00:16.560 I/InputMethodUtils( 2321): Adding: net.sunniwell.inputmethod.swpinyin2/.SWIME
01-01 08:00:16.568 W/InputMethodManagerService( 2321): Unknown input method from prefs: com.android.inputmethod.pinyin/.PinyinIME
01-01 08:00:16.568 W/InputMethodManagerService( 2321): java.lang.IllegalArgumentException: Unknown id: com.android.inputmethod.pinyin/.PinyinIME
01-01 08:00:16.568 W/InputMethodManagerService( 2321): 	at com.android.server.InputMethodManagerService.setInputMethodLocked(InputMethodManagerService.java:1680)
01-01 08:00:16.568 W/InputMethodManagerService( 2321): 	at com.android.server.InputMethodManagerService.updateFromSettingsLocked(InputMethodManagerService.java:1663)
01-01 08:00:16.568 W/InputMethodManagerService( 2321): 	at com.android.server.InputMethodManagerService.<init>(InputMethodManagerService.java:699)
01-01 08:00:16.568 W/InputMethodManagerService( 2321): 	at com.android.server.ServerThread.initAndLoop(SystemServer.java:396)
01-01 08:00:16.568 W/InputMethodManagerService( 2321): 	at com.android.server.SystemServer.main(SystemServer.java:1336)
01-01 08:00:16.568 W/InputMethodManagerService( 2321): 	at java.lang.reflect.Method.invokeNative(Native Method)
01-01 08:00:16.568 W/InputMethodManagerService( 2321): 	at java.lang.reflect.Method.invoke(Method.java:515)
01-01 08:00:16.568 W/InputMethodManagerService( 2321): 	at com.android.internal.os.ZygoteInit$MethodAndArgsCaller.run(ZygoteInit.java:1122)
01-01 08:00:16.568 W/InputMethodManagerService( 2321): 	at com.android.internal.os.ZygoteInit.main(ZygoteInit.java:890)
01-01 08:00:16.568 W/InputMethodManagerService( 2321): 	at dalvik.system.NativeStart.main(Native Method)
01-01 08:00:16.569 I/SystemServer( 2321): Accessibility Manager
01-01 08:00:16.571 I/XXXXXXX ( 2321): ******************************* ADJ: 0,2,4,6,9,15
01-01 08:00:16.571 I/XXXXXXX ( 2321): ******************************* MINFREE: 2048,5120,7168,12288,15360,20480
01-01 08:00:16.572 I/ActivityManager( 2321): Config changes=1df8 {1.0 ?mcc?mnc zh_CN ldltr sw720dp w1280dp h720dp 240dpi xlrg long land ?uimode ?night -touch -keyb/v/h -nav/h s.2}
01-01 08:00:16.584 I/SystemServer( 2321): Mount Service
01-01 08:00:16.586 D/MountService( 2321): got storage path: /mnt/sdcard description: SD 卡 primary: true removable: false emulated: false mtpReserve: 0 allowMassStorage: false maxFileSize: 0
01-01 08:00:16.586 W/MountService( 2321): output =null
01-01 08:00:16.586 D/MountService( 2321): /storage/emulated/0 is default volume
01-01 08:00:16.588 D/MountService( 2321): addVolumeLocked() StorageVolume:
01-01 08:00:16.588 D/MountService( 2321):     mStorageId=0 mPath=/mnt/sdcard mDescriptionId=17040664 mPrimary=true 
01-01 08:00:16.588 D/MountService( 2321):     mRemovable=false mEmulated=false mMtpReserveSpace=0 
01-01 08:00:16.588 D/MountService( 2321):     mAllowMassStorage=false mMaxFileSize=0 mOwner=null mUuid=null 
01-01 08:00:16.588 D/MountService( 2321):     mUserLabel=null mState=null 
01-01 08:00:16.588 D/MountService( 2321): got storage path: /storage/emulated/0 description: SD 卡 primary: false removable: false emulated: false mtpReserve: 0 allowMassStorage: false maxFileSize: 0
01-01 08:00:16.589 D/MountService( 2321): addVolumeLocked() StorageVolume:
01-01 08:00:16.589 D/MountService( 2321):     mStorageId=0 mPath=/storage/emulated/0 mDescriptionId=17040664 
01-01 08:00:16.589 D/MountService( 2321):     mPrimary=false mRemovable=false mEmulated=false mMtpReserveSpace=0 
01-01 08:00:16.589 D/MountService( 2321):     mAllowMassStorage=false mMaxFileSize=0 mOwner=null mUuid=null 
01-01 08:00:16.589 D/MountService( 2321):     mUserLabel=null mState=null 
01-01 08:00:16.591 I/SystemServer( 2321): LockSettingsService
01-01 08:00:16.592 I/SystemServer( 2321): Device Policy
01-01 08:00:16.593 I/SystemServer( 2321): Status Bar
01-01 08:00:16.594 I/SystemServer( 2321): Clipboard Service
01-01 08:00:16.594 I/SystemServer( 2321): NetworkManagement Service
01-01 08:00:16.596 I/MountService( 2321): Media shared on daemon connection unmounted
01-01 08:00:16.597 D/MountService( 2321): volume state changed for /mnt/sda/sda1 (null -> unmounted)
01-01 08:00:16.597 I/SystemServer( 2321): Text Service Manager Service
01-01 08:00:16.597 W/MountService( 2321): getSecureContainerList() called when storage not mounted
01-01 08:00:16.597 I/SystemServer( 2321): micphone Android Service
01-01 08:00:16.603 I/SystemServer( 2321): rtSoundEffects Android Service
01-01 08:00:16.603 I/SystemServer( 2321): NetworkStats Service
01-01 08:00:16.610 I/SystemServer( 2321): NetworkPolicy Service
01-01 08:00:16.611 I/SystemServer( 2321): Wi-Fi P2pService
01-01 08:00:16.653 I/ActivityManager( 2321): Config changes=60 {1.0 ?mcc?mnc zh_CN ldltr sw720dp w1280dp h720dp 240dpi xlrg long land ?uimode ?night -touch -keyb/v/h dpad/v s.3}
01-01 08:00:16.853 I/SystemServer( 2321): Wi-Fi Service
01-01 08:00:16.928 I/SystemServer( 2321): Ethernet Service
01-01 08:00:16.957 I/SystemServer( 2321): HiEthernet Service
01-01 08:00:16.965 I/SystemServer( 2321): Pppoe Service
01-01 08:00:16.965 I/SystemServer( 2321): Connectivity Service
01-01 08:00:16.971 D/ConnectivityService( 2321): ConnectivityService starting up
01-01 08:00:16.974 D/ConnectivityService( 2321): wifiOnly=false
01-01 08:00:17.006 E/ConnectivityService( 2321): ***************new TYPE_HiETHERNET *******************
01-01 08:00:17.023 E/MobileDataStateTracker( 2321): default: Ignoring feature request because could not acquire PhoneService
01-01 08:00:17.023 E/MobileDataStateTracker( 2321): default: Could not enable APN type "default"
01-01 08:00:17.071 I/WifiService( 2321): WifiService starting up with Wi-Fi disabled
01-01 08:00:17.091 I/WifiService( 2321): WifiService starting up with WiFi-AP disabled
01-01 08:00:17.091 I/SystemServer( 2321): Network Service Discovery Service
01-01 08:00:17.092 D/NsdService( 2321): Network service discovery enabled true
01-01 08:00:17.093 I/SystemServer( 2321): UpdateLock Service
01-01 08:00:17.094 I/SystemServer( 2321): Camera Observer
01-01 08:00:17.095 I/SystemServer( 2321): Notification Manager
01-01 08:00:17.098 I/SystemServer( 2321): Device Storage Monitor
01-01 08:00:17.099 I/SystemServer( 2321): Location Manager
01-01 08:00:17.103 I/SystemServer( 2321): Country Detector
01-01 08:00:17.103 I/SystemServer( 2321): Search Service
01-01 08:00:17.104 I/SystemServer( 2321): DropBox Service
01-01 08:00:17.105 I/SystemServer( 2321): Wallpaper Service
01-01 08:00:17.106 W/WallpaperManagerService( 2321): no current wallpaper -- first boot?
01-01 08:00:17.107 I/SystemServer( 2321): Audio Service
01-01 08:00:17.192 I/SystemServer( 2321): Dock Observer
01-01 08:00:17.192 W/DockObserver( 2321): This kernel does not have dock station support
01-01 08:00:17.192 I/SystemServer( 2321): Wired Accessory Manager
01-01 08:00:17.193 W/WiredAccessoryManager( 2321): This kernel does not have usb audio support
01-01 08:00:17.193 I/SystemServer( 2321): USB Service
01-01 08:00:17.195 I/SystemServer( 2321): Serial Service
01-01 08:00:17.195 I/SystemServer( 2321): Twilight Service
01-01 08:00:17.199 I/SystemServer( 2321): UI Mode Manager Service
01-01 08:00:17.200 I/SystemServer( 2321): Backup Service
01-01 08:00:17.204 V/BackupManagerService( 2321): Initializing package tracking
01-01 08:00:17.204 V/BackupManagerService( 2321): No ancestral data
01-01 08:00:17.209 V/BackupManagerService( 2321): addPackageParticipantsLocked: all
01-01 08:00:17.209 I/BackupManagerService( 2321): Scheduling backup for new app com.android.sharedstoragebackup
01-01 08:00:17.210 D/BackupManagerService( 2321): Now staging backup of com.android.sharedstoragebackup
01-01 08:00:17.218 I/BackupManagerService( 2321): Scheduling backup for new app android
01-01 08:00:17.218 D/BackupManagerService( 2321): Now staging backup of android
01-01 08:00:17.220 I/BackupManagerService( 2321): Scheduling backup for new app com.android.providers.settings
01-01 08:00:17.220 D/BackupManagerService( 2321): Now staging backup of com.android.providers.settings
01-01 08:00:17.224 V/BackupManagerService( 2321): Starting with transport android/com.android.internal.backup.LocalTransport
01-01 08:00:17.224 V/BackupManagerService( 2321): Found transports: 1
01-01 08:00:17.224 I/BackupManagerService( 2321): Binding to transport host ComponentInfo{android/com.android.internal.backup.LocalTransportService}
01-01 08:00:17.227 I/BackupManagerService( 2321): Backup enabled => false
01-01 08:00:17.227 I/BackupManagerService( 2321): Opting out of backup
01-01 08:00:17.227 I/SystemServer( 2321): AppWidget Service
01-01 08:00:17.228 I/SystemServer( 2321): Recognition Service
01-01 08:00:17.229 I/SystemServer( 2321): DiskStats Service
01-01 08:00:17.229 I/SystemServer( 2321): SamplingProfiler Service
01-01 08:00:17.231 I/SystemServer( 2321): NetworkTimeUpdateService
01-01 08:00:17.232 I/SystemServer( 2321): CommonTimeManagementService
01-01 08:00:17.232 I/SystemServer( 2321): CertBlacklister
01-01 08:00:17.233 I/SystemServer( 2321): Dreams Service
01-01 08:00:17.233 I/SystemServer( 2321): Assets Atlas Service
01-01 08:00:17.234 I/SystemServer( 2321): IdleMaintenanceService
01-01 08:00:17.235 I/SystemServer( 2321): Print Service
01-01 08:00:17.240 I/SystemServer( 2321): Media Router Service
01-01 08:00:17.240 I/SystemServer( 2321): DevInfo Manager Service
01-01 08:00:17.280 D/ConnectivityService( 2321): ConnectivityChange for ETHERNET: CONNECTED/CONNECTED
01-01 08:00:17.281 W/ContextImpl( 2321): Calling a method in the system process without a qualified user: android.app.ContextImpl.sendStickyBroadcast:1390 android.net.EthernetDataTracker.postNotification:1524 android.net.EthernetDataTracker.access$800:75 android.net.EthernetDataTracker$3.run:898 java.lang.Thread.run:841 
01-01 08:00:17.281 D/ConnectivityService( 2321): Coexist!! Do not teardown: ETHERNET
01-01 08:00:17.281 W/ContextImpl( 2321): Calling a method in the system process without a qualified user: android.app.ContextImpl.sendStickyBroadcast:1390 android.net.EthernetDataTracker.postNotification:1524 android.net.EthernetDataTracker.access$800:75 android.net.EthernetDataTracker$3.run:902 java.lang.Thread.run:841 
01-01 08:00:17.283 E/ConnectivityService( 2321): Unexpected mtu value: android.net.EthernetDataTracker@41e77068
01-01 08:00:17.283 E/ConnectivityService( 2321): handleDnsConfigurationChange: isDefaultDns = true
01-01 08:00:17.287 E/ConnectivityService( 2321): updatedns, getDnsRemain: mNumDnsEntries = 0
01-01 08:00:17.288 E/ConnectivityService( 2321): updateDnsLocked, dnses:[/211.136.192.6, /120.196.165.24]
01-01 08:00:17.288 E/ConnectivityService( 2321): wifidns:null g3dns:null ethdns:[/211.136.192.6, /120.196.165.24]
01-01 08:00:17.288 E/ConnectivityService( 2321): updateDns, adding net.dns1 211.136.192.6
01-01 08:00:17.289 E/ConnectivityService( 2321): updateDns, adding net.dns2 120.196.165.24
01-01 08:00:17.290 D/ConnectivityService( 2321): curLp before coexist handle: null
01-01 08:00:17.290 D/ConnectivityService( 2321): newLp before coexist handle: {InterfaceName: eth0 LinkAddresses: [100.97.24.113/20,]  Routes: [100.97.16.0/20 -> 0.0.0.0,0.0.0.0/0 -> 100.97.16.1,] DnsAddresses: [211.136.192.6,120.196.165.24,] Domains: nullMTU: 0}
01-01 08:00:17.290 D/ConnectivityService( 2321): newLpPrefered before coexist handle: false
01-01 08:00:17.290 D/ConnectivityService( 2321): Coexist!! No Previous Available Network!! New newType(9) Connected!!
01-01 08:00:17.290 D/ConnectivityService( 2321): curLp before updateRoutes: null
01-01 08:00:17.291 D/ConnectivityService( 2321): newLp before updateRoutes: {InterfaceName: eth0 LinkAddresses: [100.97.24.113/20,]  Routes: [100.97.16.0/20 -> 0.0.0.0,0.0.0.0/0 -> 100.97.16.1,] DnsAddresses: [211.136.192.6,120.196.165.24,] Domains: nullMTU: 0}
01-01 08:00:17.291 D/ConnectivityService( 2321): newLpPrefered before updateRoutes: true
01-01 08:00:17.291 D/ConnectivityService( 2321): Adding 100.97.16.0/20 -> 0.0.0.0 into mAddedRoutes as it's already in use
01-01 08:00:17.293 D/ConnectivityService( 2321): Adding 100.97.16.1/32 -> 0.0.0.0 into mAddedRoutes as it's already in use
01-01 08:00:17.294 D/ConnectivityService( 2321): Adding 0.0.0.0/0 -> 100.97.16.1 into mAddedRoutes as it's already in use
01-01 08:00:17.296 D/Nat464Xlat( 2321): requiresClat: netType=9, hasIPv4Address=true
01-01 08:00:17.296 D/ConnectivityService( 2321): Coexist!! NewType(9) priority is higher than CurrentType(-1), update mActiveDefaultNetwork!
01-01 08:00:17.297 D/ConnectivityService( 2321): sendStickyBroadcastDelayed: info getState=CONNECTED
01-01 08:00:17.298 I/LockSettingsService( 2321): Migrated lock settings to new location
01-01 08:00:17.312 I/LockSettingsService( 2321): Migrated per-user lock settings to new location
01-01 08:00:17.326 W/ActivityManager( 2321): Unable to start service Intent { cmp=com.android.keyguard/.KeyguardService } U=0: not found
01-01 08:00:17.328 E/HiSysManagerService( 1583): checkPermission is true.
01-01 08:00:17.339 I/ActivityManager( 2321): Sending system update to ComponentInfo{com.ysten.prebootreceiver/com.ysten.prebootreceiver.YstBroadcastReceiver} for user 0
01-01 08:00:17.340 I/ActivityManager( 2321): Sending system update to ComponentInfo{com.ysten.bootreceiver/com.ysten.bootreceiver.YstBroadcastReceiver} for user 0
01-01 08:00:17.340 I/ActivityManager( 2321): Sending system update to ComponentInfo{com.android.providers.media/com.android.providers.media.MediaUpgradeReceiver} for user 0
01-01 08:00:17.352 I/ActivityManager( 2321): Start proc com.ysten.prebootreceiver for broadcast com.ysten.prebootreceiver/.YstBroadcastReceiver: pid=2502 uid=1000 gids={41000, 1028, 1015, 3002, 3001, 3003, 1007, 2001, 1023}
01-01 08:00:17.356 E/installd( 1576): value = false 
01-01 08:00:17.471 E/installd( 1576): value = false 
01-01 08:00:17.477 W/InputMethodManagerService( 2321): Focus gain on non-focused client android.view.inputmethod.InputMethodManager$1@41b17120 (uid=1000 pid=2321)
01-01 08:00:17.477 V/BackupManagerService( 2321): Connected to transport ComponentInfo{android/com.android.internal.backup.LocalTransportService}
01-01 08:00:17.477 V/BackupManagerService( 2321): Registering transport android/com.android.internal.backup.LocalTransportService::android/com.android.internal.backup.LocalTransport = com.android.internal.backup.LocalTransport@41a292c8
01-01 08:00:17.485 W/ContextImpl( 2502): Calling a method in the system process without a qualified user: android.app.ContextImpl.startService:1589 android.content.ContextWrapper.startService:494 android.content.ContextWrapper.startService:494 com.ysten.prebootreceiver.YstBroadcastReceiver.onReceive:21 android.app.ActivityThread.handleReceiver:2426 
01-01 08:00:17.493 I/ActivityManager( 2321): Start proc com.ysten.bootreceiver for broadcast com.ysten.bootreceiver/.YstBroadcastReceiver: pid=2517 uid=1000 gids={41000, 1028, 1015, 3002, 3001, 3003, 1007, 2001, 1023}
01-01 08:00:17.503 I/ActivityManager( 2321): Launching preboot mode app: ProcessRecord{41a20b18 2517:com.ysten.bootreceiver/1000}
01-01 08:00:17.504 E/installd( 1576): value = false 
01-01 08:00:17.624 E/installd( 1576): value = false 
01-01 08:00:17.689 I/ActivityManager( 2321): Start proc android.process.media for broadcast com.android.providers.media/.MediaUpgradeReceiver: pid=2538 uid=10004 gids={50004, 1028, 1015, 1023, 1024, 2001, 3003, 3007}
01-01 08:00:17.698 I/ActivityManager( 2321): Launching preboot mode app: ProcessRecord{41987d00 2538:android.process.media/u0a4}
01-01 08:00:17.698 E/installd( 1576): value = false 
01-01 08:00:17.822 E/installd( 1576): value = false 
01-01 08:00:17.845 I/ActivityManager( 2321): Writing new set of last done pre-boot receivers...
01-01 08:00:17.847 I/ActivityManager( 2321): Removing system update proc: ProcessRecord{41a20b18 2517:com.ysten.bootreceiver/1000}
01-01 08:00:17.847 I/ActivityManager( 2321): Killing 2517:com.ysten.bootreceiver/1000 (adj 11): system update done
01-01 08:00:17.847 D/ActivityManager( 2321): cleanUpApplicationRecordLocked -- 2517
01-01 08:00:17.848 I/ActivityManager( 2321): Removing system update proc: ProcessRecord{41987d00 2538:android.process.media/u0a4}
01-01 08:00:17.848 I/ActivityManager( 2321): Killing 2538:android.process.media/u0a4 (adj 9): system update done
01-01 08:00:17.848 D/ActivityManager( 2321): cleanUpApplicationRecordLocked -- 2538
01-01 08:00:17.848 I/ActivityManager( 2321): System now ready
01-01 08:00:17.850 I/SystemServer( 2321): Making services ready
01-01 08:00:17.864 I/ActivityManager( 2321): Start proc com.android.systemui for service com.android.systemui/.SystemUIService: pid=2555 uid=10008 gids={50008, 1028, 1015, 1035, 3002, 3001}
01-01 08:00:17.864 D/NetworkManagementService( 2321): enabling bandwidth control
01-01 08:00:17.864 W/MountService( 2321): output =null
01-01 08:00:17.864 D/MountService( 2321): /storage/emulated/0 is default volume
01-01 08:00:17.864 D/MountService( 2321): volume state changed for /storage/emulated/0 (unmounted -> mounted)
01-01 08:00:17.864 D/MountService( 2321): sendStorageIntent Intent { act=android.intent.action.MEDIA_MOUNTED dat=file:///storage/emulated/0 (has extras) } to UserHandle{-1}
01-01 08:00:17.866 W/MountService( 2321): output =null
01-01 08:00:17.866 W/MountService( 2321): output =null
01-01 08:00:17.866 W/MountService( 2321): output =null
01-01 08:00:17.866 D/MountService( 2321): /storage/emulated/0 is default volume
01-01 08:00:17.866 W/MountService( 2321): output =null
01-01 08:00:17.866 D/MountService( 2321): use the mConnectorSpec[4]
01-01 08:00:17.867 D/Vold    ( 1569): [-vold_debug-1456] :--> vold : mountVolume v->getMountpoint() = /mnt/sda/sda1
01-01 08:00:17.867 D/Vold    ( 1569): [-vold_debug-352] :Volume sda1 state changing 1 (Idle-Unmounted) -> 3 (Checking)
01-01 08:00:17.867 D/Vold    ( 1569): [-vold_debug-681] :this type=3
01-01 08:00:17.867 D/Vold    ( 1569): [-vold_debug-778] :getMountpoint=(/mnt/sda/sda1),ubiName=((null))
01-01 08:00:17.867 D/Vold    ( 1569): [-vold_debug-101] :Filesystem doMount NTFS enter... (/dev/block/vold/8:1) (/mnt/sda/sda1)
01-01 08:00:17.867 D/Vold    ( 1569): [-vold_debug-123] :check ntfs before mount
01-01 08:00:17.871 D/MountService( 2321): volume state changed for /mnt/sda/sda1 (unmounted -> checking)
01-01 08:00:17.871 E/VoldConnector( 2321): Error handling '605 Volume sda1 /mnt/sda/sda1 state changed from 1 (Idle-Unmounted) to 3 (Checking)': java.lang.NullPointerException
01-01 08:00:17.880 E/installd( 1576): value = false 
01-01 08:00:17.914 I/Vold    ( 1569): Filesystem quick check completed OK
01-01 08:00:17.991 D/Vold    ( 1569): [-vold_debug-339] :msg=Volume sda1 /mnt/sda/sda1 state changed from 3 (Checking) to 4 (Mounted) UUID=6E54EF1454EEDE39 DevType=USB2.0 2049 D
01-01 08:00:17.992 W/MountService( 2321): output =null
01-01 08:00:17.992 D/MountService( 2321): volume state changed for /mnt/sdcard (unmounted -> mounted)
01-01 08:00:17.992 D/MountService( 2321): onEvent : exInfo.mUUID=[6E54EF1454EEDE39] exInfo.mDevType=[USB2.0] exInfo.mDevNode=[2049]exInfo.mDiskLabel = [D]
01-01 08:00:17.993 W/MountService( 2321): output =null
01-01 08:00:17.994 D/MountService( 2321): volume state changed for /mnt/sda/sda1 (checking -> mounted)
01-01 08:00:17.994 W/MountService( 2321): output =null
01-01 08:00:17.995 D/MountService( 2321): sendStorageIntent Intent { act=android.intent.action.MEDIA_MOUNTED dat=file:///mnt/sda/sda1 (has extras) } to UserHandle{-1}
01-01 08:00:18.095 V/CameraObserver( 2321): Intent.ACTION_CAMERA_PLUG: state: 0:name:video0
01-01 08:00:18.096 W/ContextImpl( 2321): Calling a method in the system process without a qualified user: android.app.ContextImpl.sendBroadcast:1232 com.android.server.CameraObserver.sendIntent:116 com.android.server.CameraObserver.access$000:37 com.android.server.CameraObserver$1.handleMessage:122 android.os.Handler.dispatchMessage:102 
01-01 08:00:18.238 E/installd( 1576): value = false 
01-01 08:00:18.272 I/StatusBarManagerService( 2321): registerStatusBar bar=com.android.internal.statusbar.IStatusBar$Stub$Proxy@41df4d10
01-01 08:00:18.296 I/ActivityManager( 2321): Config changes=200 {1.0 ?mcc?mnc zh_CN ldltr sw720dp w1280dp h720dp 240dpi xlrg long land television -touch -keyb/v/h dpad/v s.4}
01-01 08:00:18.298 W/RecognitionManagerService( 2321): no available voice recognition services found for user 0
01-01 08:00:18.305 W/InputMethodManagerService( 2321): Ignoring setImeWindowStatus of uid 1000 token: null
01-01 08:00:18.309 W/InputMethodManagerService( 2321): Default IME is uninstalled. Choose new default IME.
01-01 08:00:18.342 I/ActivityManager( 2321): Start proc com.hisilicon.android.inputmethod.remote for service com.hisilicon.android.inputmethod.remote/.RemoteIME: pid=2620 uid=10015 gids={50015}
01-01 08:00:18.343 V/InputMethodManagerService( 2321): Adding window token: android.os.Binder@41a33fc0
01-01 08:00:18.346 W/ContextImpl( 2321): Calling a method in the system process without a qualified user: android.app.ContextImpl.sendBroadcast:1232 com.android.server.usb.UsbSettingsManager.deviceAttached:621 com.android.server.usb.UsbHostManager.usbDeviceAdded:156 com.android.server.usb.UsbHostManager.monitorUsbHostBus:-2 com.android.server.usb.UsbHostManager.access$000:38 
01-01 08:00:18.352 E/installd( 1576): value = false 
01-01 08:00:18.358 W/InputMethodManagerService( 2321): Illegal subtype state: old subtype = null, new subtype = android.view.inputmethod.InputMethodSubtype@6c61b14
01-01 08:00:18.477 E/installd( 1576): value = false 
01-01 08:00:18.484 E/installd( 1576): value = false 
01-01 08:00:18.525 E/installd( 1576): value = false 
01-01 08:00:18.528 E/LocationManagerService( 2321): no geocoder provider found
01-01 08:00:18.552 I/ActivityManager( 2321): Start proc com.hisilicon.dlna.dms for added application com.hisilicon.dlna.dms: pid=2643 uid=1000 gids={41000, 1028, 1015, 3002, 3001, 3003, 1007, 2001, 1023}
01-01 08:00:18.561 I/ActivityManager( 2321): Start proc com.hisilicon.dlna.dmr for added application com.hisilicon.dlna.dmr: pid=2654 uid=1000 gids={41000, 1028, 1015, 3002, 3001, 3003, 1007, 2001, 1023}
01-01 08:00:18.573 I/ActivityManager( 2321): Start proc com.komect.skill.client for added application com.komect.skill.client: pid=2669 uid=10026 gids={50026, 1028, 1015, 3003}
01-01 08:00:18.585 I/ActivityManager( 2321): Start proc com.amlogic.SubTitleService for added application com.amlogic.SubTitleService: pid=2685 uid=1000 gids={41000, 1028, 1015, 3002, 3001, 3003, 1007, 2001, 1023}
01-01 08:00:18.637 I/ActivityManager( 2321): Start proc com.amt.amtupgrade for added application com.amt.amtupgrade: pid=2701 uid=1000 gids={41000, 1028, 1015, 3002, 3001, 3003, 1007, 2001, 1023}
01-01 08:00:18.649 I/ActivityManager( 2321): Start proc com.cmcc.mid.softdetector for added application com.cmcc.mid.softdetector: pid=2712 uid=10021 gids={50021, 1028, 1015, 3003}
01-01 08:00:18.661 I/ActivityManager( 2321): Start proc com.hisilicon.android.hiRMService for added application com.hisilicon.android.hiRMService: pid=2729 uid=1000 gids={41000, 1028, 1015, 3002, 3001, 3003, 1007, 2001, 1023}
01-01 08:00:18.679 I/ActivityManager( 2321): Start proc com.ysten.dm for added application com.ysten.dm: pid=2742 uid=1000 gids={41000, 1028, 1015, 3002, 3001, 3003, 1007, 2001, 1023}
01-01 08:00:18.691 I/ActivityManager( 2321): Start proc com.android.sj for added application com.android.sj: pid=2753 uid=1000 gids={41000, 1028, 1015, 3002, 3001, 3003, 1007, 2001, 1023}
01-01 08:00:18.698 I/ActivityManager( 2321): Start proc com.iflytek.xiri2.system for added application com.iflytek.xiri2.system: pid=2770 uid=1000 gids={41000, 1028, 1015, 3002, 3001, 3003, 1007, 2001, 1023}
01-01 08:00:18.707 I/ActivityManager( 2321): Start proc com.thirdparty.dataaccess for added application com.thirdparty.dataaccess: pid=2783 uid=1000 gids={41000, 1028, 1015, 3002, 3001, 3003, 1007, 2001, 1023}
01-01 08:00:18.716 I/ActivityManager( 2321): Start proc com.android.yssj for added application com.android.yssj: pid=2796 uid=1000 gids={41000, 1028, 1015, 3002, 3001, 3003, 1007, 2001, 1023}
01-01 08:00:18.734 I/ActivityManager( 2321): Start proc com.android.smart.terminal.iptv for added application com.android.smart.terminal.iptv: pid=2812 uid=1000 gids={41000, 1028, 1015, 3002, 3001, 3003, 1007, 2001, 1023}
01-01 08:00:18.743 I/ActivityManager( 2321): Start proc com.ysten.autolog for added application com.ysten.autolog: pid=2823 uid=1000 gids={41000, 1028, 1015, 3002, 3001, 3003, 1007, 2001, 1023}
01-01 08:00:18.752 I/ActivityManager( 2321): Start proc com.androidmov.tr069 for added application com.androidmov.tr069: pid=2838 uid=10025 gids={50025, 3003}
01-01 08:00:18.804 I/ActivityManager( 2321): Start proc com.cmdc.fota for added application com.cmdc.fota: pid=2851 uid=1000 gids={41000, 1028, 1015, 3002, 3001, 3003, 1007, 2001, 1023}
01-01 08:00:18.805 I/ActivityManager( 2321): resumeHomeActivity(): mIsHomeActivityStarted=false
01-01 08:00:18.805 I/ActivityManager( 2321): resumeHomeActivity(): mProbeThread.getState()=NEW
01-01 08:00:18.805 I/ActivityManager( 2321): persist.sys.fastplay.fullyplay is false
01-01 08:00:18.805 I/ActivityManager( 2321): service.lunch.wait.bootvideo is true
01-01 08:00:18.805 I/ActivityManager( 2321): >>>>>>>penghui>>>>send msg
01-01 08:00:18.805 I/ActivityManager( 2321): >>>>>>>penghui>>>>time0
01-01 08:00:18.805 I/ActivityManager( 2321): >>>>>>>penghui>>>>msg:000
01-01 08:00:18.806 I/ActivityManager( 2321): >>>>>>>penghui>>>dddd>>>>msg:105
01-01 08:00:18.808 I/ActivityManager( 2321): START u0 {act=android.intent.action.MAIN flg=0x10000000 cmp=com.ysten.auth/.guangdong.MainActivity} from pid 0
01-01 08:00:18.820 I/ActivityManager( 2321): Start proc com.ysten.systemupdate for broadcast com.ysten.systemupdate/.receiver.StartCheckReceiver: pid=2864 uid=1000 gids={41000, 1028, 1015, 3002, 3001, 3003, 1007, 2001, 1023}
01-01 08:00:18.820 W/BroadcastQueue( 2321): Permission Denial: broadcasting Intent { act=android.net.conn.CONNECTIVITY_CHANGE_IMMEDIATE flg=0x44000010 (has extras) } from null (pid=-1, uid=-1) requires android.permission.CONNECTIVITY_INTERNAL due to registered receiver BroadcastFilter{41dab6e8 u0 ReceiverList{41983a18 2321 system/1000/u0 local:41a70bf8}}
01-01 08:00:18.821 W/BroadcastQueue( 2321): Permission Denial: broadcasting Intent { act=android.net.conn.CONNECTIVITY_CHANGE_IMMEDIATE flg=0x44000010 (has extras) } from null (pid=-1, uid=-1) requires android.permission.CONNECTIVITY_INTERNAL due to registered receiver BroadcastFilter{41d4a548 u0 ReceiverList{41d52350 2321 system/1000/u0 local:41d5eff8}}
01-01 08:00:18.833 I/ActivityManager( 2321): Start proc com.ysten.bootreceiver for broadcast com.ysten.bootreceiver/.NetworkInfoReceiver: pid=2877 uid=1000 gids={41000, 1028, 1015, 3002, 3001, 3003, 1007, 2001, 1023}
01-01 08:00:18.835 E/installd( 1576): value = false 
01-01 08:00:18.913 E/installd( 1576): value = false 
01-01 08:00:18.916 E/installd( 1576): value = false 
01-01 08:00:18.970 E/installd( 1576): value = false 
01-01 08:00:18.973 E/installd( 1576): value = false 
01-01 08:00:19.220 E/installd( 1576): value = false 
01-01 08:00:19.224 E/installd( 1576): value = false 
01-01 08:00:19.347 E/installd( 1576): value = false 
01-01 08:00:19.350 E/installd( 1576): value = false 
01-01 08:00:19.441 E/installd( 1576): value = false 
01-01 08:00:19.444 E/installd( 1576): value = false 
01-01 08:00:20.573 E/installd( 1576): value = false 
01-01 08:00:20.576 E/installd( 1576): value = false 
01-01 08:00:20.722 E/installd( 1576): value = false 
01-01 08:00:20.725 E/installd( 1576): value = false 
01-01 08:00:20.892 E/installd( 1576): value = false 
01-01 08:00:20.895 E/installd( 1576): value = false 
01-01 08:00:21.243 E/installd( 1576): value = false 
01-01 08:00:21.247 E/installd( 1576): value = false 
01-01 08:00:22.555 E/installd( 1576): value = false 
01-01 08:00:22.559 E/installd( 1576): value = false 
01-01 08:00:22.882 E/installd( 1576): value = false 
01-01 08:00:22.887 E/installd( 1576): value = false 
01-01 08:00:22.903 W/ContextImpl( 2770): Calling a method in the system process without a qualified user: android.app.ContextImpl.startService:1589 android.content.ContextWrapper.startService:494 com.iflytek.xirihelpersupervisor.DaemonApplication.startDaemonService:60 com.iflytek.xirihelpersupervisor.DaemonApplication.onCreate:31 android.app.Instrumentation.callApplicationOnCreate:1008 
01-01 08:00:23.379 E/installd( 1576): value = false 
01-01 08:00:23.383 E/installd( 1576): value = false 
01-01 08:00:23.399 W/ContextImpl( 2783): Calling a method in the system process without a qualified user: android.app.ContextImpl.bindService:1653 android.content.ContextWrapper.bindService:517 com.amt.utils.AmtDataAidl.<init>:33 com.amt.utils.AmtDataAidl.getInstance:24 com.amt.activity.IptvApp.onCreate:40 
01-01 08:00:24.541 E/installd( 1576): value = false 
01-01 08:00:24.545 E/installd( 1576): value = false 
01-01 08:00:25.581 E/installd( 1576): value = false 
01-01 08:00:25.588 W/ActivityManager( 2321): Unable to start service Intent { cmp=com.android.printspooler/.PrintSpoolerService } U=0: not found
01-01 08:00:25.591 E/installd( 1576): value = false 
01-01 08:00:25.601 I/ActivityManager( 2321): Start proc com.ysten.auth for activity com.ysten.auth/.guangdong.MainActivity: pid=2923 uid=1000 gids={41000, 1028, 1015, 3002, 3001, 3003, 1007, 2001, 1023}
01-01 08:00:25.736 E/installd( 1576): value = false 
01-01 08:00:25.740 E/installd( 1576): value = false 
01-01 08:00:26.720 E/installd( 1576): value = false 
01-01 08:00:26.725 E/installd( 1576): value = false 
01-01 08:00:27.122 E/installd( 1576): value = false 
01-01 08:00:27.152 E/installd( 1576): value = false 
01-01 08:00:27.162 W/ContextImpl( 2812): Calling a method in the system process without a qualified user: android.app.ContextImpl.bindService:1653 android.content.ContextWrapper.bindService:517 com.amt.amtdata.dataI.SettingsAIDL.bindAIDL:48 com.amt.amtdata.dataI.SettingsAIDL.<init>:31 com.amt.amtdata.dataI.SettingsAIDL.<init>:21 
01-01 08:00:27.267 E/installd( 1576): value = false 
01-01 08:00:27.281 W/ContextImpl( 2701): Calling a method in the system process without a qualified user: android.app.ContextImpl.bindService:1653 android.content.ContextWrapper.bindService:517 com.amt.amtdatasdk.ServiceCfgService.<init>:50 com.amt.amtdatasdk.ServiceCfgService.init:36 com.amt.amtdatasdk.ImplDataIServiceCfg.<init>:16 
01-01 08:00:27.286 I/ActivityManager( 2321): Start proc com.ysten.testtool for broadcast com.ysten.testtool/.StartCheckReceiver: pid=2952 uid=1000 gids={41000, 1028, 1015, 3002, 3001, 3003, 1007, 2001, 1023}
01-01 08:00:27.310 I/ActivityManager( 2321): Start proc com.android.smart.terminal.iptv.aidl:remote for service com.android.smart.terminal.iptv.aidl/.ServiceSettings: pid=2964 uid=1000 gids={41000, 1028, 1015, 3002, 3001, 3003, 1007, 2001, 1023}
01-01 08:00:27.311 W/ContextImpl( 2812): Calling a method in the system process without a qualified user: android.app.ContextImpl.bindService:1653 android.content.ContextWrapper.bindService:517 com.amt.amtdata.dataI.SettingsAIDL.bindAIDL:48 com.amt.amtdata.dataI.SettingsAIDL.getInstance:36 com.amt.app.IptvApp.onCreate:70 
01-01 08:00:27.314 E/installd( 1576): value = false 
12-18 16:57:36.124 E/installd( 1576): value = false 
12-18 16:57:36.131 W/ContextImpl( 2812): Calling a method in the system process without a qualified user: android.app.ContextImpl.bindService:1653 android.content.ContextWrapper.bindService:517 com.amt.amtdata.dataI.SettingsAIDL.bindAIDL:48 com.amt.app.IptvApp.onCreate:70 android.app.Instrumentation.callApplicationOnCreate:1008 
12-18 16:57:36.132 W/ContextImpl( 2701): Calling a method in the system process without a qualified user: android.app.ContextImpl.startService:1589 android.content.ContextWrapper.startService:494 com.amt.amtupgrade.UpgradeAPP.startMsgService:84 com.amt.amtupgrade.UpgradeAPP.onCreate:67 android.app.Instrumentation.callApplicationOnCreate:1008 
12-18 16:57:36.133 E/installd( 1576): value = false 
12-18 16:57:36.140 W/ContextImpl( 2812): Calling a method in the system process without a qualified user: android.app.ContextImpl.bindService:1653 android.content.ContextWrapper.bindService:517 com.amt.tr069.ITr069Service.<init>:27 com.amt.tr069.TR069Manager.<init>:51 com.amt.tr069.TR069Manager.init:62 
12-18 16:57:36.201 E/installd( 1576): value = false 
12-18 16:57:36.232 I/ActivityManager( 2321): Start proc com.ysten.start for broadcast com.ysten.start/.Main: pid=2986 uid=1000 gids={41000, 1028, 1015, 3002, 3001, 3003, 1007, 2001, 1023}
12-18 16:57:36.245 I/ActivityManager( 2321): START u0 {cmp=com.android.smart.terminal.iptv/com.amt.app.IPTVActivity} from pid 2923
12-18 16:57:36.246 W/ContextImpl( 2812): Calling a method in the system process without a qualified user: android.app.ContextImpl.bindService:1653 android.content.ContextWrapper.bindService:517 com.amt.utils.SmartAidl.<init>:34 com.amt.utils.SmartAidl.getInstance:26 com.amt.app.IptvApp.onCreate:77 
12-18 16:57:36.255 E/installd( 1576): value = false 
12-18 16:57:36.415 E/installd( 1576): value = false 
12-18 16:57:36.431 I/ActivityManager( 2321): Start proc cn.gd.snm.snmcm for service cn.gd.snm.snmcm/cn.gd.snm.ivr.service.VoiceZhuoYingService: pid=3002 uid=10030 gids={50030, 3003, 1028, 1015}
12-18 16:57:36.438 E/ActivityManager( 2321): RECEIVE_BOOT_COMPLETE
12-18 16:57:36.461 E/installd( 1576): value = false 
12-18 16:57:36.750 W/ActivityManager( 2321): Activity pause timeout for ActivityRecord{41ba5378 u0 com.ysten.auth/.guangdong.MainActivity t1 f}
12-18 16:57:39.507 E/installd( 1576): value = false 
12-18 16:57:39.527 I/ActivityManager( 2321): Start proc com.ysten.upgrade for broadcast com.ysten.upgrade/.BootReceiver: pid=3062 uid=1000 gids={41000, 1028, 1015, 3002, 3001, 3003, 1007, 2001, 1023}
12-18 16:57:39.547 I/ActivityManager( 2321): Activity reported stop, but no longer stopping: ActivityRecord{41ba5378 u0 com.ysten.auth/.guangdong.MainActivity t1 f}
12-18 16:57:39.552 W/ContextImpl( 2770): Calling a method in the system process without a qualified user: android.app.ContextImpl.startService:1589 android.content.ContextWrapper.startService:494 com.iflytek.xirihelpersupervisor.service.DaemonService$2.run:124 android.os.Handler.handleCallback:733 android.os.Handler.dispatchMessage:95 
12-18 16:57:39.553 E/installd( 1576): value = false 
12-18 16:57:39.684 E/installd( 1576): value = false 
12-18 16:57:39.710 I/ActivityManager( 2321): Start proc com.iflytek.xiri for service com.iflytek.xiri/com.iflytek.xiriiptv.app.DemonService: pid=3080 uid=10028 gids={50028, 3003, 1028, 1015, 3001, 3002}
12-18 16:57:39.724 E/ActivityThread( 2555): Failed to find provider info for com.android.contacts
12-18 16:57:39.724 W/ContextImpl( 3062): Calling a method in the system process without a qualified user: android.app.ContextImpl.startService:1589 android.content.ContextWrapper.startService:494 android.content.ContextWrapper.startService:494 com.ysten.upgrade.BootReceiver.onReceive:15 android.app.ActivityThread.handleReceiver:2426 
12-18 16:57:39.741 E/installd( 1576): value = false 
12-18 16:57:39.745 D/MountService( 2321): [ getUserLabelByPath ]retStr = null
12-18 16:57:41.718 W/WindowManager( 2321): Window freeze timeout expired.
12-18 16:57:41.718 W/WindowManager( 2321): Force clearing orientation change: Window{419cfee8 u0 com.komect.skill.client}
12-18 16:57:42.917 E/installd( 1576): value = false 
12-18 16:57:42.936 I/ActivityManager( 2321): Start proc android.process.media for broadcast com.android.providers.downloads/.DownloadReceiver: pid=3114 uid=10004 gids={50004, 1028, 1015, 1023, 1024, 2001, 3003, 3007}
12-18 16:57:43.012 I/ActivityManager( 2321): Start proc com.vixtel.stb.agent for service com.vixtel.stb.agent/.service.CoreService: pid=3131 uid=10023 gids={50023, 3003, 1028, 1015, 1007}
12-18 16:57:43.018 I/ActivityManager( 2321): Waited long enough for: ServiceRecord{418dae98 u0 com.ysten.prebootreceiver/.YstenPreBootService}
12-18 16:57:43.020 E/installd( 1576): value = false 
12-18 16:57:43.049 W/ContextImpl( 2812): Calling a method in the system process without a qualified user: android.app.ContextImpl.bindService:1653 android.content.ContextWrapper.bindService:517 com.amt.auth.AuthManager.startAuthService:93 com.amt.auth.AuthManager.setAuthView:73 com.amt.app.IPTVActivity.initView:198 
12-18 16:57:43.192 E/installd( 1576): value = false 
12-18 16:57:43.222 I/ActivityManager( 2321): Start proc com.softwinner.dragonbox for broadcast com.softwinner.dragonbox/.StorageReceiver: pid=3152 uid=1000 gids={41000, 1028, 1015, 3002, 3001, 3003, 1007, 2001, 1023}
12-18 16:57:43.238 E/installd( 1576): value = false 
12-18 16:57:43.239 W/ContextImpl( 2812): Calling a method in the system process without a qualified user: android.app.ContextImpl.startService:1589 android.content.ContextWrapper.startService:494 com.amt.auth.AuthManager.startAuthService:94 com.amt.auth.AuthManager.setAuthView:73 com.amt.app.IPTVActivity.initView:198 
12-18 16:57:44.069 E/RemotePrintSpooler( 2321): Error removing obsolete print jobs .
12-18 16:57:44.069 E/RemotePrintSpooler( 2321): java.util.concurrent.TimeoutException: Cannot get spooler!
12-18 16:57:44.069 E/RemotePrintSpooler( 2321): 	at com.android.server.print.RemotePrintSpooler.bindLocked(RemotePrintSpooler.java:376)
12-18 16:57:44.069 E/RemotePrintSpooler( 2321): 	at com.android.server.print.RemotePrintSpooler.getRemoteInstanceLazy(RemotePrintSpooler.java:352)
12-18 16:57:44.069 E/RemotePrintSpooler( 2321): 	at com.android.server.print.RemotePrintSpooler.removeObsoletePrintJobs(RemotePrintSpooler.java:287)
12-18 16:57:44.069 E/RemotePrintSpooler( 2321): 	at com.android.server.print.UserState.removeObsoletePrintJobs(UserState.java:163)
12-18 16:57:44.069 E/RemotePrintSpooler( 2321): 	at com.android.server.print.PrintManagerService$1.run(PrintManagerService.java:94)
12-18 16:57:44.069 E/RemotePrintSpooler( 2321): 	at android.os.Handler.handleCallback(Handler.java:733)
12-18 16:57:44.069 E/RemotePrintSpooler( 2321): 	at android.os.Handler.dispatchMessage(Handler.java:95)
12-18 16:57:44.069 E/RemotePrintSpooler( 2321): 	at android.os.Looper.loop(Looper.java:136)
12-18 16:57:44.069 E/RemotePrintSpooler( 2321): 	at android.os.HandlerThread.run(HandlerThread.java:61)
12-18 16:57:45.814 E/HiSysManagerService( 1583): checkPermission is true.
12-18 16:57:45.814 E/HiSysManagerService( 1583): checkPermission is true.
12-18 16:57:45.827 E/HiSysManagerService( 1583): checkPermission is true.
12-18 16:57:45.830 E/HiSysManagerService( 1583): checkPermission is true.
12-18 16:57:46.142 E/installd( 1576): value = false 
12-18 16:57:46.151 E/installd( 1576): value = false 
12-18 16:57:46.171 W/ContextImpl( 2812): Calling a method in the system process without a qualified user: android.app.ContextImpl.sendBroadcast:1232 android.content.ContextWrapper.sendBroadcast:365 android.app.ActivityThread.performResumeActivity:2796 android.app.ActivityThread.handleResumeActivity:2834 android.app.ActivityThread.handleLaunchActivity:2257 
12-18 16:57:46.622 E/installd( 1576): value = false 
12-18 16:57:46.637 W/ActivityManager( 2321): Launch timeout has expired, giving up wake lock!
12-18 16:57:46.654 W/ContextImpl( 2812): Calling a method in the system process without a qualified user: android.app.ContextImpl.sendBroadcast:1232 android.content.ContextWrapper.sendBroadcast:365 android.app.ActivityThread.performResumeActivity:2796 android.app.ActivityThread.handleResumeActivity:2834 android.app.ActivityThread$H.handleMessage:1239 
12-18 16:57:46.867 W/ContextImpl( 2823): Calling a method in the system process without a qualified user: android.app.ContextImpl.startService:1589 android.content.ContextWrapper.startService:494 android.content.ContextWrapper.startService:494 com.ysten.autolog.receiver.MediaMountReceiver.onReceive:31 android.app.ActivityThread.handleReceiver:2426 
12-18 16:57:46.884 I/ActivityManager( 2321): Start proc com.ysten.autolog:remote for service com.ysten.autolog/.service.RemoteViewService: pid=3214 uid=1000 gids={41000, 1028, 1015, 3002, 3001, 3003, 1007, 2001, 1023}
12-18 16:57:46.899 I/ActivityManager( 2321): Start proc net.sunniwell.service.swupgrade.usb for broadcast net.sunniwell.service.swupgrade.usb/.UpgradeReceiver: pid=3219 uid=1000 gids={41000, 1028, 1015, 3002, 3001, 3003, 1007, 2001, 1023}
12-18 16:57:46.954 E/installd( 1576): value = false 
12-18 16:57:47.089 E/installd( 1576): value = false 
12-18 16:57:47.140 W/ActivityManager( 2321): Activity ActivityRecord{41ba5378 u0 com.ysten.auth/.guangdong.MainActivity t1 f} being finished, but not in LRU list
12-18 16:57:47.154 W/ActivityManager( 2321): Duplicate finish request for ActivityRecord{41ba5378 u0 com.ysten.auth/.guangdong.MainActivity t1 f}
12-18 16:57:47.278 W/ContextImpl( 3219): Calling a method in the system process without a qualified user: android.app.ContextImpl.startService:1589 android.content.ContextWrapper.startService:494 android.content.ContextWrapper.startService:494 net.sunniwell.service.swupgrade.usb.UpgradeReceiver.onReceive:71 android.app.ActivityThread.handleReceiver:2426 
12-18 16:57:47.301 W/ContextImpl( 3219): Calling a method in the system process without a qualified user: android.app.ContextImpl.bindService:1653 android.content.ContextWrapper.bindService:517 net.sunniwell.service.swupgrade.usb.DiagnoseUsbTV.bindInstallService:158 net.sunniwell.service.swupgrade.usb.DiagnoseUsbTV.onCreate:73 android.app.ActivityThread.handleCreateService:2579 
12-18 16:57:47.307 W/ActivityManager( 2321): Unable to start service Intent { act=net.dlb.shcmcc.installservice } U=0: not found
12-18 16:57:47.726 W/BackupManagerService( 2321): dataChanged but no participant pkg='com.android.providers.settings' uid=10028
12-18 16:57:47.894 I/ActivityManager( 2321): Start proc com.android.externalstorage for broadcast com.android.externalstorage/.MountReceiver: pid=3283 uid=10003 gids={50003, 1028, 1015, 1023}
12-18 16:57:47.940 E/installd( 1576): value = false 
12-18 16:57:48.076 E/installd( 1576): value = false 
12-18 16:57:48.206 I/ActivityManager( 2321): Start proc tv.icntv.vendor for broadcast tv.icntv.vendor/com.android.smart.terminal.settings.more.USBReceiver: pid=3315 uid=1000 gids={41000, 1028, 1015, 3002, 3001, 3003, 1007, 2001, 1023}
12-18 16:57:48.231 E/installd( 1576): value = false 
12-18 16:57:48.244 I/PowerManagerService( 2321): Boot animation finished.
12-18 16:57:48.704 W/ActivityThread( 2812): ClassLoader.loadClass: The class loader returned by Thread.getContextClassLoader() may fail for processes that host multiple applications. You should explicitly specify a context class loader. For example: Thread.setContextClassLoader(getClass().getClassLoader());
12-18 16:57:48.968 E/installd( 1576): value = false 
12-18 16:57:48.982 W/ContextImpl( 2812): Calling a method in the system process without a qualified user: android.app.ContextImpl.stopService:1595 android.content.ContextWrapper.stopService:499 com.amt.auth.AuthManager.stopService:124 com.amt.auth.AuthenticationService$ServicAuthInterior.onAuthSuceed:160 com.amt.auth.AuthManager.onAuthSuceed:140 
12-18 16:57:48.985 W/ContextImpl( 2812): Calling a method in the system process without a qualified user: android.app.ContextImpl.sendBroadcast:1232 android.content.ContextWrapper.sendBroadcast:365 com.amt.auth.AuthExternalState$1.onSuccess:39 com.amt.auth.AuthManager$2.run:148 com.amt.utils.mainthread.MainThreadSwitcher.runOnMainThreadAsync:34 
12-18 16:57:48.989 W/ContextImpl( 2812): Calling a method in the system process without a qualified user: android.app.ContextImpl.startService:1589 android.content.ContextWrapper.startService:494 com.amt.utils.IptvResidentService.startSerivce:75 com.amt.auth.AuthExternalState$1.onSuccess:42 com.amt.auth.AuthManager$2.run:148 
12-18 16:57:48.991 W/ContextImpl( 3315): Calling a method in the system process without a qualified user: android.app.ContextImpl.bindService:1653 android.content.ContextWrapper.bindService:517 com.android.smart.terminal.iptv.aidl.SettingsAIDL.bindAIDL:43 com.android.smart.terminal.settings.App.onCreate:42 android.app.Instrumentation.callApplicationOnCreate:1008 
12-18 16:57:49.018 W/ContextImpl( 2729): Calling a method in the system process without a qualified user: android.app.ContextImpl.startService:1589 android.content.ContextWrapper.startService:494 android.content.ContextWrapper.startService:494 com.hisilicon.android.hiRMService.HiRMBroadcastReceiver.onReceive:22 android.app.ActivityThread.handleReceiver:2426 
12-18 16:57:49.041 W/ContextImpl( 2729): Calling a method in the system process without a qualified user: android.app.ContextImpl.startService:1589 android.content.ContextWrapper.startService:494 android.content.ContextWrapper.startService:494 com.hisilicon.android.hiRMService.HiRMBroadcastReceiver.onReceive:27 android.app.ActivityThread.handleReceiver:2426 
12-18 16:57:49.060 I/ActivityManager( 2321): START u0 {act=android.intent.action.MAIN cmp=cn.gd.snm.snmcm/.LauncherActivity} from pid 2812
12-18 16:57:49.081 W/ContextImpl( 2812): Calling a method in the system process without a qualified user: android.app.ContextImpl.sendBroadcast:1232 android.content.ContextWrapper.sendBroadcast:365 android.app.ActivityThread.performPauseActivity:3076 android.app.ActivityThread.performPauseActivity:3034 android.app.ActivityThread.handlePauseActivity:3012 
12-18 16:57:49.088 W/ProcessCpuTracker( 2321): Skipping unknown process pid 3385
12-18 16:57:49.097 W/ContextImpl( 2864): Calling a method in the system process without a qualified user: android.app.ContextImpl.startService:1589 android.content.ContextWrapper.startService:494 android.content.ContextWrapper.startService:494 com.ysten.systemupdate.receiver.StartCheckReceiver.onReceive:24 android.app.ActivityThread.handleReceiver:2426 
12-18 16:57:49.185 E/HiSysManagerService( 1583): checkPermission is true.
12-18 16:57:49.185 E/HiSysManagerService( 1583): checkPermission is true.
12-18 16:57:49.186 W/ActivityThread( 2729): ClassLoader.loadClass: The class loader returned by Thread.getContextClassLoader() may fail for processes that host multiple applications. You should explicitly specify a context class loader. For example: Thread.setContextClassLoader(getClass().getClassLoader());
12-18 16:57:49.187 V/        ( 2729): set lotID=4311859020E9E32452B190D6AC0F3D25
12-18 16:57:49.187 E/HiSysManagerService( 1583): checkPermission is true.
12-18 16:57:49.187 E/HiSysManagerService( 1583): checkPermission is true.
12-18 16:57:49.187 E/HiSysManagerService( 1583): checkPermission is true.
12-18 16:57:49.192 W/ContextImpl( 2796): Calling a method in the system process without a qualified user: android.app.ContextImpl.startService:1589 android.content.ContextWrapper.startService:494 android.content.ContextWrapper.startService:494 com.android.sj.BootReceiver.onReceive:20 android.app.ActivityThread.handleReceiver:2426 
12-18 16:57:49.231 W/ContextImpl( 3315): Calling a method in the system process without a qualified user: android.app.ContextImpl.bindService:1653 android.content.ContextWrapper.bindService:517 com.android.smart.terminal.iptv.aidl.IPTVServiceConnection.bindService:77 com.android.smart.terminal.iptv.aidl.IPTVServiceConnection$1.run:178 java.util.concurrent.Executors$RunnableAdapter.call:422 
12-18 16:57:49.257 W/ContextImpl( 2753): Calling a method in the system process without a qualified user: android.app.ContextImpl.startService:1589 android.content.ContextWrapper.startService:494 android.content.ContextWrapper.startService:494 com.android.sj.BootReceiver.onReceive:27 android.app.ActivityThread.handleReceiver:2426 
12-18 16:57:49.527 I/ActivityManager( 2321): Start proc com.android.bluetooth for service com.android.bluetooth/.btservice.AdapterService: pid=3446 uid=1002 gids={41002, 3003, 3002, 3001, 1028, 1015, 3005, 1016, 3008}
12-18 16:57:49.537 W/ContextImpl( 3062): Calling a method in the system process without a qualified user: android.app.ContextImpl.startService:1589 android.content.ContextWrapper.startService:494 android.content.ContextWrapper.startService:494 com.ysten.upgrade.BootReceiver.onReceive:15 android.app.ActivityThread.handleReceiver:2426 
12-18 16:57:49.548 D/MountService( 2321): [ getUserLabelByPath ]retStr = null
12-18 16:57:49.568 E/installd( 1576): value = false 
12-18 16:57:49.572 W/ContextImpl( 2321): Calling a method in the system process without a qualified user: android.app.ContextImpl.bindService:1653 android.bluetooth.BluetoothHeadset.doBind:283 android.bluetooth.BluetoothHeadset.<init>:276 android.bluetooth.BluetoothAdapter.getProfileProxy:1181 android.media.AudioService.getBluetoothHeadset:2439 
12-18 16:57:49.632 W/NativeCrashListener( 2321): Couldn't find ProcessRecord for pid 3444
12-18 16:57:49.755 W/NativeCrashListener( 2321): Couldn't find ProcessRecord for pid 3439
12-18 16:57:49.897 E/installd( 1576): value = false 
12-18 16:57:49.923 W/ContextImpl( 2321): Calling a method in the system process without a qualified user: android.app.ContextImpl.bindService:1653 android.bluetooth.BluetoothA2dp.doBind:165 android.bluetooth.BluetoothA2dp.<init>:158 android.bluetooth.BluetoothAdapter.getProfileProxy:1184 android.media.AudioService$AudioServiceBroadcastReceiver.onReceive:4395 
12-18 16:57:49.928 V/WiredAccessoryManager( 2321): init()
12-18 16:57:49.931 V/WiredAccessoryManager( 2321): newName=hdmi newState=16 headsetState=16 prev headsetState=0
12-18 16:57:49.937 V/WiredAccessoryManager( 2321): device hdmi connected
12-18 16:57:50.039 I/ActivityManager( 2321): Delay finish: com.android.providers.downloads/.DownloadReceiver
