12-18 16:58:00.454 D/pcapcmcc4( 3047): 
12-18 16:58:00.454 D/pcapcmcc4( 3047): reset pkg_num!
12-18 16:58:00.456 I/CircleCornerLayout( 3002): draw
12-18 16:58:00.458 D/pcapcmcc4( 3047): send_tcp_data_to_server_new: 2
12-18 16:58:00.459 D/pcapcmcc4( 3047): --- Send session --- Addr(1, 100.97.24.113 ~ 183.235.11.40) 
12-18 16:58:00.459 D/pcapcmcc4( 3047):  	 HTTPDATA:100.97.24.113#44463#183.235.11.40#8081#54945#54945#54945#54966#54945#54951#54966#2182#27#5#72668#78526#53#2#183.235.11.40:8081#/pics/apk_site/biz_58411101/biz_02511913/positions/BizPosition_9093/element_141451/images/element_141451_img_20201116152001.png#200#80#0#4#2#532416#530128#522880#0#2#0#
12-18 16:58:00.459 D/pcapcmcc4( 3047): 
12-18 16:58:00.459 D/pcapcmcc4( 3047): reset pkg_num!
12-18 16:58:00.461 I/InfinitePageController_Page:5( 3002): InfinitePageController#ChildDrawingOrderCallback- pageIndex: 	5	childCount:	3	i:	2	focusedIndex:	-1	result:	0
12-18 16:58:00.461 I/CircleCornerLayout( 3002): draw
12-18 16:58:00.470 I/CircleCornerLayout( 3002): draw
12-18 16:58:00.520 I/bt-hci  ( 3446): BLE HCI(id=62) event = 0x02)
12-18 16:58:00.520 I/bt-hci  ( 3446): btu_ble_process_adv_pkt
12-18 16:58:00.520 D/BtGatt.btif( 3446): btif_gattc_upstreams_evt: Event 4096
12-18 16:58:00.520 D/BtGatt.GattService( 3446): onScanResult() - address=1A:EB:AF:29:BD:0A, rssi=-78
12-18 16:58:00.521 D/BluetoothAdapter( 3577): onScanResult() - Device=1A:EB:AF:29:BD:0A RSSI=-78
12-18 16:58:00.528 I/bt-hci  ( 3446): BLE HCI(id=62) event = 0x02)
12-18 16:58:00.528 I/bt-hci  ( 3446): btu_ble_process_adv_pkt
12-18 16:58:00.529 D/BtGatt.btif( 3446): btif_gattc_upstreams_evt: Event 4096
12-18 16:58:00.529 D/BtGatt.GattService( 3446): onScanResult() - address=01:A7:63:76:F3:9F, rssi=-48
12-18 16:58:00.529 D/BluetoothAdapter( 3577): onScanResult() - Device=01:A7:63:76:F3:9F RSSI=-48
12-18 16:58:00.541 D/dalvikvm( 3002): GC_FOR_ALLOC freed 89K, 6% free 102390K/108596K, paused 65ms, total 66ms
12-18 16:58:00.546 D/pcapcmcc4( 3047): send_tcp_data_to_server_new: 2
12-18 16:58:00.546 D/pcapcmcc4( 3047): --- Send session --- Addr(1, 100.97.24.113 ~ 183.235.11.40) 
12-18 16:58:00.546 D/pcapcmcc4( 3047):  	 HTTPDATA:100.97.24.113#53352#183.235.11.40#8081#54952#54952#54952#54975#54952#54960#54975#1734#23#0#83732#87626#59#0#183.235.11.40:8081#/pics/position/202007/22/2020072214312844509871.pngBizPosition_9079/element_157382/images/element_157382_img_20201116151542.png#200#82#0#0#2#1048576#1044480#1035264#0#0#0#
12-18 16:58:00.546 D/pcapcmcc4( 3047): 
12-18 16:58:00.546 D/pcapcmcc4( 3047): reset pkg_num!
12-18 16:58:00.548 I/InfinitePageController_Page:6( 3002): InfinitePageController#ChildDrawingOrderCallback- pageIndex: 	6	childCount:	2	i:	0	focusedIndex:	-1	result:	1
12-18 16:58:00.548 D/pcapcmcc4( 3047): send_tcp_data_to_server_new: 2
12-18 16:58:00.548 I/CircleCornerLayout( 3002): draw
12-18 16:58:00.548 D/pcapcmcc4( 3047): --- Send session --- Addr(1, 100.97.24.113 ~ 183.235.11.40) 
12-18 16:58:00.548 D/pcapcmcc4( 3047):  	 HTTPDATA:100.97.24.113#60256#183.235.11.40#8081#54947#54947#54947#54979#54947#54956#54979#2074#27#0#72382#75748#51#0#183.235.11.40:8081#/pics/apk_site/biz_58411101/biz_02511913/positions/BizPosition_9081/element_162292/images/element_162292_img_20201217164633.png#200#78#0#0#2#522880#520282#511488#0#0#0#
12-18 16:58:00.548 D/pcapcmcc4( 3047): 
12-18 16:58:00.548 D/pcapcmcc4( 3047): reset pkg_num!
12-18 16:58:00.549 I/CircleCornerLayout( 3002): draw
12-18 16:58:00.549 I/CircleCornerLayout( 3002): draw
12-18 16:58:00.549 I/CircleCornerLayout( 3002): draw
12-18 16:58:00.549 I/CircleCornerLayout( 3002): draw
12-18 16:58:00.549 I/CircleCornerLayout( 3002): draw
12-18 16:58:00.550 I/CircleCornerLayout( 3002): draw
12-18 16:58:00.550 I/CircleCornerLayout( 3002): draw
12-18 16:58:00.550 I/CircleCornerLayout( 3002): draw
12-18 16:58:00.550 I/CircleCornerLayout( 3002): draw
12-18 16:58:00.550 I/CircleCornerLayout( 3002): draw
12-18 16:58:00.550 I/CircleCornerLayout( 3002): draw
12-18 16:58:00.550 I/InfinitePageController_Page:6( 3002): InfinitePageController#ChildDrawingOrderCallback- pageIndex: 	6	childCount:	2	i:	1	focusedIndex:	-1	result:	0
12-18 16:58:00.550 I/CircleCornerLayout( 3002): draw
12-18 16:58:00.550 I/CircleCornerLayout( 3002): draw
12-18 16:58:00.550 I/CircleCornerLayout( 3002): draw
12-18 16:58:00.550 I/CircleCornerLayout( 3002): draw
12-18 16:58:00.551 I/CircleCornerLayout( 3002): draw
12-18 16:58:00.551 I/CircleCornerLayout( 3002): draw
12-18 16:58:00.552 I/CircleCornerLayout( 3002): draw
12-18 16:58:00.552 I/CircleCornerLayout( 3002): draw
12-18 16:58:00.567 I/CircleCornerLayout( 3002): draw
12-18 16:58:00.568 I/CircleCornerLayout( 3002): draw
12-18 16:58:00.568 I/CircleCornerLayout( 3002): draw
12-18 16:58:00.593 I/bt-hci  ( 3446): BLE HCI(id=62) event = 0x02)
12-18 16:58:00.593 I/bt-hci  ( 3446): btu_ble_process_adv_pkt
12-18 16:58:00.593 W/bt-btm  ( 3446): scan_type:1, evt_type:0
12-18 16:58:00.596 I/bt-hci  ( 3446): BLE HCI(id=62) event = 0x02)
12-18 16:58:00.596 I/bt-hci  ( 3446): btu_ble_process_adv_pkt
12-18 16:58:00.597 W/bt-btm  ( 3446): scan_type:1, evt_type:0
12-18 16:58:00.610 I/InfinitePageController_Page:4( 3002): InfinitePageController#ChildDrawingOrderCallback- pageIndex: 	4	childCount:	2	i:	0	focusedIndex:	-1	result:	1
12-18 16:58:00.610 I/CircleCornerLayout( 3002): draw
12-18 16:58:00.610 I/CircleCornerLayout( 3002): draw
12-18 16:58:00.611 I/CircleCornerLayout( 3002): draw
12-18 16:58:00.611 I/CircleCornerLayout( 3002): draw
12-18 16:58:00.611 I/CircleCornerLayout( 3002): draw
12-18 16:58:00.611 I/CircleCornerLayout( 3002): draw
12-18 16:58:00.611 I/CircleCornerLayout( 3002): draw
12-18 16:58:00.611 I/CircleCornerLayout( 3002): draw
12-18 16:58:00.611 I/InfinitePageController_Page:4( 3002): InfinitePageController#ChildDrawingOrderCallback- pageIndex: 	4	childCount:	2	i:	1	focusedIndex:	-1	result:	0
12-18 16:58:00.611 I/CircleCornerLayout( 3002): draw
12-18 16:58:00.611 I/CircleCornerLayout( 3002): draw
12-18 16:58:00.612 I/InfinitePageController_Page:5( 3002): InfinitePageController#ChildDrawingOrderCallback- pageIndex: 	5	childCount:	3	i:	0	focusedIndex:	-1	result:	2
12-18 16:58:00.612 I/CircleCornerLayout( 3002): draw
12-18 16:58:00.613 I/CircleCornerLayout( 3002): draw
12-18 16:58:00.615 I/CircleCornerLayout( 3002): draw
12-18 16:58:00.616 I/CircleCornerLayout( 3002): draw
12-18 16:58:00.617 I/CircleCornerLayout( 3002): draw
12-18 16:58:00.619 I/CircleCornerLayout( 3002): draw
12-18 16:58:00.620 I/InfinitePageController_Page:5( 3002): InfinitePageController#ChildDrawingOrderCallback- pageIndex: 	5	childCount:	3	i:	1	focusedIndex:	-1	result:	1
12-18 16:58:00.620 I/CircleCornerLayout( 3002): draw
12-18 16:58:00.624 I/CircleCornerLayout( 3002): draw
12-18 16:58:00.628 I/CircleCornerLayout( 3002): draw
12-18 16:58:00.633 I/CircleCornerLayout( 3002): draw
12-18 16:58:00.637 I/InfinitePageController_Page:5( 3002): InfinitePageController#ChildDrawingOrderCallback- pageIndex: 	5	childCount:	3	i:	2	focusedIndex:	-1	result:	0
12-18 16:58:00.637 I/CircleCornerLayout( 3002): draw
12-18 16:58:00.645 I/CircleCornerLayout( 3002): draw
12-18 16:58:00.656 I/InfinitePageController_Page:6( 3002): InfinitePageController#ChildDrawingOrderCallback- pageIndex: 	6	childCount:	2	i:	0	focusedIndex:	-1	result:	1
12-18 16:58:00.656 I/CircleCornerLayout( 3002): draw
12-18 16:58:00.656 I/CircleCornerLayout( 3002): draw
12-18 16:58:00.656 I/CircleCornerLayout( 3002): draw
12-18 16:58:00.656 I/CircleCornerLayout( 3002): draw
12-18 16:58:00.656 I/CircleCornerLayout( 3002): draw
12-18 16:58:00.656 I/CircleCornerLayout( 3002): draw
12-18 16:58:00.657 I/CircleCornerLayout( 3002): draw
12-18 16:58:00.657 I/CircleCornerLayout( 3002): draw
12-18 16:58:00.657 I/CircleCornerLayout( 3002): draw
12-18 16:58:00.657 I/CircleCornerLayout( 3002): draw
12-18 16:58:00.657 I/CircleCornerLayout( 3002): draw
12-18 16:58:00.657 I/CircleCornerLayout( 3002): draw
12-18 16:58:00.657 I/InfinitePageController_Page:6( 3002): InfinitePageController#ChildDrawingOrderCallback- pageIndex: 	6	childCount:	2	i:	1	focusedIndex:	-1	result:	0
12-18 16:58:00.657 I/CircleCornerLayout( 3002): draw
12-18 16:58:00.657 I/CircleCornerLayout( 3002): draw
12-18 16:58:00.657 I/CircleCornerLayout( 3002): draw
12-18 16:58:00.657 I/CircleCornerLayout( 3002): draw
12-18 16:58:00.658 I/CircleCornerLayout( 3002): draw
12-18 16:58:00.658 I/CircleCornerLayout( 3002): draw
12-18 16:58:00.659 I/CircleCornerLayout( 3002): draw
12-18 16:58:00.659 I/CircleCornerLayout( 3002): draw
12-18 16:58:00.662 I/bt-hci  ( 3446): BLE HCI(id=62) event = 0x02)
12-18 16:58:00.663 I/bt-hci  ( 3446): btu_ble_process_adv_pkt
12-18 16:58:00.663 W/bt-btm  ( 3446): scan_type:1, evt_type:0
12-18 16:58:00.669 I/CircleCornerLayout( 3002): draw
12-18 16:58:00.669 I/CircleCornerLayout( 3002): draw
12-18 16:58:00.669 I/CircleCornerLayout( 3002): draw
12-18 16:58:00.699 I/InfinitePageController_Page:4( 3002): InfinitePageController#ChildDrawingOrderCallback- pageIndex: 	4	childCount:	2	i:	0	focusedIndex:	-1	result:	1
12-18 16:58:00.699 I/CircleCornerLayout( 3002): draw
12-18 16:58:00.699 I/CircleCornerLayout( 3002): draw
12-18 16:58:00.699 I/CircleCornerLayout( 3002): draw
12-18 16:58:00.699 I/CircleCornerLayout( 3002): draw
12-18 16:58:00.699 I/CircleCornerLayout( 3002): draw
12-18 16:58:00.699 I/CircleCornerLayout( 3002): draw
12-18 16:58:00.699 I/CircleCornerLayout( 3002): draw
12-18 16:58:00.699 I/CircleCornerLayout( 3002): draw
12-18 16:58:00.700 I/InfinitePageController_Page:4( 3002): InfinitePageController#ChildDrawingOrderCallback- pageIndex: 	4	childCount:	2	i:	1	focusedIndex:	-1	result:	0
12-18 16:58:00.700 I/CircleCornerLayout( 3002): draw
12-18 16:58:00.700 I/CircleCornerLayout( 3002): draw
12-18 16:58:00.700 I/InfinitePageController_Page:5( 3002): InfinitePageController#ChildDrawingOrderCallback- pageIndex: 	5	childCount:	3	i:	0	focusedIndex:	-1	result:	2
12-18 16:58:00.700 I/CircleCornerLayout( 3002): draw
12-18 16:58:00.702 I/CircleCornerLayout( 3002): draw
12-18 16:58:00.703 I/CircleCornerLayout( 3002): draw
12-18 16:58:00.704 I/CircleCornerLayout( 3002): draw
12-18 16:58:00.706 I/CircleCornerLayout( 3002): draw
12-18 16:58:00.707 I/CircleCornerLayout( 3002): draw
12-18 16:58:00.709 I/InfinitePageController_Page:5( 3002): InfinitePageController#ChildDrawingOrderCallback- pageIndex: 	5	childCount:	3	i:	1	focusedIndex:	-1	result:	1
12-18 16:58:00.709 I/CircleCornerLayout( 3002): draw
12-18 16:58:00.713 I/CircleCornerLayout( 3002): draw
12-18 16:58:00.717 I/CircleCornerLayout( 3002): draw
12-18 16:58:00.721 I/CircleCornerLayout( 3002): draw
12-18 16:58:00.725 I/InfinitePageController_Page:5( 3002): InfinitePageController#ChildDrawingOrderCallback- pageIndex: 	5	childCount:	3	i:	2	focusedIndex:	-1	result:	0
12-18 16:58:00.725 I/CircleCornerLayout( 3002): draw
12-18 16:58:00.733 I/CircleCornerLayout( 3002): draw
12-18 16:58:00.738 I/bt-hci  ( 3446): BLE HCI(id=62) event = 0x02)
12-18 16:58:00.738 I/bt-hci  ( 3446): btu_ble_process_adv_pkt
12-18 16:58:00.739 D/BtGatt.btif( 3446): btif_gattc_upstreams_evt: Event 4096
12-18 16:58:00.739 D/BtGatt.GattService( 3446): onScanResult() - address=01:A7:63:76:F3:9F, rssi=-48
12-18 16:58:00.739 D/BluetoothAdapter( 3577): onScanResult() - Device=01:A7:63:76:F3:9F RSSI=-48
12-18 16:58:00.744 I/InfinitePageController_Page:6( 3002): InfinitePageController#ChildDrawingOrderCallback- pageIndex: 	6	childCount:	2	i:	0	focusedIndex:	-1	result:	1
12-18 16:58:00.745 I/CircleCornerLayout( 3002): draw
12-18 16:58:00.745 I/CircleCornerLayout( 3002): draw
12-18 16:58:00.745 I/CircleCornerLayout( 3002): draw
12-18 16:58:00.745 I/CircleCornerLayout( 3002): draw
12-18 16:58:00.745 I/CircleCornerLayout( 3002): draw
12-18 16:58:00.745 I/CircleCornerLayout( 3002): draw
12-18 16:58:00.745 I/CircleCornerLayout( 3002): draw
12-18 16:58:00.745 I/CircleCornerLayout( 3002): draw
12-18 16:58:00.745 I/CircleCornerLayout( 3002): draw
12-18 16:58:00.745 I/CircleCornerLayout( 3002): draw
12-18 16:58:00.745 I/CircleCornerLayout( 3002): draw
12-18 16:58:00.745 I/CircleCornerLayout( 3002): draw
12-18 16:58:00.746 I/InfinitePageController_Page:6( 3002): InfinitePageController#ChildDrawingOrderCallback- pageIndex: 	6	childCount:	2	i:	1	focusedIndex:	-1	result:	0
12-18 16:58:00.746 I/CircleCornerLayout( 3002): draw
12-18 16:58:00.746 I/CircleCornerLayout( 3002): draw
12-18 16:58:00.746 I/CircleCornerLayout( 3002): draw
12-18 16:58:00.746 I/CircleCornerLayout( 3002): draw
12-18 16:58:00.746 I/CircleCornerLayout( 3002): draw
12-18 16:58:00.746 I/CircleCornerLayout( 3002): draw
12-18 16:58:00.747 I/CircleCornerLayout( 3002): draw
12-18 16:58:00.748 I/CircleCornerLayout( 3002): draw
12-18 16:58:00.757 I/CircleCornerLayout( 3002): draw
12-18 16:58:00.757 I/CircleCornerLayout( 3002): draw
12-18 16:58:00.757 I/CircleCornerLayout( 3002): draw
12-18 16:58:00.789 E/ActivityThread( 3002): Activity cn.gd.snm.snmcm.LauncherActivity has leaked IntentReceiver com.hooray.sdk.PushManager$1@425118f8 that was originally registered here. Are you missing a call to unregisterReceiver()?
12-18 16:58:00.789 E/ActivityThread( 3002): android.app.IntentReceiverLeaked: Activity cn.gd.snm.snmcm.LauncherActivity has leaked IntentReceiver com.hooray.sdk.PushManager$1@425118f8 that was originally registered here. Are you missing a call to unregisterReceiver()?
12-18 16:58:00.789 E/ActivityThread( 3002): 	at android.app.LoadedApk$ReceiverDispatcher.<init>(LoadedApk.java:805)
12-18 16:58:00.789 E/ActivityThread( 3002): 	at android.app.LoadedApk.getReceiverDispatcher(LoadedApk.java:606)
12-18 16:58:00.789 E/ActivityThread( 3002): 	at android.app.ContextImpl.registerReceiverInternal(ContextImpl.java:1539)
12-18 16:58:00.789 E/ActivityThread( 3002): 	at android.app.ContextImpl.registerReceiver(ContextImpl.java:1519)
12-18 16:58:00.789 E/ActivityThread( 3002): 	at android.app.ContextImpl.registerReceiver(ContextImpl.java:1513)
12-18 16:58:00.789 E/ActivityThread( 3002): 	at android.content.ContextWrapper.registerReceiver(ContextWrapper.java:467)
12-18 16:58:00.789 E/ActivityThread( 3002): 	at com.hooray.sdk.PushManager.registVersionReceiver(SourceFile:3)
12-18 16:58:00.789 E/ActivityThread( 3002): 	at com.hooray.sdk.PushManager.initialize(SourceFile:35)
12-18 16:58:00.789 E/ActivityThread( 3002): 	at c.a.a.h.l.a(SourceFile:14)
12-18 16:58:00.789 E/ActivityThread( 3002): 	at c.a.a.h.l.run(SourceFile:19)
12-18 16:58:00.789 E/ActivityThread( 3002): 	at com.chances.base.utils.LoopThread.run(SourceFile:7)
12-18 16:58:00.869 I/bt-hci  ( 3446): BLE HCI(id=62) event = 0x02)
12-18 16:58:00.869 I/bt-hci  ( 3446): btu_ble_process_adv_pkt
12-18 16:58:00.869 W/bt-btm  ( 3446): scan_type:1, evt_type:0
12-18 16:58:00.942 I/bt-hci  ( 3446): BLE HCI(id=62) event = 0x02)
12-18 16:58:00.942 I/bt-hci  ( 3446): btu_ble_process_adv_pkt
12-18 16:58:00.942 D/BtGatt.btif( 3446): btif_gattc_upstreams_evt: Event 4096
12-18 16:58:00.942 D/BtGatt.GattService( 3446): onScanResult() - address=1A:EB:AF:29:BD:0A, rssi=-76
12-18 16:58:00.942 D/BluetoothAdapter( 3577): onScanResult() - Device=1A:EB:AF:29:BD:0A RSSI=-76
12-18 16:58:00.948 I/bt-hci  ( 3446): BLE HCI(id=62) event = 0x02)
12-18 16:58:00.948 I/bt-hci  ( 3446): btu_ble_process_adv_pkt
12-18 16:58:00.948 D/BtGatt.btif( 3446): btif_gattc_upstreams_evt: Event 4096
12-18 16:58:00.948 D/BtGatt.GattService( 3446): onScanResult() - address=3C:51:6B:67:6F:E9, rssi=-68
12-18 16:58:00.948 D/BluetoothAdapter( 3577): onScanResult() - Device=3C:51:6B:67:6F:E9 RSSI=-68
12-18 16:58:01.013 I/bt-hci  ( 3446): BLE HCI(id=62) event = 0x02)
12-18 16:58:01.013 I/bt-hci  ( 3446): btu_ble_process_adv_pkt
12-18 16:58:01.013 D/BtGatt.btif( 3446): btif_gattc_upstreams_evt: Event 4096
12-18 16:58:01.013 D/BtGatt.GattService( 3446): onScanResult() - address=16:4F:EF:38:33:C7, rssi=-80
12-18 16:58:01.013 D/BluetoothAdapter( 3577): onScanResult() - Device=16:4F:EF:38:33:C7 RSSI=-80
12-18 16:58:01.013 I/bt-hci  ( 3446): BLE HCI(id=62) event = 0x02)
12-18 16:58:01.013 I/bt-hci  ( 3446): btu_ble_process_adv_pkt
12-18 16:58:01.014 D/BtGatt.btif( 3446): btif_gattc_upstreams_evt: Event 4096
12-18 16:58:01.014 D/BtGatt.GattService( 3446): onScanResult() - address=18:3A:D1:B0:A0:2D, rssi=-66
12-18 16:58:01.014 D/BluetoothAdapter( 3577): onScanResult() - Device=18:3A:D1:B0:A0:2D RSSI=-66
12-18 16:58:01.082 I/bt-hci  ( 3446): BLE HCI(id=62) event = 0x02)
12-18 16:58:01.082 I/bt-hci  ( 3446): btu_ble_process_adv_pkt
12-18 16:58:01.082 W/bt-btm  ( 3446): scan_type:1, evt_type:0
12-18 16:58:01.139 D/pcapcmcc4( 3047): Many Syn Packet: 100.97.24.113#38205#120.198.245.13#7547#3#
12-18 16:58:01.151 I/bt-hci  ( 3446): BLE HCI(id=62) event = 0x02)
12-18 16:58:01.151 I/bt-hci  ( 3446): btu_ble_process_adv_pkt
12-18 16:58:01.151 D/BtGatt.btif( 3446): btif_gattc_upstreams_evt: Event 4096
12-18 16:58:01.151 D/BtGatt.GattService( 3446): onScanResult() - address=0A:4C:1C:97:44:A1, rssi=-56
12-18 16:58:01.151 D/BluetoothAdapter( 3577): onScanResult() - Device=0A:4C:1C:97:44:A1 RSSI=-56
12-18 16:58:01.219 I/bt-hci  ( 3446): BLE HCI(id=62) event = 0x02)
12-18 16:58:01.219 I/bt-hci  ( 3446): btu_ble_process_adv_pkt
12-18 16:58:01.219 D/BtGatt.btif( 3446): btif_gattc_upstreams_evt: Event 4096
12-18 16:58:01.219 D/BtGatt.GattService( 3446): onScanResult() - address=3C:51:6B:67:6F:E9, rssi=-68
12-18 16:58:01.220 D/BluetoothAdapter( 3577): onScanResult() - Device=3C:51:6B:67:6F:E9 RSSI=-68
12-18 16:58:01.227 I/bt-hci  ( 3446): BLE HCI(id=62) event = 0x02)
12-18 16:58:01.227 I/bt-hci  ( 3446): btu_ble_process_adv_pkt
12-18 16:58:01.227 W/bt-btm  ( 3446): scan_type:1, evt_type:0
12-18 16:58:01.328 W/ContextImpl( 2770): Calling a method in the system process without a qualified user: android.app.ContextImpl.startService:1589 android.content.ContextWrapper.startService:494 com.iflytek.xiri.system.ControlService$6.run:369 java.util.concurrent.Executors$RunnableAdapter.call:422 java.util.concurrent.FutureTask.runAndReset:279 
12-18 16:58:01.575 I/bt-hci  ( 3446): BLE HCI(id=62) event = 0x02)
12-18 16:58:01.575 I/bt-hci  ( 3446): btu_ble_process_adv_pkt
12-18 16:58:01.575 W/bt-btm  ( 3446): scan_type:1, evt_type:0
12-18 16:58:01.575 I/bt-hci  ( 3446): BLE HCI(id=62) event = 0x02)
12-18 16:58:01.575 I/bt-hci  ( 3446): btu_ble_process_adv_pkt
12-18 16:58:01.576 D/BtGatt.btif( 3446): btif_gattc_upstreams_evt: Event 4096
12-18 16:58:01.576 D/BtGatt.GattService( 3446): onScanResult() - address=55:D8:13:07:D8:EE, rssi=-66
12-18 16:58:01.576 D/BluetoothAdapter( 3577): onScanResult() - Device=55:D8:13:07:D8:EE RSSI=-66
12-18 16:58:01.578 I/bt-hci  ( 3446): BLE HCI(id=62) event = 0x02)
12-18 16:58:01.578 I/bt-hci  ( 3446): btu_ble_process_adv_pkt
12-18 16:58:01.578 D/BtGatt.btif( 3446): btif_gattc_upstreams_evt: Event 4096
12-18 16:58:01.578 D/BtGatt.GattService( 3446): onScanResult() - address=01:A7:63:76:F3:9F, rssi=-48
12-18 16:58:01.578 D/BluetoothAdapter( 3577): onScanResult() - Device=01:A7:63:76:F3:9F RSSI=-48
12-18 16:58:01.710 I/bt-hci  ( 3446): BLE HCI(id=62) event = 0x02)
12-18 16:58:01.710 I/bt-hci  ( 3446): btu_ble_process_adv_pkt
12-18 16:58:01.710 W/bt-btm  ( 3446): scan_type:1, evt_type:0
12-18 16:58:01.762 D/AudioPolicyManagerBase( 1575): startOutput() output 3, stream 1, session 5
12-18 16:58:01.762 D/AudioPolicyManagerBase( 1575): startoutput ->setOutputDevice
12-18 16:58:01.762 D/AudioPolicyManagerBase( 1575): AudioPolicyManagerBase::checkAndSetVolume 8,0.191346
12-18 16:58:01.771 I/ApkUpdateActivity_TAG( 3002): ForceUpgradeAlertDialog_onClick
12-18 16:58:01.780 I/ApkUpdateActivity_TAG( 3002): MESSAGE_DOWNLOAD_START
12-18 16:58:01.781 I/bt-hci  ( 3446): BLE HCI(id=62) event = 0x02)
12-18 16:58:01.781 I/bt-hci  ( 3446): btu_ble_process_adv_pkt
12-18 16:58:01.781 W/bt-btm  ( 3446): scan_type:1, evt_type:0
12-18 16:58:01.783 I/bt-hci  ( 3446): BLE HCI(id=62) event = 0x02)
12-18 16:58:01.783 I/bt-hci  ( 3446): btu_ble_process_adv_pkt
12-18 16:58:01.783 D/BtGatt.btif( 3446): btif_gattc_upstreams_evt: Event 4096
12-18 16:58:01.783 D/BtGatt.GattService( 3446): onScanResult() - address=38:D6:14:9B:62:1F, rssi=-62
12-18 16:58:01.784 D/BluetoothAdapter( 3577): onScanResult() - Device=38:D6:14:9B:62:1F RSSI=-62
12-18 16:58:01.785 I/bt-hci  ( 3446): BLE HCI(id=62) event = 0x02)
12-18 16:58:01.785 I/bt-hci  ( 3446): btu_ble_process_adv_pkt
12-18 16:58:01.786 D/BtGatt.btif( 3446): btif_gattc_upstreams_evt: Event 4096
12-18 16:58:01.786 D/BtGatt.GattService( 3446): onScanResult() - address=01:A7:63:76:F3:9F, rssi=-48
12-18 16:58:01.786 D/BluetoothAdapter( 3577): onScanResult() - Device=01:A7:63:76:F3:9F RSSI=-48
12-18 16:58:01.810 I/        ( 1585): transcode 39 flags 16
12-18 16:58:01.812 E/ViewRootImpl( 3002): 20170727 enable acc for view = 系统升级
12-18 16:58:01.823 D/pcapcmcc4( 3047): add_tcp_node_to_list_new:37780 
12-18 16:58:01.823 D/pcapcmcc4( 3047): reset pkg_num!
12-18 16:58:01.833 I/        ( 1585): transcode 39 flags 16
12-18 16:58:01.854 I/bt-hci  ( 3446): BLE HCI(id=62) event = 0x02)
12-18 16:58:01.854 I/bt-hci  ( 3446): btu_ble_process_adv_pkt
12-18 16:58:01.854 D/BtGatt.btif( 3446): btif_gattc_upstreams_evt: Event 4096
12-18 16:58:01.854 D/BtGatt.GattService( 3446): onScanResult() - address=0A:4C:1C:97:44:A1, rssi=-62
12-18 16:58:01.854 D/BluetoothAdapter( 3577): onScanResult() - Device=0A:4C:1C:97:44:A1 RSSI=-62
12-18 16:58:01.920 I/bt-hci  ( 3446): BLE HCI(id=62) event = 0x02)
12-18 16:58:01.920 I/bt-hci  ( 3446): btu_ble_process_adv_pkt
12-18 16:58:01.921 W/bt-btm  ( 3446): scan_type:1, evt_type:0
12-18 16:58:01.928 I/bt-hci  ( 3446): BLE HCI(id=62) event = 0x02)
12-18 16:58:01.928 I/bt-hci  ( 3446): btu_ble_process_adv_pkt
12-18 16:58:01.928 D/BtGatt.btif( 3446): btif_gattc_upstreams_evt: Event 4096
12-18 16:58:01.928 D/BtGatt.GattService( 3446): onScanResult() - address=18:3A:D1:B0:A0:2D, rssi=-64
12-18 16:58:01.928 D/BluetoothAdapter( 3577): onScanResult() - Device=18:3A:D1:B0:A0:2D RSSI=-64
12-18 16:58:01.990 I/bt-hci  ( 3446): BLE HCI(id=62) event = 0x02)
12-18 16:58:01.990 I/bt-hci  ( 3446): btu_ble_process_adv_pkt
12-18 16:58:01.990 W/bt-btm  ( 3446): scan_type:1, evt_type:0
12-18 16:58:02.136 I/bt-hci  ( 3446): BLE HCI(id=62) event = 0x02)
12-18 16:58:02.136 I/bt-hci  ( 3446): btu_ble_process_adv_pkt
12-18 16:58:02.136 W/bt-btm  ( 3446): scan_type:1, evt_type:0
12-18 16:58:02.201 I/bt-hci  ( 3446): BLE HCI(id=62) event = 0x02)
12-18 16:58:02.202 I/bt-hci  ( 3446): btu_ble_process_adv_pkt
12-18 16:58:02.202 D/BtGatt.btif( 3446): btif_gattc_upstreams_evt: Event 4096
12-18 16:58:02.202 D/BtGatt.GattService( 3446): onScanResult() - address=2E:9C:60:66:8F:D5, rssi=-48
12-18 16:58:02.203 D/BluetoothAdapter( 3577): onScanResult() - Device=2E:9C:60:66:8F:D5 RSSI=-48
12-18 16:58:02.333 W/ContextImpl( 2770): Calling a method in the system process without a qualified user: android.app.ContextImpl.startService:1589 android.content.ContextWrapper.startService:494 com.iflytek.xiri.system.ControlService$6.run:369 java.util.concurrent.Executors$RunnableAdapter.call:422 java.util.concurrent.FutureTask.runAndReset:279 
12-18 16:58:02.347 I/bt-hci  ( 3446): BLE HCI(id=62) event = 0x02)
12-18 16:58:02.347 I/bt-hci  ( 3446): btu_ble_process_adv_pkt
12-18 16:58:02.347 W/bt-btm  ( 3446): scan_type:1, evt_type:0
12-18 16:58:02.348 I/bt-hci  ( 3446): BLE HCI(id=62) event = 0x02)
12-18 16:58:02.348 I/bt-hci  ( 3446): btu_ble_process_adv_pkt
12-18 16:58:02.348 W/bt-btm  ( 3446): scan_type:1, evt_type:0
12-18 16:58:02.413 I/bt-hci  ( 3446): BLE HCI(id=62) event = 0x02)
12-18 16:58:02.413 I/bt-hci  ( 3446): btu_ble_process_adv_pkt
12-18 16:58:02.414 W/bt-btm  ( 3446): scan_type:1, evt_type:0
12-18 16:58:02.541 D/pcapcmcc4( 3047): add_tcp_node_to_list_new:50275 
12-18 16:58:02.541 D/pcapcmcc4( 3047): reset pkg_num!
12-18 16:58:02.553 I/bt-hci  ( 3446): BLE HCI(id=62) event = 0x02)
12-18 16:58:02.553 I/bt-hci  ( 3446): btu_ble_process_adv_pkt
12-18 16:58:02.553 D/BtGatt.btif( 3446): btif_gattc_upstreams_evt: Event 4096
12-18 16:58:02.554 D/BtGatt.GattService( 3446): onScanResult() - address=66:53:E5:63:27:0E, rssi=-78
12-18 16:58:02.554 D/BluetoothAdapter( 3577): onScanResult() - Device=66:53:E5:63:27:0E RSSI=-78
12-18 16:58:02.558 D/pcapcmcc4( 3047): send_tcp_data_to_server_new: 0
12-18 16:58:02.558 D/pcapcmcc4( 3047): --- Send session --- Addr(1, 100.97.24.113 ~ 120.197.89.230) 
12-18 16:58:02.558 D/pcapcmcc4( 3047):  	 HTTPDATA:100.97.24.113#50275#120.197.89.230#8087#57056#57062#57063#57073#57065#57073#57073#1572#5#0#2106#2445#5#0#120.197.89.230:8087#/IPTV-Interfaces/biz/getConfigs?xiriVersion=440201130&userSysXiriVersion=109&devicestbid=58b42dd8b26c&userMiddleVersion=0&requestUuid=d1502b7eaa1b4adbb25e57a8be2405f3#200#10#0#0#0#35008#30963#29184#0#0#0#
12-18 16:58:02.558 D/pcapcmcc4( 3047): 
12-18 16:58:02.570 D/ConfigX-ConfigMgr( 3080): parseCfg | cfgFromType = 4
12-18 16:58:02.570 D/ConfigX-ConfigMgr( 3080): parseCfg | cfg = {"AllowReprocess":true,"serverTime":"2020-12-18 16:58:02","OperatePushConfig":{"alarmRequest":false},"autoMatchInfo":{"stbtypeList":["M301H_ZNSZ9_GD50","M301H_UM9_GD50"," MGV2000-UA5_GD","UMT401-H","CM201-1-YS"],"remoteContorlName":["YYYKQ","CMIOT_REMOTE"],"playingActivityList":["cn.gd.snm.player.LivePlayerActivity"],"topActivityList":["cn.gd.snm.snmcm.LauncherActivity"],"thirdPackageNameList":["com.android.hiBTAutopair","com.android.BluetoothRTKAutoPairService"],"remoteContorlVersion":{"old":["A10_1101_R01_4470"],"new":["XFRSD802_B314_1301_D01_7426"]},"isAutoMatchOpen":"true"},"commonGuideUrl":["http:\/\/120.197.89.230:8087\/IPTV-Interfaces\/v1\/commonGuide"],"queryPosterUrl":["http:\/\/120.197.89.230:8087\/IPTV-Interfaces-plus\/trafficDistribution\/queryPoster"],"hjghSetting":{"doubleSupportVersion":"","packageList":"com.cmcc.videocall_stb","aliveSwitch":false,"hjghSwitch":true,"singleSupportVersion":"YSTEN_B311_1201_R01_8310#XFTR301_B012_1004D01_0910#CMIOT2_B311_1201_R01_8190#XFRC306_B304_1101_R01_5764#A10_1101_R01_4470#XFRC306_B305_1101_R01_4077#XFRSD802_B314_1301_R01_7426#XFRC306_B304_1101_R01_4380#XFRC306_B100_1101_R01_2702#XFTR301_B008_1005R01_0929#CMIOT2_B311_1201_R01_7693#CMIOT2_B311_1201_R01_8136#A10_1101_D01_4470#A10_1101_D01_7651#A10_1101_R01_8243#CMHYY_B305_1301_R01_7098#CMHYY_B309_1301_R01_7283#CMHYY_B310_1301_R01_7142#CMHYY_B310_1301_R01_7283#SUNNIWELL_RCU_B304_V2001_7587#SUNNIWELL_RCU_B304_V2002_7680#SUNNIWELL_RCU_B304_V2004_7948#RCMIOT2_B311_1201_R01_8190#XFTR301_B012_1004D01_0910#CMHYY03_B309_1301_D01_8561#XFRSD802_B314_1301_D01_8563#XFRC306_B304_1101_R01_4380#XFRC306_B100_1101_R01_2702#CMHYY03_B309_1301_D01_8172#YKQ3#XFRC306_B306_1101_D01_4093#XFRC306_B304_1101_R01_5286#CMHYY03_B309_1301_D01_8799#CMHYY03_RCU_B310_1301_D01_9296"},"RegisterConfig":{"weather":true,"stock":true}}
12-18 16:58:02.570 D/ConfigX-ConfigMgr( 3080): saveCacheConfig | save cache config start
12-18 16:58:02.592 D/ConfigX-ConfigMgr( 3080): saveCacheConfig | save cache config over
12-18 16:58:02.608 D/XmFileManager( 3080): onValueChange 4
12-18 16:58:02.621 I/bt-hci  ( 3446): BLE HCI(id=62) event = 0x02)
12-18 16:58:02.621 I/bt-hci  ( 3446): btu_ble_process_adv_pkt
12-18 16:58:02.621 W/bt-btm  ( 3446): scan_type:1, evt_type:0
12-18 16:58:02.629 E/LogX    ( 3080): ===设置控制台日志显示级别（-1:all,0:debug,1:info,2:warn,3:error,4:none）:3
12-18 16:58:02.629 E/LogX    ( 3080): ===设置诊断日志写入文件级别（0:debug,1:info,2:warn,3:error,4:none）:3
12-18 16:58:02.637 D/EventBus( 3080): No subscribers registered for event class com.iflytek.xiriiptv.config.ConfigEvent
12-18 16:58:02.637 D/EventBus( 3080): No subscribers registered for event class org.greenrobot.eventbus.NoSubscriberEvent
12-18 16:58:02.761 I/bt-hci  ( 3446): BLE HCI(id=62) event = 0x02)
12-18 16:58:02.762 I/bt-hci  ( 3446): btu_ble_process_adv_pkt
12-18 16:58:02.762 W/bt-btm  ( 3446): scan_type:1, evt_type:0
12-18 16:58:02.768 I/bt-hci  ( 3446): BLE HCI(id=62) event = 0x02)
12-18 16:58:02.768 I/bt-hci  ( 3446): btu_ble_process_adv_pkt
12-18 16:58:02.768 D/BtGatt.btif( 3446): btif_gattc_upstreams_evt: Event 4096
12-18 16:58:02.768 D/BtGatt.GattService( 3446): onScanResult() - address=66:53:E5:63:27:0E, rssi=-78
12-18 16:58:02.769 D/BluetoothAdapter( 3577): onScanResult() - Device=66:53:E5:63:27:0E RSSI=-78
12-18 16:58:02.905 I/bt-hci  ( 3446): BLE HCI(id=62) event = 0x02)
12-18 16:58:02.905 I/bt-hci  ( 3446): btu_ble_process_adv_pkt
12-18 16:58:02.905 D/BtGatt.btif( 3446): btif_gattc_upstreams_evt: Event 4096
12-18 16:58:02.906 D/BtGatt.GattService( 3446): onScanResult() - address=16:4F:EF:38:33:C7, rssi=-86
12-18 16:58:02.906 D/BluetoothAdapter( 3577): onScanResult() - Device=16:4F:EF:38:33:C7 RSSI=-86
12-18 16:58:03.039 I/bt-hci  ( 3446): BLE HCI(id=62) event = 0x02)
12-18 16:58:03.039 I/bt-hci  ( 3446): btu_ble_process_adv_pkt
12-18 16:58:03.039 W/bt-btm  ( 3446): scan_type:1, evt_type:0
12-18 16:58:03.048 I/bt-hci  ( 3446): BLE HCI(id=62) event = 0x02)
12-18 16:58:03.048 I/bt-hci  ( 3446): btu_ble_process_adv_pkt
12-18 16:58:03.048 D/BtGatt.btif( 3446): btif_gattc_upstreams_evt: Event 4096
12-18 16:58:03.049 D/BtGatt.GattService( 3446): onScanResult() - address=18:3A:D1:B0:A0:2D, rssi=-66
12-18 16:58:03.050 D/BluetoothAdapter( 3577): onScanResult() - Device=18:3A:D1:B0:A0:2D RSSI=-66
12-18 16:58:03.115 I/bt-hci  ( 3446): BLE HCI(id=62) event = 0x02)
12-18 16:58:03.116 I/bt-hci  ( 3446): btu_ble_process_adv_pkt
12-18 16:58:03.116 D/BtGatt.btif( 3446): btif_gattc_upstreams_evt: Event 4096
12-18 16:58:03.116 D/BtGatt.GattService( 3446): onScanResult() - address=16:4C:8C:C2:B0:EA, rssi=-50
12-18 16:58:03.117 D/BluetoothAdapter( 3577): onScanResult() - Device=16:4C:8C:C2:B0:EA RSSI=-50
12-18 16:58:03.117 I/bt-hci  ( 3446): BLE HCI(id=62) event = 0x02)
12-18 16:58:03.117 I/bt-hci  ( 3446): btu_ble_process_adv_pkt
12-18 16:58:03.121 D/BtGatt.btif( 3446): btif_gattc_upstreams_evt: Event 4096
12-18 16:58:03.122 D/BtGatt.GattService( 3446): onScanResult() - address=16:4F:EF:38:33:C7, rssi=-84
12-18 16:58:03.122 D/BluetoothAdapter( 3577): onScanResult() - Device=16:4F:EF:38:33:C7 RSSI=-84
12-18 16:58:03.185 I/bt-hci  ( 3446): BLE HCI(id=62) event = 0x02)
12-18 16:58:03.185 I/bt-hci  ( 3446): btu_ble_process_adv_pkt
12-18 16:58:03.185 D/BtGatt.btif( 3446): btif_gattc_upstreams_evt: Event 4096
12-18 16:58:03.186 D/BtGatt.GattService( 3446): onScanResult() - address=66:53:E5:63:27:0E, rssi=-80
12-18 16:58:03.186 D/BluetoothAdapter( 3577): onScanResult() - Device=66:53:E5:63:27:0E RSSI=-80
12-18 16:58:03.186 I/bt-hci  ( 3446): BLE HCI(id=62) event = 0x02)
12-18 16:58:03.186 I/bt-hci  ( 3446): btu_ble_process_adv_pkt
12-18 16:58:03.190 D/BtGatt.btif( 3446): btif_gattc_upstreams_evt: Event 4096
12-18 16:58:03.190 D/BtGatt.GattService( 3446): onScanResult() - address=08:A3:66:0B:86:70, rssi=-70
12-18 16:58:03.191 D/BluetoothAdapter( 3577): onScanResult() - Device=08:A3:66:0B:86:70 RSSI=-70
12-18 16:58:03.252 I/bt-hci  ( 3446): BLE HCI(id=62) event = 0x02)
12-18 16:58:03.252 I/bt-hci  ( 3446): btu_ble_process_adv_pkt
12-18 16:58:03.252 D/BtGatt.btif( 3446): btif_gattc_upstreams_evt: Event 4096
12-18 16:58:03.253 D/BtGatt.GattService( 3446): onScanResult() - address=18:3A:D1:B0:A0:2D, rssi=-66
12-18 16:58:03.254 D/BluetoothAdapter( 3577): onScanResult() - Device=18:3A:D1:B0:A0:2D RSSI=-66
12-18 16:58:03.260 I/SingleImageView( 3002): costTime##createCornerTextView##start
12-18 16:58:03.268 I/SingleImageView( 3002): costTime##createCornerTextView##end
12-18 16:58:03.268 I/SingleImageView( 3002): SingleImageView#showFullData##end
12-18 16:58:03.289 D/pcapcmcc4( 3047): send_tcp_data_to_server_new: 2
12-18 16:58:03.289 D/pcapcmcc4( 3047): --- Send session --- Addr(1, 100.97.24.113 ~ 183.235.11.40) 
12-18 16:58:03.289 D/pcapcmcc4( 3047):  	 HTTPDATA:100.97.24.113#34741#183.235.11.40#8081#54969#54969#54969#54987#54969#54977#54987#1206#15#0#70605#73839#49#0#183.235.11.40:8081#/pics/position/202007/30/2020073016512405716466.png#200#64#0#0#2#668352#668352#668352#0#0#0#
12-18 16:58:03.289 D/pcapcmcc4( 3047): 
12-18 16:58:03.289 D/pcapcmcc4( 3047): reset pkg_num!
12-18 16:58:03.296 I/InfinitePageController_Page:4( 3002): InfinitePageController#ChildDrawingOrderCallback- pageIndex: 	4	childCount:	2	i:	0	focusedIndex:	-1	result:	1
12-18 16:58:03.296 I/CircleCornerLayout( 3002): draw
12-18 16:58:03.296 I/CircleCornerLayout( 3002): draw
12-18 16:58:03.296 I/CircleCornerLayout( 3002): draw
12-18 16:58:03.297 I/CircleCornerLayout( 3002): draw
12-18 16:58:03.297 I/CircleCornerLayout( 3002): draw
12-18 16:58:03.298 I/CircleCornerLayout( 3002): draw
12-18 16:58:03.298 I/CircleCornerLayout( 3002): draw
12-18 16:58:03.298 I/CircleCornerLayout( 3002): draw
12-18 16:58:03.299 I/InfinitePageController_Page:4( 3002): InfinitePageController#ChildDrawingOrderCallback- pageIndex: 	4	childCount:	2	i:	1	focusedIndex:	-1	result:	0
12-18 16:58:03.299 I/CircleCornerLayout( 3002): draw
12-18 16:58:03.299 I/CircleCornerLayout( 3002): draw
12-18 16:58:03.300 I/InfinitePageController_Page:5( 3002): InfinitePageController#ChildDrawingOrderCallback- pageIndex: 	5	childCount:	3	i:	0	focusedIndex:	-1	result:	2
12-18 16:58:03.301 I/CircleCornerLayout( 3002): draw
12-18 16:58:03.304 I/CircleCornerLayout( 3002): draw
12-18 16:58:03.307 I/CircleCornerLayout( 3002): draw
12-18 16:58:03.309 I/CircleCornerLayout( 3002): draw
12-18 16:58:03.311 I/CircleCornerLayout( 3002): draw
12-18 16:58:03.313 I/CircleCornerLayout( 3002): draw
12-18 16:58:03.315 I/InfinitePageController_Page:5( 3002): InfinitePageController#ChildDrawingOrderCallback- pageIndex: 	5	childCount:	3	i:	1	focusedIndex:	-1	result:	1
12-18 16:58:03.315 I/CircleCornerLayout( 3002): draw
12-18 16:58:03.319 I/bt-hci  ( 3446): BLE HCI(id=62) event = 0x02)
12-18 16:58:03.319 I/bt-hci  ( 3446): btu_ble_process_adv_pkt
12-18 16:58:03.319 D/BtGatt.btif( 3446): btif_gattc_upstreams_evt: Event 4096
12-18 16:58:03.320 D/BtGatt.GattService( 3446): onScanResult() - address=16:4C:8C:C2:B0:EA, rssi=-50
12-18 16:58:03.320 I/bt-hci  ( 3446): BLE HCI(id=62) event = 0x02)
12-18 16:58:03.320 I/bt-hci  ( 3446): btu_ble_process_adv_pkt
12-18 16:58:03.320 W/bt-btm  ( 3446): scan_type:1, evt_type:0
12-18 16:58:03.320 D/BluetoothAdapter( 3577): onScanResult() - Device=16:4C:8C:C2:B0:EA RSSI=-50
12-18 16:58:03.320 I/CircleCornerLayout( 3002): draw
12-18 16:58:03.325 I/CircleCornerLayout( 3002): draw
12-18 16:58:03.331 I/CircleCornerLayout( 3002): draw
12-18 16:58:03.331 W/ContextImpl( 2770): Calling a method in the system process without a qualified user: android.app.ContextImpl.startService:1589 android.content.ContextWrapper.startService:494 com.iflytek.xiri.system.ControlService$6.run:369 java.util.concurrent.Executors$RunnableAdapter.call:422 java.util.concurrent.FutureTask.runAndReset:279 
12-18 16:58:03.336 I/InfinitePageController_Page:5( 3002): InfinitePageController#ChildDrawingOrderCallback- pageIndex: 	5	childCount:	3	i:	2	focusedIndex:	-1	result:	0
12-18 16:58:03.336 I/CircleCornerLayout( 3002): draw
12-18 16:58:03.344 D/LoginManager( 2669): --- 以机顶盒模式登陆 ---
12-18 16:58:03.352 D/OkHttp  ( 2669): --> POST http://183.234.215.9:28080/skill-device-access-proxy/app/inform/bootstrap
12-18 16:58:03.352 D/OkHttp  ( 2669): Content-Type: application/json; charset=UTF-8
12-18 16:58:03.353 D/OkHttp  ( 2669): Content-Length: 132
12-18 16:58:03.353 D/OkHttp  ( 2669): {"deviceId":"0050030000010040190358B42DD8B26C","ip":"100.97.24.113","mac":"58b42dd8b26c","stbId":"0050030000010040190358B42DD8B26C"}
12-18 16:58:03.353 D/OkHttp  ( 2669): --> END POST (132-byte body)
12-18 16:58:03.353 I/CircleCornerLayout( 3002): draw
12-18 16:58:03.356 D/pcapcmcc4( 3047): add_tcp_node_to_list_new:34570 
12-18 16:58:03.356 D/pcapcmcc4( 3047): reset pkg_num!
12-18 16:58:03.435 D/dalvikvm( 3002): GC_FOR_ALLOC freed 1116K, 6% free 103555K/109620K, paused 79ms, total 79ms
12-18 16:58:03.439 D/OkHttp  ( 2669): <-- 200 http://183.234.215.9:28080/skill-device-access-proxy/app/inform/bootstrap (86ms)
12-18 16:58:03.439 D/OkHttp  ( 2669): Server: openresty/1.15.8.2
12-18 16:58:03.439 D/OkHttp  ( 2669): Date: Fri, 18 Dec 2020 08:58:03 GMT
12-18 16:58:03.439 D/OkHttp  ( 2669): Content-Type: application/json;charset=UTF-8
12-18 16:58:03.439 D/OkHttp  ( 2669): Transfer-Encoding: chunked
12-18 16:58:03.439 D/OkHttp  ( 2669): Connection: close
12-18 16:58:03.440 D/pcapcmcc4( 3047): send_tcp_data_to_server_new: 0
12-18 16:58:03.440 D/pcapcmcc4( 3047): --- Send session --- Addr(1, 100.97.24.113 ~ 183.234.215.9) 
12-18 16:58:03.440 D/pcapcmcc4( 3047):  	 HTTPDATA:100.97.24.113#34570#183.234.215.9#28080#57871#57894#57894#57954#57897#57954#57954#547#3#0#244#425#3#0#183.234.215.9:28080#/skill-device-access-proxy/app/inform/bootstrap#200#6#0#0#0#29248#29226#29184#0#0#0#
12-18 16:58:03.440 D/pcapcmcc4( 3047): 
12-18 16:58:03.441 D/OkHttp  ( 2669): {"respCode":1005,"respCont":"connection limit","data":null}
12-18 16:58:03.441 D/OkHttp  ( 2669): <-- END HTTP (59-byte body)
12-18 16:58:03.442 E/LoginManager( 2669): 登陆失败，TvBoxLoginResponse is null
12-18 16:58:03.514 D/dalvikvm( 3002): GC_FOR_ALLOC freed 16K, 6% free 105058K/111140K, paused 75ms, total 75ms
12-18 16:58:03.532 I/bt-hci  ( 3446): BLE HCI(id=62) event = 0x02)
12-18 16:58:03.532 I/bt-hci  ( 3446): btu_ble_process_adv_pkt
12-18 16:58:03.532 D/BtGatt.btif( 3446): btif_gattc_upstreams_evt: Event 4096
12-18 16:58:03.533 D/BtGatt.GattService( 3446): onScanResult() - address=16:4C:8C:C2:B0:EA, rssi=-50
12-18 16:58:03.533 D/BluetoothAdapter( 3577): onScanResult() - Device=16:4C:8C:C2:B0:EA RSSI=-50
12-18 16:58:03.559 I/InfinitePageController_Page:6( 3002): InfinitePageController#ChildDrawingOrderCallback- pageIndex: 	6	childCount:	2	i:	0	focusedIndex:	-1	result:	1
12-18 16:58:03.559 I/CircleCornerLayout( 3002): draw
12-18 16:58:03.560 I/CircleCornerLayout( 3002): draw
12-18 16:58:03.560 I/CircleCornerLayout( 3002): draw
12-18 16:58:03.560 I/CircleCornerLayout( 3002): draw
12-18 16:58:03.561 I/CircleCornerLayout( 3002): draw
12-18 16:58:03.561 I/CircleCornerLayout( 3002): draw
12-18 16:58:03.561 I/CircleCornerLayout( 3002): draw
12-18 16:58:03.561 I/CircleCornerLayout( 3002): draw
12-18 16:58:03.562 I/CircleCornerLayout( 3002): draw
12-18 16:58:03.562 I/CircleCornerLayout( 3002): draw
12-18 16:58:03.563 I/CircleCornerLayout( 3002): draw
12-18 16:58:03.563 I/CircleCornerLayout( 3002): draw
12-18 16:58:03.563 I/InfinitePageController_Page:6( 3002): InfinitePageController#ChildDrawingOrderCallback- pageIndex: 	6	childCount:	2	i:	1	focusedIndex:	-1	result:	0
12-18 16:58:03.564 I/CircleCornerLayout( 3002): draw
12-18 16:58:03.564 I/CircleCornerLayout( 3002): draw
12-18 16:58:03.564 I/CircleCornerLayout( 3002): draw
12-18 16:58:03.564 I/CircleCornerLayout( 3002): draw
12-18 16:58:03.565 I/CircleCornerLayout( 3002): draw
12-18 16:58:03.565 I/CircleCornerLayout( 3002): draw
12-18 16:58:03.567 I/CircleCornerLayout( 3002): draw
12-18 16:58:03.568 I/CircleCornerLayout( 3002): draw
12-18 16:58:03.586 I/CircleCornerLayout( 3002): draw
12-18 16:58:03.587 I/CircleCornerLayout( 3002): draw
12-18 16:58:03.587 I/CircleCornerLayout( 3002): draw
12-18 16:58:03.680 D/dalvikvm( 3002): GC_FOR_ALLOC freed 38K, 6% free 106588K/112576K, paused 92ms, total 92ms
12-18 16:58:03.725 I/InfinitePageController_Page:4( 3002): InfinitePageController#ChildDrawingOrderCallback- pageIndex: 	4	childCount:	2	i:	0	focusedIndex:	-1	result:	1
12-18 16:58:03.725 I/CircleCornerLayout( 3002): draw
12-18 16:58:03.725 I/CircleCornerLayout( 3002): draw
12-18 16:58:03.725 I/CircleCornerLayout( 3002): draw
12-18 16:58:03.725 I/CircleCornerLayout( 3002): draw
12-18 16:58:03.725 I/CircleCornerLayout( 3002): draw
12-18 16:58:03.725 I/CircleCornerLayout( 3002): draw
12-18 16:58:03.725 I/CircleCornerLayout( 3002): draw
12-18 16:58:03.725 I/CircleCornerLayout( 3002): draw
12-18 16:58:03.726 I/InfinitePageController_Page:4( 3002): InfinitePageController#ChildDrawingOrderCallback- pageIndex: 	4	childCount:	2	i:	1	focusedIndex:	-1	result:	0
12-18 16:58:03.726 I/CircleCornerLayout( 3002): draw
12-18 16:58:03.726 I/CircleCornerLayout( 3002): draw
12-18 16:58:03.726 I/InfinitePageController_Page:5( 3002): InfinitePageController#ChildDrawingOrderCallback- pageIndex: 	5	childCount:	3	i:	0	focusedIndex:	-1	result:	2
12-18 16:58:03.726 I/CircleCornerLayout( 3002): draw
12-18 16:58:03.728 I/CircleCornerLayout( 3002): draw
12-18 16:58:03.731 I/CircleCornerLayout( 3002): draw
12-18 16:58:03.734 I/CircleCornerLayout( 3002): draw
12-18 16:58:03.737 I/CircleCornerLayout( 3002): draw
12-18 16:58:03.739 I/CircleCornerLayout( 3002): draw
12-18 16:58:03.741 I/InfinitePageController_Page:5( 3002): InfinitePageController#ChildDrawingOrderCallback- pageIndex: 	5	childCount:	3	i:	1	focusedIndex:	-1	result:	1
12-18 16:58:03.741 I/CircleCornerLayout( 3002): draw
12-18 16:58:03.745 I/bt-hci  ( 3446): BLE HCI(id=62) event = 0x02)
12-18 16:58:03.745 I/bt-hci  ( 3446): btu_ble_process_adv_pkt
12-18 16:58:03.745 D/BtGatt.btif( 3446): btif_gattc_upstreams_evt: Event 4096
12-18 16:58:03.745 D/BtGatt.GattService( 3446): onScanResult() - address=38:D6:14:9B:62:1F, rssi=-64
12-18 16:58:03.747 D/BluetoothAdapter( 3577): onScanResult() - Device=38:D6:14:9B:62:1F RSSI=-64
12-18 16:58:03.747 I/CircleCornerLayout( 3002): draw
12-18 16:58:03.750 I/CircleCornerLayout( 3002): draw
12-18 16:58:03.755 I/CircleCornerLayout( 3002): draw
12-18 16:58:03.759 I/InfinitePageController_Page:5( 3002): InfinitePageController#ChildDrawingOrderCallback- pageIndex: 	5	childCount:	3	i:	2	focusedIndex:	-1	result:	0
12-18 16:58:03.759 I/CircleCornerLayout( 3002): draw
12-18 16:58:03.767 I/CircleCornerLayout( 3002): draw
12-18 16:58:03.784 I/InfinitePageController_Page:6( 3002): InfinitePageController#ChildDrawingOrderCallback- pageIndex: 	6	childCount:	2	i:	0	focusedIndex:	-1	result:	1
12-18 16:58:03.784 I/CircleCornerLayout( 3002): draw
12-18 16:58:03.784 I/CircleCornerLayout( 3002): draw
12-18 16:58:03.784 I/CircleCornerLayout( 3002): draw
12-18 16:58:03.784 I/CircleCornerLayout( 3002): draw
12-18 16:58:03.784 I/CircleCornerLayout( 3002): draw
12-18 16:58:03.785 I/CircleCornerLayout( 3002): draw
12-18 16:58:03.785 I/CircleCornerLayout( 3002): draw
12-18 16:58:03.785 I/CircleCornerLayout( 3002): draw
12-18 16:58:03.785 I/CircleCornerLayout( 3002): draw
12-18 16:58:03.785 I/CircleCornerLayout( 3002): draw
12-18 16:58:03.785 I/CircleCornerLayout( 3002): draw
12-18 16:58:03.785 I/CircleCornerLayout( 3002): draw
12-18 16:58:03.785 I/InfinitePageController_Page:6( 3002): InfinitePageController#ChildDrawingOrderCallback- pageIndex: 	6	childCount:	2	i:	1	focusedIndex:	-1	result:	0
12-18 16:58:03.785 I/CircleCornerLayout( 3002): draw
12-18 16:58:03.785 I/CircleCornerLayout( 3002): draw
12-18 16:58:03.786 I/CircleCornerLayout( 3002): draw
12-18 16:58:03.786 I/CircleCornerLayout( 3002): draw
12-18 16:58:03.786 I/CircleCornerLayout( 3002): draw
12-18 16:58:03.786 I/CircleCornerLayout( 3002): draw
12-18 16:58:03.787 I/CircleCornerLayout( 3002): draw
12-18 16:58:03.788 I/CircleCornerLayout( 3002): draw
12-18 16:58:03.799 I/CircleCornerLayout( 3002): draw
12-18 16:58:03.799 I/CircleCornerLayout( 3002): draw
12-18 16:58:03.800 I/CircleCornerLayout( 3002): draw
12-18 16:58:03.811 I/bt-hci  ( 3446): BLE HCI(id=62) event = 0x02)
12-18 16:58:03.811 I/bt-hci  ( 3446): btu_ble_process_adv_pkt
12-18 16:58:03.812 D/BtGatt.btif( 3446): btif_gattc_upstreams_evt: Event 4096
12-18 16:58:03.812 D/BtGatt.GattService( 3446): onScanResult() - address=08:A3:66:0B:86:70, rssi=-68
12-18 16:58:03.812 D/BluetoothAdapter( 3577): onScanResult() - Device=08:A3:66:0B:86:70 RSSI=-68
12-18 16:58:03.845 I/InfinitePageController_Page:4( 3002): InfinitePageController#ChildDrawingOrderCallback- pageIndex: 	4	childCount:	2	i:	0	focusedIndex:	-1	result:	1
12-18 16:58:03.845 I/CircleCornerLayout( 3002): draw
12-18 16:58:03.845 I/CircleCornerLayout( 3002): draw
12-18 16:58:03.846 I/CircleCornerLayout( 3002): draw
12-18 16:58:03.846 I/CircleCornerLayout( 3002): draw
12-18 16:58:03.846 I/CircleCornerLayout( 3002): draw
12-18 16:58:03.846 I/CircleCornerLayout( 3002): draw
12-18 16:58:03.846 I/CircleCornerLayout( 3002): draw
12-18 16:58:03.846 I/CircleCornerLayout( 3002): draw
12-18 16:58:03.846 I/InfinitePageController_Page:4( 3002): InfinitePageController#ChildDrawingOrderCallback- pageIndex: 	4	childCount:	2	i:	1	focusedIndex:	-1	result:	0
12-18 16:58:03.846 I/CircleCornerLayout( 3002): draw
12-18 16:58:03.846 I/CircleCornerLayout( 3002): draw
12-18 16:58:03.847 I/InfinitePageController_Page:5( 3002): InfinitePageController#ChildDrawingOrderCallback- pageIndex: 	5	childCount:	3	i:	0	focusedIndex:	-1	result:	2
12-18 16:58:03.847 I/CircleCornerLayout( 3002): draw
12-18 16:58:03.848 I/CircleCornerLayout( 3002): draw
12-18 16:58:03.850 I/CircleCornerLayout( 3002): draw
12-18 16:58:03.852 I/CircleCornerLayout( 3002): draw
12-18 16:58:03.854 I/CircleCornerLayout( 3002): draw
12-18 16:58:03.855 I/CircleCornerLayout( 3002): draw
12-18 16:58:03.857 I/InfinitePageController_Page:5( 3002): InfinitePageController#ChildDrawingOrderCallback- pageIndex: 	5	childCount:	3	i:	1	focusedIndex:	-1	result:	1
12-18 16:58:03.857 I/CircleCornerLayout( 3002): draw
12-18 16:58:03.861 I/CircleCornerLayout( 3002): draw
12-18 16:58:03.865 I/CircleCornerLayout( 3002): draw
12-18 16:58:03.870 I/CircleCornerLayout( 3002): draw
12-18 16:58:03.874 I/InfinitePageController_Page:5( 3002): InfinitePageController#ChildDrawingOrderCallback- pageIndex: 	5	childCount:	3	i:	2	focusedIndex:	-1	result:	0
12-18 16:58:03.874 I/CircleCornerLayout( 3002): draw
12-18 16:58:03.882 I/CircleCornerLayout( 3002): draw
12-18 16:58:03.895 I/InfinitePageController_Page:6( 3002): InfinitePageController#ChildDrawingOrderCallback- pageIndex: 	6	childCount:	2	i:	0	focusedIndex:	-1	result:	1
12-18 16:58:03.895 I/CircleCornerLayout( 3002): draw
12-18 16:58:03.895 I/CircleCornerLayout( 3002): draw
12-18 16:58:03.895 I/CircleCornerLayout( 3002): draw
12-18 16:58:03.895 I/CircleCornerLayout( 3002): draw
12-18 16:58:03.895 I/CircleCornerLayout( 3002): draw
12-18 16:58:03.895 I/CircleCornerLayout( 3002): draw
12-18 16:58:03.896 I/CircleCornerLayout( 3002): draw
12-18 16:58:03.896 I/CircleCornerLayout( 3002): draw
12-18 16:58:03.896 I/CircleCornerLayout( 3002): draw
12-18 16:58:03.896 I/CircleCornerLayout( 3002): draw
12-18 16:58:03.896 I/CircleCornerLayout( 3002): draw
12-18 16:58:03.896 I/CircleCornerLayout( 3002): draw
12-18 16:58:03.896 I/InfinitePageController_Page:6( 3002): InfinitePageController#ChildDrawingOrderCallback- pageIndex: 	6	childCount:	2	i:	1	focusedIndex:	-1	result:	0
12-18 16:58:03.896 I/CircleCornerLayout( 3002): draw
12-18 16:58:03.896 I/CircleCornerLayout( 3002): draw
12-18 16:58:03.896 I/CircleCornerLayout( 3002): draw
12-18 16:58:03.896 I/CircleCornerLayout( 3002): draw
12-18 16:58:03.897 I/CircleCornerLayout( 3002): draw
12-18 16:58:03.897 I/CircleCornerLayout( 3002): draw
12-18 16:58:03.898 I/CircleCornerLayout( 3002): draw
12-18 16:58:03.899 I/CircleCornerLayout( 3002): draw
12-18 16:58:03.910 I/CircleCornerLayout( 3002): draw
12-18 16:58:03.910 I/CircleCornerLayout( 3002): draw
12-18 16:58:03.911 I/CircleCornerLayout( 3002): draw
12-18 16:58:03.945 I/InfinitePageController_Page:4( 3002): InfinitePageController#ChildDrawingOrderCallback- pageIndex: 	4	childCount:	2	i:	0	focusedIndex:	-1	result:	1
12-18 16:58:03.945 I/CircleCornerLayout( 3002): draw
12-18 16:58:03.945 I/CircleCornerLayout( 3002): draw
12-18 16:58:03.945 I/CircleCornerLayout( 3002): draw
12-18 16:58:03.945 I/CircleCornerLayout( 3002): draw
12-18 16:58:03.946 I/CircleCornerLayout( 3002): draw
12-18 16:58:03.946 I/CircleCornerLayout( 3002): draw
12-18 16:58:03.946 I/CircleCornerLayout( 3002): draw
12-18 16:58:03.946 I/CircleCornerLayout( 3002): draw
12-18 16:58:03.946 I/InfinitePageController_Page:4( 3002): InfinitePageController#ChildDrawingOrderCallback- pageIndex: 	4	childCount:	2	i:	1	focusedIndex:	-1	result:	0
12-18 16:58:03.946 I/CircleCornerLayout( 3002): draw
12-18 16:58:03.946 I/CircleCornerLayout( 3002): draw
12-18 16:58:03.947 I/InfinitePageController_Page:5( 3002): InfinitePageController#ChildDrawingOrderCallback- pageIndex: 	5	childCount:	3	i:	0	focusedIndex:	-1	result:	2
12-18 16:58:03.947 I/CircleCornerLayout( 3002): draw
12-18 16:58:03.948 I/CircleCornerLayout( 3002): draw
12-18 16:58:03.950 I/CircleCornerLayout( 3002): draw
12-18 16:58:03.952 I/CircleCornerLayout( 3002): draw
12-18 16:58:03.952 I/bt-hci  ( 3446): BLE HCI(id=62) event = 0x02)
12-18 16:58:03.952 I/bt-hci  ( 3446): btu_ble_process_adv_pkt
12-18 16:58:03.952 D/BtGatt.btif( 3446): btif_gattc_upstreams_evt: Event 4096
12-18 16:58:03.952 D/BtGatt.GattService( 3446): onScanResult() - address=16:4F:EF:38:33:C7, rssi=-84
12-18 16:58:03.952 D/BluetoothAdapter( 3577): onScanResult() - Device=16:4F:EF:38:33:C7 RSSI=-84
12-18 16:58:03.954 I/CircleCornerLayout( 3002): draw
12-18 16:58:03.956 I/CircleCornerLayout( 3002): draw
12-18 16:58:03.957 I/bt-hci  ( 3446): BLE HCI(id=62) event = 0x02)
12-18 16:58:03.957 I/bt-hci  ( 3446): btu_ble_process_adv_pkt
12-18 16:58:03.957 D/BtGatt.btif( 3446): btif_gattc_upstreams_evt: Event 4096
12-18 16:58:03.957 D/BtGatt.GattService( 3446): onScanResult() - address=38:D6:14:9B:62:1F, rssi=-64
12-18 16:58:03.958 D/BluetoothAdapter( 3577): onScanResult() - Device=38:D6:14:9B:62:1F RSSI=-64
12-18 16:58:03.958 I/InfinitePageController_Page:5( 3002): InfinitePageController#ChildDrawingOrderCallback- pageIndex: 	5	childCount:	3	i:	1	focusedIndex:	-1	result:	1
12-18 16:58:03.958 I/CircleCornerLayout( 3002): draw
12-18 16:58:03.962 I/CircleCornerLayout( 3002): draw
12-18 16:58:03.966 I/CircleCornerLayout( 3002): draw
12-18 16:58:03.971 I/CircleCornerLayout( 3002): draw
12-18 16:58:03.975 I/InfinitePageController_Page:5( 3002): InfinitePageController#ChildDrawingOrderCallback- pageIndex: 	5	childCount:	3	i:	2	focusedIndex:	-1	result:	0
12-18 16:58:03.975 I/CircleCornerLayout( 3002): draw
12-18 16:58:03.983 I/CircleCornerLayout( 3002): draw
