12-18 16:57:57.069 I/SingleImageView( 3002): costTime##createCornerTextView##start
12-18 16:57:57.072 I/SingleImageView( 3002): costTime##createCornerTextView##end
12-18 16:57:57.072 I/SingleImageView( 3002): SingleImageView#showFullData##end
12-18 16:57:57.073 I/SingleImageView( 3002): costTime##createCornerTextView##start
12-18 16:57:57.075 D/pcapcmcc4( 3047): add_tcp_node_to_list_new:53352 
12-18 16:57:57.075 D/pcapcmcc4( 3047): reset pkg_num!
12-18 16:57:57.076 I/SingleImageView( 3002): costTime##createCornerTextView##end
12-18 16:57:57.076 I/SingleImageView( 3002): SingleImageView#showFullData##end
12-18 16:57:57.077 I/SingleImageView( 3002): costTime##createCornerTextView##start
12-18 16:57:57.079 I/SingleImageView( 3002): costTime##createCornerTextView##end
12-18 16:57:57.079 I/SingleImageView( 3002): SingleImageView#showFullData##end
12-18 16:57:57.081 D/pcapcmcc4( 3047): add_tcp_node_to_list_new:44463 
12-18 16:57:57.081 D/pcapcmcc4( 3047): reset pkg_num!
12-18 16:57:57.097 I/bt-hci  ( 3446): BLE HCI(id=62) event = 0x02)
12-18 16:57:57.097 I/bt-hci  ( 3446): btu_ble_process_adv_pkt
12-18 16:57:57.097 D/BtGatt.btif( 3446): btif_gattc_upstreams_evt: Event 4096
12-18 16:57:57.097 D/BtGatt.GattService( 3446): onScanResult() - address=3C:51:6B:67:6F:E9, rssi=-68
12-18 16:57:57.098 D/BluetoothAdapter( 3577): onScanResult() - Device=3C:51:6B:67:6F:E9 RSSI=-68
12-18 16:57:57.098 I/bt-hci  ( 3446): BLE HCI(id=62) event = 0x02)
12-18 16:57:57.098 I/bt-hci  ( 3446): btu_ble_process_adv_pkt
12-18 16:57:57.099 D/BtGatt.btif( 3446): btif_gattc_upstreams_evt: Event 4096
12-18 16:57:57.099 D/BtGatt.GattService( 3446): onScanResult() - address=01:A7:63:76:F3:9F, rssi=-46
12-18 16:57:57.099 D/BluetoothAdapter( 3577): onScanResult() - Device=01:A7:63:76:F3:9F RSSI=-46
12-18 16:57:57.156 D/dalvikvm( 3002): GC_FOR_ALLOC freed 1467K, 6% free 72560K/76648K, paused 60ms, total 60ms
12-18 16:57:57.160 I/bt-hci  ( 3446): BLE HCI(id=62) event = 0x02)
12-18 16:57:57.160 I/bt-hci  ( 3446): btu_ble_process_adv_pkt
12-18 16:57:57.160 W/bt-btm  ( 3446): scan_type:1, evt_type:0
12-18 16:57:57.162 I/bt-hci  ( 3446): BLE HCI(id=62) event = 0x02)
12-18 16:57:57.162 I/bt-hci  ( 3446): btu_ble_process_adv_pkt
12-18 16:57:57.162 D/BtGatt.btif( 3446): btif_gattc_upstreams_evt: Event 4096
12-18 16:57:57.162 D/BtGatt.GattService( 3446): onScanResult() - address=1A:EB:AF:29:BD:0A, rssi=-82
12-18 16:57:57.163 D/BluetoothAdapter( 3577): onScanResult() - Device=1A:EB:AF:29:BD:0A RSSI=-82
12-18 16:57:57.166 I/MasonryLayoutManager( 3002): onMasonryPageSelected- 	5
12-18 16:57:57.173 I/MarqueeView( 3002): measure text
12-18 16:57:57.175 D/pcapcmcc4( 3047): send_tcp_data_to_server_new: 2
12-18 16:57:57.175 D/pcapcmcc4( 3047): --- Send session --- Addr(1, 100.97.24.113 ~ 183.235.11.40) 
12-18 16:57:57.175 D/pcapcmcc4( 3047):  	 HTTPDATA:100.97.24.113#34741#183.235.11.40#8081#51582#51582#51582#51645#51582#51589#51645#1270#15#0#38169#39951#27#0#183.235.11.40:8081#/pics/apk_site/biz_57777408/positions/BizPosition_28094/element_157114/images/element_157114_img_20201117123529.png#200#42#0#0#2#231104#193233#152896#0#0#0#
12-18 16:57:57.175 D/pcapcmcc4( 3047): 
12-18 16:57:57.175 D/pcapcmcc4( 3047): reset pkg_num!
12-18 16:57:57.236 I/bt-hci  ( 3446): BLE HCI(id=62) event = 0x02)
12-18 16:57:57.236 I/bt-hci  ( 3446): btu_ble_process_adv_pkt
12-18 16:57:57.236 D/BtGatt.btif( 3446): btif_gattc_upstreams_evt: Event 4096
12-18 16:57:57.237 D/BtGatt.GattService( 3446): onScanResult() - address=08:A3:66:0B:86:70, rssi=-68
12-18 16:57:57.237 D/BluetoothAdapter( 3577): onScanResult() - Device=08:A3:66:0B:86:70 RSSI=-68
12-18 16:57:57.243 D/dalvikvm( 3002): GC_FOR_ALLOC freed 58K, 6% free 75994K/80008K, paused 49ms, total 50ms
12-18 16:57:57.256 I/dalvikvm-heap( 3002): Grow heap (frag case) to 82.165MB for 8294416-byte allocation
12-18 16:57:57.304 I/bt-hci  ( 3446): BLE HCI(id=62) event = 0x02)
12-18 16:57:57.304 I/bt-hci  ( 3446): btu_ble_process_adv_pkt
12-18 16:57:57.304 D/BtGatt.btif( 3446): btif_gattc_upstreams_evt: Event 4096
12-18 16:57:57.305 D/BtGatt.GattService( 3446): onScanResult() - address=01:A7:63:76:F3:9F, rssi=-46
12-18 16:57:57.305 D/BluetoothAdapter( 3577): onScanResult() - Device=01:A7:63:76:F3:9F RSSI=-46
12-18 16:57:57.305 D/dalvikvm( 3002): GC_FOR_ALLOC freed <1K, 5% free 84094K/88112K, paused 49ms, total 49ms
12-18 16:57:57.312 I/CircleCornerLayout( 3002): draw
12-18 16:57:57.312 I/CircleCornerLayout( 3002): draw
12-18 16:57:57.312 I/CircleCornerLayout( 3002): draw
12-18 16:57:57.320 I/        ( 1585): transcode 39 flags 16
12-18 16:57:57.329 D/AndroidAutoSize( 3002): cn.gd.snm.upgrade.ApkUpdateActivity used the global configuration.
12-18 16:57:57.330 D/AndroidAutoSize( 3002): The cn.gd.snm.upgrade.ApkUpdateActivity has been adapted! 
12-18 16:57:57.330 D/AndroidAutoSize( 3002): ApkUpdateActivity Info: isBaseOnWidth = true, designWidthInDp = 1280.000000, designWidthInSubunits = 1280.000000, targetDensity = 1.500000, targetScaledDensity = 1.500000, targetDensityDpi = 240, targetXdpi = 1.500000, targetScreenWidthDp = 1280, targetScreenHeightDp = 720
12-18 16:57:57.332 W/ContextImpl( 2770): Calling a method in the system process without a qualified user: android.app.ContextImpl.startService:1589 android.content.ContextWrapper.startService:494 com.iflytek.xiri.system.ControlService$6.run:369 java.util.concurrent.Executors$RunnableAdapter.call:422 java.util.concurrent.FutureTask.runAndReset:279 
12-18 16:57:57.346 I/ApkUpdateActivity_TAG( 3002): isForceUpdateTrue 强制升级
12-18 16:57:57.371 I/bt-hci  ( 3446): BLE HCI(id=62) event = 0x02)
12-18 16:57:57.371 I/bt-hci  ( 3446): btu_ble_process_adv_pkt
12-18 16:57:57.371 D/BtGatt.btif( 3446): btif_gattc_upstreams_evt: Event 4096
12-18 16:57:57.371 D/BtGatt.GattService( 3446): onScanResult() - address=3C:51:6B:67:6F:E9, rssi=-68
12-18 16:57:57.372 D/BluetoothAdapter( 3577): onScanResult() - Device=3C:51:6B:67:6F:E9 RSSI=-68
12-18 16:57:57.375 I/bt-hci  ( 3446): BLE HCI(id=62) event = 0x02)
12-18 16:57:57.375 I/bt-hci  ( 3446): btu_ble_process_adv_pkt
12-18 16:57:57.375 D/BtGatt.btif( 3446): btif_gattc_upstreams_evt: Event 4096
12-18 16:57:57.375 D/BtGatt.GattService( 3446): onScanResult() - address=2E:9C:60:66:8F:D5, rssi=-48
12-18 16:57:57.375 D/BluetoothAdapter( 3577): onScanResult() - Device=2E:9C:60:66:8F:D5 RSSI=-48
12-18 16:57:57.377 D/dalvikvm( 3002): GC_CONCURRENT freed 68K, 5% free 84116K/88112K, paused 3ms+9ms, total 71ms
12-18 16:57:57.377 I/bt-hci  ( 3446): BLE HCI(id=62) event = 0x02)
12-18 16:57:57.377 I/bt-hci  ( 3446): btu_ble_process_adv_pkt
12-18 16:57:57.377 W/bt-btm  ( 3446): scan_type:1, evt_type:0
12-18 16:57:57.440 I/bt-hci  ( 3446): BLE HCI(id=62) event = 0x02)
12-18 16:57:57.440 I/bt-hci  ( 3446): btu_ble_process_adv_pkt
12-18 16:57:57.440 D/BtGatt.btif( 3446): btif_gattc_upstreams_evt: Event 4096
12-18 16:57:57.440 D/BtGatt.GattService( 3446): onScanResult() - address=03:3F:21:49:02:BE, rssi=-38
12-18 16:57:57.440 D/BluetoothAdapter( 3577): onScanResult() - Device=03:3F:21:49:02:BE RSSI=-38
12-18 16:57:57.444 I/bt-hci  ( 3446): BLE HCI(id=62) event = 0x02)
12-18 16:57:57.444 I/bt-hci  ( 3446): btu_ble_process_adv_pkt
12-18 16:57:57.445 D/pcapcmcc4( 3047): send_tcp_data_to_server_new: 0
12-18 16:57:57.445 D/pcapcmcc4( 3047): --- Send session --- Addr(1, 100.97.24.113 ~ 183.235.155.88) 
12-18 16:57:57.445 D/pcapcmcc4( 3047):  	 HTTPDATA:100.97.24.113#45509#183.235.155.88#8888#48939#48948#48948#51959#48950#48959#51959#836#4#0#221#462#4#0#183.235.155.88:8888#/iptv/listMedia.do?position=001&program=&user=ydtest5&group=0&area=200&stbType=CM201-2&vip=&fee=&cpid=&programType=&programLable=&templatename=yd&telecomId=4#200#8#0#0#0#30272#29488#29184#0#0#0#
12-18 16:57:57.445 D/pcapcmcc4( 3047): 
12-18 16:57:57.445 D/BtGatt.btif( 3446): btif_gattc_upstreams_evt: Event 4096
12-18 16:57:57.445 D/BtGatt.GattService( 3446): onScanResult() - address=08:A3:66:0B:86:70, rssi=-68
12-18 16:57:57.445 D/BluetoothAdapter( 3577): onScanResult() - Device=08:A3:66:0B:86:70 RSSI=-68
12-18 16:57:57.458 I/        ( 1585): transcode 39 flags 16
12-18 16:57:57.459 E/ViewRootImpl( 3002): 20170727 enable acc for view = cn.gd.snm.snmcm/cn.gd.snm.upgrade.ApkUpdateActivity
12-18 16:57:57.463 D/AndroidAutoSize( 3002): cn.gd.snm.upgrade.ApkUpdateActivity used the global configuration.
12-18 16:57:57.463 V/IPTVS   ( 2812): [getIp 56]	local ip:100.97.24.113 
12-18 16:57:57.463 I/AMTIPTV ( 2812): isValidIpAddress-->100.97.24.113
12-18 16:57:57.464 D/AndroidAutoSize( 3002): The cn.gd.snm.upgrade.ApkUpdateActivity has been adapted! 
12-18 16:57:57.464 D/AndroidAutoSize( 3002): ApkUpdateActivity Info: isBaseOnWidth = true, designWidthInDp = 1280.000000, designWidthInSubunits = 1280.000000, targetDensity = 1.500000, targetScaledDensity = 1.500000, targetDensityDpi = 240, targetXdpi = 1.500000, targetScreenWidthDp = 1280, targetScreenHeightDp = 720
12-18 16:57:57.464 I/AMTIPTV ( 2812): isValidIpAddress-->100.97.24.113
12-18 16:57:57.465 D/AMTIPTV ( 2812): NetConnectManager > getIp > 100.97.24.113, ifname : eth0
12-18 16:57:57.465 D/AMTIPTV ( 2812): AmtDataService > getString>IP:100.97.24.113, extData : 
12-18 16:57:57.465 D/AMTData ( 2783): AmtIDataService_AMTDATA > getString>IP:100.97.24.113, extData : 
12-18 16:57:57.467 I/        ( 1585): transcode 39 flags 16
12-18 16:57:57.469 E/ViewRootImpl( 3002): 20170727 enable acc for view = cn.gd.snm.snmcm/cn.gd.snm.upgrade.ApkUpdateActivity
12-18 16:57:57.471 I/yzs007  ( 2321): onResume is called ....
12-18 16:57:57.482 D/pcapcmcc4( 3047): send_tcp_data_to_server_new: 2
12-18 16:57:57.482 D/pcapcmcc4( 3047): --- Send session --- Addr(1, 100.97.24.113 ~ 183.235.11.40) 
12-18 16:57:57.482 D/pcapcmcc4( 3047):  	 HTTPDATA:100.97.24.113#53352#183.235.11.40#8081#51590#51597#51597#51616#51599#51606#51616#1938#25#0#31821#33413#24#0#183.235.11.40:8081#/pics/apk_site/biz_57777408/positions/BizPosition_28092/element_157112/images/element_157112_img_20201112174722.png#200#49#0#0#2#92928#58531#29184#0#0#0#
12-18 16:57:57.482 D/pcapcmcc4( 3047): 
12-18 16:57:57.482 D/pcapcmcc4( 3047): reset pkg_num!
12-18 16:57:57.483 I/        ( 1585): transcode 39 flags 16
12-18 16:57:57.494 E/LogPrintUtils( 3002): {"action_type":"browsing","mediacode":"null","pageName":"null","page_id":"null","refer_mediacode":"null","refer_page_id":"biz_24283288","refer_page_name":"推荐","refer_pos_id":"null","refer_type":"10","seriesflag":"null"}
12-18 16:57:57.508 D/pcapcmcc4( 3047): add_tcp_node_to_list_new:46500 
12-18 16:57:57.508 D/pcapcmcc4( 3047): reset pkg_num!
12-18 16:57:57.509 D/OpenGLRenderer( 3002): Enabling debug mode 0
12-18 16:57:57.510 I/bt-hci  ( 3446): BLE HCI(id=62) event = 0x02)
12-18 16:57:57.510 I/bt-hci  ( 3446): btu_ble_process_adv_pkt
12-18 16:57:57.510 D/BtGatt.btif( 3446): btif_gattc_upstreams_evt: Event 4096
12-18 16:57:57.510 D/BtGatt.GattService( 3446): onScanResult() - address=01:A7:63:76:F3:9F, rssi=-46
12-18 16:57:57.510 D/BluetoothAdapter( 3577): onScanResult() - Device=01:A7:63:76:F3:9F RSSI=-46
12-18 16:57:57.514 I/bt-hci  ( 3446): BLE HCI(id=62) event = 0x02)
12-18 16:57:57.514 I/bt-hci  ( 3446): btu_ble_process_adv_pkt
12-18 16:57:57.514 W/bt-btm  ( 3446): scan_type:1, evt_type:0
12-18 16:57:57.516 I/        ( 1585): transcode 39 flags 16
12-18 16:57:57.534 I/CircleCornerLayout( 3002): draw
12-18 16:57:57.536 I/CircleCornerLayout( 3002): draw
12-18 16:57:57.550 I/CircleCornerLayout( 3002): draw
12-18 16:57:57.550 I/CircleCornerLayout( 3002): draw
12-18 16:57:57.550 I/CircleCornerLayout( 3002): draw
12-18 16:57:57.559 I/SingleImageView( 3002): costTime##createCornerTextView##start
12-18 16:57:57.563 D/pcapcmcc4( 3047): send_tcp_data_to_server_new: 2
12-18 16:57:57.563 D/pcapcmcc4( 3047): --- Send session --- Addr(1, 100.97.24.113 ~ 183.235.11.40) 
12-18 16:57:57.563 D/pcapcmcc4( 3047):  	 HTTPDATA:100.97.24.113#44463#183.235.11.40#8081#51596#51602#51602#51637#51609#51618#51637#2850#37#1#46991#50823#36#2#183.235.11.40:8081#/pics/apk_site/biz_57777408/positions/BizPosition_28090/element_157110/images/element_157110_img_20201112174637.png#200#73#0#0#2#124800#74229#29184#0#1#0#
12-18 16:57:57.563 D/pcapcmcc4( 3047): 
12-18 16:57:57.563 D/pcapcmcc4( 3047): reset pkg_num!
12-18 16:57:57.563 I/SingleImageView( 3002): costTime##createCornerTextView##end
12-18 16:57:57.563 I/SingleImageView( 3002): SingleImageView#showFullData##end
12-18 16:57:57.565 I/SingleImageView( 3002): costTime##createCornerTextView##start
12-18 16:57:57.568 I/SingleImageView( 3002): costTime##createCornerTextView##end
12-18 16:57:57.568 I/SingleImageView( 3002): SingleImageView#showFullData##end
12-18 16:57:57.569 D/pcapcmcc4( 3047): send_tcp_data_to_server_new: 2
12-18 16:57:57.570 D/pcapcmcc4( 3047): --- Send session --- Addr(1, 100.97.24.113 ~ 183.235.11.40) 
12-18 16:57:57.570 D/pcapcmcc4( 3047):  	 HTTPDATA:100.97.24.113#34741#183.235.11.40#8081#51690#51690#51690#51698#51690#51697#51698#841#9#0#10882#11410#8#0#183.235.11.40:8081#/pics/apk_site/biz_58411101/biz_24283288/images/biz_24283288_bg_20201009091331.pngent_157114_img_20201117123529.png#200#17#0#0#2#254272#242666#231104#0#0#0#
12-18 16:57:57.570 D/pcapcmcc4( 3047): 
12-18 16:57:57.570 D/pcapcmcc4( 3047): reset pkg_num!
12-18 16:57:57.570 D/pcapcmcc4( 3047): capture param _chen2 = -2, 0
12-18 16:57:57.572 D/pcapcmcc4( 3047): clear time(1608281877.573154) 	 sleep_count(0) 	 device name(eth0) 	 queue size(0) 	 tcp size(26) 	 unOrder size(0)
12-18 16:57:57.572 D/pcapcmcc4( 3047): send_ts_not_finish
12-18 16:57:57.572 D/pcapcmcc4( 3047): send_ts_not_finish is_delete = 1, count = 0, all = 0
12-18 16:57:57.572 D/pcapcmcc4( 3047): send_dns_not_finish
12-18 16:57:57.572 D/pcapcmcc4( 3047): send_dns_not_finish is_delete = 1, count = 0, all = 2
12-18 16:57:57.572 D/pcapcmcc4( 3047): clear_redirect_http_infos start
12-18 16:57:57.572 D/pcapcmcc4( 3047): clear_redirect_http_infos count = 0
12-18 16:57:57.572 D/pcapcmcc4( 3047): g_capture_packets_num = 2409, 2098, 0, ret = 0
12-18 16:57:57.572 D/pcapcmcc4( 3047): send (0) TCP with http but not finish: 0 
12-18 16:57:57.572 D/pcapcmcc4( 3047): malloc_size2: 0, 0, 0, 0
12-18 16:57:57.572 D/pcapcmcc4( 3047): pthread_mutex_trylock start
12-18 16:57:57.572 D/pcapcmcc4( 3047): remove (0) TCP setup error tcp node 
12-18 16:57:57.580 I/bt-hci  ( 3446): BLE HCI(id=62) event = 0x02)
12-18 16:57:57.580 I/bt-hci  ( 3446): btu_ble_process_adv_pkt
12-18 16:57:57.580 W/bt-btm  ( 3446): scan_type:1, evt_type:0
12-18 16:57:57.614 I/ActivityManager( 2321): Displayed cn.gd.snm.snmcm/cn.gd.snm.upgrade.ApkUpdateActivity: +530ms
12-18 16:57:57.614 V/zjj     ( 2321): windowsVisible(): cn.gd.snm.snmcm
12-18 16:57:57.624 I/CircleCornerLayout( 3002): draw
12-18 16:57:57.624 I/CircleCornerLayout( 3002): draw
12-18 16:57:57.633 D/pcapcmcc4( 3047): clear_list end 
12-18 16:57:57.638 I/CircleCornerLayout( 3002): draw
12-18 16:57:57.638 I/CircleCornerLayout( 3002): draw
12-18 16:57:57.638 I/CircleCornerLayout( 3002): draw
12-18 16:57:57.651 I/bt-hci  ( 3446): BLE HCI(id=62) event = 0x02)
12-18 16:57:57.651 I/bt-hci  ( 3446): btu_ble_process_adv_pkt
12-18 16:57:57.651 D/BtGatt.btif( 3446): btif_gattc_upstreams_evt: Event 4096
12-18 16:57:57.651 D/BtGatt.GattService( 3446): onScanResult() - address=3C:51:6B:67:6F:E9, rssi=-68
12-18 16:57:57.652 D/BluetoothAdapter( 3577): onScanResult() - Device=3C:51:6B:67:6F:E9 RSSI=-68
12-18 16:57:57.664 I/CircleCornerLayout( 3002): draw
12-18 16:57:57.666 I/CircleCornerLayout( 3002): draw
12-18 16:57:57.677 I/CircleCornerLayout( 3002): draw
12-18 16:57:57.678 I/CircleCornerLayout( 3002): draw
12-18 16:57:57.678 I/CircleCornerLayout( 3002): draw
12-18 16:57:57.689 I/System.out( 3002): RxCache: ProcessorProvidersBehaviour-getData-cacheRule: 0x100010
12-18 16:57:57.689 I/System.out( 3002): RxCache: RetrieveRecord-retrieveRecord:index-section , http://183.235.11.39:8082/epg/api/page/biz_37131709.json , 
12-18 16:57:57.690 I/System.out( 3002): RxCache: RetrieveRecord-retrieveRecord:record from memory is null
12-18 16:57:57.690 I/System.out( 3002): RxCache: RetrieveRecord-retrieveRecord:get record from persistence failure
12-18 16:57:57.690 W/System.err( 3002): java.lang.NullPointerException
12-18 16:57:57.691 W/System.err( 3002): 	at io.rx_cache2.internal.cache.RetrieveRecord.retrieveRecord(SourceFile:8)
12-18 16:57:57.691 W/System.err( 3002): 	at io.rx_cache2.internal.cache.TwoLayersCache.retrieve(SourceFile:1)
12-18 16:57:57.691 W/System.err( 3002): 	at io.rx_cache2.internal.ProcessorProvidersBehaviour.getData(SourceFile:2)
12-18 16:57:57.691 W/System.err( 3002): 	at io.rx_cache2.internal.ProcessorProvidersBehaviour$3.call(SourceFile:3)
12-18 16:57:57.691 W/System.err( 3002): 	at io.rx_cache2.internal.ProcessorProvidersBehaviour$3.call(SourceFile:1)
12-18 16:57:57.691 W/System.err( 3002): 	at io.reactivex.internal.operators.observable.ObservableDefer.subscribeActual(SourceFile:1)
12-18 16:57:57.691 W/System.err( 3002): 	at io.reactivex.Observable.subscribe(SourceFile:14)
12-18 16:57:57.691 W/System.err( 3002): 	at io.reactivex.internal.operators.observable.ObservableDoOnEach.subscribeActual(SourceFile:1)
12-18 16:57:57.691 W/System.err( 3002): 	at io.reactivex.Observable.subscribe(SourceFile:14)
12-18 16:57:57.691 W/System.err( 3002): 	at io.reactivex.internal.operators.observable.ObservableFlatMap$MergeObserver.subscribeInner(SourceFile:11)
12-18 16:57:57.691 W/System.err( 3002): 	at io.reactivex.internal.operators.observable.ObservableFlatMap$MergeObserver.onNext(SourceFile:10)
12-18 16:57:57.691 W/System.err( 3002): 	at io.reactivex.internal.operators.observable.ObservableFromIterable$FromIterableDisposable.run(SourceFile:3)
12-18 16:57:57.691 W/System.err( 3002): 	at io.reactivex.internal.operators.observable.ObservableFromIterable.subscribeActual(SourceFile:7)
12-18 16:57:57.692 W/System.err( 3002): 	at io.reactivex.Observable.subscribe(SourceFile:14)
12-18 16:57:57.692 W/System.err( 3002): 	at io.reactivex.internal.operators.observable.ObservableFlatMap.subscribeActual(SourceFile:2)
12-18 16:57:57.692 W/System.err( 3002): 	at io.reactivex.Observable.subscribe(SourceFile:14)
12-18 16:57:57.692 W/System.err( 3002): 	at io.reactivex.internal.operators.observable.ObservableSubscribeOn$SubscribeTask.run(SourceFile:1)
12-18 16:57:57.692 W/System.err( 3002): 	at io.reactivex.Scheduler$DisposeTask.run(SourceFile:2)
12-18 16:57:57.692 W/System.err( 3002): 	at io.reactivex.internal.schedulers.ScheduledRunnable.run(SourceFile:2)
12-18 16:57:57.692 W/System.err( 3002): 	at io.reactivex.internal.schedulers.ScheduledRunnable.call(SourceFile:1)
12-18 16:57:57.692 W/System.err( 3002): 	at java.util.concurrent.FutureTask.run(FutureTask.java:237)
12-18 16:57:57.692 W/System.err( 3002): 	at java.util.concurrent.ScheduledThreadPoolExecutor$ScheduledFutureTask.access$201(ScheduledThreadPoolExecutor.java:152)
12-18 16:57:57.692 W/System.err( 3002): 	at java.util.concurrent.ScheduledThreadPoolExecutor$ScheduledFutureTask.run(ScheduledThreadPoolExecutor.java:265)
12-18 16:57:57.692 W/System.err( 3002): 	at java.util.concurrent.ThreadPoolExecutor.runWorker(ThreadPoolExecutor.java:1112)
12-18 16:57:57.692 W/System.err( 3002): 	at java.util.concurrent.ThreadPoolExecutor$Worker.run(ThreadPoolExecutor.java:587)
12-18 16:57:57.692 W/System.err( 3002): 	at java.lang.Thread.run(Thread.java:841)
12-18 16:57:57.692 I/System.out( 3002): RxCache: ProcessorProvidersBehaviour-getData-record:null
12-18 16:57:57.692 I/System.out( 3002): RxCache: ProcessorProvidersBehaviour-getData-use loader first
12-18 16:57:57.693 I/System.out( 3002): RxCache: ProcessorProvidersBehaviour-getData-cacheRule: 0x100010
12-18 16:57:57.693 I/System.out( 3002): RxCache: RetrieveRecord-retrieveRecord:index-section , http://183.235.11.39:8082/epg/api/page/biz_00294483.json , 
12-18 16:57:57.693 I/System.out( 3002): RxCache: RetrieveRecord-retrieveRecord:record from memory is null
12-18 16:57:57.694 I/System.out( 3002): RxCache: RetrieveRecord-retrieveRecord:get record from persistence failure
12-18 16:57:57.694 W/System.err( 3002): java.lang.NullPointerException
12-18 16:57:57.695 W/System.err( 3002): 	at io.rx_cache2.internal.cache.RetrieveRecord.retrieveRecord(SourceFile:8)
12-18 16:57:57.695 W/System.err( 3002): 	at io.rx_cache2.internal.cache.TwoLayersCache.retrieve(SourceFile:1)
12-18 16:57:57.695 W/System.err( 3002): 	at io.rx_cache2.internal.ProcessorProvidersBehaviour.getData(SourceFile:2)
12-18 16:57:57.695 W/System.err( 3002): 	at io.rx_cache2.internal.ProcessorProvidersBehaviour$3.call(SourceFile:3)
12-18 16:57:57.695 W/System.err( 3002): 	at io.rx_cache2.internal.ProcessorProvidersBehaviour$3.call(SourceFile:1)
12-18 16:57:57.695 W/System.err( 3002): 	at io.reactivex.internal.operators.observable.ObservableDefer.subscribeActual(SourceFile:1)
12-18 16:57:57.695 W/System.err( 3002): 	at io.reactivex.Observable.subscribe(SourceFile:14)
12-18 16:57:57.695 W/System.err( 3002): 	at io.reactivex.internal.operators.observable.ObservableDoOnEach.subscribeActual(SourceFile:1)
12-18 16:57:57.695 W/System.err( 3002): 	at io.reactivex.Observable.subscribe(SourceFile:14)
12-18 16:57:57.696 W/System.err( 3002): 	at io.reactivex.internal.operators.observable.ObservableFlatMap$MergeObserver.subscribeInner(SourceFile:11)
12-18 16:57:57.696 W/System.err( 3002): 	at io.reactivex.internal.operators.observable.ObservableFlatMap$MergeObserver.onNext(SourceFile:10)
12-18 16:57:57.696 W/System.err( 3002): 	at io.reactivex.internal.operators.observable.ObservableFromIterable$FromIterableDisposable.run(SourceFile:3)
12-18 16:57:57.697 W/System.err( 3002): 	at io.reactivex.internal.operators.observable.ObservableFromIterable.subscribeActual(SourceFile:7)
12-18 16:57:57.697 W/System.err( 3002): 	at io.reactivex.Observable.subscribe(SourceFile:14)
12-18 16:57:57.697 W/System.err( 3002): 	at io.reactivex.internal.operators.observable.ObservableFlatMap.subscribeActual(SourceFile:2)
12-18 16:57:57.697 W/System.err( 3002): 	at io.reactivex.Observable.subscribe(SourceFile:14)
12-18 16:57:57.697 W/System.err( 3002): 	at io.reactivex.internal.operators.observable.ObservableSubscribeOn$SubscribeTask.run(SourceFile:1)
12-18 16:57:57.697 W/System.err( 3002): 	at io.reactivex.Scheduler$DisposeTask.run(SourceFile:2)
12-18 16:57:57.697 W/System.err( 3002): 	at io.reactivex.internal.schedulers.ScheduledRunnable.run(SourceFile:2)
12-18 16:57:57.697 W/System.err( 3002): 	at io.reactivex.internal.schedulers.ScheduledRunnable.call(SourceFile:1)
12-18 16:57:57.697 W/System.err( 3002): 	at java.util.concurrent.FutureTask.run(FutureTask.java:237)
12-18 16:57:57.697 W/System.err( 3002): 	at java.util.concurrent.ScheduledThreadPoolExecutor$ScheduledFutureTask.access$201(ScheduledThreadPoolExecutor.java:152)
12-18 16:57:57.698 W/System.err( 3002): 	at java.util.concurrent.ScheduledThreadPoolExecutor$ScheduledFutureTask.run(ScheduledThreadPoolExecutor.java:265)
12-18 16:57:57.698 W/System.err( 3002): 	at java.util.concurrent.ThreadPoolExecutor.runWorker(ThreadPoolExecutor.java:1112)
12-18 16:57:57.698 W/System.err( 3002): 	at java.util.concurrent.ThreadPoolExecutor$Worker.run(ThreadPoolExecutor.java:587)
12-18 16:57:57.698 W/System.err( 3002): 	at java.lang.Thread.run(Thread.java:841)
12-18 16:57:57.698 I/System.out( 3002): RxCache: ProcessorProvidersBehaviour-getData-record:null
12-18 16:57:57.698 I/System.out( 3002): RxCache: ProcessorProvidersBehaviour-getData-use loader first
12-18 16:57:57.700 D/pcapcmcc4( 3047): send_tcp_data_to_server_new: 2
12-18 16:57:57.700 D/pcapcmcc4( 3047): --- Send session --- Addr(1, 100.97.24.113 ~ 183.235.11.39) 
12-18 16:57:57.700 D/pcapcmcc4( 3047):  	 HTTPDATA:100.97.24.113#48139#183.235.11.39#8082#51258#51258#51258#51269#51258#51269#51269#1000#7#1#6460#6922#7#0#183.235.11.39:8082#/epg/api/page/biz_26027652.json#200#14#0#1#2#4194240#4194240#4194240#0#0#0#
12-18 16:57:57.700 D/pcapcmcc4( 3047): 
12-18 16:57:57.700 D/pcapcmcc4( 3047): reset pkg_num!
12-18 16:57:57.701 I/System.out( 3002): RxCache: ProcessorProvidersBehaviour-getData-cacheRule: 0x100010
12-18 16:57:57.701 I/System.out( 3002): RxCache: RetrieveRecord-retrieveRecord:index-section , http://183.235.11.39:8082/epg/api/page/biz_07166271.json , 
12-18 16:57:57.701 I/System.out( 3002): RxCache: RetrieveRecord-retrieveRecord:record from memory is null
12-18 16:57:57.702 I/System.out( 3002): RxCache: RetrieveRecord-retrieveRecord:get record from persistence failure
12-18 16:57:57.702 W/System.err( 3002): java.lang.NullPointerException
12-18 16:57:57.703 W/System.err( 3002): 	at io.rx_cache2.internal.cache.RetrieveRecord.retrieveRecord(SourceFile:8)
12-18 16:57:57.703 W/System.err( 3002): 	at io.rx_cache2.internal.cache.TwoLayersCache.retrieve(SourceFile:1)
12-18 16:57:57.703 W/System.err( 3002): 	at io.rx_cache2.internal.ProcessorProvidersBehaviour.getData(SourceFile:2)
12-18 16:57:57.703 W/System.err( 3002): 	at io.rx_cache2.internal.ProcessorProvidersBehaviour$3.call(SourceFile:3)
12-18 16:57:57.703 W/System.err( 3002): 	at io.rx_cache2.internal.ProcessorProvidersBehaviour$3.call(SourceFile:1)
12-18 16:57:57.703 W/System.err( 3002): 	at io.reactivex.internal.operators.observable.ObservableDefer.subscribeActual(SourceFile:1)
12-18 16:57:57.703 W/System.err( 3002): 	at io.reactivex.Observable.subscribe(SourceFile:14)
12-18 16:57:57.703 W/System.err( 3002): 	at io.reactivex.internal.operators.observable.ObservableDoOnEach.subscribeActual(SourceFile:1)
12-18 16:57:57.703 W/System.err( 3002): 	at io.reactivex.Observable.subscribe(SourceFile:14)
12-18 16:57:57.703 W/System.err( 3002): 	at io.reactivex.internal.operators.observable.ObservableFlatMap$MergeObserver.subscribeInner(SourceFile:11)
12-18 16:57:57.703 W/System.err( 3002): 	at io.reactivex.internal.operators.observable.ObservableFlatMap$MergeObserver.onNext(SourceFile:10)
12-18 16:57:57.703 W/System.err( 3002): 	at io.reactivex.internal.operators.observable.ObservableFromIterable$FromIterableDisposable.run(SourceFile:3)
12-18 16:57:57.704 W/System.err( 3002): 	at io.reactivex.internal.operators.observable.ObservableFromIterable.subscribeActual(SourceFile:7)
12-18 16:57:57.704 W/System.err( 3002): 	at io.reactivex.Observable.subscribe(SourceFile:14)
12-18 16:57:57.704 W/System.err( 3002): 	at io.reactivex.internal.operators.observable.ObservableFlatMap.subscribeActual(SourceFile:2)
12-18 16:57:57.704 W/System.err( 3002): 	at io.reactivex.Observable.subscribe(SourceFile:14)
12-18 16:57:57.704 W/System.err( 3002): 	at io.reactivex.internal.operators.observable.ObservableSubscribeOn$SubscribeTask.run(SourceFile:1)
12-18 16:57:57.704 W/System.err( 3002): 	at io.reactivex.Scheduler$DisposeTask.run(SourceFile:2)
12-18 16:57:57.704 W/System.err( 3002): 	at io.reactivex.internal.schedulers.ScheduledRunnable.run(SourceFile:2)
12-18 16:57:57.704 W/System.err( 3002): 	at io.reactivex.internal.schedulers.ScheduledRunnable.call(SourceFile:1)
12-18 16:57:57.704 W/System.err( 3002): 	at java.util.concurrent.FutureTask.run(FutureTask.java:237)
12-18 16:57:57.704 W/System.err( 3002): 	at java.util.concurrent.ScheduledThreadPoolExecutor$ScheduledFutureTask.access$201(ScheduledThreadPoolExecutor.java:152)
12-18 16:57:57.704 W/System.err( 3002): 	at java.util.concurrent.ScheduledThreadPoolExecutor$ScheduledFutureTask.run(ScheduledThreadPoolExecutor.java:265)
12-18 16:57:57.704 W/System.err( 3002): 	at java.util.concurrent.ThreadPoolExecutor.runWorker(ThreadPoolExecutor.java:1112)
12-18 16:57:57.704 W/System.err( 3002): 	at java.util.concurrent.ThreadPoolExecutor$Worker.run(ThreadPoolExecutor.java:587)
12-18 16:57:57.704 W/System.err( 3002): 	at java.lang.Thread.run(Thread.java:841)
12-18 16:57:57.704 I/System.out( 3002): RxCache: ProcessorProvidersBehaviour-getData-record:null
12-18 16:57:57.704 I/System.out( 3002): RxCache: ProcessorProvidersBehaviour-getData-use loader first
12-18 16:57:57.706 I/System.out( 3002): RxCache: ProcessorProvidersBehaviour-getData-cacheRule: 0x100010
12-18 16:57:57.706 I/System.out( 3002): RxCache: RetrieveRecord-retrieveRecord:index-section , http://183.235.11.39:8082/epg/api/page/biz_97867548.json , 
12-18 16:57:57.706 I/System.out( 3002): RxCache: RetrieveRecord-retrieveRecord:record from memory is null
12-18 16:57:57.706 I/System.out( 3002): RxCache: RetrieveRecord-retrieveRecord:get record from persistence failure
12-18 16:57:57.706 W/System.err( 3002): java.lang.NullPointerException
12-18 16:57:57.706 D/pcapcmcc4( 3047): send_tcp_data_to_server_new: 2
12-18 16:57:57.707 D/pcapcmcc4( 3047): --- Send session --- Addr(1, 100.97.24.113 ~ 183.235.11.39) 
12-18 16:57:57.707 D/pcapcmcc4( 3047):  	 HTTPDATA:100.97.24.113#56638#183.235.11.39#8082#47604#47604#47604#47618#47604#47615#47618#922#6#0#10549#11473#14#0#183.235.11.39:8082#/epg/api/page/biz_40574399.json#200#20#0#0#2#4170240#4170240#4170240#0#0#0#
12-18 16:57:57.707 D/pcapcmcc4( 3047): 
12-18 16:57:57.707 D/pcapcmcc4( 3047): reset pkg_num!
12-18 16:57:57.708 W/System.err( 3002): 	at io.rx_cache2.internal.cache.RetrieveRecord.retrieveRecord(SourceFile:8)
12-18 16:57:57.708 W/System.err( 3002): 	at io.rx_cache2.internal.cache.TwoLayersCache.retrieve(SourceFile:1)
12-18 16:57:57.708 W/System.err( 3002): 	at io.rx_cache2.internal.ProcessorProvidersBehaviour.getData(SourceFile:2)
12-18 16:57:57.708 W/System.err( 3002): 	at io.rx_cache2.internal.ProcessorProvidersBehaviour$3.call(SourceFile:3)
12-18 16:57:57.708 W/System.err( 3002): 	at io.rx_cache2.internal.ProcessorProvidersBehaviour$3.call(SourceFile:1)
12-18 16:57:57.708 W/System.err( 3002): 	at io.reactivex.internal.operators.observable.ObservableDefer.subscribeActual(SourceFile:1)
12-18 16:57:57.709 W/System.err( 3002): 	at io.reactivex.Observable.subscribe(SourceFile:14)
12-18 16:57:57.709 W/System.err( 3002): 	at io.reactivex.internal.operators.observable.ObservableDoOnEach.subscribeActual(SourceFile:1)
12-18 16:57:57.709 W/System.err( 3002): 	at io.reactivex.Observable.subscribe(SourceFile:14)
12-18 16:57:57.709 W/System.err( 3002): 	at io.reactivex.internal.operators.observable.ObservableFlatMap$MergeObserver.subscribeInner(SourceFile:11)
12-18 16:57:57.709 W/System.err( 3002): 	at io.reactivex.internal.operators.observable.ObservableFlatMap$MergeObserver.onNext(SourceFile:10)
12-18 16:57:57.709 W/System.err( 3002): 	at io.reactivex.internal.operators.observable.ObservableFromIterable$FromIterableDisposable.run(SourceFile:3)
12-18 16:57:57.709 W/System.err( 3002): 	at io.reactivex.internal.operators.observable.ObservableFromIterable.subscribeActual(SourceFile:7)
12-18 16:57:57.709 W/System.err( 3002): 	at io.reactivex.Observable.subscribe(SourceFile:14)
12-18 16:57:57.709 W/System.err( 3002): 	at io.reactivex.internal.operators.observable.ObservableFlatMap.subscribeActual(SourceFile:2)
12-18 16:57:57.709 W/System.err( 3002): 	at io.reactivex.Observable.subscribe(SourceFile:14)
12-18 16:57:57.709 W/System.err( 3002): 	at io.reactivex.internal.operators.observable.ObservableSubscribeOn$SubscribeTask.run(SourceFile:1)
12-18 16:57:57.709 W/System.err( 3002): 	at io.reactivex.Scheduler$DisposeTask.run(SourceFile:2)
12-18 16:57:57.709 W/System.err( 3002): 	at io.reactivex.internal.schedulers.ScheduledRunnable.run(SourceFile:2)
12-18 16:57:57.709 W/System.err( 3002): 	at io.reactivex.internal.schedulers.ScheduledRunnable.call(SourceFile:1)
12-18 16:57:57.709 W/System.err( 3002): 	at java.util.concurrent.FutureTask.run(FutureTask.java:237)
12-18 16:57:57.709 W/System.err( 3002): 	at java.util.concurrent.ScheduledThreadPoolExecutor$ScheduledFutureTask.access$201(ScheduledThreadPoolExecutor.java:152)
12-18 16:57:57.709 W/System.err( 3002): 	at java.util.concurrent.ScheduledThreadPoolExecutor$ScheduledFutureTask.run(ScheduledThreadPoolExecutor.java:265)
12-18 16:57:57.709 W/System.err( 3002): 	at java.util.concurrent.ThreadPoolExecutor.runWorker(ThreadPoolExecutor.java:1112)
12-18 16:57:57.709 W/System.err( 3002): 	at java.util.concurrent.ThreadPoolExecutor$Worker.run(ThreadPoolExecutor.java:587)
12-18 16:57:57.709 W/System.err( 3002): 	at java.lang.Thread.run(Thread.java:841)
12-18 16:57:57.709 I/System.out( 3002): RxCache: ProcessorProvidersBehaviour-getData-record:null
12-18 16:57:57.709 I/System.out( 3002): RxCache: ProcessorProvidersBehaviour-getData-use loader first
12-18 16:57:57.711 D/pcapcmcc4( 3047): send_tcp_data_to_server_new: 2
12-18 16:57:57.711 D/pcapcmcc4( 3047): --- Send session --- Addr(1, 100.97.24.113 ~ 183.235.11.39) 
12-18 16:57:57.711 D/pcapcmcc4( 3047):  	 HTTPDATA:100.97.24.113#41211#183.235.11.39#8082#47608#47608#47608#47659#47608#47617#47659#856#5#0#7770#8298#8#0#183.235.11.39:8082#/epg/api/page/biz_00892473.json#200#13#0#0#2#4170240#4170240#4170240#0#0#0#
12-18 16:57:57.711 D/pcapcmcc4( 3047): 
12-18 16:57:57.711 D/pcapcmcc4( 3047): reset pkg_num!
12-18 16:57:57.714 I/System.out( 3002): RxCache: ProcessorProvidersBehaviour-getData-cacheRule: 0x100010
12-18 16:57:57.714 I/System.out( 3002): RxCache: RetrieveRecord-retrieveRecord:index-section , http://183.235.11.39:8082/epg/api/page/biz_92048955.json , 
12-18 16:57:57.714 I/System.out( 3002): RxCache: RetrieveRecord-retrieveRecord:record from memory is null
12-18 16:57:57.715 I/System.out( 3002): RxCache: RetrieveRecord-retrieveRecord:get record from persistence failure
12-18 16:57:57.715 W/System.err( 3002): java.lang.NullPointerException
12-18 16:57:57.715 D/pcapcmcc4( 3047): send_tcp_data_to_server_new: 2
12-18 16:57:57.715 W/System.err( 3002): 	at io.rx_cache2.internal.cache.RetrieveRecord.retrieveRecord(SourceFile:8)
12-18 16:57:57.715 D/pcapcmcc4( 3047): --- Send session --- Addr(1, 100.97.24.113 ~ 183.235.11.39) 
12-18 16:57:57.715 D/pcapcmcc4( 3047):  	 HTTPDATA:100.97.24.113#48139#183.235.11.39#8082#52216#52216#52216#52228#52216#52227#52228#1186#10#0#8558#9218#10#0#183.235.11.39:8082#/epg/api/page/biz_37131709.json#200#20#0#0#2#4194240#4194240#4194240#0#0#0#
12-18 16:57:57.715 D/pcapcmcc4( 3047): 
12-18 16:57:57.715 D/pcapcmcc4( 3047): reset pkg_num!
12-18 16:57:57.715 W/System.err( 3002): 	at io.rx_cache2.internal.cache.TwoLayersCache.retrieve(SourceFile:1)
12-18 16:57:57.716 W/System.err( 3002): 	at io.rx_cache2.internal.ProcessorProvidersBehaviour.getData(SourceFile:2)
12-18 16:57:57.716 W/System.err( 3002): 	at io.rx_cache2.internal.ProcessorProvidersBehaviour$3.call(SourceFile:3)
12-18 16:57:57.716 W/System.err( 3002): 	at io.rx_cache2.internal.ProcessorProvidersBehaviour$3.call(SourceFile:1)
12-18 16:57:57.716 W/System.err( 3002): 	at io.reactivex.internal.operators.observable.ObservableDefer.subscribeActual(SourceFile:1)
12-18 16:57:57.716 W/System.err( 3002): 	at io.reactivex.Observable.subscribe(SourceFile:14)
12-18 16:57:57.716 I/CircleCornerLayout( 3002): draw
12-18 16:57:57.716 W/System.err( 3002): 	at io.reactivex.internal.operators.observable.ObservableDoOnEach.subscribeActual(SourceFile:1)
12-18 16:57:57.716 W/System.err( 3002): 	at io.reactivex.Observable.subscribe(SourceFile:14)
12-18 16:57:57.716 W/System.err( 3002): 	at io.reactivex.internal.operators.observable.ObservableFlatMap$MergeObserver.subscribeInner(SourceFile:11)
12-18 16:57:57.716 W/System.err( 3002): 	at io.reactivex.internal.operators.observable.ObservableFlatMap$MergeObserver.onNext(SourceFile:10)
12-18 16:57:57.716 W/System.err( 3002): 	at io.reactivex.internal.operators.observable.ObservableFromIterable$FromIterableDisposable.run(SourceFile:3)
12-18 16:57:57.716 W/System.err( 3002): 	at io.reactivex.internal.operators.observable.ObservableFromIterable.subscribeActual(SourceFile:7)
12-18 16:57:57.716 W/System.err( 3002): 	at io.reactivex.Observable.subscribe(SourceFile:14)
12-18 16:57:57.716 W/System.err( 3002): 	at io.reactivex.internal.operators.observable.ObservableFlatMap.subscribeActual(SourceFile:2)
12-18 16:57:57.716 W/System.err( 3002): 	at io.reactivex.Observable.subscribe(SourceFile:14)
12-18 16:57:57.716 W/System.err( 3002): 	at io.reactivex.internal.operators.observable.ObservableSubscribeOn$SubscribeTask.run(SourceFile:1)
12-18 16:57:57.716 W/System.err( 3002): 	at io.reactivex.Scheduler$DisposeTask.run(SourceFile:2)
12-18 16:57:57.716 W/System.err( 3002): 	at io.reactivex.internal.schedulers.ScheduledRunnable.run(SourceFile:2)
12-18 16:57:57.716 W/System.err( 3002): 	at io.reactivex.internal.schedulers.ScheduledRunnable.call(SourceFile:1)
12-18 16:57:57.716 W/System.err( 3002): 	at java.util.concurrent.FutureTask.run(FutureTask.java:237)
12-18 16:57:57.716 W/System.err( 3002): 	at java.util.concurrent.ScheduledThreadPoolExecutor$ScheduledFutureTask.access$201(ScheduledThreadPoolExecutor.java:152)
12-18 16:57:57.716 W/System.err( 3002): 	at java.util.concurrent.ScheduledThreadPoolExecutor$ScheduledFutureTask.run(ScheduledThreadPoolExecutor.java:265)
12-18 16:57:57.717 W/System.err( 3002): 	at java.util.concurrent.ThreadPoolExecutor.runWorker(ThreadPoolExecutor.java:1112)
12-18 16:57:57.717 W/System.err( 3002): 	at java.util.concurrent.ThreadPoolExecutor$Worker.run(ThreadPoolExecutor.java:587)
12-18 16:57:57.717 W/System.err( 3002): 	at java.lang.Thread.run(Thread.java:841)
12-18 16:57:57.717 I/System.out( 3002): RxCache: ProcessorProvidersBehaviour-getData-record:null
12-18 16:57:57.717 I/System.out( 3002): RxCache: ProcessorProvidersBehaviour-getData-use loader first
12-18 16:57:57.717 I/System.out( 3002): RxCache: ProcessorProvidersBehaviour-getData-cacheRule: 0x100010
12-18 16:57:57.717 I/System.out( 3002): RxCache: RetrieveRecord-retrieveRecord:index-section , http://183.235.11.39:8082/epg/api/page/biz_49451473.json , 
12-18 16:57:57.717 I/System.out( 3002): RxCache: RetrieveRecord-retrieveRecord:record from memory is null
12-18 16:57:57.718 I/System.out( 3002): RxCache: RetrieveRecord-retrieveRecord:get record from persistence failure
12-18 16:57:57.718 W/System.err( 3002): java.lang.NullPointerException
12-18 16:57:57.719 W/System.err( 3002): 	at io.rx_cache2.internal.cache.RetrieveRecord.retrieveRecord(SourceFile:8)
12-18 16:57:57.719 W/System.err( 3002): 	at io.rx_cache2.internal.cache.TwoLayersCache.retrieve(SourceFile:1)
12-18 16:57:57.719 W/System.err( 3002): 	at io.rx_cache2.internal.ProcessorProvidersBehaviour.getData(SourceFile:2)
12-18 16:57:57.719 W/System.err( 3002): 	at io.rx_cache2.internal.ProcessorProvidersBehaviour$3.call(SourceFile:3)
12-18 16:57:57.719 W/System.err( 3002): 	at io.rx_cache2.internal.ProcessorProvidersBehaviour$3.call(SourceFile:1)
12-18 16:57:57.719 W/System.err( 3002): 	at io.reactivex.internal.operators.observable.ObservableDefer.subscribeActual(SourceFile:1)
12-18 16:57:57.719 W/System.err( 3002): 	at io.reactivex.Observable.subscribe(SourceFile:14)
12-18 16:57:57.719 W/System.err( 3002): 	at io.reactivex.internal.operators.observable.ObservableDoOnEach.subscribeActual(SourceFile:1)
12-18 16:57:57.719 W/System.err( 3002): 	at io.reactivex.Observable.subscribe(SourceFile:14)
12-18 16:57:57.719 W/System.err( 3002): 	at io.reactivex.internal.operators.observable.ObservableFlatMap$MergeObserver.subscribeInner(SourceFile:11)
12-18 16:57:57.719 W/System.err( 3002): 	at io.reactivex.internal.operators.observable.ObservableFlatMap$MergeObserver.onNext(SourceFile:10)
12-18 16:57:57.719 W/System.err( 3002): 	at io.reactivex.internal.operators.observable.ObservableFromIterable$FromIterableDisposable.run(SourceFile:3)
12-18 16:57:57.719 W/System.err( 3002): 	at io.reactivex.internal.operators.observable.ObservableFromIterable.subscribeActual(SourceFile:7)
12-18 16:57:57.719 W/System.err( 3002): 	at io.reactivex.Observable.subscribe(SourceFile:14)
12-18 16:57:57.719 W/System.err( 3002): 	at io.reactivex.internal.operators.observable.ObservableFlatMap.subscribeActual(SourceFile:2)
12-18 16:57:57.719 W/System.err( 3002): 	at io.reactivex.Observable.subscribe(SourceFile:14)
12-18 16:57:57.719 W/System.err( 3002): 	at io.reactivex.internal.operators.observable.ObservableSubscribeOn$SubscribeTask.run(SourceFile:1)
12-18 16:57:57.719 W/System.err( 3002): 	at io.reactivex.Scheduler$DisposeTask.run(SourceFile:2)
12-18 16:57:57.719 W/System.err( 3002): 	at io.reactivex.internal.schedulers.ScheduledRunnable.run(SourceFile:2)
12-18 16:57:57.719 W/System.err( 3002): 	at io.reactivex.internal.schedulers.ScheduledRunnable.call(SourceFile:1)
12-18 16:57:57.719 W/System.err( 3002): 	at java.util.concurrent.FutureTask.run(FutureTask.java:237)
12-18 16:57:57.719 W/System.err( 3002): 	at java.util.concurrent.ScheduledThreadPoolExecutor$ScheduledFutureTask.access$201(ScheduledThreadPoolExecutor.java:152)
12-18 16:57:57.719 W/System.err( 3002): 	at java.util.concurrent.ScheduledThreadPoolExecutor$ScheduledFutureTask.run(ScheduledThreadPoolExecutor.java:265)
12-18 16:57:57.719 W/System.err( 3002): 	at java.util.concurrent.ThreadPoolExecutor.runWorker(ThreadPoolExecutor.java:1112)
12-18 16:57:57.719 W/System.err( 3002): 	at java.util.concurrent.ThreadPoolExecutor$Worker.run(ThreadPoolExecutor.java:587)
12-18 16:57:57.719 W/System.err( 3002): 	at java.lang.Thread.run(Thread.java:841)
12-18 16:57:57.719 I/System.out( 3002): RxCache: ProcessorProvidersBehaviour-getData-record:null
12-18 16:57:57.719 I/System.out( 3002): RxCache: ProcessorProvidersBehaviour-getData-use loader first
12-18 16:57:57.720 I/bt-hci  ( 3446): BLE HCI(id=62) event = 0x02)
12-18 16:57:57.720 I/bt-hci  ( 3446): btu_ble_process_adv_pkt
12-18 16:57:57.720 D/BtGatt.btif( 3446): btif_gattc_upstreams_evt: Event 4096
12-18 16:57:57.720 D/BtGatt.GattService( 3446): onScanResult() - address=01:A7:63:76:F3:9F, rssi=-46
12-18 16:57:57.721 D/BluetoothAdapter( 3577): onScanResult() - Device=01:A7:63:76:F3:9F RSSI=-46
12-18 16:57:57.722 I/CircleCornerLayout( 3002): draw
12-18 16:57:57.724 D/pcapcmcc4( 3047): send_tcp_data_to_server_new: 2
12-18 16:57:57.724 D/pcapcmcc4( 3047): --- Send session --- Addr(1, 100.97.24.113 ~ 183.235.11.39) 
12-18 16:57:57.724 D/pcapcmcc4( 3047):  	 HTTPDATA:100.97.24.113#56638#183.235.11.39#8082#52221#52221#52221#52232#52221#52231#52232#856#5#0#10216#11008#12#0#183.235.11.39:8082#/epg/api/page/biz_00294483.json#200#17#0#0#2#4170240#4170240#4170240#0#0#0#
12-18 16:57:57.724 D/pcapcmcc4( 3047): 
12-18 16:57:57.724 D/pcapcmcc4( 3047): reset pkg_num!
12-18 16:57:57.726 D/pcapcmcc4( 3047): send_tcp_data_to_server_new: 2
12-18 16:57:57.726 D/pcapcmcc4( 3047): --- Send session --- Addr(1, 100.97.24.113 ~ 183.235.11.39) 
12-18 16:57:57.726 D/pcapcmcc4( 3047):  	 HTTPDATA:100.97.24.113#41211#183.235.11.39#8082#52227#52227#52227#52237#52227#52236#52237#922#6#0#6034#6430#6#0#183.235.11.39:8082#/epg/api/page/biz_07166271.json#200#12#0#0#2#4170240#4170240#4170240#0#0#0#
12-18 16:57:57.726 D/pcapcmcc4( 3047): 
12-18 16:57:57.726 D/pcapcmcc4( 3047): reset pkg_num!
12-18 16:57:57.728 I/bt-hci  ( 3446): BLE HCI(id=62) event = 0x02)
12-18 16:57:57.728 I/bt-hci  ( 3446): btu_ble_process_adv_pkt
12-18 16:57:57.728 W/bt-btm  ( 3446): scan_type:1, evt_type:0
12-18 16:57:57.729 I/System.out( 3002): RxCache: ProcessorProvidersBehaviour-getData-cacheRule: 0x100010
12-18 16:57:57.729 I/System.out( 3002): RxCache: RetrieveRecord-retrieveRecord:index-section , http://183.235.11.39:8082/epg/api/page/biz_54755480.json , 
12-18 16:57:57.730 I/System.out( 3002): RxCache: RetrieveRecord-retrieveRecord:record from memory is null
12-18 16:57:57.730 I/System.out( 3002): RxCache: RetrieveRecord-retrieveRecord:get record from persistence failure
12-18 16:57:57.730 W/System.err( 3002): java.lang.NullPointerException
12-18 16:57:57.731 W/System.err( 3002): 	at io.rx_cache2.internal.cache.RetrieveRecord.retrieveRecord(SourceFile:8)
12-18 16:57:57.731 W/System.err( 3002): 	at io.rx_cache2.internal.cache.TwoLayersCache.retrieve(SourceFile:1)
12-18 16:57:57.731 W/System.err( 3002): 	at io.rx_cache2.internal.ProcessorProvidersBehaviour.getData(SourceFile:2)
12-18 16:57:57.731 W/System.err( 3002): 	at io.rx_cache2.internal.ProcessorProvidersBehaviour$3.call(SourceFile:3)
12-18 16:57:57.731 W/System.err( 3002): 	at io.rx_cache2.internal.ProcessorProvidersBehaviour$3.call(SourceFile:1)
12-18 16:57:57.731 W/System.err( 3002): 	at io.reactivex.internal.operators.observable.ObservableDefer.subscribeActual(SourceFile:1)
12-18 16:57:57.731 W/System.err( 3002): 	at io.reactivex.Observable.subscribe(SourceFile:14)
12-18 16:57:57.731 W/System.err( 3002): 	at io.reactivex.internal.operators.observable.ObservableDoOnEach.subscribeActual(SourceFile:1)
12-18 16:57:57.731 W/System.err( 3002): 	at io.reactivex.Observable.subscribe(SourceFile:14)
12-18 16:57:57.731 W/System.err( 3002): 	at io.reactivex.internal.operators.observable.ObservableFlatMap$MergeObserver.subscribeInner(SourceFile:11)
12-18 16:57:57.731 W/System.err( 3002): 	at io.reactivex.internal.operators.observable.ObservableFlatMap$MergeObserver.onNext(SourceFile:10)
12-18 16:57:57.731 W/System.err( 3002): 	at io.reactivex.internal.operators.observable.ObservableFromIterable$FromIterableDisposable.run(SourceFile:3)
12-18 16:57:57.731 W/System.err( 3002): 	at io.reactivex.internal.operators.observable.ObservableFromIterable.subscribeActual(SourceFile:7)
12-18 16:57:57.731 W/System.err( 3002): 	at io.reactivex.Observable.subscribe(SourceFile:14)
12-18 16:57:57.731 W/System.err( 3002): 	at io.reactivex.internal.operators.observable.ObservableFlatMap.subscribeActual(SourceFile:2)
12-18 16:57:57.731 W/System.err( 3002): 	at io.reactivex.Observable.subscribe(SourceFile:14)
12-18 16:57:57.731 W/System.err( 3002): 	at io.reactivex.internal.operators.observable.ObservableSubscribeOn$SubscribeTask.run(SourceFile:1)
12-18 16:57:57.731 W/System.err( 3002): 	at io.reactivex.Scheduler$DisposeTask.run(SourceFile:2)
12-18 16:57:57.731 W/System.err( 3002): 	at io.reactivex.internal.schedulers.ScheduledRunnable.run(SourceFile:2)
12-18 16:57:57.731 W/System.err( 3002): 	at io.reactivex.internal.schedulers.ScheduledRunnable.call(SourceFile:1)
12-18 16:57:57.732 W/System.err( 3002): 	at java.util.concurrent.FutureTask.run(FutureTask.java:237)
12-18 16:57:57.732 W/System.err( 3002): 	at java.util.concurrent.ScheduledThreadPoolExecutor$ScheduledFutureTask.access$201(ScheduledThreadPoolExecutor.java:152)
12-18 16:57:57.732 W/System.err( 3002): 	at java.util.concurrent.ScheduledThreadPoolExecutor$ScheduledFutureTask.run(ScheduledThreadPoolExecutor.java:265)
12-18 16:57:57.732 W/System.err( 3002): 	at java.util.concurrent.ThreadPoolExecutor.runWorker(ThreadPoolExecutor.java:1112)
12-18 16:57:57.732 W/System.err( 3002): 	at java.util.concurrent.ThreadPoolExecutor$Worker.run(ThreadPoolExecutor.java:587)
12-18 16:57:57.732 W/System.err( 3002): 	at java.lang.Thread.run(Thread.java:841)
12-18 16:57:57.732 I/System.out( 3002): RxCache: ProcessorProvidersBehaviour-getData-record:null
12-18 16:57:57.732 I/System.out( 3002): RxCache: ProcessorProvidersBehaviour-getData-use loader first
12-18 16:57:57.732 I/System.out( 3002): RxCache: ProcessorProvidersBehaviour-getData-cacheRule: 0x100010
12-18 16:57:57.732 I/System.out( 3002): RxCache: RetrieveRecord-retrieveRecord:index-section , http://183.235.11.39:8082/epg/api/page/biz_98903263.json , 
12-18 16:57:57.732 I/System.out( 3002): RxCache: RetrieveRecord-retrieveRecord:record from memory is null
12-18 16:57:57.733 I/System.out( 3002): RxCache: RetrieveRecord-retrieveRecord:get record from persistence failure
12-18 16:57:57.733 W/System.err( 3002): java.lang.NullPointerException
12-18 16:57:57.733 W/System.err( 3002): 	at io.rx_cache2.internal.cache.RetrieveRecord.retrieveRecord(SourceFile:8)
12-18 16:57:57.733 W/System.err( 3002): 	at io.rx_cache2.internal.cache.TwoLayersCache.retrieve(SourceFile:1)
12-18 16:57:57.734 W/System.err( 3002): 	at io.rx_cache2.internal.ProcessorProvidersBehaviour.getData(SourceFile:2)
12-18 16:57:57.734 W/System.err( 3002): 	at io.rx_cache2.internal.ProcessorProvidersBehaviour$3.call(SourceFile:3)
12-18 16:57:57.734 W/System.err( 3002): 	at io.rx_cache2.internal.ProcessorProvidersBehaviour$3.call(SourceFile:1)
12-18 16:57:57.734 W/System.err( 3002): 	at io.reactivex.internal.operators.observable.ObservableDefer.subscribeActual(SourceFile:1)
12-18 16:57:57.734 W/System.err( 3002): 	at io.reactivex.Observable.subscribe(SourceFile:14)
12-18 16:57:57.734 W/System.err( 3002): 	at io.reactivex.internal.operators.observable.ObservableDoOnEach.subscribeActual(SourceFile:1)
12-18 16:57:57.734 W/System.err( 3002): 	at io.reactivex.Observable.subscribe(SourceFile:14)
12-18 16:57:57.734 W/System.err( 3002): 	at io.reactivex.internal.operators.observable.ObservableFlatMap$MergeObserver.subscribeInner(SourceFile:11)
12-18 16:57:57.734 W/System.err( 3002): 	at io.reactivex.internal.operators.observable.ObservableFlatMap$MergeObserver.onNext(SourceFile:10)
12-18 16:57:57.734 W/System.err( 3002): 	at io.reactivex.internal.operators.observable.ObservableFromIterable$FromIterableDisposable.run(SourceFile:3)
12-18 16:57:57.734 W/System.err( 3002): 	at io.reactivex.internal.operators.observable.ObservableFromIterable.subscribeActual(SourceFile:7)
12-18 16:57:57.734 W/System.err( 3002): 	at io.reactivex.Observable.subscribe(SourceFile:14)
12-18 16:57:57.734 W/System.err( 3002): 	at io.reactivex.internal.operators.observable.ObservableFlatMap.subscribeActual(SourceFile:2)
12-18 16:57:57.734 W/System.err( 3002): 	at io.reactivex.Observable.subscribe(SourceFile:14)
12-18 16:57:57.734 W/System.err( 3002): 	at io.reactivex.internal.operators.observable.ObservableSubscribeOn$SubscribeTask.run(SourceFile:1)
12-18 16:57:57.734 W/System.err( 3002): 	at io.reactivex.Scheduler$DisposeTask.run(SourceFile:2)
12-18 16:57:57.734 W/System.err( 3002): 	at io.reactivex.internal.schedulers.ScheduledRunnable.run(SourceFile:2)
12-18 16:57:57.734 W/System.err( 3002): 	at io.reactivex.internal.schedulers.ScheduledRunnable.call(SourceFile:1)
12-18 16:57:57.734 W/System.err( 3002): 	at java.util.concurrent.FutureTask.run(FutureTask.java:237)
12-18 16:57:57.734 W/System.err( 3002): 	at java.util.concurrent.ScheduledThreadPoolExecutor$ScheduledFutureTask.access$201(ScheduledThreadPoolExecutor.java:152)
