12-18 16:57:57.734 W/System.err( 3002): 	at java.util.concurrent.ScheduledThreadPoolExecutor$ScheduledFutureTask.run(ScheduledThreadPoolExecutor.java:265)
12-18 16:57:57.734 W/System.err( 3002): 	at java.util.concurrent.ThreadPoolExecutor.runWorker(ThreadPoolExecutor.java:1112)
12-18 16:57:57.734 W/System.err( 3002): 	at java.util.concurrent.ThreadPoolExecutor$Worker.run(ThreadPoolExecutor.java:587)
12-18 16:57:57.734 W/System.err( 3002): 	at java.lang.Thread.run(Thread.java:841)
12-18 16:57:57.734 I/System.out( 3002): RxCache: ProcessorProvidersBehaviour-getData-record:null
12-18 16:57:57.734 I/System.out( 3002): RxCache: ProcessorProvidersBehaviour-getData-use loader first
12-18 16:57:57.735 I/System.out( 3002): RxCache: ProcessorProvidersBehaviour-getData-cacheRule: 0x100010
12-18 16:57:57.735 I/System.out( 3002): RxCache: RetrieveRecord-retrieveRecord:index-section , http://183.235.11.39:8082/epg/api/page/biz_40859884.json , 
12-18 16:57:57.735 I/System.out( 3002): RxCache: RetrieveRecord-retrieveRecord:record from memory is null
12-18 16:57:57.735 I/System.out( 3002): RxCache: RetrieveRecord-retrieveRecord:get record from persistence failure
12-18 16:57:57.735 W/System.err( 3002): java.lang.NullPointerException
12-18 16:57:57.736 W/System.err( 3002): 	at io.rx_cache2.internal.cache.RetrieveRecord.retrieveRecord(SourceFile:8)
12-18 16:57:57.736 W/System.err( 3002): 	at io.rx_cache2.internal.cache.TwoLayersCache.retrieve(SourceFile:1)
12-18 16:57:57.736 W/System.err( 3002): 	at io.rx_cache2.internal.ProcessorProvidersBehaviour.getData(SourceFile:2)
12-18 16:57:57.736 W/System.err( 3002): 	at io.rx_cache2.internal.ProcessorProvidersBehaviour$3.call(SourceFile:3)
12-18 16:57:57.736 W/System.err( 3002): 	at io.rx_cache2.internal.ProcessorProvidersBehaviour$3.call(SourceFile:1)
12-18 16:57:57.736 W/System.err( 3002): 	at io.reactivex.internal.operators.observable.ObservableDefer.subscribeActual(SourceFile:1)
12-18 16:57:57.736 W/System.err( 3002): 	at io.reactivex.Observable.subscribe(SourceFile:14)
12-18 16:57:57.736 W/System.err( 3002): 	at io.reactivex.internal.operators.observable.ObservableDoOnEach.subscribeActual(SourceFile:1)
12-18 16:57:57.736 W/System.err( 3002): 	at io.reactivex.Observable.subscribe(SourceFile:14)
12-18 16:57:57.736 W/System.err( 3002): 	at io.reactivex.internal.operators.observable.ObservableFlatMap$MergeObserver.subscribeInner(SourceFile:11)
12-18 16:57:57.736 W/System.err( 3002): 	at io.reactivex.internal.operators.observable.ObservableFlatMap$MergeObserver.onNext(SourceFile:10)
12-18 16:57:57.736 W/System.err( 3002): 	at io.reactivex.internal.operators.observable.ObservableFromIterable$FromIterableDisposable.run(SourceFile:3)
12-18 16:57:57.736 W/System.err( 3002): 	at io.reactivex.internal.operators.observable.ObservableFromIterable.subscribeActual(SourceFile:7)
12-18 16:57:57.736 W/System.err( 3002): 	at io.reactivex.Observable.subscribe(SourceFile:14)
12-18 16:57:57.736 W/System.err( 3002): 	at io.reactivex.internal.operators.observable.ObservableFlatMap.subscribeActual(SourceFile:2)
12-18 16:57:57.736 W/System.err( 3002): 	at io.reactivex.Observable.subscribe(SourceFile:14)
12-18 16:57:57.736 W/System.err( 3002): 	at io.reactivex.internal.operators.observable.ObservableSubscribeOn$SubscribeTask.run(SourceFile:1)
12-18 16:57:57.736 W/System.err( 3002): 	at io.reactivex.Scheduler$DisposeTask.run(SourceFile:2)
12-18 16:57:57.737 W/System.err( 3002): 	at io.reactivex.internal.schedulers.ScheduledRunnable.run(SourceFile:2)
12-18 16:57:57.737 W/System.err( 3002): 	at io.reactivex.internal.schedulers.ScheduledRunnable.call(SourceFile:1)
12-18 16:57:57.737 W/System.err( 3002): 	at java.util.concurrent.FutureTask.run(FutureTask.java:237)
12-18 16:57:57.737 W/System.err( 3002): 	at java.util.concurrent.ScheduledThreadPoolExecutor$ScheduledFutureTask.access$201(ScheduledThreadPoolExecutor.java:152)
12-18 16:57:57.737 W/System.err( 3002): 	at java.util.concurrent.ScheduledThreadPoolExecutor$ScheduledFutureTask.run(ScheduledThreadPoolExecutor.java:265)
12-18 16:57:57.737 W/System.err( 3002): 	at java.util.concurrent.ThreadPoolExecutor.runWorker(ThreadPoolExecutor.java:1112)
12-18 16:57:57.737 W/System.err( 3002): 	at java.util.concurrent.ThreadPoolExecutor$Worker.run(ThreadPoolExecutor.java:587)
12-18 16:57:57.737 W/System.err( 3002): 	at java.lang.Thread.run(Thread.java:841)
12-18 16:57:57.737 I/System.out( 3002): RxCache: ProcessorProvidersBehaviour-getData-record:null
12-18 16:57:57.737 I/System.out( 3002): RxCache: ProcessorProvidersBehaviour-getData-use loader first
12-18 16:57:57.737 D/pcapcmcc4( 3047): send_tcp_data_to_server_new: 2
12-18 16:57:57.737 I/System.out( 3002): RxCache: ProcessorProvidersBehaviour-getData-cacheRule: 0x100010
12-18 16:57:57.737 I/System.out( 3002): RxCache: RetrieveRecord-retrieveRecord:index-section , http://183.235.11.39:8082/epg/api/page/biz_07692647.json , 
12-18 16:57:57.737 I/System.out( 3002): RxCache: RetrieveRecord-retrieveRecord:record from memory is null
12-18 16:57:57.738 D/pcapcmcc4( 3047): --- Send session --- Addr(1, 100.97.24.113 ~ 183.235.11.39) 
12-18 16:57:57.738 D/pcapcmcc4( 3047):  	 HTTPDATA:100.97.24.113#48139#183.235.11.39#8082#52231#52231#52231#52242#52231#52241#52242#790#4#0#6814#7276#7#0#183.235.11.39:8082#/epg/api/page/biz_97867548.json#200#11#0#0#2#4194240#4194240#4194240#0#0#0#
12-18 16:57:57.738 D/pcapcmcc4( 3047): 
12-18 16:57:57.738 D/pcapcmcc4( 3047): reset pkg_num!
12-18 16:57:57.738 I/System.out( 3002): RxCache: RetrieveRecord-retrieveRecord:get record from persistence failure
12-18 16:57:57.738 W/System.err( 3002): java.lang.NullPointerException
12-18 16:57:57.739 W/System.err( 3002): 	at io.rx_cache2.internal.cache.RetrieveRecord.retrieveRecord(SourceFile:8)
12-18 16:57:57.739 W/System.err( 3002): 	at io.rx_cache2.internal.cache.TwoLayersCache.retrieve(SourceFile:1)
12-18 16:57:57.739 W/System.err( 3002): 	at io.rx_cache2.internal.ProcessorProvidersBehaviour.getData(SourceFile:2)
12-18 16:57:57.739 W/System.err( 3002): 	at io.rx_cache2.internal.ProcessorProvidersBehaviour$3.call(SourceFile:3)
12-18 16:57:57.739 W/System.err( 3002): 	at io.rx_cache2.internal.ProcessorProvidersBehaviour$3.call(SourceFile:1)
12-18 16:57:57.739 W/System.err( 3002): 	at io.reactivex.internal.operators.observable.ObservableDefer.subscribeActual(SourceFile:1)
12-18 16:57:57.739 W/System.err( 3002): 	at io.reactivex.Observable.subscribe(SourceFile:14)
12-18 16:57:57.739 W/System.err( 3002): 	at io.reactivex.internal.operators.observable.ObservableDoOnEach.subscribeActual(SourceFile:1)
12-18 16:57:57.739 W/System.err( 3002): 	at io.reactivex.Observable.subscribe(SourceFile:14)
12-18 16:57:57.739 W/System.err( 3002): 	at io.reactivex.internal.operators.observable.ObservableFlatMap$MergeObserver.subscribeInner(SourceFile:11)
12-18 16:57:57.739 W/System.err( 3002): 	at io.reactivex.internal.operators.observable.ObservableFlatMap$MergeObserver.onNext(SourceFile:10)
12-18 16:57:57.739 W/System.err( 3002): 	at io.reactivex.internal.operators.observable.ObservableFromIterable$FromIterableDisposable.run(SourceFile:3)
12-18 16:57:57.739 W/System.err( 3002): 	at io.reactivex.internal.operators.observable.ObservableFromIterable.subscribeActual(SourceFile:7)
12-18 16:57:57.739 W/System.err( 3002): 	at io.reactivex.Observable.subscribe(SourceFile:14)
12-18 16:57:57.739 W/System.err( 3002): 	at io.reactivex.internal.operators.observable.ObservableFlatMap.subscribeActual(SourceFile:2)
12-18 16:57:57.739 W/System.err( 3002): 	at io.reactivex.Observable.subscribe(SourceFile:14)
12-18 16:57:57.739 W/System.err( 3002): 	at io.reactivex.internal.operators.observable.ObservableSubscribeOn$SubscribeTask.run(SourceFile:1)
12-18 16:57:57.739 W/System.err( 3002): 	at io.reactivex.Scheduler$DisposeTask.run(SourceFile:2)
12-18 16:57:57.739 W/System.err( 3002): 	at io.reactivex.internal.schedulers.ScheduledRunnable.run(SourceFile:2)
12-18 16:57:57.740 W/System.err( 3002): 	at io.reactivex.internal.schedulers.ScheduledRunnable.call(SourceFile:1)
12-18 16:57:57.740 W/System.err( 3002): 	at java.util.concurrent.FutureTask.run(FutureTask.java:237)
12-18 16:57:57.740 W/System.err( 3002): 	at java.util.concurrent.ScheduledThreadPoolExecutor$ScheduledFutureTask.access$201(ScheduledThreadPoolExecutor.java:152)
12-18 16:57:57.740 W/System.err( 3002): 	at java.util.concurrent.ScheduledThreadPoolExecutor$ScheduledFutureTask.run(ScheduledThreadPoolExecutor.java:265)
12-18 16:57:57.740 W/System.err( 3002): 	at java.util.concurrent.ThreadPoolExecutor.runWorker(ThreadPoolExecutor.java:1112)
12-18 16:57:57.740 W/System.err( 3002): 	at java.util.concurrent.ThreadPoolExecutor$Worker.run(ThreadPoolExecutor.java:587)
12-18 16:57:57.740 W/System.err( 3002): 	at java.lang.Thread.run(Thread.java:841)
12-18 16:57:57.740 I/System.out( 3002): RxCache: ProcessorProvidersBehaviour-getData-record:null
12-18 16:57:57.740 I/System.out( 3002): RxCache: ProcessorProvidersBehaviour-getData-use loader first
12-18 16:57:57.740 I/System.out( 3002): RxCache: ProcessorProvidersBehaviour-getData-cacheRule: 0x100010
12-18 16:57:57.740 I/System.out( 3002): RxCache: RetrieveRecord-retrieveRecord:index-section , http://183.235.11.39:8082/epg/api/page/biz_42858963.json , 
12-18 16:57:57.740 I/System.out( 3002): RxCache: RetrieveRecord-retrieveRecord:record from memory is null
12-18 16:57:57.741 I/System.out( 3002): RxCache: RetrieveRecord-retrieveRecord:get record from persistence failure
12-18 16:57:57.741 W/System.err( 3002): java.lang.NullPointerException
12-18 16:57:57.741 I/CircleCornerLayout( 3002): draw
12-18 16:57:57.741 I/CircleCornerLayout( 3002): draw
12-18 16:57:57.741 W/System.err( 3002): 	at io.rx_cache2.internal.cache.RetrieveRecord.retrieveRecord(SourceFile:8)
12-18 16:57:57.742 I/CircleCornerLayout( 3002): draw
12-18 16:57:57.742 W/System.err( 3002): 	at io.rx_cache2.internal.cache.TwoLayersCache.retrieve(SourceFile:1)
12-18 16:57:57.742 W/System.err( 3002): 	at io.rx_cache2.internal.ProcessorProvidersBehaviour.getData(SourceFile:2)
12-18 16:57:57.742 W/System.err( 3002): 	at io.rx_cache2.internal.ProcessorProvidersBehaviour$3.call(SourceFile:3)
12-18 16:57:57.742 W/System.err( 3002): 	at io.rx_cache2.internal.ProcessorProvidersBehaviour$3.call(SourceFile:1)
12-18 16:57:57.742 W/System.err( 3002): 	at io.reactivex.internal.operators.observable.ObservableDefer.subscribeActual(SourceFile:1)
12-18 16:57:57.742 W/System.err( 3002): 	at io.reactivex.Observable.subscribe(SourceFile:14)
12-18 16:57:57.742 W/System.err( 3002): 	at io.reactivex.internal.operators.observable.ObservableDoOnEach.subscribeActual(SourceFile:1)
12-18 16:57:57.742 W/System.err( 3002): 	at io.reactivex.Observable.subscribe(SourceFile:14)
12-18 16:57:57.742 W/System.err( 3002): 	at io.reactivex.internal.operators.observable.ObservableFlatMap$MergeObserver.subscribeInner(SourceFile:11)
12-18 16:57:57.742 W/System.err( 3002): 	at io.reactivex.internal.operators.observable.ObservableFlatMap$MergeObserver.onNext(SourceFile:10)
12-18 16:57:57.742 W/System.err( 3002): 	at io.reactivex.internal.operators.observable.ObservableFromIterable$FromIterableDisposable.run(SourceFile:3)
12-18 16:57:57.742 W/System.err( 3002): 	at io.reactivex.internal.operators.observable.ObservableFromIterable.subscribeActual(SourceFile:7)
12-18 16:57:57.742 W/System.err( 3002): 	at io.reactivex.Observable.subscribe(SourceFile:14)
12-18 16:57:57.742 W/System.err( 3002): 	at io.reactivex.internal.operators.observable.ObservableFlatMap.subscribeActual(SourceFile:2)
12-18 16:57:57.742 W/System.err( 3002): 	at io.reactivex.Observable.subscribe(SourceFile:14)
12-18 16:57:57.742 W/System.err( 3002): 	at io.reactivex.internal.operators.observable.ObservableSubscribeOn$SubscribeTask.run(SourceFile:1)
12-18 16:57:57.742 W/System.err( 3002): 	at io.reactivex.Scheduler$DisposeTask.run(SourceFile:2)
12-18 16:57:57.742 W/System.err( 3002): 	at io.reactivex.internal.schedulers.ScheduledRunnable.run(SourceFile:2)
12-18 16:57:57.742 W/System.err( 3002): 	at io.reactivex.internal.schedulers.ScheduledRunnable.call(SourceFile:1)
12-18 16:57:57.742 W/System.err( 3002): 	at java.util.concurrent.FutureTask.run(FutureTask.java:237)
12-18 16:57:57.742 W/System.err( 3002): 	at java.util.concurrent.ScheduledThreadPoolExecutor$ScheduledFutureTask.access$201(ScheduledThreadPoolExecutor.java:152)
12-18 16:57:57.742 W/System.err( 3002): 	at java.util.concurrent.ScheduledThreadPoolExecutor$ScheduledFutureTask.run(ScheduledThreadPoolExecutor.java:265)
12-18 16:57:57.742 W/System.err( 3002): 	at java.util.concurrent.ThreadPoolExecutor.runWorker(ThreadPoolExecutor.java:1112)
12-18 16:57:57.742 W/System.err( 3002): 	at java.util.concurrent.ThreadPoolExecutor$Worker.run(ThreadPoolExecutor.java:587)
12-18 16:57:57.743 W/System.err( 3002): 	at java.lang.Thread.run(Thread.java:841)
12-18 16:57:57.743 I/System.out( 3002): RxCache: ProcessorProvidersBehaviour-getData-record:null
12-18 16:57:57.743 I/System.out( 3002): RxCache: ProcessorProvidersBehaviour-getData-use loader first
12-18 16:57:57.744 I/System.out( 3002): RxCache: ProcessorProvidersBehaviour-getData-cacheRule: 0x100010
12-18 16:57:57.744 I/System.out( 3002): RxCache: RetrieveRecord-retrieveRecord:index-section , http://183.235.11.39:8082/epg/api/page/biz_85348655.json , 
12-18 16:57:57.744 I/System.out( 3002): RxCache: RetrieveRecord-retrieveRecord:record from memory is null
12-18 16:57:57.744 D/pcapcmcc4( 3047): send_tcp_data_to_server_new: 2
12-18 16:57:57.744 D/pcapcmcc4( 3047): --- Send session --- Addr(1, 100.97.24.113 ~ 183.235.11.39) 
12-18 16:57:57.744 D/pcapcmcc4( 3047):  	 HTTPDATA:100.97.24.113#56638#183.235.11.39#8082#52239#52239#52239#52256#52239#52250#52256#1120#9#0#18303#19557#19#0#183.235.11.39:8082#/epg/api/page/biz_49451473.json#200#28#0#0#2#4170240#4170240#4170240#0#0#0#
12-18 16:57:57.744 D/pcapcmcc4( 3047): 
12-18 16:57:57.744 D/pcapcmcc4( 3047): reset pkg_num!
12-18 16:57:57.744 D/pcapcmcc4( 3047): send_tcp_data_to_server_new: 2
12-18 16:57:57.745 D/pcapcmcc4( 3047): --- Send session --- Addr(1, 100.97.24.113 ~ 183.235.11.39) 
12-18 16:57:57.745 D/pcapcmcc4( 3047):  	 HTTPDATA:100.97.24.113#41211#183.235.11.39#8082#52243#52243#52243#52257#52243#52252#52257#856#5#0#8695#9421#11#0#183.235.11.39:8082#/epg/api/page/biz_92048955.json#200#16#0#0#2#4170240#4170240#4170240#0#0#0#
12-18 16:57:57.745 D/pcapcmcc4( 3047): 
12-18 16:57:57.745 I/System.out( 3002): RxCache: RetrieveRecord-retrieveRecord:get record from persistence failure
12-18 16:57:57.745 D/pcapcmcc4( 3047): reset pkg_num!
12-18 16:57:57.745 W/System.err( 3002): java.lang.NullPointerException
12-18 16:57:57.745 W/System.err( 3002): 	at io.rx_cache2.internal.cache.RetrieveRecord.retrieveRecord(SourceFile:8)
12-18 16:57:57.745 W/System.err( 3002): 	at io.rx_cache2.internal.cache.TwoLayersCache.retrieve(SourceFile:1)
12-18 16:57:57.745 W/System.err( 3002): 	at io.rx_cache2.internal.ProcessorProvidersBehaviour.getData(SourceFile:2)
12-18 16:57:57.745 W/System.err( 3002): 	at io.rx_cache2.internal.ProcessorProvidersBehaviour$3.call(SourceFile:3)
12-18 16:57:57.745 W/System.err( 3002): 	at io.rx_cache2.internal.ProcessorProvidersBehaviour$3.call(SourceFile:1)
12-18 16:57:57.745 W/System.err( 3002): 	at io.reactivex.internal.operators.observable.ObservableDefer.subscribeActual(SourceFile:1)
12-18 16:57:57.745 W/System.err( 3002): 	at io.reactivex.Observable.subscribe(SourceFile:14)
12-18 16:57:57.745 W/System.err( 3002): 	at io.reactivex.internal.operators.observable.ObservableDoOnEach.subscribeActual(SourceFile:1)
12-18 16:57:57.746 W/System.err( 3002): 	at io.reactivex.Observable.subscribe(SourceFile:14)
12-18 16:57:57.746 W/System.err( 3002): 	at io.reactivex.internal.operators.observable.ObservableFlatMap$MergeObserver.subscribeInner(SourceFile:11)
12-18 16:57:57.746 W/System.err( 3002): 	at io.reactivex.internal.operators.observable.ObservableFlatMap$MergeObserver.onNext(SourceFile:10)
12-18 16:57:57.746 W/System.err( 3002): 	at io.reactivex.internal.operators.observable.ObservableFromIterable$FromIterableDisposable.run(SourceFile:3)
12-18 16:57:57.746 W/System.err( 3002): 	at io.reactivex.internal.operators.observable.ObservableFromIterable.subscribeActual(SourceFile:7)
12-18 16:57:57.746 W/System.err( 3002): 	at io.reactivex.Observable.subscribe(SourceFile:14)
12-18 16:57:57.746 W/System.err( 3002): 	at io.reactivex.internal.operators.observable.ObservableFlatMap.subscribeActual(SourceFile:2)
12-18 16:57:57.746 W/System.err( 3002): 	at io.reactivex.Observable.subscribe(SourceFile:14)
12-18 16:57:57.746 W/System.err( 3002): 	at io.reactivex.internal.operators.observable.ObservableSubscribeOn$SubscribeTask.run(SourceFile:1)
12-18 16:57:57.746 W/System.err( 3002): 	at io.reactivex.Scheduler$DisposeTask.run(SourceFile:2)
12-18 16:57:57.746 W/System.err( 3002): 	at io.reactivex.internal.schedulers.ScheduledRunnable.run(SourceFile:2)
12-18 16:57:57.746 W/System.err( 3002): 	at io.reactivex.internal.schedulers.ScheduledRunnable.call(SourceFile:1)
12-18 16:57:57.746 W/System.err( 3002): 	at java.util.concurrent.FutureTask.run(FutureTask.java:237)
12-18 16:57:57.746 W/System.err( 3002): 	at java.util.concurrent.ScheduledThreadPoolExecutor$ScheduledFutureTask.access$201(ScheduledThreadPoolExecutor.java:152)
12-18 16:57:57.746 W/System.err( 3002): 	at java.util.concurrent.ScheduledThreadPoolExecutor$ScheduledFutureTask.run(ScheduledThreadPoolExecutor.java:265)
12-18 16:57:57.746 W/System.err( 3002): 	at java.util.concurrent.ThreadPoolExecutor.runWorker(ThreadPoolExecutor.java:1112)
12-18 16:57:57.746 W/System.err( 3002): 	at java.util.concurrent.ThreadPoolExecutor$Worker.run(ThreadPoolExecutor.java:587)
12-18 16:57:57.746 W/System.err( 3002): 	at java.lang.Thread.run(Thread.java:841)
12-18 16:57:57.746 I/System.out( 3002): RxCache: ProcessorProvidersBehaviour-getData-record:null
12-18 16:57:57.746 I/System.out( 3002): RxCache: ProcessorProvidersBehaviour-getData-use loader first
12-18 16:57:57.747 I/System.out( 3002): RxCache: ProcessorProvidersBehaviour-getData-cacheRule: 0x100010
12-18 16:57:57.747 I/System.out( 3002): RxCache: RetrieveRecord-retrieveRecord:index-section , http://183.235.11.39:8082/epg/api/page/biz_43077607.json , 
12-18 16:57:57.747 I/System.out( 3002): RxCache: RetrieveRecord-retrieveRecord:record from memory is null
12-18 16:57:57.748 I/System.out( 3002): RxCache: RetrieveRecord-retrieveRecord:get record from persistence failure
12-18 16:57:57.748 W/System.err( 3002): java.lang.NullPointerException
12-18 16:57:57.748 W/System.err( 3002): 	at io.rx_cache2.internal.cache.RetrieveRecord.retrieveRecord(SourceFile:8)
12-18 16:57:57.748 W/System.err( 3002): 	at io.rx_cache2.internal.cache.TwoLayersCache.retrieve(SourceFile:1)
12-18 16:57:57.748 W/System.err( 3002): 	at io.rx_cache2.internal.ProcessorProvidersBehaviour.getData(SourceFile:2)
12-18 16:57:57.748 W/System.err( 3002): 	at io.rx_cache2.internal.ProcessorProvidersBehaviour$3.call(SourceFile:3)
12-18 16:57:57.748 W/System.err( 3002): 	at io.rx_cache2.internal.ProcessorProvidersBehaviour$3.call(SourceFile:1)
12-18 16:57:57.748 W/System.err( 3002): 	at io.reactivex.internal.operators.observable.ObservableDefer.subscribeActual(SourceFile:1)
12-18 16:57:57.749 W/System.err( 3002): 	at io.reactivex.Observable.subscribe(SourceFile:14)
12-18 16:57:57.749 W/System.err( 3002): 	at io.reactivex.internal.operators.observable.ObservableDoOnEach.subscribeActual(SourceFile:1)
12-18 16:57:57.749 W/System.err( 3002): 	at io.reactivex.Observable.subscribe(SourceFile:14)
12-18 16:57:57.749 W/System.err( 3002): 	at io.reactivex.internal.operators.observable.ObservableFlatMap$MergeObserver.subscribeInner(SourceFile:11)
12-18 16:57:57.749 W/System.err( 3002): 	at io.reactivex.internal.operators.observable.ObservableFlatMap$MergeObserver.onNext(SourceFile:10)
12-18 16:57:57.749 W/System.err( 3002): 	at io.reactivex.internal.operators.observable.ObservableFromIterable$FromIterableDisposable.run(SourceFile:3)
12-18 16:57:57.749 W/System.err( 3002): 	at io.reactivex.internal.operators.observable.ObservableFromIterable.subscribeActual(SourceFile:7)
12-18 16:57:57.749 D/pcapcmcc4( 3047): send_tcp_data_to_server_new: 2
12-18 16:57:57.749 W/System.err( 3002): 	at io.reactivex.Observable.subscribe(SourceFile:14)
12-18 16:57:57.749 W/System.err( 3002): 	at io.reactivex.internal.operators.observable.ObservableFlatMap.subscribeActual(SourceFile:2)
12-18 16:57:57.749 D/pcapcmcc4( 3047): --- Send session --- Addr(1, 100.97.24.113 ~ 183.235.11.39) 
12-18 16:57:57.749 D/pcapcmcc4( 3047):  	 HTTPDATA:100.97.24.113#56034#183.235.11.39#8082#46964#46964#46964#47014#46964#46974#47014#790#4#0#5938#6334#6#0#183.235.11.39:8082#/epg/api/page/biz_14184686.json#200#10#0#0#2#4170240#4031232#3706880#0#0#0#
12-18 16:57:57.749 D/pcapcmcc4( 3047): 
12-18 16:57:57.749 W/System.err( 3002): 	at io.reactivex.Observable.subscribe(SourceFile:14)
12-18 16:57:57.749 D/pcapcmcc4( 3047): reset pkg_num!
12-18 16:57:57.749 W/System.err( 3002): 	at io.reactivex.internal.operators.observable.ObservableSubscribeOn$SubscribeTask.run(SourceFile:1)
12-18 16:57:57.749 W/System.err( 3002): 	at io.reactivex.Scheduler$DisposeTask.run(SourceFile:2)
12-18 16:57:57.749 W/System.err( 3002): 	at io.reactivex.internal.schedulers.ScheduledRunnable.run(SourceFile:2)
12-18 16:57:57.749 W/System.err( 3002): 	at io.reactivex.internal.schedulers.ScheduledRunnable.call(SourceFile:1)
12-18 16:57:57.749 W/System.err( 3002): 	at java.util.concurrent.FutureTask.run(FutureTask.java:237)
12-18 16:57:57.749 W/System.err( 3002): 	at java.util.concurrent.ScheduledThreadPoolExecutor$ScheduledFutureTask.access$201(ScheduledThreadPoolExecutor.java:152)
12-18 16:57:57.749 W/System.err( 3002): 	at java.util.concurrent.ScheduledThreadPoolExecutor$ScheduledFutureTask.run(ScheduledThreadPoolExecutor.java:265)
12-18 16:57:57.749 W/System.err( 3002): 	at java.util.concurrent.ThreadPoolExecutor.runWorker(ThreadPoolExecutor.java:1112)
12-18 16:57:57.749 W/System.err( 3002): 	at java.util.concurrent.ThreadPoolExecutor$Worker.run(ThreadPoolExecutor.java:587)
12-18 16:57:57.749 W/System.err( 3002): 	at java.lang.Thread.run(Thread.java:841)
12-18 16:57:57.749 I/System.out( 3002): RxCache: ProcessorProvidersBehaviour-getData-record:null
12-18 16:57:57.749 I/System.out( 3002): RxCache: ProcessorProvidersBehaviour-getData-use loader first
12-18 16:57:57.750 I/System.out( 3002): RxCache: ProcessorProvidersBehaviour-getData-cacheRule: 0x100010
12-18 16:57:57.750 I/System.out( 3002): RxCache: RetrieveRecord-retrieveRecord:index-section , http://183.235.11.39:8082/epg/api/page/biz_80453913.json , 
12-18 16:57:57.750 I/System.out( 3002): RxCache: RetrieveRecord-retrieveRecord:record from memory is null
12-18 16:57:57.751 I/System.out( 3002): RxCache: RetrieveRecord-retrieveRecord:get record from persistence failure
12-18 16:57:57.751 W/System.err( 3002): java.lang.NullPointerException
12-18 16:57:57.751 W/System.err( 3002): 	at io.rx_cache2.internal.cache.RetrieveRecord.retrieveRecord(SourceFile:8)
12-18 16:57:57.753 W/System.err( 3002): 	at io.rx_cache2.internal.cache.TwoLayersCache.retrieve(SourceFile:1)
12-18 16:57:57.753 W/System.err( 3002): 	at io.rx_cache2.internal.ProcessorProvidersBehaviour.getData(SourceFile:2)
12-18 16:57:57.753 W/System.err( 3002): 	at io.rx_cache2.internal.ProcessorProvidersBehaviour$3.call(SourceFile:3)
12-18 16:57:57.753 I/System.out( 3002): RxCache: ProcessorProvidersBehaviour-getData-cacheRule: 0x100010
12-18 16:57:57.753 I/System.out( 3002): RxCache: RetrieveRecord-retrieveRecord:index-section , http://183.235.11.39:8082/epg/api/page/biz_59803295.json , 
12-18 16:57:57.753 I/System.out( 3002): RxCache: RetrieveRecord-retrieveRecord:record from memory is null
12-18 16:57:57.753 D/pcapcmcc4( 3047): send_tcp_data_to_server_new: 2
12-18 16:57:57.753 D/pcapcmcc4( 3047): --- Send session --- Addr(1, 100.97.24.113 ~ 183.235.11.39) 
12-18 16:57:57.753 D/pcapcmcc4( 3047):  	 HTTPDATA:100.97.24.113#48139#183.235.11.39#8082#52253#52253#52253#52267#52253#52263#52267#922#6#0#9957#10881#14#0#183.235.11.39:8082#/epg/api/page/biz_54755480.json#200#20#0#0#2#4194240#4194240#4194240#0#0#0#
12-18 16:57:57.753 D/pcapcmcc4( 3047): 
12-18 16:57:57.753 D/pcapcmcc4( 3047): reset pkg_num!
12-18 16:57:57.754 I/System.out( 3002): RxCache: RetrieveRecord-retrieveRecord:get record from persistence failure
12-18 16:57:57.754 W/System.err( 3002): 	at io.rx_cache2.internal.ProcessorProvidersBehaviour$3.call(SourceFile:1)java.lang.NullPointerException
12-18 16:57:57.755 W/System.err( 3002): 	at io.rx_cache2.internal.cache.RetrieveRecord.retrieveRecord(SourceFile:8)
12-18 16:57:57.755 W/System.err( 3002): 	at io.rx_cache2.internal.cache.TwoLayersCache.retrieve(SourceFile:1)
12-18 16:57:57.755 W/System.err( 3002): 	at io.rx_cache2.internal.ProcessorProvidersBehaviour.getData(SourceFile:2)
12-18 16:57:57.755 W/System.err( 3002): 	at io.rx_cache2.internal.ProcessorProvidersBehaviour$3.call(SourceFile:3)
12-18 16:57:57.755 W/System.err( 3002): 	at io.rx_cache2.internal.ProcessorProvidersBehaviour$3.call(SourceFile:1)
12-18 16:57:57.755 W/System.err( 3002): 	at io.reactivex.internal.operators.observable.ObservableDefer.subscribeActual(SourceFile:1)
12-18 16:57:57.755 W/System.err( 3002): 	at io.reactivex.Observable.subscribe(SourceFile:14)
12-18 16:57:57.755 W/System.err( 3002): 	at io.reactivex.internal.operators.observable.ObservableDoOnEach.subscribeActual(SourceFile:1)
12-18 16:57:57.755 W/System.err( 3002): 	at io.reactivex.Observable.subscribe(SourceFile:14)
12-18 16:57:57.755 W/System.err( 3002): 	at io.reactivex.internal.operators.observable.ObservableFlatMap$MergeObserver.subscribeInner(SourceFile:11)
12-18 16:57:57.755 W/System.err( 3002): 	at io.reactivex.internal.operators.observable.ObservableFlatMap$MergeObserver.onNext(SourceFile:10)
12-18 16:57:57.755 W/System.err( 3002): 	at io.reactivex.internal.operators.observable.ObservableFromIterable$FromIterableDisposable.run(SourceFile:3)
12-18 16:57:57.755 W/System.err( 3002): 	at io.reactivex.internal.operators.observable.ObservableFromIterable.subscribeActual(SourceFile:7)
12-18 16:57:57.755 W/System.err( 3002): 	at io.reactivex.Observable.subscribe(SourceFile:14)
12-18 16:57:57.755 W/System.err( 3002): 	at io.reactivex.internal.operators.observable.ObservableFlatMap.subscribeActual(SourceFile:2)
12-18 16:57:57.755 W/System.err( 3002): 	at io.reactivex.Observable.subscribe(SourceFile:14)
12-18 16:57:57.755 W/System.err( 3002): 	at io.reactivex.internal.operators.observable.ObservableSubscribeOn$SubscribeTask.run(SourceFile:1)
12-18 16:57:57.755 W/System.err( 3002): 	at io.reactivex.Scheduler$DisposeTask.run(SourceFile:2)
12-18 16:57:57.755 W/System.err( 3002): 	at io.reactivex.internal.schedulers.ScheduledRunnable.run(SourceFile:2)
12-18 16:57:57.755 W/System.err( 3002): 	at io.reactivex.internal.schedulers.ScheduledRunnable.call(SourceFile:1)
12-18 16:57:57.755 W/System.err( 3002): 	at java.util.concurrent.FutureTask.run(FutureTask.java:237)
12-18 16:57:57.756 W/System.err( 3002): 	at java.util.concurrent.ScheduledThreadPoolExecutor$ScheduledFutureTask.access$201(ScheduledThreadPoolExecutor.java:152)
12-18 16:57:57.756 W/System.err( 3002): 	at java.util.concurrent.ScheduledThreadPoolExecutor$ScheduledFutureTask.run(ScheduledThreadPoolExecutor.java:265)
12-18 16:57:57.756 W/System.err( 3002): 	at java.util.concurrent.ThreadPoolExecutor.runWorker(ThreadPoolExecutor.java:1112)
12-18 16:57:57.756 W/System.err( 3002): 	at java.util.concurrent.ThreadPoolExecutor$Worker.run(ThreadPoolExecutor.java:587)
12-18 16:57:57.756 W/System.err( 3002): 	at java.lang.Thread.run(Thread.java:841)
12-18 16:57:57.756 I/System.out( 3002): RxCache: ProcessorProvidersBehaviour-getData-record:null
12-18 16:57:57.756 I/System.out( 3002): RxCache: ProcessorProvidersBehaviour-getData-use loader first
12-18 16:57:57.757 W/System.err( 3002): 	at io.reactivex.internal.operators.observable.ObservableDefer.subscribeActual(SourceFile:1)
12-18 16:57:57.757 W/System.err( 3002): 	at io.reactivex.Observable.subscribe(SourceFile:14)
12-18 16:57:57.757 W/System.err( 3002): 	at io.reactivex.internal.operators.observable.ObservableDoOnEach.subscribeActual(SourceFile:1)
12-18 16:57:57.757 W/System.err( 3002): 	at io.reactivex.Observable.subscribe(SourceFile:14)
12-18 16:57:57.757 W/System.err( 3002): 	at io.reactivex.internal.operators.observable.ObservableFlatMap$MergeObserver.subscribeInner(SourceFile:11)
12-18 16:57:57.757 W/System.err( 3002): 	at io.reactivex.internal.operators.observable.ObservableFlatMap$MergeObserver.onNext(SourceFile:10)
12-18 16:57:57.757 W/System.err( 3002): 	at io.reactivex.internal.operators.observable.ObservableFromIterable$FromIterableDisposable.run(SourceFile:3)
12-18 16:57:57.757 W/System.err( 3002): 	at io.reactivex.internal.operators.observable.ObservableFromIterable.subscribeActual(SourceFile:7)
12-18 16:57:57.757 W/System.err( 3002): 	at io.reactivex.Observable.subscribe(SourceFile:14)
12-18 16:57:57.757 W/System.err( 3002): 	at io.reactivex.internal.operators.observable.ObservableFlatMap.subscribeActual(SourceFile:2)
12-18 16:57:57.757 W/System.err( 3002): 	at io.reactivex.Observable.subscribe(SourceFile:14)
12-18 16:57:57.757 W/System.err( 3002): 	at io.reactivex.internal.operators.observable.ObservableSubscribeOn$SubscribeTask.run(SourceFile:1)
12-18 16:57:57.757 W/System.err( 3002): 	at io.reactivex.Scheduler$DisposeTask.run(SourceFile:2)
12-18 16:57:57.757 W/System.err( 3002): 	at io.reactivex.internal.schedulers.ScheduledRunnable.run(SourceFile:2)
12-18 16:57:57.757 W/System.err( 3002): 	at io.reactivex.internal.schedulers.ScheduledRunnable.call(SourceFile:1)
12-18 16:57:57.757 W/System.err( 3002): 	at java.util.concurrent.FutureTask.run(FutureTask.java:237)
12-18 16:57:57.757 W/System.err( 3002): 	at java.util.concurrent.ScheduledThreadPoolExecutor$ScheduledFutureTask.access$201(ScheduledThreadPoolExecutor.java:152)
12-18 16:57:57.757 W/System.err( 3002): 	at java.util.concurrent.ScheduledThreadPoolExecutor$ScheduledFutureTask.run(ScheduledThreadPoolExecutor.java:265)
12-18 16:57:57.757 W/System.err( 3002): 	at java.util.concurrent.ThreadPoolExecutor.runWorker(ThreadPoolExecutor.java:1112)
12-18 16:57:57.757 W/System.err( 3002): 	at java.util.concurrent.ThreadPoolExecutor$Worker.run(ThreadPoolExecutor.java:587)
12-18 16:57:57.757 W/System.err( 3002): 	at java.lang.Thread.run(Thread.java:841)
12-18 16:57:57.757 I/System.out( 3002): RxCache: ProcessorProvidersBehaviour-getData-record:null
12-18 16:57:57.757 I/System.out( 3002): RxCache: ProcessorProvidersBehaviour-getData-use loader first
12-18 16:57:57.758 I/System.out( 3002): RxCache: ProcessorProvidersBehaviour-getData-cacheRule: 0x100010
12-18 16:57:57.758 I/System.out( 3002): RxCache: RetrieveRecord-retrieveRecord:index-section , http://183.235.11.39:8082/epg/api/page/biz_01629921.json , 
12-18 16:57:57.758 I/System.out( 3002): RxCache: RetrieveRecord-retrieveRecord:record from memory is null
12-18 16:57:57.759 I/System.out( 3002): RxCache: RetrieveRecord-retrieveRecord:get record from persistence failure
12-18 16:57:57.759 W/System.err( 3002): java.lang.NullPointerException
12-18 16:57:57.760 W/System.err( 3002): 	at io.rx_cache2.internal.cache.RetrieveRecord.retrieveRecord(SourceFile:8)
12-18 16:57:57.760 W/System.err( 3002): 	at io.rx_cache2.internal.cache.TwoLayersCache.retrieve(SourceFile:1)
12-18 16:57:57.760 W/System.err( 3002): 	at io.rx_cache2.internal.ProcessorProvidersBehaviour.getData(SourceFile:2)
12-18 16:57:57.761 W/System.err( 3002): 	at io.rx_cache2.internal.ProcessorProvidersBehaviour$3.call(SourceFile:3)
12-18 16:57:57.761 W/System.err( 3002): 	at io.rx_cache2.internal.ProcessorProvidersBehaviour$3.call(SourceFile:1)
12-18 16:57:57.761 W/System.err( 3002): 	at io.reactivex.internal.operators.observable.ObservableDefer.subscribeActual(SourceFile:1)
12-18 16:57:57.761 W/System.err( 3002): 	at io.reactivex.Observable.subscribe(SourceFile:14)
12-18 16:57:57.761 W/System.err( 3002): 	at io.reactivex.internal.operators.observable.ObservableDoOnEach.subscribeActual(SourceFile:1)
12-18 16:57:57.761 W/System.err( 3002): 	at io.reactivex.Observable.subscribe(SourceFile:14)
12-18 16:57:57.761 W/System.err( 3002): 	at io.reactivex.internal.operators.observable.ObservableFlatMap$MergeObserver.subscribeInner(SourceFile:11)
12-18 16:57:57.761 W/System.err( 3002): 	at io.reactivex.internal.operators.observable.ObservableFlatMap$MergeObserver.onNext(SourceFile:10)
12-18 16:57:57.761 W/System.err( 3002): 	at io.reactivex.internal.operators.observable.ObservableFromIterable$FromIterableDisposable.run(SourceFile:3)
12-18 16:57:57.761 W/System.err( 3002): 	at io.reactivex.internal.operators.observable.ObservableFromIterable.subscribeActual(SourceFile:7)
12-18 16:57:57.761 W/System.err( 3002): 	at io.reactivex.Observable.subscribe(SourceFile:14)
12-18 16:57:57.761 W/System.err( 3002): 	at io.reactivex.internal.operators.observable.ObservableFlatMap.subscribeActual(SourceFile:2)
12-18 16:57:57.761 W/System.err( 3002): 	at io.reactivex.Observable.subscribe(SourceFile:14)
12-18 16:57:57.761 W/System.err( 3002): 	at io.reactivex.internal.operators.observable.ObservableSubscribeOn$SubscribeTask.run(SourceFile:1)
12-18 16:57:57.761 W/System.err( 3002): 	at io.reactivex.Scheduler$DisposeTask.run(SourceFile:2)
12-18 16:57:57.761 W/System.err( 3002): 	at io.reactivex.internal.schedulers.ScheduledRunnable.run(SourceFile:2)
12-18 16:57:57.761 W/System.err( 3002): 	at io.reactivex.internal.schedulers.ScheduledRunnable.call(SourceFile:1)
12-18 16:57:57.761 W/System.err( 3002): 	at java.util.concurrent.FutureTask.run(FutureTask.java:237)
12-18 16:57:57.761 W/System.err( 3002): 	at java.util.concurrent.ScheduledThreadPoolExecutor$ScheduledFutureTask.access$201(ScheduledThreadPoolExecutor.java:152)
12-18 16:57:57.761 W/System.err( 3002): 	at java.util.concurrent.ScheduledThreadPoolExecutor$ScheduledFutureTask.run(ScheduledThreadPoolExecutor.java:265)
12-18 16:57:57.761 W/System.err( 3002): 	at java.util.concurrent.ThreadPoolExecutor.runWorker(ThreadPoolExecutor.java:1112)
12-18 16:57:57.761 W/System.err( 3002): 	at java.util.concurrent.ThreadPoolExecutor$Worker.run(ThreadPoolExecutor.java:587)
12-18 16:57:57.761 W/System.err( 3002): 	at java.lang.Thread.run(Thread.java:841)
12-18 16:57:57.761 I/System.out( 3002): RxCache: ProcessorProvidersBehaviour-getData-record:null
12-18 16:57:57.761 I/System.out( 3002): RxCache: ProcessorProvidersBehaviour-getData-use loader first
12-18 16:57:57.763 I/System.out( 3002): RxCache: ProcessorProvidersBehaviour-getData-cacheRule: 0x100010
12-18 16:57:57.764 I/System.out( 3002): RxCache: ProcessorProvidersBehaviour-getData-cacheRule: 0x100010
12-18 16:57:57.764 I/System.out( 3002): RxCache: RetrieveRecord-retrieveRecord:index-section , http://183.235.11.39:8082/epg/api/page/biz_13410425.json , 
12-18 16:57:57.764 I/System.out( 3002): RxCache: RetrieveRecord-retrieveRecord:record from memory is null
12-18 16:57:57.764 I/System.out( 3002): RxCache: RetrieveRecord-retrieveRecord:index-section , http://183.235.11.39:8082/epg/api/page/biz_21804453.json , 
12-18 16:57:57.765 I/System.out( 3002): RxCache: RetrieveRecord-retrieveRecord:record from memory is null
12-18 16:57:57.765 D/pcapcmcc4( 3047): add_tcp_node_to_list_new:56181 
12-18 16:57:57.765 D/pcapcmcc4( 3047): reset pkg_num!
12-18 16:57:57.765 I/System.out( 3002): RxCache: RetrieveRecord-retrieveRecord:get record from persistence failure
12-18 16:57:57.765 W/System.err( 3002): java.lang.NullPointerException
12-18 16:57:57.767 W/System.err( 3002): 	at io.rx_cache2.internal.cache.RetrieveRecord.retrieveRecord(SourceFile:8)
12-18 16:57:57.767 I/System.out( 3002): RxCache: RetrieveRecord-retrieveRecord:get record from persistence failure
12-18 16:57:57.767 W/System.err( 3002): java.lang.NullPointerException
12-18 16:57:57.767 W/System.err( 3002): 	at io.rx_cache2.internal.cache.TwoLayersCache.retrieve(SourceFile:1)
12-18 16:57:57.767 W/System.err( 3002): 	at io.rx_cache2.internal.ProcessorProvidersBehaviour.getData(SourceFile:2)
12-18 16:57:57.767 W/System.err( 3002): 	at io.rx_cache2.internal.ProcessorProvidersBehaviour$3.call(SourceFile:3)
12-18 16:57:57.767 W/System.err( 3002): 	at io.rx_cache2.internal.ProcessorProvidersBehaviour$3.call(SourceFile:1)
12-18 16:57:57.768 W/System.err( 3002): 	at io.reactivex.internal.operators.observable.ObservableDefer.subscribeActual(SourceFile:1)
12-18 16:57:57.768 W/System.err( 3002): 	at io.reactivex.Observable.subscribe(SourceFile:14)
12-18 16:57:57.768 W/System.err( 3002): 	at io.reactivex.internal.operators.observable.ObservableDoOnEach.subscribeActual(SourceFile:1)
12-18 16:57:57.768 W/System.err( 3002): 	at io.reactivex.Observable.subscribe(SourceFile:14)
12-18 16:57:57.768 W/System.err( 3002): 	at io.reactivex.internal.operators.observable.ObservableFlatMap$MergeObserver.subscribeInner(SourceFile:11)
12-18 16:57:57.768 W/System.err( 3002): 	at io.reactivex.internal.operators.observable.ObservableFlatMap$MergeObserver.onNext(SourceFile:10)
12-18 16:57:57.768 W/System.err( 3002): 	at io.reactivex.internal.operators.observable.ObservableFromIterable$FromIterableDisposable.run(SourceFile:3)
12-18 16:57:57.770 W/System.err( 3002): 	at 	at io.rx_cache2.internal.cache.RetrieveRecord.retrieveRecord(SourceFile:8)
12-18 16:57:57.771 W/System.err( 3002): 	at io.reactivex.internal.operators.observable.ObservableFromIterable.subscribeActual(SourceFile:7)
12-18 16:57:57.771 W/System.err( 3002): 	at io.reactivex.Observable.subscribe(SourceFile:14)
12-18 16:57:57.771 W/System.err( 3002): 	at io.reactivex.internal.operators.observable.ObservableFlatMap.subscribeActual(SourceFile:2)
12-18 16:57:57.771 W/System.err( 3002): 	at io.reactivex.Observable.subscribe(SourceFile:14)
12-18 16:57:57.771 W/System.err( 3002): 	at io.reactivex.internal.operators.observable.ObservableSubscribeOn$SubscribeTask.run(SourceFile:1)
12-18 16:57:57.771 W/System.err( 3002): 	at io.reactivex.Scheduler$DisposeTask.run(SourceFile:2)
12-18 16:57:57.771 W/System.err( 3002): 	at io.reactivex.internal.schedulers.ScheduledRunnable.run(SourceFile:2)
12-18 16:57:57.771 W/System.err( 3002): 	at io.reactivex.internal.schedulers.ScheduledRunnable.call(SourceFile:1)
12-18 16:57:57.771 W/System.err( 3002): 	at java.util.concurrent.FutureTask.run(FutureTask.java:237)
12-18 16:57:57.771 W/System.err( 3002): 	at java.util.concurrent.ScheduledThreadPoolExecutor$ScheduledFutureTask.access$201(ScheduledThreadPoolExecutor.java:152)
12-18 16:57:57.771 W/System.err( 3002): 	at java.util.concurrent.ScheduledThreadPoolExecutor$ScheduledFutureTask.run(ScheduledThreadPoolExecutor.java:265)
12-18 16:57:57.771 W/System.err( 3002): 	at java.util.concurrent.ThreadPoolExecutor.runWorker(ThreadPoolExecutor.java:1112)
12-18 16:57:57.771 W/System.err( 3002): 	at java.util.concurrent.ThreadPoolExecutor$Worker.run(ThreadPoolExecutor.java:587)
12-18 16:57:57.771 W/System.err( 3002): 	at io.rx_cache2.internal.cache.TwoLayersCache.retrieve(SourceFile:1)
12-18 16:57:57.771 W/System.err( 3002): 	at io.rx_cache2.internal.ProcessorProvidersBehaviour.getData(SourceFile:2)
12-18 16:57:57.771 W/System.err( 3002): 	at java.lang.Thread.run(Thread.java:841)
12-18 16:57:57.771 I/System.out( 3002): RxCache: ProcessorProvidersBehaviour-getData-record:null
12-18 16:57:57.771 I/System.out( 3002): RxCache: ProcessorProvidersBehaviour-getData-use loader first
12-18 16:57:57.772 W/System.err( 3002): io.rx_cache2.internal.ProcessorProvidersBehaviour$3.call(SourceFile:3)
12-18 16:57:57.773 W/System.err( 3002): 	at io.rx_cache2.internal.ProcessorProvidersBehaviour$3.call(SourceFile:1)
12-18 16:57:57.773 W/System.err( 3002): 	at io.reactivex.internal.operators.observable.ObservableDefer.subscribeActual(SourceFile:1)
12-18 16:57:57.773 W/System.err( 3002): 	at io.reactivex.Observable.subscribe(SourceFile:14)
12-18 16:57:57.773 W/System.err( 3002): 	at io.reactivex.internal.operators.observable.ObservableDoOnEach.subscribeActual(SourceFile:1)
12-18 16:57:57.773 W/System.err( 3002): 	at io.reactivex.Observable.subscribe(SourceFile:14)
12-18 16:57:57.773 W/System.err( 3002): 	at io.reactivex.internal.operators.observable.ObservableFlatMap$MergeObserver.subscribeInner(SourceFile:11)
12-18 16:57:57.773 W/System.err( 3002): 	at io.reactivex.internal.operators.observable.ObservableFlatMap$MergeObserver.onNext(SourceFile:10)
12-18 16:57:57.773 D/pcapcmcc4( 3047): send_tcp_data_to_server_new: 2
12-18 16:57:57.774 D/pcapcmcc4( 3047): --- Send session --- Addr(1, 100.97.24.113 ~ 183.235.11.39) 
12-18 16:57:57.774 D/pcapcmcc4( 3047):  	 HTTPDATA:100.97.24.113#48139#183.235.11.39#8082#52270#52270#52270#52286#52270#52280#52286#922#6#0#10073#10931#13#0#183.235.11.39:8082#/epg/api/page/biz_85348655.json#200#19#0#0#2#4194240#4194240#4194240#0#0#0#
12-18 16:57:57.774 D/pcapcmcc4( 3047): 
12-18 16:57:57.774 W/System.err( 3002): 	at io.reactivex.internal.operators.observable.ObservableFromIterable$FromIterableDisposable.run(SourceFile:3)
12-18 16:57:57.774 D/pcapcmcc4( 3047): reset pkg_num!
12-18 16:57:57.774 W/System.err( 3002): 	at io.reactivex.internal.operators.observable.ObservableFromIterable.subscribeActual(SourceFile:7)
12-18 16:57:57.774 W/System.err( 3002): 	at io.reactivex.Observable.subscribe(SourceFile:14)
12-18 16:57:57.774 W/System.err( 3002): 	at io.reactivex.internal.operators.observable.ObservableFlatMap.subscribeActual(SourceFile:2)
12-18 16:57:57.774 W/System.err( 3002): 	at io.reactivex.Observable.subscribe(SourceFile:14)
12-18 16:57:57.774 W/System.err( 3002): 	at io.reactivex.internal.operators.observable.ObservableSubscribeOn$SubscribeTask.run(SourceFile:1)
12-18 16:57:57.774 W/System.err( 3002): 	at io.reactivex.Scheduler$DisposeTask.run(SourceFile:2)
12-18 16:57:57.774 W/System.err( 3002): 	at io.reactivex.internal.schedulers.ScheduledRunnable.run(SourceFile:2)
12-18 16:57:57.774 W/System.err( 3002): 	at io.reactivex.internal.schedulers.ScheduledRunnable.call(SourceFile:1)
12-18 16:57:57.774 W/System.err( 3002): 	at java.util.concurrent.FutureTask.run(FutureTask.java:237)
12-18 16:57:57.774 W/System.err( 3002): 	at java.util.concurrent.ScheduledThreadPoolExecutor$ScheduledFutureTask.access$201(ScheduledThreadPoolExecutor.java:152)
12-18 16:57:57.775 W/System.err( 3002): 	at java.util.concurrent.ScheduledThreadPoolExecutor$ScheduledFutureTask.run(ScheduledThreadPoolExecutor.java:265)
12-18 16:57:57.775 W/System.err( 3002): 	at java.util.concurrent.ThreadPoolExecutor.runWorker(ThreadPoolExecutor.java:1112)
12-18 16:57:57.775 W/System.err( 3002): 	at java.util.concurrent.ThreadPoolExecutor$Worker.run(ThreadPoolExecutor.java:587)
12-18 16:57:57.775 W/System.err( 3002): 	at java.lang.Thread.run(Thread.java:841)
12-18 16:57:57.775 I/System.out( 3002): RxCache: ProcessorProvidersBehaviour-getData-record:null
12-18 16:57:57.775 I/System.out( 3002): RxCache: ProcessorProvidersBehaviour-getData-use loader first
12-18 16:57:57.775 I/System.out( 3002): RxCache: ProcessorProvidersBehaviour-getDataFromLoader
12-18 16:57:57.775 I/System.out( 3002): RxCache: ProcessorProvidersBehaviour-getDataFromLoader clear cache before save data
12-18 16:57:57.775 I/System.out( 3002): RxCache: ProcessorProvidersBehaviour-getDataFromLoader save data
12-18 16:57:57.776 I/System.out( 3002): RxCache: ProcessorProvidersBehaviour-getData-cacheRule: 0x100010
12-18 16:57:57.776 I/System.out( 3002): RxCache: RetrieveRecord-retrieveRecord:index-section , http://183.235.11.39:8082/epg/api/page/biz_46356234.json , 
12-18 16:57:57.776 I/System.out( 3002): RxCache: RetrieveRecord-retrieveRecord:record from memory is null
12-18 16:57:57.777 I/System.out( 3002): RxCache: ProcessorProvidersBehaviour-getData-cacheRule: 0x100010
12-18 16:57:57.777 I/System.out( 3002): RxCache: RetrieveRecord-retrieveRecord:get record from persistence failure
12-18 16:57:57.777 I/System.out( 3002): RxCache: RetrieveRecord-retrieveRecord:index-section , http://183.235.11.39:8082/epg/api/page/biz_51156630.json , 
12-18 16:57:57.777 W/System.err( 3002): java.lang.NullPointerException
12-18 16:57:57.777 I/System.out( 3002): RxCache: RetrieveRecord-retrieveRecord:record from memory is null
12-18 16:57:57.780 W/System.err( 3002): 	at io.rx_cache2.internal.cache.RetrieveRecord.retrieveRecord(SourceFile:8)
12-18 16:57:57.780 W/System.err( 3002): 	at io.rx_cache2.internal.cache.TwoLayersCache.retrieve(SourceFile:1)
12-18 16:57:57.780 W/System.err( 3002): 	at io.rx_cache2.internal.ProcessorProvidersBehaviour.getData(SourceFile:2)
12-18 16:57:57.780 D/pcapcmcc4( 3047): send_tcp_data_to_server_new: 2
12-18 16:57:57.780 D/pcapcmcc4( 3047): --- Send session --- Addr(1, 100.97.24.113 ~ 183.235.11.39) 
12-18 16:57:57.780 D/pcapcmcc4( 3047):  	 HTTPDATA:100.97.24.113#41211#183.235.11.39#8082#52261#52261#52261#52274#52261#52270#52274#922#6#0#10052#10910#13#0#183.235.11.39:8082#/epg/api/page/biz_40859884.json#200#19#0#0#2#4170240#4170240#4170240#0#0#0#
12-18 16:57:57.780 D/pcapcmcc4( 3047): 
12-18 16:57:57.780 D/pcapcmcc4( 3047): reset pkg_num!
12-18 16:57:57.780 D/pcapcmcc4( 3047): send_tcp_data_to_server_new: 2
12-18 16:57:57.780 D/pcapcmcc4( 3047): --- Send session --- Addr(1, 100.97.24.113 ~ 183.235.11.39) 
12-18 16:57:57.780 D/pcapcmcc4( 3047):  	 HTTPDATA:100.97.24.113#56638#183.235.11.39#8082#52259#52259#52259#52271#52259#52270#52271#790#4#0#8448#8976#8#0#183.235.11.39:8082#/epg/api/page/biz_98903263.json#200#12#0#0#2#4170240#4170240#4170240#0#0#0#
12-18 16:57:57.780 D/pcapcmcc4( 3047): 
12-18 16:57:57.780 D/pcapcmcc4( 3047): reset pkg_num!
12-18 16:57:57.782 W/System.err( 3002): 	at io.rx_cache2.internal.ProcessorProvidersBehaviour$3.call(SourceFile:3)
12-18 16:57:57.782 W/System.err( 3002): 	at io.rx_cache2.internal.ProcessorProvidersBehaviour$3.call(SourceFile:1)
12-18 16:57:57.782 W/System.err( 3002): 	at io.reactivex.internal.operators.observable.ObservableDefer.subscribeActual(SourceFile:1)
12-18 16:57:57.782 W/System.err( 3002): 	at io.reactivex.Observable.subscribe(SourceFile:14)
12-18 16:57:57.782 I/System.out( 3002): RxCache: RetrieveRecord-retrieveRecord:get record from persistence failure
12-18 16:57:57.782 I/System.out( 3002): RxCache: Disk-save- key:index-section$d$d$d$http://183.235.11.39:8082/epg/api/page/biz_37131709.json$g$g$g$
12-18 16:57:57.782 W/System.err( 3002): 	at java.lang.NullPointerException
12-18 16:57:57.782 D/pcapcmcc4( 3047): send_tcp_data_to_server_new: 2
12-18 16:57:57.783 D/pcapcmcc4( 3047): --- Send session --- Addr(1, 100.97.24.113 ~ 183.235.11.39) 
12-18 16:57:57.783 D/pcapcmcc4( 3047):  	 HTTPDATA:100.97.24.113#56034#183.235.11.39#8082#52265#52265#52265#52276#52265#52275#52276#1384#13#0#10323#11181#13#0#183.235.11.39:8082#/epg/api/page/biz_42858963.json#200#26#0#0#2#4170240#4170240#4170240#0#0#0#
12-18 16:57:57.783 D/pcapcmcc4( 3047): 
12-18 16:57:57.783 D/pcapcmcc4( 3047): reset pkg_num!
12-18 16:57:57.783 W/System.err( 3002): io.reactivex.internal.operators.observable.ObservableDoOnEach.subscribeActual(SourceFile:1)
12-18 16:57:57.783 W/System.err( 3002): 	at io.reactivex.Observable.subscribe(SourceFile:14)
12-18 16:57:57.784 W/System.err( 3002): 	at io.reactivex.internal.operators.observable.ObservableFlatMap$MergeObserver.subscribeInner(SourceFile:11)
12-18 16:57:57.785 W/System.err( 3002): 	at io.reactivex.internal.operators.observable.ObservableFlatMap$MergeObserver.onNext(SourceFile:10)
12-18 16:57:57.787 W/System.err( 3002): 	at io.reactivex.internal.operators.observable.ObservableFromIterable$FromIterableDisposable.run(SourceFile:3)
12-18 16:57:57.787 W/System.err( 3002): 	at io.reactivex.internal.operators.observable.ObservableFromIterable.subscribeActual(SourceFile:7)
12-18 16:57:57.787 W/System.err( 3002): 	at io.reactivex.Observable.subscribe(SourceFile:14)
12-18 16:57:57.787 W/System.err( 3002): 	at io.reactivex.internal.operators.observable.ObservableFlatMap.subscribeActual(SourceFile:2)
12-18 16:57:57.787 W/System.err( 3002): 	at io.reactivex.Observable.subscribe(SourceFile:14)
12-18 16:57:57.787 W/System.err( 3002): 	at io.reactivex.internal.operators.observable.ObservableSubscribeOn$SubscribeTask.run(SourceFile:1)
12-18 16:57:57.787 W/System.err( 3002): 	at io.reactivex.Scheduler$DisposeTask.run(SourceFile:2)
12-18 16:57:57.787 W/System.err( 3002): 	at io.reactivex.internal.schedulers.ScheduledRunnable.run(SourceFile:2)
12-18 16:57:57.787 D/pcapcmcc4( 3047): add_tcp_node_to_list_new:49357 
12-18 16:57:57.787 D/pcapcmcc4( 3047): reset pkg_num!
12-18 16:57:57.788 W/System.err( 3002): 	at io.reactivex.internal.schedulers.ScheduledRunnable.call(SourceFile:1)
12-18 16:57:57.788 W/System.err( 3002): 	at java.util.concurrent.FutureTask.run(FutureTask.java:237)
12-18 16:57:57.788 W/System.err( 3002): 	at java.util.concurrent.ScheduledThreadPoolExecutor$ScheduledFutureTask.access$201(ScheduledThreadPoolExecutor.java:152)
12-18 16:57:57.788 W/System.err( 3002): 	at java.util.concurrent.ScheduledThreadPoolExecutor$ScheduledFutureTask.run(ScheduledThreadPoolExecutor.java:265)
12-18 16:57:57.788 W/System.err( 3002): 	at java.util.concurrent.ThreadPoolExecutor.runWorker(ThreadPoolExecutor.java:1112)
12-18 16:57:57.788 W/System.err( 3002): 	at java.util.concurrent.ThreadPoolExecutor$Worker.run(ThreadPoolExecutor.java:587)
12-18 16:57:57.788 W/System.err( 3002): 	at java.lang.Thread.run(Thread.java:841)
12-18 16:57:57.788 I/System.out( 3002): RxCache: ProcessorProvidersBehaviour-getData-record:null
12-18 16:57:57.788 I/System.out( 3002): RxCache: ProcessorProvidersBehaviour-getData-use loader first
12-18 16:57:57.788 I/System.out( 3002): RxCache: ProcessorProvidersBehaviour-getData-cacheRule: 0x100010
12-18 16:57:57.788 I/System.out( 3002): RxCache: RetrieveRecord-retrieveRecord:index-section , http://183.235.11.39:8082/epg/api/page/biz_85542953.json , 
12-18 16:57:57.788 I/System.out( 3002): RxCache: RetrieveRecord-retrieveRecord:record from memory is null
